[2025-02-10T18:31:11.685+0400][0.002s][info][gc] Using G1
[2025-02-10T18:31:11.685+0400][0.002s][debug][gc] ConcGCThreads: 2 offset 12
[2025-02-10T18:31:11.685+0400][0.002s][debug][gc] ParallelGCThreads: 6
[2025-02-10T18:31:11.685+0400][0.002s][debug][gc] Initialize mark stack with 4096 chunks, maximum 524288
[2025-02-10T18:31:12.100+0400][0,417s][info ][gc] GC(0) Pause Young (Normal) (G1 Evacuation Pause) 115M->4M(2304M) 2,831ms
[2025-02-10T18:31:12.327+0400][0,644s][info ][gc] GC(1) Pause Young (Normal) (G1 Evacuation Pause) 126M->3M(2304M) 1,497ms
[2025-02-10T18:31:15.140+0400][3,457s][info ][gc] GC(2) Pause Young (Normal) (G1 Evacuation Pause) 1383M->4M(2304M) 2,547ms
[2025-02-10T18:31:17.493+0400][5,810s][info ][gc] GC(3) Pause Young (Normal) (G1 Evacuation Pause) 1382M->4M(2304M) 2,349ms
[2025-02-10T18:31:19.838+0400][8,155s][info ][gc] GC(4) Pause Young (Normal) (G1 Evacuation Pause) 1382M->4M(2304M) 2,669ms
[2025-02-10T18:31:22.190+0400][10,507s][info ][gc] GC(5) Pause Young (Normal) (G1 Evacuation Pause) 1382M->5M(2304M) 2,630ms
[2025-02-10T18:31:24.543+0400][12,859s][info ][gc] GC(6) Pause Young (Normal) (G1 Evacuation Pause) 1381M->4M(2304M) 2,376ms
[2025-02-10T18:31:26.898+0400][15,215s][info ][gc] GC(7) Pause Young (Normal) (G1 Evacuation Pause) 1382M->5M(2304M) 2,381ms
[2025-02-10T18:31:29.263+0400][17,580s][info ][gc] GC(8) Pause Young (Normal) (G1 Evacuation Pause) 1383M->5M(2304M) 2,626ms
[2025-02-10T18:31:31.671+0400][19,988s][info ][gc] GC(9) Pause Young (Normal) (G1 Evacuation Pause) 1381M->5M(2304M) 2,578ms
[2025-02-10T18:31:34.024+0400][22,341s][info ][gc] GC(10) Pause Young (Normal) (G1 Evacuation Pause) 1383M->5M(2304M) 2,429ms
[2025-02-10T18:31:36.377+0400][24,694s][info ][gc] GC(11) Pause Young (Normal) (G1 Evacuation Pause) 1381M->4M(2304M) 2,524ms
[2025-02-10T18:31:38.756+0400][27,073s][info ][gc] GC(12) Pause Young (Normal) (G1 Evacuation Pause) 1382M->5M(2304M) 2,440ms
[2025-02-10T18:31:41.101+0400][29,418s][info ][gc] GC(13) Pause Young (Normal) (G1 Evacuation Pause) 1381M->4M(2304M) 2,335ms
[2025-02-10T18:31:43.446+0400][31,763s][info ][gc] GC(14) Pause Young (Normal) (G1 Evacuation Pause) 1382M->5M(2304M) 2,623ms
[2025-02-10T18:31:45.790+0400][34,107s][info ][gc] GC(15) Pause Young (Normal) (G1 Evacuation Pause) 1381M->4M(2304M) 2,476ms
[2025-02-10T18:31:48.302+0400][36,619s][info ][gc] GC(16) Pause Young (Normal) (G1 Evacuation Pause) 1384M->5M(2304M) 2,953ms
[2025-02-10T18:31:50.809+0400][39,125s][info ][gc] GC(17) Pause Young (Normal) (G1 Evacuation Pause) 1383M->3M(2304M) 1,236ms
[2025-02-10T18:31:53.319+0400][41,636s][info ][gc] GC(18) Pause Young (Normal) (G1 Evacuation Pause) 1383M->4M(2304M) 1,943ms
[2025-02-10T18:31:55.834+0400][44,151s][info ][gc] GC(19) Pause Young (Normal) (G1 Evacuation Pause) 1384M->5M(2304M) 2,502ms
[2025-02-10T18:31:58.350+0400][46,666s][info ][gc] GC(20) Pause Young (Normal) (G1 Evacuation Pause) 1383M->5M(2304M) 2,605ms
[2025-02-10T18:32:00.861+0400][49,178s][info ][gc] GC(21) Pause Young (Normal) (G1 Evacuation Pause) 1383M->5M(2304M) 3,103ms
[2025-02-10T18:32:03.371+0400][51,688s][info ][gc] GC(22) Pause Young (Normal) (G1 Evacuation Pause) 1383M->3M(2304M) 1,566ms
[2025-02-10T18:32:05.884+0400][54,201s][info ][gc] GC(23) Pause Young (Normal) (G1 Evacuation Pause) 1383M->4M(2304M) 1,911ms
[2025-02-10T18:32:08.399+0400][56,716s][info ][gc] GC(24) Pause Young (Normal) (G1 Evacuation Pause) 1384M->5M(2304M) 2,720ms
[2025-02-10T18:32:10.909+0400][59,225s][info ][gc] GC(25) Pause Young (Normal) (G1 Evacuation Pause) 1383M->5M(2304M) 2,593ms
[2025-02-10T18:32:13.418+0400][61,735s][info ][gc] GC(26) Pause Young (Normal) (G1 Evacuation Pause) 1383M->5M(2304M) 2,527ms
[2025-02-10T18:32:15.942+0400][64,258s][info ][gc] GC(27) Pause Young (Normal) (G1 Evacuation Pause) 1383M->5M(2304M) 3,168ms
[2025-02-10T18:32:18.451+0400][66,768s][info ][gc] GC(28) Pause Young (Normal) (G1 Evacuation Pause) 1383M->3M(2304M) 1,348ms
[2025-02-10T18:32:20.965+0400][69,282s][info ][gc] GC(29) Pause Young (Normal) (G1 Evacuation Pause) 1383M->4M(2304M) 1,899ms
[2025-02-10T18:32:23.479+0400][71,796s][info ][gc] GC(30) Pause Young (Normal) (G1 Evacuation Pause) 1384M->5M(2304M) 2,497ms
[2025-02-10T18:32:25.988+0400][74,305s][info ][gc] GC(31) Pause Young (Normal) (G1 Evacuation Pause) 1383M->5M(2304M) 2,595ms
