[2025-02-10T21:48:39.303+0400][0.002s][info][gc] Using G1
[2025-02-10T21:48:39.304+0400][0.002s][debug][gc] ConcGCThreads: 2 offset 12
[2025-02-10T21:48:39.304+0400][0.002s][debug][gc] ParallelGCThreads: 6
[2025-02-10T21:48:39.304+0400][0.002s][debug][gc] Initialize mark stack with 4096 chunks, maximum 524288
[2025-02-10T21:48:39.779+0400][0,477s][info ][gc] GC(0) Pause Young (Normal) (G1 Evacuation Pause) 103M->2M(2048M) 2,500ms
[2025-02-10T21:48:40.072+0400][0,770s][info ][gc] GC(1) Pause Young (Normal) (G1 Evacuation Pause) 112M->2M(2048M) 1,778ms
[2025-02-10T21:48:43.691+0400][4,389s][info ][gc] GC(2) Pause Young (Normal) (G1 Evacuation Pause) 1228M->2M(2048M) 2,873ms
[2025-02-10T21:48:46.900+0400][7,598s][info ][gc] GC(3) Pause Young (Normal) (G1 Evacuation Pause) 1228M->2M(2048M) 1,976ms
[2025-02-10T21:48:50.111+0400][10,809s][info ][gc] GC(4) Pause Young (Normal) (G1 Evacuation Pause) 1228M->2M(2048M) 1,945ms
[2025-02-10T21:48:53.336+0400][14,034s][info ][gc] GC(5) Pause Young (Normal) (G1 Evacuation Pause) 1228M->2M(2048M) 2,355ms
[2025-02-10T21:48:56.552+0400][17,250s][info ][gc] GC(6) Pause Young (Normal) (G1 Evacuation Pause) 1228M->2M(2048M) 1,995ms
[2025-02-10T21:48:59.784+0400][20,482s][info ][gc] GC(7) Pause Young (Normal) (G1 Evacuation Pause) 1228M->2M(2048M) 2,306ms
[2025-02-10T21:49:03.005+0400][23,704s][info ][gc] GC(8) Pause Young (Normal) (G1 Evacuation Pause) 1228M->2M(2048M) 2,294ms
[2025-02-10T21:49:06.225+0400][26,923s][info ][gc] GC(9) Pause Young (Normal) (G1 Evacuation Pause) 1228M->2M(2048M) 2,121ms
[2025-02-10T21:49:09.442+0400][30,140s][info ][gc] GC(10) Pause Young (Normal) (G1 Evacuation Pause) 1228M->2M(2048M) 2,333ms
[2025-02-10T21:49:12.647+0400][33,346s][info ][gc] GC(11) Pause Young (Normal) (G1 Evacuation Pause) 1228M->2M(2048M) 2,112ms
[2025-02-10T21:49:15.860+0400][36,558s][info ][gc] GC(12) Pause Young (Normal) (G1 Evacuation Pause) 1228M->2M(2048M) 2,514ms
[2025-02-10T21:49:19.072+0400][39,770s][info ][gc] GC(13) Pause Young (Normal) (G1 Evacuation Pause) 1228M->2M(2048M) 2,297ms
[2025-02-10T21:49:22.283+0400][42,981s][info ][gc] GC(14) Pause Young (Normal) (G1 Evacuation Pause) 1228M->2M(2048M) 2,246ms
[2025-02-10T21:49:25.489+0400][46,188s][info ][gc] GC(15) Pause Young (Normal) (G1 Evacuation Pause) 1228M->2M(2048M) 2,572ms
[2025-02-10T21:49:28.922+0400][49,620s][info ][gc] GC(16) Pause Young (Normal) (G1 Evacuation Pause) 1229M->2M(2048M) 1,768ms
[2025-02-10T21:49:32.353+0400][53,051s][info ][gc] GC(17) Pause Young (Normal) (G1 Evacuation Pause) 1229M->2M(2048M) 1,689ms
[2025-02-10T21:49:35.784+0400][56,482s][info ][gc] GC(18) Pause Young (Normal) (G1 Evacuation Pause) 1229M->2M(2048M) 2,197ms
[2025-02-10T21:49:39.213+0400][59,912s][info ][gc] GC(19) Pause Young (Normal) (G1 Evacuation Pause) 1229M->2M(2048M) 1,573ms
[2025-02-10T21:49:42.661+0400][63,359s][info ][gc] GC(20) Pause Young (Normal) (G1 Evacuation Pause) 1229M->2M(2048M) 1,721ms
[2025-02-10T21:49:46.111+0400][66,809s][info ][gc] GC(21) Pause Young (Normal) (G1 Evacuation Pause) 1229M->2M(2048M) 1,649ms
[2025-02-10T21:49:49.560+0400][70,258s][info ][gc] GC(22) Pause Young (Normal) (G1 Evacuation Pause) 1229M->2M(2048M) 1,576ms
