[2025-02-10T17:26:55.615+0400][0.001s][info][gc] Using G1
[2025-02-10T17:26:55.615+0400][0.002s][debug][gc] ConcGCThreads: 2 offset 12
[2025-02-10T17:26:55.615+0400][0.002s][debug][gc] ParallelGCThreads: 6
[2025-02-10T17:26:55.615+0400][0.002s][debug][gc] Initialize mark stack with 4096 chunks, maximum 524288
[2025-02-10T17:26:55.885+0400][0,272s][info ][gc] GC(0) Pause Young (Normal) (G1 Evacuation Pause) 65M->5M(1280M) 3,110ms
[2025-02-10T17:26:55.967+0400][0,354s][info ][gc] GC(1) Pause Young (Normal) (G1 Evacuation Pause) 73M->3M(1280M) 6,710ms
[2025-02-10T17:26:56.885+0400][1,272s][info ][gc] GC(2) Pause Young (Normal) (G1 Evacuation Pause) 768M->3M(1280M) 2,268ms
[2025-02-10T17:26:57.552+0400][1,939s][info ][gc] GC(3) Pause Young (Normal) (G1 Evacuation Pause) 768M->3M(1280M) 2,068ms
[2025-02-10T17:26:58.215+0400][2,602s][info ][gc] GC(4) Pause Young (Normal) (G1 Evacuation Pause) 768M->4M(1280M) 2,226ms
[2025-02-10T17:26:58.871+0400][3,258s][info ][gc] GC(5) Pause Young (Normal) (G1 Evacuation Pause) 769M->4M(1280M) 2,596ms
[2025-02-10T17:26:59.528+0400][3,915s][info ][gc] GC(6) Pause Young (Normal) (G1 Evacuation Pause) 768M->4M(1280M) 2,670ms
[2025-02-10T17:27:00.186+0400][4,572s][info ][gc] GC(7) Pause Young (Normal) (G1 Evacuation Pause) 768M->4M(1280M) 3,959ms
[2025-02-10T17:27:00.842+0400][5,229s][info ][gc] GC(8) Pause Young (Normal) (G1 Evacuation Pause) 768M->5M(1280M) 3,274ms
[2025-02-10T17:27:01.499+0400][5,886s][info ][gc] GC(9) Pause Young (Normal) (G1 Evacuation Pause) 769M->5M(1280M) 2,898ms
[2025-02-10T17:27:02.162+0400][6,548s][info ][gc] GC(10) Pause Young (Normal) (G1 Evacuation Pause) 769M->5M(1280M) 2,884ms
[2025-02-10T17:27:02.817+0400][7,204s][info ][gc] GC(11) Pause Young (Normal) (G1 Evacuation Pause) 769M->5M(1280M) 3,087ms
[2025-02-10T17:27:03.481+0400][7,868s][info ][gc] GC(12) Pause Young (Normal) (G1 Evacuation Pause) 768M->5M(1280M) 3,128ms
[2025-02-10T17:27:04.135+0400][8,522s][info ][gc] GC(13) Pause Young (Normal) (G1 Evacuation Pause) 768M->5M(1280M) 2,989ms
[2025-02-10T17:27:04.790+0400][9,177s][info ][gc] GC(14) Pause Young (Normal) (G1 Evacuation Pause) 768M->5M(1280M) 3,084ms
[2025-02-10T17:27:05.447+0400][9,834s][info ][gc] GC(15) Pause Young (Normal) (G1 Evacuation Pause) 768M->5M(1280M) 3,217ms
[2025-02-10T17:27:06.264+0400][10,651s][info ][gc] GC(16) Pause Young (Normal) (G1 Evacuation Pause) 770M->5M(1280M) 2,847ms
[2025-02-10T17:27:07.084+0400][11,471s][info ][gc] GC(17) Pause Young (Normal) (G1 Evacuation Pause) 770M->5M(1280M) 3,011ms
[2025-02-10T17:27:07.901+0400][12,288s][info ][gc] GC(18) Pause Young (Normal) (G1 Evacuation Pause) 770M->3M(1280M) 1,373ms
[2025-02-10T17:27:08.717+0400][13,104s][info ][gc] GC(19) Pause Young (Normal) (G1 Evacuation Pause) 770M->3M(1280M) 1,847ms
[2025-02-10T17:27:09.533+0400][13,919s][info ][gc] GC(20) Pause Young (Normal) (G1 Evacuation Pause) 770M->4M(1280M) 2,035ms
[2025-02-10T17:27:10.352+0400][14,738s][info ][gc] GC(21) Pause Young (Normal) (G1 Evacuation Pause) 770M->4M(1280M) 2,400ms
[2025-02-10T17:27:11.167+0400][15,554s][info ][gc] GC(22) Pause Young (Normal) (G1 Evacuation Pause) 770M->5M(1280M) 2,528ms
[2025-02-10T17:27:11.986+0400][16,373s][info ][gc] GC(23) Pause Young (Normal) (G1 Evacuation Pause) 770M->5M(1280M) 2,489ms
[2025-02-10T17:27:12.803+0400][17,190s][info ][gc] GC(24) Pause Young (Normal) (G1 Evacuation Pause) 770M->5M(1280M) 3,089ms
[2025-02-10T17:27:13.627+0400][18,014s][info ][gc] GC(25) Pause Young (Normal) (G1 Evacuation Pause) 770M->6M(1280M) 2,933ms
[2025-02-10T17:27:14.443+0400][18,830s][info ][gc] GC(26) Pause Young (Normal) (G1 Evacuation Pause) 770M->3M(1280M) 1,743ms
[2025-02-10T17:27:15.263+0400][19,649s][info ][gc] GC(27) Pause Young (Normal) (G1 Evacuation Pause) 770M->3M(1280M) 1,889ms
[2025-02-10T17:27:16.084+0400][20,471s][info ][gc] GC(28) Pause Young (Normal) (G1 Evacuation Pause) 770M->4M(1280M) 2,095ms
[2025-02-10T17:27:16.902+0400][21,289s][info ][gc] GC(29) Pause Young (Normal) (G1 Evacuation Pause) 770M->4M(1280M) 3,084ms
[2025-02-10T17:27:17.722+0400][22,109s][info ][gc] GC(30) Pause Young (Normal) (G1 Evacuation Pause) 770M->5M(1280M) 2,672ms
[2025-02-10T17:27:18.540+0400][22,926s][info ][gc] GC(31) Pause Young (Normal) (G1 Evacuation Pause) 770M->5M(1280M) 2,847ms
[2025-02-10T17:27:19.357+0400][23,743s][info ][gc] GC(32) Pause Young (Normal) (G1 Evacuation Pause) 770M->6M(1280M) 2,820ms
[2025-02-10T17:27:20.172+0400][24,559s][info ][gc] GC(33) Pause Young (Normal) (G1 Evacuation Pause) 770M->6M(1280M) 2,869ms
[2025-02-10T17:27:20.988+0400][25,374s][info ][gc] GC(34) Pause Young (Normal) (G1 Evacuation Pause) 770M->6M(1280M) 2,954ms
[2025-02-10T17:27:21.804+0400][26,191s][info ][gc] GC(35) Pause Young (Normal) (G1 Evacuation Pause) 770M->3M(1280M) 1,441ms
[2025-02-10T17:27:22.624+0400][27,011s][info ][gc] GC(36) Pause Young (Normal) (G1 Evacuation Pause) 770M->3M(1280M) 1,745ms
[2025-02-10T17:27:23.442+0400][27,828s][info ][gc] GC(37) Pause Young (Normal) (G1 Evacuation Pause) 770M->4M(1280M) 1,977ms
[2025-02-10T17:27:24.257+0400][28,644s][info ][gc] GC(38) Pause Young (Normal) (G1 Evacuation Pause) 770M->4M(1280M) 2,517ms
[2025-02-10T17:27:25.074+0400][29,460s][info ][gc] GC(39) Pause Young (Normal) (G1 Evacuation Pause) 770M->5M(1280M) 2,491ms
[2025-02-10T17:27:25.888+0400][30,275s][info ][gc] GC(40) Pause Young (Normal) (G1 Evacuation Pause) 770M->5M(1280M) 2,984ms
[2025-02-10T17:27:26.704+0400][31,091s][info ][gc] GC(41) Pause Young (Normal) (G1 Evacuation Pause) 770M->5M(1280M) 2,797ms
[2025-02-10T17:27:27.529+0400][31,916s][info ][gc] GC(42) Pause Young (Normal) (G1 Evacuation Pause) 770M->6M(1280M) 3,120ms
[2025-02-10T17:27:28.352+0400][32,739s][info ][gc] GC(43) Pause Young (Normal) (G1 Evacuation Pause) 770M->3M(1280M) 1,344ms
[2025-02-10T17:27:29.184+0400][33,571s][info ][gc] GC(44) Pause Young (Normal) (G1 Evacuation Pause) 770M->3M(1280M) 1,887ms
[2025-02-10T17:27:30.000+0400][34,387s][info ][gc] GC(45) Pause Young (Normal) (G1 Evacuation Pause) 770M->4M(1280M) 2,160ms
[2025-02-10T17:27:30.816+0400][35,203s][info ][gc] GC(46) Pause Young (Normal) (G1 Evacuation Pause) 770M->4M(1280M) 2,341ms
[2025-02-10T17:27:31.634+0400][36,021s][info ][gc] GC(47) Pause Young (Normal) (G1 Evacuation Pause) 770M->5M(1280M) 2,700ms
[2025-02-10T17:27:32.451+0400][36,838s][info ][gc] GC(48) Pause Young (Normal) (G1 Evacuation Pause) 770M->5M(1280M) 3,013ms
[2025-02-10T17:27:33.271+0400][37,658s][info ][gc] GC(49) Pause Young (Normal) (G1 Evacuation Pause) 770M->5M(1280M) 3,093ms
[2025-02-10T17:27:34.090+0400][38,477s][info ][gc] GC(50) Pause Young (Normal) (G1 Evacuation Pause) 770M->6M(1280M) 2,979ms
[2025-02-10T17:27:34.903+0400][39,290s][info ][gc] GC(51) Pause Young (Normal) (G1 Evacuation Pause) 770M->3M(1280M) 1,652ms
[2025-02-10T17:27:35.720+0400][40,106s][info ][gc] GC(52) Pause Young (Normal) (G1 Evacuation Pause) 770M->3M(1280M) 1,519ms
[2025-02-10T17:27:36.536+0400][40,923s][info ][gc] GC(53) Pause Young (Normal) (G1 Evacuation Pause) 770M->4M(1280M) 1,981ms
[2025-02-10T17:27:37.361+0400][41,748s][info ][gc] GC(54) Pause Young (Normal) (G1 Evacuation Pause) 770M->4M(1280M) 2,508ms
[2025-02-10T17:27:38.180+0400][42,567s][info ][gc] GC(55) Pause Young (Normal) (G1 Evacuation Pause) 770M->5M(1280M) 2,553ms
[2025-02-10T17:27:38.995+0400][43,381s][info ][gc] GC(56) Pause Young (Normal) (G1 Evacuation Pause) 770M->5M(1280M) 2,771ms
[2025-02-10T17:27:39.813+0400][44,199s][info ][gc] GC(57) Pause Young (Normal) (G1 Evacuation Pause) 770M->5M(1280M) 2,996ms
[2025-02-10T17:27:40.630+0400][45,017s][info ][gc] GC(58) Pause Young (Normal) (G1 Evacuation Pause) 770M->3M(1280M) 1,367ms
[2025-02-10T17:27:41.450+0400][45,837s][info ][gc] GC(59) Pause Young (Normal) (G1 Evacuation Pause) 770M->3M(1280M) 1,750ms
[2025-02-10T17:27:42.270+0400][46,656s][info ][gc] GC(60) Pause Young (Normal) (G1 Evacuation Pause) 770M->4M(1280M) 2,225ms
[2025-02-10T17:27:43.086+0400][47,473s][info ][gc] GC(61) Pause Young (Normal) (G1 Evacuation Pause) 770M->4M(1280M) 2,245ms
[2025-02-10T17:27:43.910+0400][48,297s][info ][gc] GC(62) Pause Young (Normal) (G1 Evacuation Pause) 770M->5M(1280M) 2,450ms
[2025-02-10T17:27:44.729+0400][49,116s][info ][gc] GC(63) Pause Young (Normal) (G1 Evacuation Pause) 770M->5M(1280M) 2,746ms
[2025-02-10T17:27:45.550+0400][49,936s][info ][gc] GC(64) Pause Young (Normal) (G1 Evacuation Pause) 770M->5M(1280M) 3,041ms
[2025-02-10T17:27:46.367+0400][50,754s][info ][gc] GC(65) Pause Young (Normal) (G1 Evacuation Pause) 770M->6M(1280M) 3,183ms
[2025-02-10T17:27:47.180+0400][51,566s][info ][gc] GC(66) Pause Young (Normal) (G1 Evacuation Pause) 770M->3M(1280M) 1,450ms
[2025-02-10T17:27:47.994+0400][52,381s][info ][gc] GC(67) Pause Young (Normal) (G1 Evacuation Pause) 770M->3M(1280M) 1,734ms
[2025-02-10T17:27:48.817+0400][53,204s][info ][gc] GC(68) Pause Young (Normal) (G1 Evacuation Pause) 770M->4M(1280M) 1,915ms
[2025-02-10T17:27:49.639+0400][54,026s][info ][gc] GC(69) Pause Young (Normal) (G1 Evacuation Pause) 770M->4M(1280M) 2,248ms
[2025-02-10T17:27:50.457+0400][54,844s][info ][gc] GC(70) Pause Young (Normal) (G1 Evacuation Pause) 770M->5M(1280M) 2,844ms
[2025-02-10T17:27:51.273+0400][55,660s][info ][gc] GC(71) Pause Young (Normal) (G1 Evacuation Pause) 770M->5M(1280M) 2,784ms
[2025-02-10T17:27:52.090+0400][56,476s][info ][gc] GC(72) Pause Young (Normal) (G1 Evacuation Pause) 770M->5M(1280M) 2,697ms
[2025-02-10T17:27:52.904+0400][57,291s][info ][gc] GC(73) Pause Young (Normal) (G1 Evacuation Pause) 770M->6M(1280M) 3,136ms
[2025-02-10T17:27:53.719+0400][58,105s][info ][gc] GC(74) Pause Young (Normal) (G1 Evacuation Pause) 770M->3M(1280M) 1,467ms
[2025-02-10T17:27:54.536+0400][58,923s][info ][gc] GC(75) Pause Young (Normal) (G1 Evacuation Pause) 770M->3M(1280M) 1,654ms
[2025-02-10T17:27:55.359+0400][59,746s][info ][gc] GC(76) Pause Young (Normal) (G1 Evacuation Pause) 770M->4M(1280M) 2,109ms
[2025-02-10T17:27:56.179+0400][60,566s][info ][gc] GC(77) Pause Young (Normal) (G1 Evacuation Pause) 770M->4M(1280M) 2,256ms
[2025-02-10T17:27:57.004+0400][61,391s][info ][gc] GC(78) Pause Young (Normal) (G1 Evacuation Pause) 770M->5M(1280M) 2,757ms
[2025-02-10T17:27:57.830+0400][62,217s][info ][gc] GC(79) Pause Young (Normal) (G1 Evacuation Pause) 770M->5M(1280M) 2,877ms
[2025-02-10T17:27:58.655+0400][63,042s][info ][gc] GC(80) Pause Young (Normal) (G1 Evacuation Pause) 770M->5M(1280M) 3,069ms
[2025-02-10T17:27:59.478+0400][63,865s][info ][gc] GC(81) Pause Young (Normal) (G1 Evacuation Pause) 770M->6M(1280M) 3,402ms
[2025-02-10T17:28:00.305+0400][64,692s][info ][gc] GC(82) Pause Young (Normal) (G1 Evacuation Pause) 770M->3M(1280M) 1,357ms
[2025-02-10T17:28:01.131+0400][65,518s][info ][gc] GC(83) Pause Young (Normal) (G1 Evacuation Pause) 770M->3M(1280M) 1,763ms
[2025-02-10T17:28:01.960+0400][66,347s][info ][gc] GC(84) Pause Young (Normal) (G1 Evacuation Pause) 770M->4M(1280M) 2,488ms
[2025-02-10T17:28:02.788+0400][67,174s][info ][gc] GC(85) Pause Young (Normal) (G1 Evacuation Pause) 770M->4M(1280M) 2,272ms
[2025-02-10T17:28:03.616+0400][68,002s][info ][gc] GC(86) Pause Young (Normal) (G1 Evacuation Pause) 770M->5M(1280M) 2,876ms
[2025-02-10T17:28:04.440+0400][68,827s][info ][gc] GC(87) Pause Young (Normal) (G1 Evacuation Pause) 770M->5M(1280M) 2,691ms
[2025-02-10T17:28:05.265+0400][69,652s][info ][gc] GC(88) Pause Young (Normal) (G1 Evacuation Pause) 770M->5M(1280M) 2,879ms
[2025-02-10T17:28:06.089+0400][70,475s][info ][gc] GC(89) Pause Young (Normal) (G1 Evacuation Pause) 770M->6M(1280M) 3,261ms
[2025-02-10T17:28:06.913+0400][71,300s][info ][gc] GC(90) Pause Young (Normal) (G1 Evacuation Pause) 770M->3M(1280M) 1,218ms
[2025-02-10T17:28:07.740+0400][72,127s][info ][gc] GC(91) Pause Young (Normal) (G1 Evacuation Pause) 770M->3M(1280M) 1,877ms
[2025-02-10T17:28:08.574+0400][72,961s][info ][gc] GC(92) Pause Young (Normal) (G1 Evacuation Pause) 770M->4M(1280M) 2,096ms
[2025-02-10T17:28:09.407+0400][73,794s][info ][gc] GC(93) Pause Young (Normal) (G1 Evacuation Pause) 770M->4M(1280M) 2,272ms
[2025-02-10T17:28:10.240+0400][74,627s][info ][gc] GC(94) Pause Young (Normal) (G1 Evacuation Pause) 770M->5M(1280M) 2,754ms
[2025-02-10T17:28:11.063+0400][75,450s][info ][gc] GC(95) Pause Young (Normal) (G1 Evacuation Pause) 770M->5M(1280M) 2,685ms
[2025-02-10T17:28:11.888+0400][76,275s][info ][gc] GC(96) Pause Young (Normal) (G1 Evacuation Pause) 770M->5M(1280M) 3,042ms
[2025-02-10T17:28:12.713+0400][77,100s][info ][gc] GC(97) Pause Young (Normal) (G1 Evacuation Pause) 770M->6M(1280M) 3,223ms
[2025-02-10T17:28:13.538+0400][77,925s][info ][gc] GC(98) Pause Young (Normal) (G1 Evacuation Pause) 770M->3M(1280M) 1,398ms
[2025-02-10T17:28:14.363+0400][78,749s][info ][gc] GC(99) Pause Young (Normal) (G1 Evacuation Pause) 770M->3M(1280M) 1,864ms
[2025-02-10T17:28:15.189+0400][79,576s][info ][gc] GC(100) Pause Young (Normal) (G1 Evacuation Pause) 770M->4M(1280M) 1,947ms
[2025-02-10T17:28:16.017+0400][80,404s][info ][gc] GC(101) Pause Young (Normal) (G1 Evacuation Pause) 770M->4M(1280M) 2,002ms
[2025-02-10T17:28:16.847+0400][81,233s][info ][gc] GC(102) Pause Young (Normal) (G1 Evacuation Pause) 770M->5M(1280M) 2,676ms
[2025-02-10T17:28:17.672+0400][82,059s][info ][gc] GC(103) Pause Young (Normal) (G1 Evacuation Pause) 770M->5M(1280M) 2,708ms
[2025-02-10T17:28:18.496+0400][82,883s][info ][gc] GC(104) Pause Young (Normal) (G1 Evacuation Pause) 770M->5M(1280M) 3,206ms
[2025-02-10T17:28:19.325+0400][83,712s][info ][gc] GC(105) Pause Young (Normal) (G1 Evacuation Pause) 770M->6M(1280M) 2,950ms
[2025-02-10T17:28:20.148+0400][84,535s][info ][gc] GC(106) Pause Young (Normal) (G1 Evacuation Pause) 770M->3M(1280M) 1,422ms
[2025-02-10T17:28:20.975+0400][85,362s][info ][gc] GC(107) Pause Young (Normal) (G1 Evacuation Pause) 770M->3M(1280M) 1,592ms
[2025-02-10T17:28:21.803+0400][86,190s][info ][gc] GC(108) Pause Young (Normal) (G1 Evacuation Pause) 770M->4M(1280M) 1,991ms
[2025-02-10T17:28:22.630+0400][87,016s][info ][gc] GC(109) Pause Young (Normal) (G1 Evacuation Pause) 770M->4M(1280M) 2,358ms
[2025-02-10T17:28:23.455+0400][87,842s][info ][gc] GC(110) Pause Young (Normal) (G1 Evacuation Pause) 770M->5M(1280M) 2,793ms
[2025-02-10T17:28:24.281+0400][88,668s][info ][gc] GC(111) Pause Young (Normal) (G1 Evacuation Pause) 770M->5M(1280M) 3,021ms
[2025-02-10T17:28:25.107+0400][89,494s][info ][gc] GC(112) Pause Young (Normal) (G1 Evacuation Pause) 770M->5M(1280M) 3,270ms
[2025-02-10T17:28:25.930+0400][90,317s][info ][gc] GC(113) Pause Young (Normal) (G1 Evacuation Pause) 770M->6M(1280M) 2,853ms
[2025-02-10T17:28:26.752+0400][91,138s][info ][gc] GC(114) Pause Young (Normal) (G1 Evacuation Pause) 770M->3M(1280M) 1,552ms
[2025-02-10T17:28:27.580+0400][91,967s][info ][gc] GC(115) Pause Young (Normal) (G1 Evacuation Pause) 770M->3M(1280M) 1,871ms
[2025-02-10T17:28:28.410+0400][92,797s][info ][gc] GC(116) Pause Young (Normal) (G1 Evacuation Pause) 770M->4M(1280M) 2,044ms
[2025-02-10T17:28:29.234+0400][93,621s][info ][gc] GC(117) Pause Young (Normal) (G1 Evacuation Pause) 770M->4M(1280M) 2,247ms
[2025-02-10T17:28:30.059+0400][94,445s][info ][gc] GC(118) Pause Young (Normal) (G1 Evacuation Pause) 770M->5M(1280M) 2,708ms
[2025-02-10T17:28:30.881+0400][95,268s][info ][gc] GC(119) Pause Young (Normal) (G1 Evacuation Pause) 770M->5M(1280M) 2,844ms
[2025-02-10T17:28:31.706+0400][96,092s][info ][gc] GC(120) Pause Young (Normal) (G1 Evacuation Pause) 770M->5M(1280M) 2,884ms
[2025-02-10T17:28:32.530+0400][96,917s][info ][gc] GC(121) Pause Young (Normal) (G1 Evacuation Pause) 770M->6M(1280M) 3,199ms
[2025-02-10T17:28:33.355+0400][97,742s][info ][gc] GC(122) Pause Young (Normal) (G1 Evacuation Pause) 770M->3M(1280M) 1,442ms
[2025-02-10T17:28:34.182+0400][98,569s][info ][gc] GC(123) Pause Young (Normal) (G1 Evacuation Pause) 770M->3M(1280M) 1,975ms
[2025-02-10T17:28:35.008+0400][99,395s][info ][gc] GC(124) Pause Young (Normal) (G1 Evacuation Pause) 770M->4M(1280M) 2,073ms
[2025-02-10T17:28:35.834+0400][100,221s][info ][gc] GC(125) Pause Young (Normal) (G1 Evacuation Pause) 770M->4M(1280M) 2,550ms
[2025-02-10T17:28:36.659+0400][101,046s][info ][gc] GC(126) Pause Young (Normal) (G1 Evacuation Pause) 770M->5M(1280M) 2,500ms
[2025-02-10T17:28:37.482+0400][101,869s][info ][gc] GC(127) Pause Young (Normal) (G1 Evacuation Pause) 770M->5M(1280M) 2,794ms
[2025-02-10T17:28:38.308+0400][102,695s][info ][gc] GC(128) Pause Young (Normal) (G1 Evacuation Pause) 770M->5M(1280M) 3,135ms
[2025-02-10T17:28:39.129+0400][103,516s][info ][gc] GC(129) Pause Young (Normal) (G1 Evacuation Pause) 770M->3M(1280M) 1,376ms
[2025-02-10T17:28:39.954+0400][104,341s][info ][gc] GC(130) Pause Young (Normal) (G1 Evacuation Pause) 770M->3M(1280M) 1,753ms
[2025-02-10T17:28:40.783+0400][105,170s][info ][gc] GC(131) Pause Young (Normal) (G1 Evacuation Pause) 770M->4M(1280M) 2,057ms
[2025-02-10T17:28:41.613+0400][106,000s][info ][gc] GC(132) Pause Young (Normal) (G1 Evacuation Pause) 770M->4M(1280M) 2,438ms
[2025-02-10T17:28:42.448+0400][106,835s][info ][gc] GC(133) Pause Young (Normal) (G1 Evacuation Pause) 770M->5M(1280M) 2,657ms
[2025-02-10T17:28:43.272+0400][107,659s][info ][gc] GC(134) Pause Young (Normal) (G1 Evacuation Pause) 770M->5M(1280M) 2,614ms
[2025-02-10T17:28:44.100+0400][108,486s][info ][gc] GC(135) Pause Young (Normal) (G1 Evacuation Pause) 770M->5M(1280M) 3,329ms
