[2025-02-10T21:47:26.871+0400][0.002s][info][gc] Using G1
[2025-02-10T21:47:26.871+0400][0.002s][debug][gc] ConcGCThreads: 2 offset 12
[2025-02-10T21:47:26.871+0400][0.002s][debug][gc] ParallelGCThreads: 6
[2025-02-10T21:47:26.871+0400][0.002s][debug][gc] Initialize mark stack with 4096 chunks, maximum 524288
[2025-02-10T21:47:27.308+0400][0,439s][info ][gc] GC(0) Pause Young (Normal) (G1 Evacuation Pause) 90M->2M(1792M) 2,275ms
[2025-02-10T21:47:27.568+0400][0,699s][info ][gc] GC(1) Pause Young (Normal) (G1 Evacuation Pause) 99M->2M(1792M) 2,045ms
[2025-02-10T21:47:30.717+0400][3,848s][info ][gc] GC(2) Pause Young (Normal) (G1 Evacuation Pause) 1075M->2M(1792M) 2,475ms
[2025-02-10T21:47:33.498+0400][6,629s][info ][gc] GC(3) Pause Young (Normal) (G1 Evacuation Pause) 1075M->2M(1792M) 2,069ms
[2025-02-10T21:47:36.277+0400][9,408s][info ][gc] GC(4) Pause Young (Normal) (G1 Evacuation Pause) 1075M->2M(1792M) 2,318ms
[2025-02-10T21:47:39.054+0400][12,185s][info ][gc] GC(5) Pause Young (Normal) (G1 Evacuation Pause) 1075M->2M(1792M) 1,935ms
[2025-02-10T21:47:41.832+0400][14,963s][info ][gc] GC(6) Pause Young (Normal) (G1 Evacuation Pause) 1075M->2M(1792M) 2,170ms
[2025-02-10T21:47:44.614+0400][17,745s][info ][gc] GC(7) Pause Young (Normal) (G1 Evacuation Pause) 1075M->2M(1792M) 1,991ms
[2025-02-10T21:47:47.400+0400][20,531s][info ][gc] GC(8) Pause Young (Normal) (G1 Evacuation Pause) 1075M->2M(1792M) 2,301ms
[2025-02-10T21:47:50.181+0400][23,312s][info ][gc] GC(9) Pause Young (Normal) (G1 Evacuation Pause) 1075M->2M(1792M) 2,025ms
[2025-02-10T21:47:52.960+0400][26,091s][info ][gc] GC(10) Pause Young (Normal) (G1 Evacuation Pause) 1075M->2M(1792M) 2,608ms
[2025-02-10T21:47:55.739+0400][28,870s][info ][gc] GC(11) Pause Young (Normal) (G1 Evacuation Pause) 1075M->2M(1792M) 2,150ms
[2025-02-10T21:47:58.520+0400][31,650s][info ][gc] GC(12) Pause Young (Normal) (G1 Evacuation Pause) 1075M->2M(1792M) 1,915ms
[2025-02-10T21:48:01.301+0400][34,432s][info ][gc] GC(13) Pause Young (Normal) (G1 Evacuation Pause) 1075M->2M(1792M) 2,388ms
[2025-02-10T21:48:04.084+0400][37,215s][info ][gc] GC(14) Pause Young (Normal) (G1 Evacuation Pause) 1075M->2M(1792M) 2,249ms
[2025-02-10T21:48:06.862+0400][39,992s][info ][gc] GC(15) Pause Young (Normal) (G1 Evacuation Pause) 1075M->2M(1792M) 2,468ms
[2025-02-10T21:48:09.867+0400][42,998s][info ][gc] GC(16) Pause Young (Normal) (G1 Evacuation Pause) 1076M->2M(1792M) 1,450ms
[2025-02-10T21:48:12.876+0400][46,007s][info ][gc] GC(17) Pause Young (Normal) (G1 Evacuation Pause) 1076M->2M(1792M) 2,021ms
[2025-02-10T21:48:15.892+0400][49,023s][info ][gc] GC(18) Pause Young (Normal) (G1 Evacuation Pause) 1076M->2M(1792M) 1,640ms
[2025-02-10T21:48:18.909+0400][52,040s][info ][gc] GC(19) Pause Young (Normal) (G1 Evacuation Pause) 1076M->2M(1792M) 1,730ms
[2025-02-10T21:48:21.926+0400][55,057s][info ][gc] GC(20) Pause Young (Normal) (G1 Evacuation Pause) 1076M->2M(1792M) 1,589ms
[2025-02-10T21:48:24.942+0400][58,073s][info ][gc] GC(21) Pause Young (Normal) (G1 Evacuation Pause) 1076M->2M(1792M) 1,715ms
[2025-02-10T21:48:27.958+0400][61,089s][info ][gc] GC(22) Pause Young (Normal) (G1 Evacuation Pause) 1076M->2M(1792M) 1,591ms
[2025-02-10T21:48:30.980+0400][64,111s][info ][gc] GC(23) Pause Young (Normal) (G1 Evacuation Pause) 1076M->2M(1792M) 1,552ms
[2025-02-10T21:48:34.002+0400][67,133s][info ][gc] GC(24) Pause Young (Normal) (G1 Evacuation Pause) 1076M->2M(1792M) 1,406ms
[2025-02-10T21:48:37.024+0400][70,155s][info ][gc] GC(25) Pause Young (Normal) (G1 Evacuation Pause) 1076M->2M(1792M) 1,830ms
