[2025-02-10T19:35:20.849+0400][0.002s][info][gc] Using G1
[2025-02-10T19:35:20.850+0400][0.002s][debug][gc] ConcGCThreads: 2 offset 12
[2025-02-10T19:35:20.850+0400][0.002s][debug][gc] ParallelGCThreads: 6
[2025-02-10T19:35:20.850+0400][0.002s][debug][gc] Initialize mark stack with 4096 chunks, maximum 524288
[2025-02-10T19:35:21.455+0400][0,607s][info ][gc] GC(0) Pause Young (Normal) (G1 Evacuation Pause) 141M->2M(2816M) 1,928ms
[2025-02-10T19:35:21.864+0400][1,016s][info ][gc] GC(1) Pause Young (Normal) (G1 Evacuation Pause) 152M->2M(2816M) 1,416ms
[2025-02-10T19:35:27.011+0400][6,163s][info ][gc] GC(2) Pause Young (Normal) (G1 Evacuation Pause) 1688M->2M(2816M) 1,941ms
[2025-02-10T19:35:31.504+0400][10,656s][info ][gc] GC(3) Pause Young (Normal) (G1 Evacuation Pause) 1688M->2M(2816M) 1,778ms
[2025-02-10T19:35:35.911+0400][15,063s][info ][gc] GC(4) Pause Young (Normal) (G1 Evacuation Pause) 1688M->2M(2816M) 1,910ms
[2025-02-10T19:35:40.339+0400][19,492s][info ][gc] GC(5) Pause Young (Normal) (G1 Evacuation Pause) 1688M->2M(2816M) 1,806ms
[2025-02-10T19:35:44.816+0400][23,969s][info ][gc] GC(6) Pause Young (Normal) (G1 Evacuation Pause) 1688M->2M(2816M) 1,921ms
[2025-02-10T19:35:49.259+0400][28,411s][info ][gc] GC(7) Pause Young (Normal) (G1 Evacuation Pause) 1688M->2M(2816M) 1,715ms
[2025-02-10T19:35:53.704+0400][32,856s][info ][gc] GC(8) Pause Young (Normal) (G1 Evacuation Pause) 1688M->2M(2816M) 1,895ms
[2025-02-10T19:35:58.212+0400][37,364s][info ][gc] GC(9) Pause Young (Normal) (G1 Evacuation Pause) 1688M->2M(2816M) 1,881ms
[2025-02-10T19:36:02.705+0400][41,857s][info ][gc] GC(10) Pause Young (Normal) (G1 Evacuation Pause) 1688M->2M(2816M) 1,311ms
[2025-02-10T19:36:07.191+0400][46,343s][info ][gc] GC(11) Pause Young (Normal) (G1 Evacuation Pause) 1688M->2M(2816M) 2,041ms
[2025-02-10T19:36:11.614+0400][50,766s][info ][gc] GC(12) Pause Young (Normal) (G1 Evacuation Pause) 1688M->2M(2816M) 1,683ms
[2025-02-10T19:36:16.124+0400][55,277s][info ][gc] GC(13) Pause Young (Normal) (G1 Evacuation Pause) 1688M->2M(2816M) 1,981ms
[2025-02-10T19:36:20.522+0400][59,675s][info ][gc] GC(14) Pause Young (Normal) (G1 Evacuation Pause) 1688M->2M(2816M) 1,663ms
[2025-02-10T19:36:25.003+0400][64,155s][info ][gc] GC(15) Pause Young (Normal) (G1 Evacuation Pause) 1688M->2M(2816M) 1,834ms
[2025-02-10T19:36:29.613+0400][68,766s][info ][gc] GC(16) Pause Young (Normal) (G1 Evacuation Pause) 1688M->2M(2816M) 1,159ms
