[2025-02-10T21:58:02.234+0400][0.002s][info][gc] Using G1
[2025-02-10T21:58:02.234+0400][0.002s][debug][gc] ConcGCThreads: 2 offset 12
[2025-02-10T21:58:02.234+0400][0.002s][debug][gc] ParallelGCThreads: 6
[2025-02-10T21:58:02.235+0400][0.002s][debug][gc] Initialize mark stack with 4096 chunks, maximum 524288
[2025-02-10T21:58:03.019+0400][0,786s][info ][gc] GC(0) Pause Young (Normal) (G1 Evacuation Pause) 205M->2M(4096M) 2,575ms
[2025-02-10T21:58:03.586+0400][1,354s][info ][gc] GC(1) Pause Young (Normal) (G1 Evacuation Pause) 216M->2M(4096M) 1,584ms
[2025-02-10T21:58:10.816+0400][8,583s][info ][gc] GC(2) Pause Young (Normal) (G1 Evacuation Pause) 2456M->2M(4096M) 2,718ms
[2025-02-10T21:58:17.216+0400][14,983s][info ][gc] GC(3) Pause Young (Normal) (G1 Evacuation Pause) 2456M->2M(4096M) 2,209ms
[2025-02-10T21:58:23.730+0400][21,498s][info ][gc] GC(4) Pause Young (Normal) (G1 Evacuation Pause) 2456M->2M(4096M) 2,404ms
[2025-02-10T21:58:30.130+0400][27,897s][info ][gc] GC(5) Pause Young (Normal) (G1 Evacuation Pause) 2456M->2M(4096M) 2,249ms
[2025-02-10T21:58:36.529+0400][34,297s][info ][gc] GC(6) Pause Young (Normal) (G1 Evacuation Pause) 2456M->2M(4096M) 2,448ms
[2025-02-10T21:58:42.937+0400][40,705s][info ][gc] GC(7) Pause Young (Normal) (G1 Evacuation Pause) 2456M->2M(4096M) 2,244ms
[2025-02-10T21:58:49.317+0400][47,084s][info ][gc] GC(8) Pause Young (Normal) (G1 Evacuation Pause) 2456M->2M(4096M) 2,246ms
[2025-02-10T21:58:55.701+0400][53,468s][info ][gc] GC(9) Pause Young (Normal) (G1 Evacuation Pause) 2456M->2M(4096M) 2,100ms
[2025-02-10T21:59:02.088+0400][59,856s][info ][gc] GC(10) Pause Young (Normal) (G1 Evacuation Pause) 2456M->2M(4096M) 2,199ms
[2025-02-10T21:59:08.479+0400][66,247s][info ][gc] GC(11) Pause Young (Normal) (G1 Evacuation Pause) 2456M->2M(4096M) 2,143ms
