[2025-02-10T20:57:10.186+0400][0.002s][info][gc] Using G1
[2025-02-10T20:57:10.187+0400][0.002s][debug][gc] ConcGCThreads: 2 offset 12
[2025-02-10T20:57:10.187+0400][0.002s][debug][gc] ParallelGCThreads: 6
[2025-02-10T20:57:10.187+0400][0.002s][debug][gc] Initialize mark stack with 4096 chunks, maximum 524288
[2025-02-10T20:57:10.728+0400][0,543s][info ][gc] GC(0) Pause Young (Normal) (G1 Evacuation Pause) 179M->3M(3584M) 2,485ms
[2025-02-10T20:57:11.059+0400][0,874s][info ][gc] GC(1) Pause Young (Normal) (G1 Evacuation Pause) 193M->5M(3584M) 2,463ms
[2025-02-10T20:57:15.388+0400][5,204s][info ][gc] GC(2) Pause Young (Normal) (G1 Evacuation Pause) 2149M->3M(3584M) 2,664ms
[2025-02-10T20:57:19.006+0400][8,821s][info ][gc] GC(3) Pause Young (Normal) (G1 Evacuation Pause) 2149M->4M(3584M) 3,043ms
[2025-02-10T20:57:22.617+0400][12,432s][info ][gc] GC(4) Pause Young (Normal) (G1 Evacuation Pause) 2150M->3M(3584M) 2,185ms
[2025-02-10T20:57:26.241+0400][16,056s][info ][gc] GC(5) Pause Young (Normal) (G1 Evacuation Pause) 2149M->5M(3584M) 2,795ms
[2025-02-10T20:57:29.871+0400][19,686s][info ][gc] GC(6) Pause Young (Normal) (G1 Evacuation Pause) 2149M->3M(3584M) 2,271ms
[2025-02-10T20:57:33.494+0400][23,309s][info ][gc] GC(7) Pause Young (Normal) (G1 Evacuation Pause) 2149M->5M(3584M) 2,808ms
[2025-02-10T20:57:37.113+0400][26,928s][info ][gc] GC(8) Pause Young (Normal) (G1 Evacuation Pause) 2151M->3M(3584M) 2,343ms
[2025-02-10T20:57:40.753+0400][30,568s][info ][gc] GC(9) Pause Young (Normal) (G1 Evacuation Pause) 2149M->5M(3584M) 3,346ms
[2025-02-10T20:57:44.381+0400][34,196s][info ][gc] GC(10) Pause Young (Normal) (G1 Evacuation Pause) 2149M->3M(3584M) 2,246ms
[2025-02-10T20:57:48.008+0400][37,823s][info ][gc] GC(11) Pause Young (Normal) (G1 Evacuation Pause) 2149M->5M(3584M) 3,010ms
[2025-02-10T20:57:51.633+0400][41,448s][info ][gc] GC(12) Pause Young (Normal) (G1 Evacuation Pause) 2149M->3M(3584M) 2,143ms
[2025-02-10T20:57:55.438+0400][45,253s][info ][gc] GC(13) Pause Young (Normal) (G1 Evacuation Pause) 2149M->5M(3584M) 2,496ms
[2025-02-10T20:57:59.062+0400][48,877s][info ][gc] GC(14) Pause Young (Normal) (G1 Evacuation Pause) 2151M->3M(3584M) 2,018ms
[2025-02-10T20:58:02.730+0400][52,545s][info ][gc] GC(15) Pause Young (Normal) (G1 Evacuation Pause) 2149M->5M(3584M) 3,300ms
[2025-02-10T20:58:06.636+0400][56,451s][info ][gc] GC(16) Pause Young (Normal) (G1 Evacuation Pause) 2151M->4M(3584M) 2,305ms
[2025-02-10T20:58:10.544+0400][60,359s][info ][gc] GC(17) Pause Young (Normal) (G1 Evacuation Pause) 2152M->3M(3584M) 2,036ms
[2025-02-10T20:58:14.489+0400][64,304s][info ][gc] GC(18) Pause Young (Normal) (G1 Evacuation Pause) 2151M->5M(3584M) 2,831ms
[2025-02-10T20:58:18.431+0400][68,246s][info ][gc] GC(19) Pause Young (Normal) (G1 Evacuation Pause) 2151M->4M(3584M) 2,157ms
[2025-02-10T20:58:22.378+0400][72,193s][info ][gc] GC(20) Pause Young (Normal) (G1 Evacuation Pause) 2152M->3M(3584M) 2,248ms
