[2025-02-10T19:26:47.934+0400][0.002s][info][gc] Using G1
[2025-02-10T19:26:47.934+0400][0.002s][debug][gc] ConcGCThreads: 2 offset 12
[2025-02-10T19:26:47.934+0400][0.002s][debug][gc] ParallelGCThreads: 6
[2025-02-10T19:26:47.934+0400][0.002s][debug][gc] Initialize mark stack with 4096 chunks, maximum 524288
[2025-02-10T19:26:48.263+0400][0,331s][info ][gc] GC(0) Pause Young (Normal) (G1 Evacuation Pause) 52M->2M(1024M) 2,141ms
[2025-02-10T19:26:48.421+0400][0,489s][info ][gc] GC(1) Pause Young (Normal) (G1 Evacuation Pause) 61M->2M(1024M) 1,323ms
[2025-02-10T19:26:50.226+0400][2,294s][info ][gc] GC(2) Pause Young (Normal) (G1 Evacuation Pause) 614M->2M(1024M) 2,281ms
[2025-02-10T19:26:51.867+0400][3,935s][info ][gc] GC(3) Pause Young (Normal) (G1 Evacuation Pause) 614M->2M(1024M) 1,827ms
[2025-02-10T19:26:53.505+0400][5,573s][info ][gc] GC(4) Pause Young (Normal) (G1 Evacuation Pause) 614M->2M(1024M) 2,346ms
[2025-02-10T19:26:55.141+0400][7,209s][info ][gc] GC(5) Pause Young (Normal) (G1 Evacuation Pause) 614M->2M(1024M) 1,768ms
[2025-02-10T19:26:56.776+0400][8,843s][info ][gc] GC(6) Pause Young (Normal) (G1 Evacuation Pause) 614M->2M(1024M) 1,849ms
[2025-02-10T19:26:58.413+0400][10,481s][info ][gc] GC(7) Pause Young (Normal) (G1 Evacuation Pause) 614M->2M(1024M) 1,783ms
[2025-02-10T19:27:00.049+0400][12,117s][info ][gc] GC(8) Pause Young (Normal) (G1 Evacuation Pause) 614M->2M(1024M) 1,854ms
[2025-02-10T19:27:01.686+0400][13,754s][info ][gc] GC(9) Pause Young (Normal) (G1 Evacuation Pause) 614M->2M(1024M) 1,805ms
[2025-02-10T19:27:03.323+0400][15,391s][info ][gc] GC(10) Pause Young (Normal) (G1 Evacuation Pause) 614M->2M(1024M) 1,587ms
[2025-02-10T19:27:04.965+0400][17,033s][info ][gc] GC(11) Pause Young (Normal) (G1 Evacuation Pause) 614M->2M(1024M) 1,985ms
[2025-02-10T19:27:06.599+0400][18,667s][info ][gc] GC(12) Pause Young (Normal) (G1 Evacuation Pause) 614M->2M(1024M) 1,610ms
[2025-02-10T19:27:08.238+0400][20,306s][info ][gc] GC(13) Pause Young (Normal) (G1 Evacuation Pause) 614M->2M(1024M) 1,721ms
[2025-02-10T19:27:09.875+0400][21,943s][info ][gc] GC(14) Pause Young (Normal) (G1 Evacuation Pause) 614M->2M(1024M) 1,810ms
[2025-02-10T19:27:11.514+0400][23,582s][info ][gc] GC(15) Pause Young (Normal) (G1 Evacuation Pause) 614M->3M(1024M) 2,098ms
[2025-02-10T19:27:13.254+0400][25,322s][info ][gc] GC(16) Pause Young (Normal) (G1 Evacuation Pause) 616M->2M(1024M) 1,276ms
[2025-02-10T19:27:14.992+0400][27,060s][info ][gc] GC(17) Pause Young (Normal) (G1 Evacuation Pause) 615M->2M(1024M) 1,603ms
[2025-02-10T19:27:16.734+0400][28,802s][info ][gc] GC(18) Pause Young (Normal) (G1 Evacuation Pause) 615M->2M(1024M) 1,672ms
[2025-02-10T19:27:18.476+0400][30,544s][info ][gc] GC(19) Pause Young (Normal) (G1 Evacuation Pause) 615M->2M(1024M) 1,138ms
[2025-02-10T19:27:20.214+0400][32,282s][info ][gc] GC(20) Pause Young (Normal) (G1 Evacuation Pause) 615M->2M(1024M) 1,155ms
[2025-02-10T19:27:21.953+0400][34,021s][info ][gc] GC(21) Pause Young (Normal) (G1 Evacuation Pause) 615M->2M(1024M) 1,364ms
[2025-02-10T19:27:23.692+0400][35,760s][info ][gc] GC(22) Pause Young (Normal) (G1 Evacuation Pause) 615M->2M(1024M) 1,589ms
[2025-02-10T19:27:25.430+0400][37,498s][info ][gc] GC(23) Pause Young (Normal) (G1 Evacuation Pause) 615M->2M(1024M) 1,181ms
[2025-02-10T19:27:27.169+0400][39,237s][info ][gc] GC(24) Pause Young (Normal) (G1 Evacuation Pause) 615M->2M(1024M) 1,119ms
[2025-02-10T19:27:28.906+0400][40,974s][info ][gc] GC(25) Pause Young (Normal) (G1 Evacuation Pause) 615M->2M(1024M) 1,052ms
[2025-02-10T19:27:30.644+0400][42,712s][info ][gc] GC(26) Pause Young (Normal) (G1 Evacuation Pause) 615M->2M(1024M) 1,126ms
[2025-02-10T19:27:32.388+0400][44,456s][info ][gc] GC(27) Pause Young (Normal) (G1 Evacuation Pause) 615M->2M(1024M) 1,174ms
[2025-02-10T19:27:34.128+0400][46,196s][info ][gc] GC(28) Pause Young (Normal) (G1 Evacuation Pause) 615M->2M(1024M) 1,446ms
[2025-02-10T19:27:35.870+0400][47,938s][info ][gc] GC(29) Pause Young (Normal) (G1 Evacuation Pause) 615M->2M(1024M) 1,601ms
[2025-02-10T19:27:37.610+0400][49,677s][info ][gc] GC(30) Pause Young (Normal) (G1 Evacuation Pause) 615M->2M(1024M) 1,243ms
[2025-02-10T19:27:39.348+0400][51,416s][info ][gc] GC(31) Pause Young (Normal) (G1 Evacuation Pause) 615M->2M(1024M) 1,110ms
[2025-02-10T19:27:41.086+0400][53,154s][info ][gc] GC(32) Pause Young (Normal) (G1 Evacuation Pause) 615M->2M(1024M) 1,226ms
[2025-02-10T19:27:42.824+0400][54,892s][info ][gc] GC(33) Pause Young (Normal) (G1 Evacuation Pause) 615M->2M(1024M) 1,225ms
[2025-02-10T19:27:44.563+0400][56,631s][info ][gc] GC(34) Pause Young (Normal) (G1 Evacuation Pause) 615M->2M(1024M) 1,020ms
[2025-02-10T19:27:46.303+0400][58,371s][info ][gc] GC(35) Pause Young (Normal) (G1 Evacuation Pause) 615M->2M(1024M) 1,320ms
[2025-02-10T19:27:48.042+0400][60,110s][info ][gc] GC(36) Pause Young (Normal) (G1 Evacuation Pause) 615M->2M(1024M) 1,356ms
[2025-02-10T19:27:49.781+0400][61,848s][info ][gc] GC(37) Pause Young (Normal) (G1 Evacuation Pause) 615M->2M(1024M) 1,162ms
[2025-02-10T19:27:51.520+0400][63,588s][info ][gc] GC(38) Pause Young (Normal) (G1 Evacuation Pause) 615M->2M(1024M) 1,309ms
[2025-02-10T19:27:53.261+0400][65,329s][info ][gc] GC(39) Pause Young (Normal) (G1 Evacuation Pause) 615M->2M(1024M) 1,127ms
[2025-02-10T19:27:55.003+0400][67,071s][info ][gc] GC(40) Pause Young (Normal) (G1 Evacuation Pause) 615M->2M(1024M) 1,629ms
[2025-02-10T19:27:56.746+0400][68,814s][info ][gc] GC(41) Pause Young (Normal) (G1 Evacuation Pause) 615M->2M(1024M) 1,350ms
[2025-02-10T19:27:58.486+0400][70,553s][info ][gc] GC(42) Pause Young (Normal) (G1 Evacuation Pause) 615M->2M(1024M) 1,160ms
[2025-02-10T19:28:00.225+0400][72,293s][info ][gc] GC(43) Pause Young (Normal) (G1 Evacuation Pause) 615M->2M(1024M) 1,556ms
[2025-02-10T19:28:01.965+0400][74,033s][info ][gc] GC(44) Pause Young (Normal) (G1 Evacuation Pause) 615M->2M(1024M) 1,149ms
