[2025-02-10T17:19:44.975+0400][0.002s][info][gc] Using G1
[2025-02-10T17:19:44.975+0400][0.002s][debug][gc] ConcGCThreads: 2 offset 12
[2025-02-10T17:19:44.975+0400][0.002s][debug][gc] ParallelGCThreads: 6
[2025-02-10T17:19:44.976+0400][0.003s][debug][gc] Initialize mark stack with 4096 chunks, maximum 524288
[2025-02-10T17:19:45.168+0400][0,195s][info ][gc] GC(0) Pause Young (Normal) (G1 Evacuation Pause) 22M->5M(256M) 3,253ms
[2025-02-10T17:19:45.207+0400][0,234s][info ][gc] GC(1) Pause Young (Normal) (G1 Evacuation Pause) 31M->7M(256M) 2,443ms
[2025-02-10T17:19:45.414+0400][0,441s][info ][gc] GC(2) Pause Young (Normal) (G1 Evacuation Pause) 156M->4M(256M) 1,284ms
[2025-02-10T17:19:45.577+0400][0,604s][info ][gc] GC(3) Pause Young (Normal) (G1 Evacuation Pause) 156M->5M(256M) 1,979ms
[2025-02-10T17:19:45.740+0400][0,767s][info ][gc] GC(4) Pause Young (Normal) (G1 Evacuation Pause) 156M->6M(256M) 2,578ms
[2025-02-10T17:19:45.901+0400][0,927s][info ][gc] GC(5) Pause Young (Normal) (G1 Evacuation Pause) 156M->4M(256M) 1,051ms
[2025-02-10T17:19:46.064+0400][1,090s][info ][gc] GC(6) Pause Young (Normal) (G1 Evacuation Pause) 156M->5M(256M) 2,199ms
[2025-02-10T17:19:46.226+0400][1,252s][info ][gc] GC(7) Pause Young (Normal) (G1 Evacuation Pause) 156M->6M(256M) 2,725ms
[2025-02-10T17:19:46.386+0400][1,412s][info ][gc] GC(8) Pause Young (Normal) (G1 Evacuation Pause) 156M->4M(256M) 1,279ms
[2025-02-10T17:19:46.549+0400][1,575s][info ][gc] GC(9) Pause Young (Normal) (G1 Evacuation Pause) 156M->5M(256M) 2,392ms
[2025-02-10T17:19:46.711+0400][1,737s][info ][gc] GC(10) Pause Young (Normal) (G1 Evacuation Pause) 156M->6M(256M) 2,379ms
[2025-02-10T17:19:46.870+0400][1,897s][info ][gc] GC(11) Pause Young (Normal) (G1 Evacuation Pause) 156M->4M(256M) 1,431ms
[2025-02-10T17:19:47.033+0400][2,059s][info ][gc] GC(12) Pause Young (Normal) (G1 Evacuation Pause) 156M->5M(256M) 1,541ms
[2025-02-10T17:19:47.194+0400][2,221s][info ][gc] GC(13) Pause Young (Normal) (G1 Evacuation Pause) 156M->6M(256M) 2,327ms
[2025-02-10T17:19:47.354+0400][2,380s][info ][gc] GC(14) Pause Young (Normal) (G1 Evacuation Pause) 156M->4M(256M) 1,239ms
[2025-02-10T17:19:47.516+0400][2,542s][info ][gc] GC(15) Pause Young (Normal) (G1 Evacuation Pause) 156M->5M(256M) 1,896ms
[2025-02-10T17:19:47.674+0400][2,701s][info ][gc] GC(16) Pause Young (Normal) (G1 Evacuation Pause) 156M->6M(256M) 2,833ms
[2025-02-10T17:19:47.831+0400][2,858s][info ][gc] GC(17) Pause Young (Normal) (G1 Evacuation Pause) 156M->4M(256M) 1,791ms
[2025-02-10T17:19:47.989+0400][3,015s][info ][gc] GC(18) Pause Young (Normal) (G1 Evacuation Pause) 156M->5M(256M) 1,526ms
[2025-02-10T17:19:48.147+0400][3,173s][info ][gc] GC(19) Pause Young (Normal) (G1 Evacuation Pause) 156M->6M(256M) 2,243ms
[2025-02-10T17:19:48.303+0400][3,330s][info ][gc] GC(20) Pause Young (Normal) (G1 Evacuation Pause) 156M->4M(256M) 1,324ms
[2025-02-10T17:19:48.461+0400][3,488s][info ][gc] GC(21) Pause Young (Normal) (G1 Evacuation Pause) 156M->5M(256M) 1,693ms
[2025-02-10T17:19:48.619+0400][3,645s][info ][gc] GC(22) Pause Young (Normal) (G1 Evacuation Pause) 156M->6M(256M) 2,037ms
[2025-02-10T17:19:48.776+0400][3,802s][info ][gc] GC(23) Pause Young (Normal) (G1 Evacuation Pause) 156M->7M(256M) 2,453ms
[2025-02-10T17:19:48.930+0400][3,957s][info ][gc] GC(24) Pause Young (Normal) (G1 Evacuation Pause) 156M->4M(256M) 1,252ms
[2025-02-10T17:19:49.089+0400][4,115s][info ][gc] GC(25) Pause Young (Normal) (G1 Evacuation Pause) 156M->5M(256M) 1,852ms
[2025-02-10T17:19:49.247+0400][4,273s][info ][gc] GC(26) Pause Young (Normal) (G1 Evacuation Pause) 156M->6M(256M) 2,762ms
[2025-02-10T17:19:49.402+0400][4,429s][info ][gc] GC(27) Pause Young (Normal) (G1 Evacuation Pause) 156M->4M(256M) 1,220ms
[2025-02-10T17:19:49.561+0400][4,587s][info ][gc] GC(28) Pause Young (Normal) (G1 Evacuation Pause) 156M->5M(256M) 1,981ms
[2025-02-10T17:19:49.718+0400][4,745s][info ][gc] GC(29) Pause Young (Normal) (G1 Evacuation Pause) 156M->6M(256M) 3,107ms
[2025-02-10T17:19:49.873+0400][4,900s][info ][gc] GC(30) Pause Young (Normal) (G1 Evacuation Pause) 156M->4M(256M) 1,160ms
[2025-02-10T17:19:50.033+0400][5,059s][info ][gc] GC(31) Pause Young (Normal) (G1 Evacuation Pause) 156M->5M(256M) 1,995ms
[2025-02-10T17:19:50.191+0400][5,218s][info ][gc] GC(32) Pause Young (Normal) (G1 Evacuation Pause) 156M->6M(256M) 2,448ms
[2025-02-10T17:19:50.347+0400][5,374s][info ][gc] GC(33) Pause Young (Normal) (G1 Evacuation Pause) 156M->4M(256M) 1,252ms
[2025-02-10T17:19:50.506+0400][5,532s][info ][gc] GC(34) Pause Young (Normal) (G1 Evacuation Pause) 156M->5M(256M) 2,030ms
[2025-02-10T17:19:50.663+0400][5,690s][info ][gc] GC(35) Pause Young (Normal) (G1 Evacuation Pause) 156M->6M(256M) 2,405ms
[2025-02-10T17:19:50.820+0400][5,847s][info ][gc] GC(36) Pause Young (Normal) (G1 Evacuation Pause) 156M->4M(256M) 4,029ms
[2025-02-10T17:19:50.978+0400][6,005s][info ][gc] GC(37) Pause Young (Normal) (G1 Evacuation Pause) 156M->5M(256M) 1,797ms
[2025-02-10T17:19:51.136+0400][6,163s][info ][gc] GC(38) Pause Young (Normal) (G1 Evacuation Pause) 156M->6M(256M) 2,258ms
[2025-02-10T17:19:51.291+0400][6,318s][info ][gc] GC(39) Pause Young (Normal) (G1 Evacuation Pause) 156M->4M(256M) 0,962ms
[2025-02-10T17:19:51.450+0400][6,477s][info ][gc] GC(40) Pause Young (Normal) (G1 Evacuation Pause) 156M->5M(256M) 1,525ms
[2025-02-10T17:19:51.608+0400][6,635s][info ][gc] GC(41) Pause Young (Normal) (G1 Evacuation Pause) 156M->6M(256M) 2,289ms
[2025-02-10T17:19:51.764+0400][6,791s][info ][gc] GC(42) Pause Young (Normal) (G1 Evacuation Pause) 156M->7M(256M) 2,873ms
[2025-02-10T17:19:51.919+0400][6,945s][info ][gc] GC(43) Pause Young (Normal) (G1 Evacuation Pause) 156M->4M(256M) 1,389ms
[2025-02-10T17:19:52.077+0400][7,104s][info ][gc] GC(44) Pause Young (Normal) (G1 Evacuation Pause) 156M->6M(256M) 2,271ms
[2025-02-10T17:19:52.236+0400][7,262s][info ][gc] GC(45) Pause Young (Normal) (G1 Evacuation Pause) 157M->7M(256M) 2,723ms
[2025-02-10T17:19:52.391+0400][7,417s][info ][gc] GC(46) Pause Young (Normal) (G1 Evacuation Pause) 156M->4M(256M) 1,167ms
[2025-02-10T17:19:52.549+0400][7,576s][info ][gc] GC(47) Pause Young (Normal) (G1 Evacuation Pause) 156M->5M(256M) 2,009ms
[2025-02-10T17:19:52.706+0400][7,733s][info ][gc] GC(48) Pause Young (Normal) (G1 Evacuation Pause) 156M->6M(256M) 2,333ms
[2025-02-10T17:19:52.861+0400][7,887s][info ][gc] GC(49) Pause Young (Normal) (G1 Evacuation Pause) 156M->4M(256M) 1,253ms
[2025-02-10T17:19:53.019+0400][8,046s][info ][gc] GC(50) Pause Young (Normal) (G1 Evacuation Pause) 156M->5M(256M) 1,281ms
[2025-02-10T17:19:53.178+0400][8,204s][info ][gc] GC(51) Pause Young (Normal) (G1 Evacuation Pause) 156M->6M(256M) 2,232ms
[2025-02-10T17:19:53.334+0400][8,360s][info ][gc] GC(52) Pause Young (Normal) (G1 Evacuation Pause) 156M->4M(256M) 1,057ms
[2025-02-10T17:19:53.492+0400][8,518s][info ][gc] GC(53) Pause Young (Normal) (G1 Evacuation Pause) 156M->5M(256M) 1,819ms
[2025-02-10T17:19:53.650+0400][8,676s][info ][gc] GC(54) Pause Young (Normal) (G1 Evacuation Pause) 156M->6M(256M) 2,312ms
[2025-02-10T17:19:53.805+0400][8,832s][info ][gc] GC(55) Pause Young (Normal) (G1 Evacuation Pause) 156M->4M(256M) 1,228ms
[2025-02-10T17:19:53.965+0400][8,991s][info ][gc] GC(56) Pause Young (Normal) (G1 Evacuation Pause) 156M->5M(256M) 1,415ms
[2025-02-10T17:19:54.123+0400][9,150s][info ][gc] GC(57) Pause Young (Normal) (G1 Evacuation Pause) 156M->6M(256M) 2,760ms
[2025-02-10T17:19:54.278+0400][9,305s][info ][gc] GC(58) Pause Young (Normal) (G1 Evacuation Pause) 156M->4M(256M) 0,891ms
[2025-02-10T17:19:54.436+0400][9,462s][info ][gc] GC(59) Pause Young (Normal) (G1 Evacuation Pause) 156M->5M(256M) 1,498ms
[2025-02-10T17:19:54.593+0400][9,620s][info ][gc] GC(60) Pause Young (Normal) (G1 Evacuation Pause) 156M->6M(256M) 2,621ms
[2025-02-10T17:19:54.750+0400][9,776s][info ][gc] GC(61) Pause Young (Normal) (G1 Evacuation Pause) 156M->7M(256M) 2,432ms
[2025-02-10T17:19:54.903+0400][9,929s][info ][gc] GC(62) Pause Young (Normal) (G1 Evacuation Pause) 156M->4M(256M) 1,342ms
[2025-02-10T17:19:55.061+0400][10,088s][info ][gc] GC(63) Pause Young (Normal) (G1 Evacuation Pause) 156M->5M(256M) 2,002ms
[2025-02-10T17:19:55.218+0400][10,244s][info ][gc] GC(64) Pause Young (Normal) (G1 Evacuation Pause) 156M->7M(256M) 2,627ms
[2025-02-10T17:19:55.373+0400][10,399s][info ][gc] GC(65) Pause Young (Normal) (G1 Evacuation Pause) 157M->4M(256M) 1,257ms
[2025-02-10T17:19:55.531+0400][10,558s][info ][gc] GC(66) Pause Young (Normal) (G1 Evacuation Pause) 156M->5M(256M) 2,033ms
[2025-02-10T17:19:55.689+0400][10,716s][info ][gc] GC(67) Pause Young (Normal) (G1 Evacuation Pause) 156M->6M(256M) 2,840ms
[2025-02-10T17:19:55.845+0400][10,872s][info ][gc] GC(68) Pause Young (Normal) (G1 Evacuation Pause) 156M->4M(256M) 1,302ms
[2025-02-10T17:19:56.003+0400][11,030s][info ][gc] GC(69) Pause Young (Normal) (G1 Evacuation Pause) 156M->5M(256M) 1,680ms
[2025-02-10T17:19:56.161+0400][11,188s][info ][gc] GC(70) Pause Young (Normal) (G1 Evacuation Pause) 156M->6M(256M) 2,449ms
[2025-02-10T17:19:56.317+0400][11,344s][info ][gc] GC(71) Pause Young (Normal) (G1 Evacuation Pause) 156M->4M(256M) 1,349ms
[2025-02-10T17:19:56.475+0400][11,502s][info ][gc] GC(72) Pause Young (Normal) (G1 Evacuation Pause) 156M->5M(256M) 2,365ms
[2025-02-10T17:19:56.634+0400][11,660s][info ][gc] GC(73) Pause Young (Normal) (G1 Evacuation Pause) 156M->6M(256M) 2,484ms
[2025-02-10T17:19:56.789+0400][11,815s][info ][gc] GC(74) Pause Young (Normal) (G1 Evacuation Pause) 156M->4M(256M) 1,167ms
[2025-02-10T17:19:56.949+0400][11,975s][info ][gc] GC(75) Pause Young (Normal) (G1 Evacuation Pause) 156M->5M(256M) 3,166ms
[2025-02-10T17:19:57.106+0400][12,133s][info ][gc] GC(76) Pause Young (Normal) (G1 Evacuation Pause) 156M->6M(256M) 2,252ms
[2025-02-10T17:19:57.262+0400][12,289s][info ][gc] GC(77) Pause Young (Normal) (G1 Evacuation Pause) 156M->4M(256M) 0,818ms
[2025-02-10T17:19:57.419+0400][12,446s][info ][gc] GC(78) Pause Young (Normal) (G1 Evacuation Pause) 156M->5M(256M) 1,534ms
[2025-02-10T17:19:57.577+0400][12,603s][info ][gc] GC(79) Pause Young (Normal) (G1 Evacuation Pause) 156M->6M(256M) 2,424ms
[2025-02-10T17:19:57.732+0400][12,759s][info ][gc] GC(80) Pause Young (Normal) (G1 Evacuation Pause) 156M->7M(256M) 2,731ms
[2025-02-10T17:19:57.887+0400][12,913s][info ][gc] GC(81) Pause Young (Normal) (G1 Evacuation Pause) 156M->4M(256M) 1,278ms
[2025-02-10T17:19:58.046+0400][13,073s][info ][gc] GC(82) Pause Young (Normal) (G1 Evacuation Pause) 156M->5M(256M) 2,086ms
[2025-02-10T17:19:58.205+0400][13,232s][info ][gc] GC(83) Pause Young (Normal) (G1 Evacuation Pause) 156M->6M(256M) 2,757ms
[2025-02-10T17:19:58.362+0400][13,389s][info ][gc] GC(84) Pause Young (Normal) (G1 Evacuation Pause) 156M->4M(256M) 1,237ms
[2025-02-10T17:19:58.522+0400][13,548s][info ][gc] GC(85) Pause Young (Normal) (G1 Evacuation Pause) 156M->5M(256M) 1,975ms
[2025-02-10T17:19:58.680+0400][13,707s][info ][gc] GC(86) Pause Young (Normal) (G1 Evacuation Pause) 156M->7M(256M) 2,659ms
[2025-02-10T17:19:58.836+0400][13,863s][info ][gc] GC(87) Pause Young (Normal) (G1 Evacuation Pause) 157M->4M(256M) 1,147ms
[2025-02-10T17:19:58.995+0400][14,021s][info ][gc] GC(88) Pause Young (Normal) (G1 Evacuation Pause) 156M->5M(256M) 2,008ms
[2025-02-10T17:19:59.152+0400][14,179s][info ][gc] GC(89) Pause Young (Normal) (G1 Evacuation Pause) 156M->6M(256M) 2,546ms
[2025-02-10T17:19:59.308+0400][14,335s][info ][gc] GC(90) Pause Young (Normal) (G1 Evacuation Pause) 156M->4M(256M) 1,606ms
[2025-02-10T17:19:59.466+0400][14,493s][info ][gc] GC(91) Pause Young (Normal) (G1 Evacuation Pause) 156M->5M(256M) 1,822ms
[2025-02-10T17:19:59.624+0400][14,651s][info ][gc] GC(92) Pause Young (Normal) (G1 Evacuation Pause) 156M->6M(256M) 2,352ms
[2025-02-10T17:19:59.779+0400][14,806s][info ][gc] GC(93) Pause Young (Normal) (G1 Evacuation Pause) 156M->4M(256M) 1,223ms
[2025-02-10T17:19:59.938+0400][14,965s][info ][gc] GC(94) Pause Young (Normal) (G1 Evacuation Pause) 156M->5M(256M) 2,084ms
[2025-02-10T17:20:00.096+0400][15,122s][info ][gc] GC(95) Pause Young (Normal) (G1 Evacuation Pause) 156M->6M(256M) 2,254ms
[2025-02-10T17:20:00.252+0400][15,279s][info ][gc] GC(96) Pause Young (Normal) (G1 Evacuation Pause) 156M->4M(256M) 1,170ms
[2025-02-10T17:20:00.411+0400][15,437s][info ][gc] GC(97) Pause Young (Normal) (G1 Evacuation Pause) 156M->5M(256M) 2,790ms
[2025-02-10T17:20:00.568+0400][15,595s][info ][gc] GC(98) Pause Young (Normal) (G1 Evacuation Pause) 156M->6M(256M) 2,532ms
[2025-02-10T17:20:00.724+0400][15,750s][info ][gc] GC(99) Pause Young (Normal) (G1 Evacuation Pause) 156M->4M(256M) 0,904ms
[2025-02-10T17:20:00.880+0400][15,906s][info ][gc] GC(100) Pause Young (Normal) (G1 Evacuation Pause) 156M->5M(256M) 1,652ms
[2025-02-10T17:20:01.038+0400][16,065s][info ][gc] GC(101) Pause Young (Normal) (G1 Evacuation Pause) 156M->6M(256M) 2,387ms
[2025-02-10T17:20:01.195+0400][16,221s][info ][gc] GC(102) Pause Young (Normal) (G1 Evacuation Pause) 156M->7M(256M) 2,501ms
[2025-02-10T17:20:01.350+0400][16,376s][info ][gc] GC(103) Pause Young (Normal) (G1 Evacuation Pause) 156M->4M(256M) 1,145ms
[2025-02-10T17:20:01.509+0400][16,535s][info ][gc] GC(104) Pause Young (Normal) (G1 Evacuation Pause) 156M->5M(256M) 1,920ms
[2025-02-10T17:20:01.667+0400][16,694s][info ][gc] GC(105) Pause Young (Normal) (G1 Evacuation Pause) 156M->6M(256M) 2,625ms
[2025-02-10T17:20:01.823+0400][16,849s][info ][gc] GC(106) Pause Young (Normal) (G1 Evacuation Pause) 156M->4M(256M) 1,213ms
[2025-02-10T17:20:01.982+0400][17,008s][info ][gc] GC(107) Pause Young (Normal) (G1 Evacuation Pause) 156M->5M(256M) 1,980ms
[2025-02-10T17:20:02.141+0400][17,167s][info ][gc] GC(108) Pause Young (Normal) (G1 Evacuation Pause) 156M->7M(256M) 2,620ms
[2025-02-10T17:20:02.297+0400][17,323s][info ][gc] GC(109) Pause Young (Normal) (G1 Evacuation Pause) 157M->4M(256M) 1,160ms
[2025-02-10T17:20:02.455+0400][17,482s][info ][gc] GC(110) Pause Young (Normal) (G1 Evacuation Pause) 156M->5M(256M) 1,942ms
[2025-02-10T17:20:02.614+0400][17,640s][info ][gc] GC(111) Pause Young (Normal) (G1 Evacuation Pause) 156M->6M(256M) 2,376ms
[2025-02-10T17:20:02.769+0400][17,795s][info ][gc] GC(112) Pause Young (Normal) (G1 Evacuation Pause) 156M->4M(256M) 1,226ms
[2025-02-10T17:20:02.927+0400][17,954s][info ][gc] GC(113) Pause Young (Normal) (G1 Evacuation Pause) 156M->5M(256M) 1,867ms
[2025-02-10T17:20:03.085+0400][18,111s][info ][gc] GC(114) Pause Young (Normal) (G1 Evacuation Pause) 156M->6M(256M) 2,277ms
[2025-02-10T17:20:03.241+0400][18,267s][info ][gc] GC(115) Pause Young (Normal) (G1 Evacuation Pause) 156M->4M(256M) 1,393ms
[2025-02-10T17:20:03.399+0400][18,426s][info ][gc] GC(116) Pause Young (Normal) (G1 Evacuation Pause) 156M->5M(256M) 1,791ms
[2025-02-10T17:20:03.557+0400][18,584s][info ][gc] GC(117) Pause Young (Normal) (G1 Evacuation Pause) 156M->6M(256M) 2,355ms
[2025-02-10T17:20:03.713+0400][18,739s][info ][gc] GC(118) Pause Young (Normal) (G1 Evacuation Pause) 156M->4M(256M) 2,728ms
[2025-02-10T17:20:03.871+0400][18,898s][info ][gc] GC(119) Pause Young (Normal) (G1 Evacuation Pause) 156M->5M(256M) 1,557ms
[2025-02-10T17:20:04.030+0400][19,056s][info ][gc] GC(120) Pause Young (Normal) (G1 Evacuation Pause) 156M->6M(256M) 2,372ms
[2025-02-10T17:20:04.185+0400][19,211s][info ][gc] GC(121) Pause Young (Normal) (G1 Evacuation Pause) 156M->4M(256M) 0,903ms
[2025-02-10T17:20:04.342+0400][19,369s][info ][gc] GC(122) Pause Young (Normal) (G1 Evacuation Pause) 156M->5M(256M) 1,524ms
[2025-02-10T17:20:04.500+0400][19,526s][info ][gc] GC(123) Pause Young (Normal) (G1 Evacuation Pause) 156M->6M(256M) 2,002ms
[2025-02-10T17:20:04.657+0400][19,683s][info ][gc] GC(124) Pause Young (Normal) (G1 Evacuation Pause) 156M->7M(256M) 2,450ms
[2025-02-10T17:20:04.811+0400][19,838s][info ][gc] GC(125) Pause Young (Normal) (G1 Evacuation Pause) 156M->4M(256M) 1,303ms
[2025-02-10T17:20:04.969+0400][19,995s][info ][gc] GC(126) Pause Young (Normal) (G1 Evacuation Pause) 156M->5M(256M) 1,846ms
[2025-02-10T17:20:05.127+0400][20,154s][info ][gc] GC(127) Pause Young (Normal) (G1 Evacuation Pause) 156M->7M(256M) 2,417ms
[2025-02-10T17:20:05.282+0400][20,309s][info ][gc] GC(128) Pause Young (Normal) (G1 Evacuation Pause) 157M->4M(256M) 1,153ms
[2025-02-10T17:20:05.441+0400][20,467s][info ][gc] GC(129) Pause Young (Normal) (G1 Evacuation Pause) 156M->5M(256M) 1,785ms
[2025-02-10T17:20:05.599+0400][20,625s][info ][gc] GC(130) Pause Young (Normal) (G1 Evacuation Pause) 156M->6M(256M) 2,784ms
[2025-02-10T17:20:05.754+0400][20,781s][info ][gc] GC(131) Pause Young (Normal) (G1 Evacuation Pause) 156M->4M(256M) 1,117ms
[2025-02-10T17:20:05.911+0400][20,938s][info ][gc] GC(132) Pause Young (Normal) (G1 Evacuation Pause) 156M->5M(256M) 1,895ms
[2025-02-10T17:20:06.068+0400][21,094s][info ][gc] GC(133) Pause Young (Normal) (G1 Evacuation Pause) 156M->6M(256M) 2,303ms
[2025-02-10T17:20:06.223+0400][21,250s][info ][gc] GC(134) Pause Young (Normal) (G1 Evacuation Pause) 156M->4M(256M) 1,219ms
[2025-02-10T17:20:06.381+0400][21,408s][info ][gc] GC(135) Pause Young (Normal) (G1 Evacuation Pause) 156M->5M(256M) 1,840ms
[2025-02-10T17:20:06.539+0400][21,566s][info ][gc] GC(136) Pause Young (Normal) (G1 Evacuation Pause) 156M->6M(256M) 2,334ms
[2025-02-10T17:20:06.695+0400][21,721s][info ][gc] GC(137) Pause Young (Normal) (G1 Evacuation Pause) 156M->4M(256M) 1,348ms
[2025-02-10T17:20:06.853+0400][21,879s][info ][gc] GC(138) Pause Young (Normal) (G1 Evacuation Pause) 156M->5M(256M) 1,763ms
[2025-02-10T17:20:07.010+0400][22,037s][info ][gc] GC(139) Pause Young (Normal) (G1 Evacuation Pause) 156M->6M(256M) 2,135ms
[2025-02-10T17:20:07.164+0400][22,191s][info ][gc] GC(140) Pause Young (Normal) (G1 Evacuation Pause) 156M->4M(256M) 1,234ms
[2025-02-10T17:20:07.322+0400][22,349s][info ][gc] GC(141) Pause Young (Normal) (G1 Evacuation Pause) 156M->5M(256M) 1,549ms
[2025-02-10T17:20:07.480+0400][22,506s][info ][gc] GC(142) Pause Young (Normal) (G1 Evacuation Pause) 156M->6M(256M) 2,298ms
[2025-02-10T17:20:07.635+0400][22,662s][info ][gc] GC(143) Pause Young (Normal) (G1 Evacuation Pause) 156M->4M(256M) 0,926ms
[2025-02-10T17:20:07.793+0400][22,820s][info ][gc] GC(144) Pause Young (Normal) (G1 Evacuation Pause) 156M->5M(256M) 1,590ms
[2025-02-10T17:20:07.953+0400][22,979s][info ][gc] GC(145) Pause Young (Normal) (G1 Evacuation Pause) 156M->6M(256M) 2,287ms
[2025-02-10T17:20:08.110+0400][23,137s][info ][gc] GC(146) Pause Young (Normal) (G1 Evacuation Pause) 156M->7M(256M) 2,641ms
[2025-02-10T17:20:08.264+0400][23,291s][info ][gc] GC(147) Pause Young (Normal) (G1 Evacuation Pause) 156M->4M(256M) 1,263ms
[2025-02-10T17:20:08.424+0400][23,450s][info ][gc] GC(148) Pause Young (Normal) (G1 Evacuation Pause) 156M->5M(256M) 2,295ms
[2025-02-10T17:20:08.581+0400][23,608s][info ][gc] GC(149) Pause Young (Normal) (G1 Evacuation Pause) 156M->7M(256M) 2,671ms
[2025-02-10T17:20:08.736+0400][23,763s][info ][gc] GC(150) Pause Young (Normal) (G1 Evacuation Pause) 157M->4M(256M) 1,230ms
[2025-02-10T17:20:08.895+0400][23,921s][info ][gc] GC(151) Pause Young (Normal) (G1 Evacuation Pause) 156M->5M(256M) 1,768ms
[2025-02-10T17:20:09.054+0400][24,080s][info ][gc] GC(152) Pause Young (Normal) (G1 Evacuation Pause) 156M->6M(256M) 2,514ms
[2025-02-10T17:20:09.210+0400][24,237s][info ][gc] GC(153) Pause Young (Normal) (G1 Evacuation Pause) 156M->4M(256M) 1,549ms
[2025-02-10T17:20:09.367+0400][24,393s][info ][gc] GC(154) Pause Young (Normal) (G1 Evacuation Pause) 156M->5M(256M) 1,712ms
[2025-02-10T17:20:09.525+0400][24,552s][info ][gc] GC(155) Pause Young (Normal) (G1 Evacuation Pause) 156M->6M(256M) 2,465ms
[2025-02-10T17:20:09.681+0400][24,708s][info ][gc] GC(156) Pause Young (Normal) (G1 Evacuation Pause) 156M->4M(256M) 1,162ms
[2025-02-10T17:20:09.840+0400][24,866s][info ][gc] GC(157) Pause Young (Normal) (G1 Evacuation Pause) 156M->5M(256M) 1,904ms
[2025-02-10T17:20:09.997+0400][25,024s][info ][gc] GC(158) Pause Young (Normal) (G1 Evacuation Pause) 156M->6M(256M) 2,398ms
[2025-02-10T17:20:10.153+0400][25,180s][info ][gc] GC(159) Pause Young (Normal) (G1 Evacuation Pause) 156M->4M(256M) 1,113ms
[2025-02-10T17:20:10.312+0400][25,339s][info ][gc] GC(160) Pause Young (Normal) (G1 Evacuation Pause) 156M->5M(256M) 1,563ms
[2025-02-10T17:20:10.469+0400][25,496s][info ][gc] GC(161) Pause Young (Normal) (G1 Evacuation Pause) 156M->6M(256M) 2,398ms
[2025-02-10T17:20:10.625+0400][25,652s][info ][gc] GC(162) Pause Young (Normal) (G1 Evacuation Pause) 156M->4M(256M) 0,826ms
[2025-02-10T17:20:10.783+0400][25,809s][info ][gc] GC(163) Pause Young (Normal) (G1 Evacuation Pause) 156M->5M(256M) 1,864ms
[2025-02-10T17:20:10.941+0400][25,968s][info ][gc] GC(164) Pause Young (Normal) (G1 Evacuation Pause) 156M->6M(256M) 2,746ms
[2025-02-10T17:20:11.098+0400][26,125s][info ][gc] GC(165) Pause Young (Normal) (G1 Evacuation Pause) 156M->7M(256M) 2,774ms
[2025-02-10T17:20:11.253+0400][26,279s][info ][gc] GC(166) Pause Young (Normal) (G1 Evacuation Pause) 156M->4M(256M) 1,167ms
[2025-02-10T17:20:11.410+0400][26,437s][info ][gc] GC(167) Pause Young (Normal) (G1 Evacuation Pause) 156M->5M(256M) 2,081ms
[2025-02-10T17:20:11.568+0400][26,595s][info ][gc] GC(168) Pause Young (Normal) (G1 Evacuation Pause) 156M->7M(256M) 2,594ms
[2025-02-10T17:20:11.724+0400][26,750s][info ][gc] GC(169) Pause Young (Normal) (G1 Evacuation Pause) 157M->4M(256M) 1,292ms
[2025-02-10T17:20:11.881+0400][26,908s][info ][gc] GC(170) Pause Young (Normal) (G1 Evacuation Pause) 156M->5M(256M) 1,990ms
[2025-02-10T17:20:12.040+0400][27,066s][info ][gc] GC(171) Pause Young (Normal) (G1 Evacuation Pause) 156M->7M(256M) 2,700ms
[2025-02-10T17:20:12.196+0400][27,222s][info ][gc] GC(172) Pause Young (Normal) (G1 Evacuation Pause) 157M->4M(256M) 1,210ms
[2025-02-10T17:20:12.354+0400][27,381s][info ][gc] GC(173) Pause Young (Normal) (G1 Evacuation Pause) 156M->5M(256M) 2,021ms
[2025-02-10T17:20:12.512+0400][27,539s][info ][gc] GC(174) Pause Young (Normal) (G1 Evacuation Pause) 156M->6M(256M) 2,453ms
[2025-02-10T17:20:12.666+0400][27,693s][info ][gc] GC(175) Pause Young (Normal) (G1 Evacuation Pause) 156M->4M(256M) 1,288ms
[2025-02-10T17:20:12.825+0400][27,851s][info ][gc] GC(176) Pause Young (Normal) (G1 Evacuation Pause) 156M->5M(256M) 1,952ms
[2025-02-10T17:20:12.982+0400][28,008s][info ][gc] GC(177) Pause Young (Normal) (G1 Evacuation Pause) 156M->6M(256M) 2,275ms
[2025-02-10T17:20:13.141+0400][28,168s][info ][gc] GC(178) Pause Young (Normal) (G1 Evacuation Pause) 156M->4M(256M) 1,495ms
[2025-02-10T17:20:13.302+0400][28,329s][info ][gc] GC(179) Pause Young (Normal) (G1 Evacuation Pause) 156M->5M(256M) 1,714ms
[2025-02-10T17:20:13.458+0400][28,485s][info ][gc] GC(180) Pause Young (Normal) (G1 Evacuation Pause) 156M->6M(256M) 2,295ms
[2025-02-10T17:20:13.614+0400][28,640s][info ][gc] GC(181) Pause Young (Normal) (G1 Evacuation Pause) 156M->4M(256M) 1,221ms
[2025-02-10T17:20:13.771+0400][28,798s][info ][gc] GC(182) Pause Young (Normal) (G1 Evacuation Pause) 156M->5M(256M) 1,727ms
[2025-02-10T17:20:13.929+0400][28,956s][info ][gc] GC(183) Pause Young (Normal) (G1 Evacuation Pause) 156M->6M(256M) 2,289ms
[2025-02-10T17:20:14.084+0400][29,111s][info ][gc] GC(184) Pause Young (Normal) (G1 Evacuation Pause) 156M->4M(256M) 0,863ms
[2025-02-10T17:20:14.242+0400][29,269s][info ][gc] GC(185) Pause Young (Normal) (G1 Evacuation Pause) 156M->5M(256M) 1,429ms
[2025-02-10T17:20:14.398+0400][29,425s][info ][gc] GC(186) Pause Young (Normal) (G1 Evacuation Pause) 156M->6M(256M) 2,194ms
[2025-02-10T17:20:14.555+0400][29,582s][info ][gc] GC(187) Pause Young (Normal) (G1 Evacuation Pause) 156M->7M(256M) 2,579ms
[2025-02-10T17:20:14.711+0400][29,737s][info ][gc] GC(188) Pause Young (Normal) (G1 Evacuation Pause) 156M->4M(256M) 1,320ms
[2025-02-10T17:20:14.869+0400][29,895s][info ][gc] GC(189) Pause Young (Normal) (G1 Evacuation Pause) 156M->5M(256M) 2,117ms
[2025-02-10T17:20:15.027+0400][30,054s][info ][gc] GC(190) Pause Young (Normal) (G1 Evacuation Pause) 156M->6M(256M) 2,661ms
[2025-02-10T17:20:15.183+0400][30,209s][info ][gc] GC(191) Pause Young (Normal) (G1 Evacuation Pause) 156M->4M(256M) 1,509ms
[2025-02-10T17:20:15.341+0400][30,368s][info ][gc] GC(192) Pause Young (Normal) (G1 Evacuation Pause) 156M->5M(256M) 1,881ms
[2025-02-10T17:20:15.500+0400][30,526s][info ][gc] GC(193) Pause Young (Normal) (G1 Evacuation Pause) 156M->7M(256M) 2,557ms
[2025-02-10T17:20:15.656+0400][30,683s][info ][gc] GC(194) Pause Young (Normal) (G1 Evacuation Pause) 157M->4M(256M) 1,171ms
[2025-02-10T17:20:15.815+0400][30,842s][info ][gc] GC(195) Pause Young (Normal) (G1 Evacuation Pause) 156M->5M(256M) 1,933ms
[2025-02-10T17:20:15.972+0400][30,999s][info ][gc] GC(196) Pause Young (Normal) (G1 Evacuation Pause) 156M->6M(256M) 2,325ms
[2025-02-10T17:20:16.129+0400][31,155s][info ][gc] GC(197) Pause Young (Normal) (G1 Evacuation Pause) 156M->4M(256M) 1,085ms
[2025-02-10T17:20:16.288+0400][31,315s][info ][gc] GC(198) Pause Young (Normal) (G1 Evacuation Pause) 156M->5M(256M) 2,319ms
[2025-02-10T17:20:16.446+0400][31,473s][info ][gc] GC(199) Pause Young (Normal) (G1 Evacuation Pause) 156M->6M(256M) 2,360ms
[2025-02-10T17:20:16.602+0400][31,628s][info ][gc] GC(200) Pause Young (Normal) (G1 Evacuation Pause) 156M->4M(256M) 1,226ms
[2025-02-10T17:20:16.760+0400][31,786s][info ][gc] GC(201) Pause Young (Normal) (G1 Evacuation Pause) 156M->5M(256M) 1,858ms
[2025-02-10T17:20:16.917+0400][31,944s][info ][gc] GC(202) Pause Young (Normal) (G1 Evacuation Pause) 156M->6M(256M) 2,378ms
[2025-02-10T17:20:17.072+0400][32,099s][info ][gc] GC(203) Pause Young (Normal) (G1 Evacuation Pause) 156M->4M(256M) 1,017ms
[2025-02-10T17:20:17.231+0400][32,257s][info ][gc] GC(204) Pause Young (Normal) (G1 Evacuation Pause) 156M->5M(256M) 1,685ms
[2025-02-10T17:20:17.388+0400][32,415s][info ][gc] GC(205) Pause Young (Normal) (G1 Evacuation Pause) 156M->6M(256M) 2,237ms
[2025-02-10T17:20:17.544+0400][32,570s][info ][gc] GC(206) Pause Young (Normal) (G1 Evacuation Pause) 156M->4M(256M) 0,873ms
[2025-02-10T17:20:17.701+0400][32,728s][info ][gc] GC(207) Pause Young (Normal) (G1 Evacuation Pause) 156M->5M(256M) 1,510ms
[2025-02-10T17:20:17.859+0400][32,885s][info ][gc] GC(208) Pause Young (Normal) (G1 Evacuation Pause) 156M->6M(256M) 2,341ms
[2025-02-10T17:20:18.016+0400][33,042s][info ][gc] GC(209) Pause Young (Normal) (G1 Evacuation Pause) 156M->7M(256M) 2,805ms
[2025-02-10T17:20:18.170+0400][33,196s][info ][gc] GC(210) Pause Young (Normal) (G1 Evacuation Pause) 156M->4M(256M) 1,234ms
[2025-02-10T17:20:18.329+0400][33,355s][info ][gc] GC(211) Pause Young (Normal) (G1 Evacuation Pause) 156M->5M(256M) 2,089ms
[2025-02-10T17:20:18.487+0400][33,514s][info ][gc] GC(212) Pause Young (Normal) (G1 Evacuation Pause) 156M->7M(256M) 2,648ms
[2025-02-10T17:20:18.643+0400][33,670s][info ][gc] GC(213) Pause Young (Normal) (G1 Evacuation Pause) 157M->4M(256M) 1,461ms
[2025-02-10T17:20:18.802+0400][33,828s][info ][gc] GC(214) Pause Young (Normal) (G1 Evacuation Pause) 156M->5M(256M) 1,963ms
[2025-02-10T17:20:18.960+0400][33,986s][info ][gc] GC(215) Pause Young (Normal) (G1 Evacuation Pause) 156M->6M(256M) 2,656ms
[2025-02-10T17:20:19.116+0400][34,142s][info ][gc] GC(216) Pause Young (Normal) (G1 Evacuation Pause) 156M->4M(256M) 1,383ms
[2025-02-10T17:20:19.273+0400][34,300s][info ][gc] GC(217) Pause Young (Normal) (G1 Evacuation Pause) 156M->5M(256M) 1,601ms
[2025-02-10T17:20:19.431+0400][34,458s][info ][gc] GC(218) Pause Young (Normal) (G1 Evacuation Pause) 156M->6M(256M) 2,313ms
[2025-02-10T17:20:19.586+0400][34,613s][info ][gc] GC(219) Pause Young (Normal) (G1 Evacuation Pause) 156M->4M(256M) 1,008ms
[2025-02-10T17:20:19.743+0400][34,770s][info ][gc] GC(220) Pause Young (Normal) (G1 Evacuation Pause) 156M->5M(256M) 2,044ms
[2025-02-10T17:20:19.901+0400][34,927s][info ][gc] GC(221) Pause Young (Normal) (G1 Evacuation Pause) 156M->6M(256M) 2,218ms
[2025-02-10T17:20:20.056+0400][35,083s][info ][gc] GC(222) Pause Young (Normal) (G1 Evacuation Pause) 156M->4M(256M) 1,248ms
[2025-02-10T17:20:20.215+0400][35,241s][info ][gc] GC(223) Pause Young (Normal) (G1 Evacuation Pause) 156M->5M(256M) 2,119ms
[2025-02-10T17:20:20.372+0400][35,399s][info ][gc] GC(224) Pause Young (Normal) (G1 Evacuation Pause) 156M->6M(256M) 2,330ms
[2025-02-10T17:20:20.528+0400][35,554s][info ][gc] GC(225) Pause Young (Normal) (G1 Evacuation Pause) 156M->4M(256M) 0,995ms
[2025-02-10T17:20:20.685+0400][35,712s][info ][gc] GC(226) Pause Young (Normal) (G1 Evacuation Pause) 156M->5M(256M) 1,716ms
[2025-02-10T17:20:20.844+0400][35,870s][info ][gc] GC(227) Pause Young (Normal) (G1 Evacuation Pause) 156M->6M(256M) 2,264ms
[2025-02-10T17:20:21.001+0400][36,027s][info ][gc] GC(228) Pause Young (Normal) (G1 Evacuation Pause) 156M->7M(256M) 2,788ms
[2025-02-10T17:20:21.156+0400][36,183s][info ][gc] GC(229) Pause Young (Normal) (G1 Evacuation Pause) 156M->4M(256M) 1,282ms
[2025-02-10T17:20:21.315+0400][36,342s][info ][gc] GC(230) Pause Young (Normal) (G1 Evacuation Pause) 156M->6M(256M) 2,145ms
[2025-02-10T17:20:21.473+0400][36,500s][info ][gc] GC(231) Pause Young (Normal) (G1 Evacuation Pause) 157M->6M(256M) 2,769ms
[2025-02-10T17:20:21.629+0400][36,656s][info ][gc] GC(232) Pause Young (Normal) (G1 Evacuation Pause) 156M->4M(256M) 1,349ms
[2025-02-10T17:20:21.788+0400][36,814s][info ][gc] GC(233) Pause Young (Normal) (G1 Evacuation Pause) 156M->5M(256M) 2,058ms
[2025-02-10T17:20:21.945+0400][36,971s][info ][gc] GC(234) Pause Young (Normal) (G1 Evacuation Pause) 156M->7M(256M) 2,583ms
[2025-02-10T17:20:22.101+0400][37,127s][info ][gc] GC(235) Pause Young (Normal) (G1 Evacuation Pause) 157M->4M(256M) 1,650ms
[2025-02-10T17:20:22.259+0400][37,286s][info ][gc] GC(236) Pause Young (Normal) (G1 Evacuation Pause) 156M->5M(256M) 1,868ms
[2025-02-10T17:20:22.417+0400][37,444s][info ][gc] GC(237) Pause Young (Normal) (G1 Evacuation Pause) 156M->6M(256M) 2,309ms
[2025-02-10T17:20:22.572+0400][37,599s][info ][gc] GC(238) Pause Young (Normal) (G1 Evacuation Pause) 156M->4M(256M) 1,480ms
[2025-02-10T17:20:22.730+0400][37,757s][info ][gc] GC(239) Pause Young (Normal) (G1 Evacuation Pause) 156M->5M(256M) 2,061ms
[2025-02-10T17:20:22.887+0400][37,914s][info ][gc] GC(240) Pause Young (Normal) (G1 Evacuation Pause) 156M->6M(256M) 2,292ms
[2025-02-10T17:20:23.043+0400][38,070s][info ][gc] GC(241) Pause Young (Normal) (G1 Evacuation Pause) 156M->4M(256M) 1,335ms
[2025-02-10T17:20:23.201+0400][38,228s][info ][gc] GC(242) Pause Young (Normal) (G1 Evacuation Pause) 156M->5M(256M) 1,919ms
[2025-02-10T17:20:23.361+0400][38,388s][info ][gc] GC(243) Pause Young (Normal) (G1 Evacuation Pause) 156M->6M(256M) 2,476ms
[2025-02-10T17:20:23.518+0400][38,544s][info ][gc] GC(244) Pause Young (Normal) (G1 Evacuation Pause) 156M->4M(256M) 1,224ms
[2025-02-10T17:20:23.677+0400][38,704s][info ][gc] GC(245) Pause Young (Normal) (G1 Evacuation Pause) 156M->5M(256M) 1,744ms
[2025-02-10T17:20:23.842+0400][38,868s][info ][gc] GC(246) Pause Young (Normal) (G1 Evacuation Pause) 156M->6M(256M) 2,321ms
[2025-02-10T17:20:24.004+0400][39,031s][info ][gc] GC(247) Pause Young (Normal) (G1 Evacuation Pause) 156M->4M(256M) 0,736ms
[2025-02-10T17:20:24.166+0400][39,192s][info ][gc] GC(248) Pause Young (Normal) (G1 Evacuation Pause) 156M->5M(256M) 1,536ms
[2025-02-10T17:20:24.324+0400][39,351s][info ][gc] GC(249) Pause Young (Normal) (G1 Evacuation Pause) 156M->6M(256M) 2,319ms
[2025-02-10T17:20:24.482+0400][39,509s][info ][gc] GC(250) Pause Young (Normal) (G1 Evacuation Pause) 156M->7M(256M) 2,741ms
[2025-02-10T17:20:24.639+0400][39,666s][info ][gc] GC(251) Pause Young (Normal) (G1 Evacuation Pause) 156M->4M(256M) 1,201ms
[2025-02-10T17:20:24.798+0400][39,825s][info ][gc] GC(252) Pause Young (Normal) (G1 Evacuation Pause) 156M->5M(256M) 1,821ms
[2025-02-10T17:20:24.957+0400][39,984s][info ][gc] GC(253) Pause Young (Normal) (G1 Evacuation Pause) 156M->7M(256M) 2,663ms
[2025-02-10T17:20:25.114+0400][40,141s][info ][gc] GC(254) Pause Young (Normal) (G1 Evacuation Pause) 157M->4M(256M) 1,152ms
[2025-02-10T17:20:25.273+0400][40,300s][info ][gc] GC(255) Pause Young (Normal) (G1 Evacuation Pause) 156M->5M(256M) 1,959ms
[2025-02-10T17:20:25.432+0400][40,459s][info ][gc] GC(256) Pause Young (Normal) (G1 Evacuation Pause) 156M->7M(256M) 2,706ms
[2025-02-10T17:20:25.588+0400][40,615s][info ][gc] GC(257) Pause Young (Normal) (G1 Evacuation Pause) 157M->4M(256M) 1,286ms
[2025-02-10T17:20:25.747+0400][40,774s][info ][gc] GC(258) Pause Young (Normal) (G1 Evacuation Pause) 156M->5M(256M) 1,845ms
[2025-02-10T17:20:25.906+0400][40,933s][info ][gc] GC(259) Pause Young (Normal) (G1 Evacuation Pause) 156M->6M(256M) 2,320ms
[2025-02-10T17:20:26.062+0400][41,089s][info ][gc] GC(260) Pause Young (Normal) (G1 Evacuation Pause) 156M->4M(256M) 1,273ms
[2025-02-10T17:20:26.221+0400][41,248s][info ][gc] GC(261) Pause Young (Normal) (G1 Evacuation Pause) 156M->5M(256M) 1,906ms
[2025-02-10T17:20:26.377+0400][41,404s][info ][gc] GC(262) Pause Young (Normal) (G1 Evacuation Pause) 156M->6M(256M) 2,332ms
[2025-02-10T17:20:26.533+0400][41,560s][info ][gc] GC(263) Pause Young (Normal) (G1 Evacuation Pause) 156M->4M(256M) 1,240ms
[2025-02-10T17:20:26.691+0400][41,718s][info ][gc] GC(264) Pause Young (Normal) (G1 Evacuation Pause) 156M->5M(256M) 1,944ms
[2025-02-10T17:20:26.849+0400][41,876s][info ][gc] GC(265) Pause Young (Normal) (G1 Evacuation Pause) 156M->6M(256M) 2,253ms
[2025-02-10T17:20:27.005+0400][42,031s][info ][gc] GC(266) Pause Young (Normal) (G1 Evacuation Pause) 156M->4M(256M) 1,188ms
[2025-02-10T17:20:27.163+0400][42,189s][info ][gc] GC(267) Pause Young (Normal) (G1 Evacuation Pause) 156M->5M(256M) 1,735ms
[2025-02-10T17:20:27.320+0400][42,347s][info ][gc] GC(268) Pause Young (Normal) (G1 Evacuation Pause) 156M->6M(256M) 2,379ms
[2025-02-10T17:20:27.475+0400][42,502s][info ][gc] GC(269) Pause Young (Normal) (G1 Evacuation Pause) 156M->4M(256M) 0,882ms
[2025-02-10T17:20:27.634+0400][42,660s][info ][gc] GC(270) Pause Young (Normal) (G1 Evacuation Pause) 156M->5M(256M) 1,591ms
[2025-02-10T17:20:27.791+0400][42,817s][info ][gc] GC(271) Pause Young (Normal) (G1 Evacuation Pause) 156M->6M(256M) 2,267ms
[2025-02-10T17:20:27.948+0400][42,975s][info ][gc] GC(272) Pause Young (Normal) (G1 Evacuation Pause) 156M->7M(256M) 2,699ms
[2025-02-10T17:20:28.102+0400][43,129s][info ][gc] GC(273) Pause Young (Normal) (G1 Evacuation Pause) 156M->4M(256M) 1,121ms
[2025-02-10T17:20:28.262+0400][43,288s][info ][gc] GC(274) Pause Young (Normal) (G1 Evacuation Pause) 156M->5M(256M) 1,970ms
[2025-02-10T17:20:28.420+0400][43,447s][info ][gc] GC(275) Pause Young (Normal) (G1 Evacuation Pause) 156M->7M(256M) 2,568ms
[2025-02-10T17:20:28.576+0400][43,602s][info ][gc] GC(276) Pause Young (Normal) (G1 Evacuation Pause) 157M->4M(256M) 1,579ms
[2025-02-10T17:20:28.734+0400][43,761s][info ][gc] GC(277) Pause Young (Normal) (G1 Evacuation Pause) 156M->5M(256M) 2,010ms
[2025-02-10T17:20:28.892+0400][43,919s][info ][gc] GC(278) Pause Young (Normal) (G1 Evacuation Pause) 156M->6M(256M) 2,627ms
[2025-02-10T17:20:29.048+0400][44,074s][info ][gc] GC(279) Pause Young (Normal) (G1 Evacuation Pause) 156M->4M(256M) 1,113ms
[2025-02-10T17:20:29.206+0400][44,233s][info ][gc] GC(280) Pause Young (Normal) (G1 Evacuation Pause) 156M->5M(256M) 1,878ms
[2025-02-10T17:20:29.364+0400][44,390s][info ][gc] GC(281) Pause Young (Normal) (G1 Evacuation Pause) 156M->6M(256M) 2,461ms
[2025-02-10T17:20:29.519+0400][44,546s][info ][gc] GC(282) Pause Young (Normal) (G1 Evacuation Pause) 156M->4M(256M) 1,225ms
[2025-02-10T17:20:29.677+0400][44,703s][info ][gc] GC(283) Pause Young (Normal) (G1 Evacuation Pause) 156M->5M(256M) 1,785ms
[2025-02-10T17:20:29.835+0400][44,862s][info ][gc] GC(284) Pause Young (Normal) (G1 Evacuation Pause) 156M->6M(256M) 2,353ms
[2025-02-10T17:20:29.990+0400][45,017s][info ][gc] GC(285) Pause Young (Normal) (G1 Evacuation Pause) 156M->4M(256M) 1,167ms
[2025-02-10T17:20:30.149+0400][45,175s][info ][gc] GC(286) Pause Young (Normal) (G1 Evacuation Pause) 156M->5M(256M) 1,701ms
[2025-02-10T17:20:30.306+0400][45,333s][info ][gc] GC(287) Pause Young (Normal) (G1 Evacuation Pause) 156M->6M(256M) 2,447ms
[2025-02-10T17:20:30.463+0400][45,489s][info ][gc] GC(288) Pause Young (Normal) (G1 Evacuation Pause) 156M->4M(256M) 0,964ms
[2025-02-10T17:20:30.621+0400][45,648s][info ][gc] GC(289) Pause Young (Normal) (G1 Evacuation Pause) 156M->5M(256M) 1,561ms
[2025-02-10T17:20:30.777+0400][45,804s][info ][gc] GC(290) Pause Young (Normal) (G1 Evacuation Pause) 156M->6M(256M) 2,093ms
[2025-02-10T17:20:30.933+0400][45,960s][info ][gc] GC(291) Pause Young (Normal) (G1 Evacuation Pause) 156M->4M(256M) 0,867ms
[2025-02-10T17:20:31.092+0400][46,118s][info ][gc] GC(292) Pause Young (Normal) (G1 Evacuation Pause) 156M->5M(256M) 1,469ms
[2025-02-10T17:20:31.250+0400][46,277s][info ][gc] GC(293) Pause Young (Normal) (G1 Evacuation Pause) 156M->6M(256M) 2,261ms
[2025-02-10T17:20:31.406+0400][46,433s][info ][gc] GC(294) Pause Young (Normal) (G1 Evacuation Pause) 156M->7M(256M) 2,345ms
[2025-02-10T17:20:31.561+0400][46,587s][info ][gc] GC(295) Pause Young (Normal) (G1 Evacuation Pause) 156M->4M(256M) 1,296ms
[2025-02-10T17:20:31.719+0400][46,745s][info ][gc] GC(296) Pause Young (Normal) (G1 Evacuation Pause) 156M->5M(256M) 1,933ms
[2025-02-10T17:20:31.877+0400][46,904s][info ][gc] GC(297) Pause Young (Normal) (G1 Evacuation Pause) 156M->6M(256M) 3,105ms
[2025-02-10T17:20:32.033+0400][47,060s][info ][gc] GC(298) Pause Young (Normal) (G1 Evacuation Pause) 156M->4M(256M) 1,175ms
[2025-02-10T17:20:32.191+0400][47,218s][info ][gc] GC(299) Pause Young (Normal) (G1 Evacuation Pause) 156M->5M(256M) 1,833ms
[2025-02-10T17:20:32.350+0400][47,376s][info ][gc] GC(300) Pause Young (Normal) (G1 Evacuation Pause) 156M->6M(256M) 2,546ms
[2025-02-10T17:20:32.506+0400][47,533s][info ][gc] GC(301) Pause Young (Normal) (G1 Evacuation Pause) 156M->4M(256M) 1,276ms
[2025-02-10T17:20:32.664+0400][47,691s][info ][gc] GC(302) Pause Young (Normal) (G1 Evacuation Pause) 156M->5M(256M) 1,804ms
[2025-02-10T17:20:32.822+0400][47,848s][info ][gc] GC(303) Pause Young (Normal) (G1 Evacuation Pause) 156M->6M(256M) 2,316ms
[2025-02-10T17:20:32.977+0400][48,003s][info ][gc] GC(304) Pause Young (Normal) (G1 Evacuation Pause) 156M->4M(256M) 1,155ms
[2025-02-10T17:20:33.135+0400][48,162s][info ][gc] GC(305) Pause Young (Normal) (G1 Evacuation Pause) 156M->5M(256M) 1,790ms
[2025-02-10T17:20:33.294+0400][48,320s][info ][gc] GC(306) Pause Young (Normal) (G1 Evacuation Pause) 156M->6M(256M) 2,213ms
[2025-02-10T17:20:33.451+0400][48,477s][info ][gc] GC(307) Pause Young (Normal) (G1 Evacuation Pause) 156M->4M(256M) 1,602ms
[2025-02-10T17:20:33.609+0400][48,636s][info ][gc] GC(308) Pause Young (Normal) (G1 Evacuation Pause) 156M->5M(256M) 1,667ms
[2025-02-10T17:20:33.767+0400][48,793s][info ][gc] GC(309) Pause Young (Normal) (G1 Evacuation Pause) 156M->6M(256M) 2,377ms
[2025-02-10T17:20:33.922+0400][48,949s][info ][gc] GC(310) Pause Young (Normal) (G1 Evacuation Pause) 156M->4M(256M) 1,123ms
[2025-02-10T17:20:34.080+0400][49,107s][info ][gc] GC(311) Pause Young (Normal) (G1 Evacuation Pause) 156M->5M(256M) 1,505ms
[2025-02-10T17:20:34.238+0400][49,265s][info ][gc] GC(312) Pause Young (Normal) (G1 Evacuation Pause) 156M->6M(256M) 2,205ms
[2025-02-10T17:20:34.395+0400][49,421s][info ][gc] GC(313) Pause Young (Normal) (G1 Evacuation Pause) 156M->7M(256M) 2,505ms
[2025-02-10T17:20:34.550+0400][49,576s][info ][gc] GC(314) Pause Young (Normal) (G1 Evacuation Pause) 156M->5M(256M) 1,345ms
[2025-02-10T17:20:34.708+0400][49,735s][info ][gc] GC(315) Pause Young (Normal) (G1 Evacuation Pause) 157M->5M(256M) 1,981ms
[2025-02-10T17:20:34.866+0400][49,893s][info ][gc] GC(316) Pause Young (Normal) (G1 Evacuation Pause) 156M->7M(256M) 2,646ms
[2025-02-10T17:20:35.022+0400][50,049s][info ][gc] GC(317) Pause Young (Normal) (G1 Evacuation Pause) 157M->4M(256M) 1,095ms
[2025-02-10T17:20:35.181+0400][50,207s][info ][gc] GC(318) Pause Young (Normal) (G1 Evacuation Pause) 156M->5M(256M) 2,525ms
[2025-02-10T17:20:35.339+0400][50,365s][info ][gc] GC(319) Pause Young (Normal) (G1 Evacuation Pause) 156M->7M(256M) 2,494ms
[2025-02-10T17:20:35.495+0400][50,521s][info ][gc] GC(320) Pause Young (Normal) (G1 Evacuation Pause) 157M->4M(256M) 1,559ms
[2025-02-10T17:20:35.653+0400][50,680s][info ][gc] GC(321) Pause Young (Normal) (G1 Evacuation Pause) 156M->5M(256M) 1,957ms
[2025-02-10T17:20:35.811+0400][50,838s][info ][gc] GC(322) Pause Young (Normal) (G1 Evacuation Pause) 156M->6M(256M) 2,496ms
[2025-02-10T17:20:35.966+0400][50,993s][info ][gc] GC(323) Pause Young (Normal) (G1 Evacuation Pause) 156M->4M(256M) 1,572ms
[2025-02-10T17:20:36.124+0400][51,151s][info ][gc] GC(324) Pause Young (Normal) (G1 Evacuation Pause) 156M->5M(256M) 1,994ms
[2025-02-10T17:20:36.282+0400][51,308s][info ][gc] GC(325) Pause Young (Normal) (G1 Evacuation Pause) 156M->6M(256M) 2,304ms
[2025-02-10T17:20:36.438+0400][51,465s][info ][gc] GC(326) Pause Young (Normal) (G1 Evacuation Pause) 156M->4M(256M) 1,175ms
[2025-02-10T17:20:36.597+0400][51,624s][info ][gc] GC(327) Pause Young (Normal) (G1 Evacuation Pause) 156M->5M(256M) 1,943ms
[2025-02-10T17:20:36.753+0400][51,780s][info ][gc] GC(328) Pause Young (Normal) (G1 Evacuation Pause) 156M->6M(256M) 2,452ms
[2025-02-10T17:20:36.908+0400][51,934s][info ][gc] GC(329) Pause Young (Normal) (G1 Evacuation Pause) 156M->4M(256M) 1,163ms
[2025-02-10T17:20:37.066+0400][52,092s][info ][gc] GC(330) Pause Young (Normal) (G1 Evacuation Pause) 156M->5M(256M) 1,573ms
[2025-02-10T17:20:37.224+0400][52,250s][info ][gc] GC(331) Pause Young (Normal) (G1 Evacuation Pause) 156M->6M(256M) 2,317ms
[2025-02-10T17:20:37.380+0400][52,406s][info ][gc] GC(332) Pause Young (Normal) (G1 Evacuation Pause) 156M->4M(256M) 0,883ms
[2025-02-10T17:20:37.538+0400][52,565s][info ][gc] GC(333) Pause Young (Normal) (G1 Evacuation Pause) 156M->5M(256M) 1,620ms
[2025-02-10T17:20:37.695+0400][52,722s][info ][gc] GC(334) Pause Young (Normal) (G1 Evacuation Pause) 156M->6M(256M) 2,718ms
[2025-02-10T17:20:37.852+0400][52,879s][info ][gc] GC(335) Pause Young (Normal) (G1 Evacuation Pause) 156M->7M(256M) 2,725ms
[2025-02-10T17:20:38.007+0400][53,033s][info ][gc] GC(336) Pause Young (Normal) (G1 Evacuation Pause) 156M->4M(256M) 1,324ms
[2025-02-10T17:20:38.164+0400][53,190s][info ][gc] GC(337) Pause Young (Normal) (G1 Evacuation Pause) 156M->5M(256M) 1,940ms
[2025-02-10T17:20:38.322+0400][53,349s][info ][gc] GC(338) Pause Young (Normal) (G1 Evacuation Pause) 156M->7M(256M) 2,504ms
[2025-02-10T17:20:38.479+0400][53,505s][info ][gc] GC(339) Pause Young (Normal) (G1 Evacuation Pause) 157M->4M(256M) 1,233ms
[2025-02-10T17:20:38.637+0400][53,664s][info ][gc] GC(340) Pause Young (Normal) (G1 Evacuation Pause) 156M->5M(256M) 1,775ms
[2025-02-10T17:20:38.795+0400][53,821s][info ][gc] GC(341) Pause Young (Normal) (G1 Evacuation Pause) 156M->7M(256M) 2,349ms
[2025-02-10T17:20:38.949+0400][53,976s][info ][gc] GC(342) Pause Young (Normal) (G1 Evacuation Pause) 157M->4M(256M) 1,208ms
[2025-02-10T17:20:39.107+0400][54,134s][info ][gc] GC(343) Pause Young (Normal) (G1 Evacuation Pause) 156M->5M(256M) 1,882ms
[2025-02-10T17:20:39.265+0400][54,292s][info ][gc] GC(344) Pause Young (Normal) (G1 Evacuation Pause) 156M->6M(256M) 2,317ms
[2025-02-10T17:20:39.421+0400][54,448s][info ][gc] GC(345) Pause Young (Normal) (G1 Evacuation Pause) 156M->4M(256M) 1,166ms
[2025-02-10T17:20:39.579+0400][54,605s][info ][gc] GC(346) Pause Young (Normal) (G1 Evacuation Pause) 156M->5M(256M) 1,817ms
[2025-02-10T17:20:39.737+0400][54,763s][info ][gc] GC(347) Pause Young (Normal) (G1 Evacuation Pause) 156M->6M(256M) 2,284ms
[2025-02-10T17:20:39.891+0400][54,917s][info ][gc] GC(348) Pause Young (Normal) (G1 Evacuation Pause) 156M->4M(256M) 1,189ms
[2025-02-10T17:20:40.049+0400][55,076s][info ][gc] GC(349) Pause Young (Normal) (G1 Evacuation Pause) 156M->5M(256M) 1,779ms
[2025-02-10T17:20:40.207+0400][55,233s][info ][gc] GC(350) Pause Young (Normal) (G1 Evacuation Pause) 156M->6M(256M) 2,302ms
[2025-02-10T17:20:40.362+0400][55,389s][info ][gc] GC(351) Pause Young (Normal) (G1 Evacuation Pause) 156M->4M(256M) 1,184ms
[2025-02-10T17:20:40.521+0400][55,547s][info ][gc] GC(352) Pause Young (Normal) (G1 Evacuation Pause) 156M->5M(256M) 2,074ms
[2025-02-10T17:20:40.678+0400][55,704s][info ][gc] GC(353) Pause Young (Normal) (G1 Evacuation Pause) 156M->6M(256M) 2,105ms
[2025-02-10T17:20:40.833+0400][55,860s][info ][gc] GC(354) Pause Young (Normal) (G1 Evacuation Pause) 156M->4M(256M) 0,915ms
[2025-02-10T17:20:40.991+0400][56,017s][info ][gc] GC(355) Pause Young (Normal) (G1 Evacuation Pause) 156M->5M(256M) 1,530ms
[2025-02-10T17:20:41.149+0400][56,175s][info ][gc] GC(356) Pause Young (Normal) (G1 Evacuation Pause) 156M->6M(256M) 2,219ms
[2025-02-10T17:20:41.306+0400][56,332s][info ][gc] GC(357) Pause Young (Normal) (G1 Evacuation Pause) 156M->7M(256M) 2,631ms
[2025-02-10T17:20:41.461+0400][56,488s][info ][gc] GC(358) Pause Young (Normal) (G1 Evacuation Pause) 156M->4M(256M) 1,404ms
[2025-02-10T17:20:41.620+0400][56,647s][info ][gc] GC(359) Pause Young (Normal) (G1 Evacuation Pause) 156M->5M(256M) 1,822ms
[2025-02-10T17:20:41.777+0400][56,804s][info ][gc] GC(360) Pause Young (Normal) (G1 Evacuation Pause) 156M->7M(256M) 2,685ms
[2025-02-10T17:20:41.934+0400][56,960s][info ][gc] GC(361) Pause Young (Normal) (G1 Evacuation Pause) 157M->4M(256M) 1,340ms
[2025-02-10T17:20:42.091+0400][57,118s][info ][gc] GC(362) Pause Young (Normal) (G1 Evacuation Pause) 156M->5M(256M) 1,945ms
[2025-02-10T17:20:42.251+0400][57,278s][info ][gc] GC(363) Pause Young (Normal) (G1 Evacuation Pause) 156M->6M(256M) 3,003ms
[2025-02-10T17:20:42.408+0400][57,434s][info ][gc] GC(364) Pause Young (Normal) (G1 Evacuation Pause) 156M->4M(256M) 1,130ms
[2025-02-10T17:20:42.566+0400][57,593s][info ][gc] GC(365) Pause Young (Normal) (G1 Evacuation Pause) 156M->5M(256M) 1,890ms
[2025-02-10T17:20:42.724+0400][57,750s][info ][gc] GC(366) Pause Young (Normal) (G1 Evacuation Pause) 156M->6M(256M) 2,440ms
[2025-02-10T17:20:42.879+0400][57,905s][info ][gc] GC(367) Pause Young (Normal) (G1 Evacuation Pause) 156M->4M(256M) 1,253ms
[2025-02-10T17:20:43.037+0400][58,064s][info ][gc] GC(368) Pause Young (Normal) (G1 Evacuation Pause) 156M->5M(256M) 1,913ms
[2025-02-10T17:20:43.196+0400][58,222s][info ][gc] GC(369) Pause Young (Normal) (G1 Evacuation Pause) 156M->6M(256M) 2,378ms
[2025-02-10T17:20:43.352+0400][58,379s][info ][gc] GC(370) Pause Young (Normal) (G1 Evacuation Pause) 156M->4M(256M) 1,209ms
[2025-02-10T17:20:43.511+0400][58,537s][info ][gc] GC(371) Pause Young (Normal) (G1 Evacuation Pause) 156M->5M(256M) 1,673ms
[2025-02-10T17:20:43.668+0400][58,695s][info ][gc] GC(372) Pause Young (Normal) (G1 Evacuation Pause) 156M->6M(256M) 2,428ms
[2025-02-10T17:20:43.825+0400][58,851s][info ][gc] GC(373) Pause Young (Normal) (G1 Evacuation Pause) 156M->4M(256M) 1,411ms
[2025-02-10T17:20:43.982+0400][59,008s][info ][gc] GC(374) Pause Young (Normal) (G1 Evacuation Pause) 156M->5M(256M) 1,524ms
[2025-02-10T17:20:44.142+0400][59,168s][info ][gc] GC(375) Pause Young (Normal) (G1 Evacuation Pause) 156M->6M(256M) 2,303ms
[2025-02-10T17:20:44.300+0400][59,326s][info ][gc] GC(376) Pause Young (Normal) (G1 Evacuation Pause) 156M->7M(256M) 2,728ms
[2025-02-10T17:20:44.454+0400][59,481s][info ][gc] GC(377) Pause Young (Normal) (G1 Evacuation Pause) 156M->5M(256M) 1,298ms
[2025-02-10T17:20:44.613+0400][59,639s][info ][gc] GC(378) Pause Young (Normal) (G1 Evacuation Pause) 157M->5M(256M) 1,958ms
[2025-02-10T17:20:44.769+0400][59,796s][info ][gc] GC(379) Pause Young (Normal) (G1 Evacuation Pause) 156M->7M(256M) 2,424ms
[2025-02-10T17:20:44.925+0400][59,952s][info ][gc] GC(380) Pause Young (Normal) (G1 Evacuation Pause) 157M->4M(256M) 1,165ms
[2025-02-10T17:20:45.085+0400][60,111s][info ][gc] GC(381) Pause Young (Normal) (G1 Evacuation Pause) 156M->5M(256M) 1,967ms
[2025-02-10T17:20:45.244+0400][60,270s][info ][gc] GC(382) Pause Young (Normal) (G1 Evacuation Pause) 156M->6M(256M) 2,591ms
[2025-02-10T17:20:45.400+0400][60,427s][info ][gc] GC(383) Pause Young (Normal) (G1 Evacuation Pause) 156M->4M(256M) 1,305ms
[2025-02-10T17:20:45.560+0400][60,587s][info ][gc] GC(384) Pause Young (Normal) (G1 Evacuation Pause) 156M->5M(256M) 1,932ms
[2025-02-10T17:20:45.719+0400][60,745s][info ][gc] GC(385) Pause Young (Normal) (G1 Evacuation Pause) 156M->6M(256M) 2,316ms
[2025-02-10T17:20:45.875+0400][60,902s][info ][gc] GC(386) Pause Young (Normal) (G1 Evacuation Pause) 156M->4M(256M) 1,217ms
[2025-02-10T17:20:46.035+0400][61,062s][info ][gc] GC(387) Pause Young (Normal) (G1 Evacuation Pause) 156M->5M(256M) 1,801ms
[2025-02-10T17:20:46.194+0400][61,221s][info ][gc] GC(388) Pause Young (Normal) (G1 Evacuation Pause) 156M->6M(256M) 2,363ms
[2025-02-10T17:20:46.351+0400][61,377s][info ][gc] GC(389) Pause Young (Normal) (G1 Evacuation Pause) 156M->4M(256M) 1,103ms
[2025-02-10T17:20:46.510+0400][61,537s][info ][gc] GC(390) Pause Young (Normal) (G1 Evacuation Pause) 156M->5M(256M) 1,701ms
[2025-02-10T17:20:46.670+0400][61,697s][info ][gc] GC(391) Pause Young (Normal) (G1 Evacuation Pause) 156M->6M(256M) 2,359ms
[2025-02-10T17:20:46.828+0400][61,854s][info ][gc] GC(392) Pause Young (Normal) (G1 Evacuation Pause) 156M->4M(256M) 1,155ms
[2025-02-10T17:20:46.986+0400][62,013s][info ][gc] GC(393) Pause Young (Normal) (G1 Evacuation Pause) 156M->5M(256M) 1,654ms
[2025-02-10T17:20:47.145+0400][62,172s][info ][gc] GC(394) Pause Young (Normal) (G1 Evacuation Pause) 156M->6M(256M) 2,161ms
[2025-02-10T17:20:47.304+0400][62,330s][info ][gc] GC(395) Pause Young (Normal) (G1 Evacuation Pause) 156M->7M(256M) 2,719ms
[2025-02-10T17:20:47.460+0400][62,487s][info ][gc] GC(396) Pause Young (Normal) (G1 Evacuation Pause) 156M->4M(256M) 1,331ms
[2025-02-10T17:20:47.620+0400][62,647s][info ][gc] GC(397) Pause Young (Normal) (G1 Evacuation Pause) 156M->5M(256M) 1,947ms
[2025-02-10T17:20:47.779+0400][62,805s][info ][gc] GC(398) Pause Young (Normal) (G1 Evacuation Pause) 156M->6M(256M) 2,602ms
[2025-02-10T17:20:47.936+0400][62,963s][info ][gc] GC(399) Pause Young (Normal) (G1 Evacuation Pause) 156M->4M(256M) 1,260ms
[2025-02-10T17:20:48.096+0400][63,123s][info ][gc] GC(400) Pause Young (Normal) (G1 Evacuation Pause) 156M->5M(256M) 1,945ms
[2025-02-10T17:20:48.255+0400][63,282s][info ][gc] GC(401) Pause Young (Normal) (G1 Evacuation Pause) 156M->7M(256M) 2,688ms
[2025-02-10T17:20:48.412+0400][63,439s][info ][gc] GC(402) Pause Young (Normal) (G1 Evacuation Pause) 157M->4M(256M) 1,466ms
[2025-02-10T17:20:48.572+0400][63,598s][info ][gc] GC(403) Pause Young (Normal) (G1 Evacuation Pause) 156M->5M(256M) 1,911ms
[2025-02-10T17:20:48.731+0400][63,757s][info ][gc] GC(404) Pause Young (Normal) (G1 Evacuation Pause) 156M->6M(256M) 2,515ms
[2025-02-10T17:20:48.887+0400][63,913s][info ][gc] GC(405) Pause Young (Normal) (G1 Evacuation Pause) 156M->4M(256M) 1,227ms
[2025-02-10T17:20:49.047+0400][64,074s][info ][gc] GC(406) Pause Young (Normal) (G1 Evacuation Pause) 156M->5M(256M) 2,021ms
[2025-02-10T17:20:49.207+0400][64,234s][info ][gc] GC(407) Pause Young (Normal) (G1 Evacuation Pause) 156M->6M(256M) 2,313ms
[2025-02-10T17:20:49.364+0400][64,390s][info ][gc] GC(408) Pause Young (Normal) (G1 Evacuation Pause) 156M->4M(256M) 1,217ms
[2025-02-10T17:20:49.523+0400][64,550s][info ][gc] GC(409) Pause Young (Normal) (G1 Evacuation Pause) 156M->5M(256M) 1,664ms
[2025-02-10T17:20:49.681+0400][64,708s][info ][gc] GC(410) Pause Young (Normal) (G1 Evacuation Pause) 156M->6M(256M) 2,205ms
[2025-02-10T17:20:49.838+0400][64,865s][info ][gc] GC(411) Pause Young (Normal) (G1 Evacuation Pause) 156M->4M(256M) 1,506ms
[2025-02-10T17:20:49.997+0400][65,024s][info ][gc] GC(412) Pause Young (Normal) (G1 Evacuation Pause) 156M->5M(256M) 1,684ms
[2025-02-10T17:20:50.156+0400][65,183s][info ][gc] GC(413) Pause Young (Normal) (G1 Evacuation Pause) 156M->6M(256M) 2,517ms
[2025-02-10T17:20:50.313+0400][65,340s][info ][gc] GC(414) Pause Young (Normal) (G1 Evacuation Pause) 156M->4M(256M) 0,764ms
[2025-02-10T17:20:50.473+0400][65,499s][info ][gc] GC(415) Pause Young (Normal) (G1 Evacuation Pause) 156M->5M(256M) 1,394ms
[2025-02-10T17:20:50.632+0400][65,659s][info ][gc] GC(416) Pause Young (Normal) (G1 Evacuation Pause) 156M->6M(256M) 2,102ms
[2025-02-10T17:20:50.790+0400][65,816s][info ][gc] GC(417) Pause Young (Normal) (G1 Evacuation Pause) 156M->7M(256M) 2,568ms
[2025-02-10T17:20:50.945+0400][65,972s][info ][gc] GC(418) Pause Young (Normal) (G1 Evacuation Pause) 156M->4M(256M) 1,170ms
[2025-02-10T17:20:51.104+0400][66,131s][info ][gc] GC(419) Pause Young (Normal) (G1 Evacuation Pause) 156M->5M(256M) 1,797ms
[2025-02-10T17:20:51.263+0400][66,290s][info ][gc] GC(420) Pause Young (Normal) (G1 Evacuation Pause) 156M->6M(256M) 2,574ms
[2025-02-10T17:20:51.420+0400][66,447s][info ][gc] GC(421) Pause Young (Normal) (G1 Evacuation Pause) 156M->4M(256M) 1,205ms
[2025-02-10T17:20:51.580+0400][66,607s][info ][gc] GC(422) Pause Young (Normal) (G1 Evacuation Pause) 156M->5M(256M) 1,956ms
[2025-02-10T17:20:51.740+0400][66,766s][info ][gc] GC(423) Pause Young (Normal) (G1 Evacuation Pause) 156M->7M(256M) 2,605ms
[2025-02-10T17:20:51.896+0400][66,923s][info ][gc] GC(424) Pause Young (Normal) (G1 Evacuation Pause) 157M->4M(256M) 1,094ms
[2025-02-10T17:20:52.058+0400][67,084s][info ][gc] GC(425) Pause Young (Normal) (G1 Evacuation Pause) 156M->5M(256M) 1,845ms
[2025-02-10T17:20:52.217+0400][67,244s][info ][gc] GC(426) Pause Young (Normal) (G1 Evacuation Pause) 156M->6M(256M) 2,509ms
[2025-02-10T17:20:52.373+0400][67,400s][info ][gc] GC(427) Pause Young (Normal) (G1 Evacuation Pause) 156M->4M(256M) 1,226ms
[2025-02-10T17:20:52.533+0400][67,560s][info ][gc] GC(428) Pause Young (Normal) (G1 Evacuation Pause) 156M->5M(256M) 1,818ms
[2025-02-10T17:20:52.692+0400][67,718s][info ][gc] GC(429) Pause Young (Normal) (G1 Evacuation Pause) 156M->6M(256M) 2,271ms
[2025-02-10T17:20:52.850+0400][67,876s][info ][gc] GC(430) Pause Young (Normal) (G1 Evacuation Pause) 156M->4M(256M) 2,392ms
[2025-02-10T17:20:53.009+0400][68,036s][info ][gc] GC(431) Pause Young (Normal) (G1 Evacuation Pause) 156M->5M(256M) 1,787ms
[2025-02-10T17:20:53.168+0400][68,195s][info ][gc] GC(432) Pause Young (Normal) (G1 Evacuation Pause) 156M->6M(256M) 2,496ms
[2025-02-10T17:20:53.325+0400][68,351s][info ][gc] GC(433) Pause Young (Normal) (G1 Evacuation Pause) 156M->4M(256M) 1,082ms
[2025-02-10T17:20:53.484+0400][68,510s][info ][gc] GC(434) Pause Young (Normal) (G1 Evacuation Pause) 156M->5M(256M) 1,475ms
[2025-02-10T17:20:53.643+0400][68,670s][info ][gc] GC(435) Pause Young (Normal) (G1 Evacuation Pause) 156M->6M(256M) 2,313ms
[2025-02-10T17:20:53.799+0400][68,825s][info ][gc] GC(436) Pause Young (Normal) (G1 Evacuation Pause) 156M->4M(256M) 0,739ms
[2025-02-10T17:20:53.958+0400][68,985s][info ][gc] GC(437) Pause Young (Normal) (G1 Evacuation Pause) 156M->5M(256M) 1,491ms
[2025-02-10T17:20:54.117+0400][69,143s][info ][gc] GC(438) Pause Young (Normal) (G1 Evacuation Pause) 156M->6M(256M) 2,118ms
[2025-02-10T17:20:54.273+0400][69,300s][info ][gc] GC(439) Pause Young (Normal) (G1 Evacuation Pause) 156M->7M(256M) 2,590ms
[2025-02-10T17:20:54.429+0400][69,456s][info ][gc] GC(440) Pause Young (Normal) (G1 Evacuation Pause) 156M->4M(256M) 1,117ms
[2025-02-10T17:20:54.588+0400][69,615s][info ][gc] GC(441) Pause Young (Normal) (G1 Evacuation Pause) 156M->5M(256M) 1,843ms
[2025-02-10T17:20:54.748+0400][69,774s][info ][gc] GC(442) Pause Young (Normal) (G1 Evacuation Pause) 156M->6M(256M) 2,677ms
[2025-02-10T17:20:54.905+0400][69,931s][info ][gc] GC(443) Pause Young (Normal) (G1 Evacuation Pause) 156M->4M(256M) 1,240ms
[2025-02-10T17:20:55.064+0400][70,091s][info ][gc] GC(444) Pause Young (Normal) (G1 Evacuation Pause) 156M->5M(256M) 2,023ms
[2025-02-10T17:20:55.223+0400][70,250s][info ][gc] GC(445) Pause Young (Normal) (G1 Evacuation Pause) 156M->6M(256M) 2,726ms
[2025-02-10T17:20:55.380+0400][70,406s][info ][gc] GC(446) Pause Young (Normal) (G1 Evacuation Pause) 156M->4M(256M) 1,266ms
[2025-02-10T17:20:55.540+0400][70,567s][info ][gc] GC(447) Pause Young (Normal) (G1 Evacuation Pause) 156M->5M(256M) 2,042ms
[2025-02-10T17:20:55.699+0400][70,725s][info ][gc] GC(448) Pause Young (Normal) (G1 Evacuation Pause) 156M->6M(256M) 2,303ms
[2025-02-10T17:20:55.855+0400][70,882s][info ][gc] GC(449) Pause Young (Normal) (G1 Evacuation Pause) 156M->4M(256M) 1,105ms
[2025-02-10T17:20:56.015+0400][71,042s][info ][gc] GC(450) Pause Young (Normal) (G1 Evacuation Pause) 156M->5M(256M) 1,866ms
[2025-02-10T17:20:56.173+0400][71,200s][info ][gc] GC(451) Pause Young (Normal) (G1 Evacuation Pause) 156M->6M(256M) 2,323ms
[2025-02-10T17:20:56.331+0400][71,357s][info ][gc] GC(452) Pause Young (Normal) (G1 Evacuation Pause) 156M->4M(256M) 1,226ms
[2025-02-10T17:20:56.490+0400][71,517s][info ][gc] GC(453) Pause Young (Normal) (G1 Evacuation Pause) 156M->5M(256M) 1,766ms
[2025-02-10T17:20:56.649+0400][71,676s][info ][gc] GC(454) Pause Young (Normal) (G1 Evacuation Pause) 156M->6M(256M) 2,243ms
[2025-02-10T17:20:56.806+0400][71,832s][info ][gc] GC(455) Pause Young (Normal) (G1 Evacuation Pause) 156M->4M(256M) 1,060ms
[2025-02-10T17:20:56.963+0400][71,990s][info ][gc] GC(456) Pause Young (Normal) (G1 Evacuation Pause) 156M->5M(256M) 1,668ms
[2025-02-10T17:20:57.122+0400][72,149s][info ][gc] GC(457) Pause Young (Normal) (G1 Evacuation Pause) 156M->6M(256M) 2,480ms
[2025-02-10T17:20:57.278+0400][72,305s][info ][gc] GC(458) Pause Young (Normal) (G1 Evacuation Pause) 156M->4M(256M) 0,844ms
[2025-02-10T17:20:57.438+0400][72,465s][info ][gc] GC(459) Pause Young (Normal) (G1 Evacuation Pause) 156M->5M(256M) 1,589ms
[2025-02-10T17:20:57.597+0400][72,623s][info ][gc] GC(460) Pause Young (Normal) (G1 Evacuation Pause) 156M->6M(256M) 2,213ms
[2025-02-10T17:20:57.755+0400][72,781s][info ][gc] GC(461) Pause Young (Normal) (G1 Evacuation Pause) 156M->7M(256M) 2,650ms
[2025-02-10T17:20:57.910+0400][72,937s][info ][gc] GC(462) Pause Young (Normal) (G1 Evacuation Pause) 156M->4M(256M) 1,188ms
[2025-02-10T17:20:58.070+0400][73,097s][info ][gc] GC(463) Pause Young (Normal) (G1 Evacuation Pause) 156M->5M(256M) 1,950ms
[2025-02-10T17:20:58.229+0400][73,255s][info ][gc] GC(464) Pause Young (Normal) (G1 Evacuation Pause) 156M->7M(256M) 2,302ms
[2025-02-10T17:20:58.386+0400][73,412s][info ][gc] GC(465) Pause Young (Normal) (G1 Evacuation Pause) 157M->4M(256M) 1,133ms
[2025-02-10T17:20:58.550+0400][73,576s][info ][gc] GC(466) Pause Young (Normal) (G1 Evacuation Pause) 156M->5M(256M) 2,519ms
[2025-02-10T17:20:58.718+0400][73,745s][info ][gc] GC(467) Pause Young (Normal) (G1 Evacuation Pause) 156M->6M(256M) 2,474ms
[2025-02-10T17:20:58.880+0400][73,907s][info ][gc] GC(468) Pause Young (Normal) (G1 Evacuation Pause) 156M->4M(256M) 1,295ms
[2025-02-10T17:20:59.047+0400][74,074s][info ][gc] GC(469) Pause Young (Normal) (G1 Evacuation Pause) 156M->5M(256M) 1,749ms
[2025-02-10T17:20:59.210+0400][74,236s][info ][gc] GC(470) Pause Young (Normal) (G1 Evacuation Pause) 156M->6M(256M) 2,251ms
[2025-02-10T17:20:59.368+0400][74,394s][info ][gc] GC(471) Pause Young (Normal) (G1 Evacuation Pause) 156M->4M(256M) 1,230ms
[2025-02-10T17:20:59.530+0400][74,556s][info ][gc] GC(472) Pause Young (Normal) (G1 Evacuation Pause) 156M->5M(256M) 2,321ms
[2025-02-10T17:20:59.701+0400][74,727s][info ][gc] GC(473) Pause Young (Normal) (G1 Evacuation Pause) 156M->6M(256M) 2,203ms
[2025-02-10T17:20:59.862+0400][74,889s][info ][gc] GC(474) Pause Young (Normal) (G1 Evacuation Pause) 156M->4M(256M) 1,129ms
[2025-02-10T17:21:00.023+0400][75,050s][info ][gc] GC(475) Pause Young (Normal) (G1 Evacuation Pause) 156M->5M(256M) 1,680ms
[2025-02-10T17:21:00.182+0400][75,209s][info ][gc] GC(476) Pause Young (Normal) (G1 Evacuation Pause) 156M->6M(256M) 1,871ms
[2025-02-10T17:21:00.340+0400][75,366s][info ][gc] GC(477) Pause Young (Normal) (G1 Evacuation Pause) 156M->4M(256M) 0,972ms
[2025-02-10T17:21:00.501+0400][75,528s][info ][gc] GC(478) Pause Young (Normal) (G1 Evacuation Pause) 156M->5M(256M) 1,522ms
[2025-02-10T17:21:00.662+0400][75,688s][info ][gc] GC(479) Pause Young (Normal) (G1 Evacuation Pause) 156M->6M(256M) 2,322ms
[2025-02-10T17:21:00.822+0400][75,848s][info ][gc] GC(480) Pause Young (Normal) (G1 Evacuation Pause) 156M->7M(256M) 2,719ms
[2025-02-10T17:21:00.978+0400][76,005s][info ][gc] GC(481) Pause Young (Normal) (G1 Evacuation Pause) 156M->4M(256M) 1,263ms
[2025-02-10T17:21:01.138+0400][76,165s][info ][gc] GC(482) Pause Young (Normal) (G1 Evacuation Pause) 156M->5M(256M) 1,860ms
[2025-02-10T17:21:01.298+0400][76,324s][info ][gc] GC(483) Pause Young (Normal) (G1 Evacuation Pause) 156M->7M(256M) 2,867ms
[2025-02-10T17:21:01.455+0400][76,481s][info ][gc] GC(484) Pause Young (Normal) (G1 Evacuation Pause) 157M->4M(256M) 1,144ms
[2025-02-10T17:21:01.615+0400][76,641s][info ][gc] GC(485) Pause Young (Normal) (G1 Evacuation Pause) 156M->5M(256M) 1,873ms
[2025-02-10T17:21:01.774+0400][76,800s][info ][gc] GC(486) Pause Young (Normal) (G1 Evacuation Pause) 156M->7M(256M) 2,640ms
[2025-02-10T17:21:01.931+0400][76,958s][info ][gc] GC(487) Pause Young (Normal) (G1 Evacuation Pause) 157M->4M(256M) 1,156ms
[2025-02-10T17:21:02.092+0400][77,119s][info ][gc] GC(488) Pause Young (Normal) (G1 Evacuation Pause) 156M->5M(256M) 2,012ms
[2025-02-10T17:21:02.251+0400][77,278s][info ][gc] GC(489) Pause Young (Normal) (G1 Evacuation Pause) 156M->6M(256M) 2,385ms
[2025-02-10T17:21:02.409+0400][77,435s][info ][gc] GC(490) Pause Young (Normal) (G1 Evacuation Pause) 156M->4M(256M) 1,140ms
[2025-02-10T17:21:02.568+0400][77,595s][info ][gc] GC(491) Pause Young (Normal) (G1 Evacuation Pause) 156M->5M(256M) 1,989ms
[2025-02-10T17:21:02.727+0400][77,753s][info ][gc] GC(492) Pause Young (Normal) (G1 Evacuation Pause) 156M->6M(256M) 2,298ms
[2025-02-10T17:21:02.883+0400][77,910s][info ][gc] GC(493) Pause Young (Normal) (G1 Evacuation Pause) 156M->4M(256M) 1,113ms
[2025-02-10T17:21:03.043+0400][78,069s][info ][gc] GC(494) Pause Young (Normal) (G1 Evacuation Pause) 156M->5M(256M) 1,757ms
[2025-02-10T17:21:03.201+0400][78,228s][info ][gc] GC(495) Pause Young (Normal) (G1 Evacuation Pause) 156M->6M(256M) 2,290ms
[2025-02-10T17:21:03.358+0400][78,385s][info ][gc] GC(496) Pause Young (Normal) (G1 Evacuation Pause) 156M->4M(256M) 1,181ms
[2025-02-10T17:21:03.519+0400][78,545s][info ][gc] GC(497) Pause Young (Normal) (G1 Evacuation Pause) 156M->5M(256M) 2,276ms
[2025-02-10T17:21:03.676+0400][78,703s][info ][gc] GC(498) Pause Young (Normal) (G1 Evacuation Pause) 156M->6M(256M) 2,090ms
[2025-02-10T17:21:03.833+0400][78,860s][info ][gc] GC(499) Pause Young (Normal) (G1 Evacuation Pause) 156M->4M(256M) 1,347ms
[2025-02-10T17:21:03.992+0400][79,019s][info ][gc] GC(500) Pause Young (Normal) (G1 Evacuation Pause) 156M->5M(256M) 1,653ms
[2025-02-10T17:21:04.152+0400][79,179s][info ][gc] GC(501) Pause Young (Normal) (G1 Evacuation Pause) 156M->6M(256M) 2,417ms
[2025-02-10T17:21:04.311+0400][79,338s][info ][gc] GC(502) Pause Young (Normal) (G1 Evacuation Pause) 156M->7M(256M) 2,586ms
[2025-02-10T17:21:04.468+0400][79,495s][info ][gc] GC(503) Pause Young (Normal) (G1 Evacuation Pause) 156M->4M(256M) 1,273ms
[2025-02-10T17:21:04.628+0400][79,655s][info ][gc] GC(504) Pause Young (Normal) (G1 Evacuation Pause) 156M->5M(256M) 1,994ms
[2025-02-10T17:21:04.787+0400][79,814s][info ][gc] GC(505) Pause Young (Normal) (G1 Evacuation Pause) 156M->6M(256M) 2,495ms
[2025-02-10T17:21:04.944+0400][79,971s][info ][gc] GC(506) Pause Young (Normal) (G1 Evacuation Pause) 156M->4M(256M) 1,268ms
[2025-02-10T17:21:05.104+0400][80,130s][info ][gc] GC(507) Pause Young (Normal) (G1 Evacuation Pause) 156M->5M(256M) 1,864ms
[2025-02-10T17:21:05.263+0400][80,290s][info ][gc] GC(508) Pause Young (Normal) (G1 Evacuation Pause) 156M->7M(256M) 2,414ms
[2025-02-10T17:21:05.419+0400][80,446s][info ][gc] GC(509) Pause Young (Normal) (G1 Evacuation Pause) 157M->4M(256M) 1,172ms
[2025-02-10T17:21:05.578+0400][80,605s][info ][gc] GC(510) Pause Young (Normal) (G1 Evacuation Pause) 156M->5M(256M) 1,958ms
[2025-02-10T17:21:05.738+0400][80,764s][info ][gc] GC(511) Pause Young (Normal) (G1 Evacuation Pause) 156M->6M(256M) 2,477ms
[2025-02-10T17:21:05.894+0400][80,921s][info ][gc] GC(512) Pause Young (Normal) (G1 Evacuation Pause) 156M->4M(256M) 1,215ms
[2025-02-10T17:21:06.054+0400][81,080s][info ][gc] GC(513) Pause Young (Normal) (G1 Evacuation Pause) 156M->5M(256M) 1,842ms
[2025-02-10T17:21:06.213+0400][81,239s][info ][gc] GC(514) Pause Young (Normal) (G1 Evacuation Pause) 156M->6M(256M) 2,234ms
[2025-02-10T17:21:06.371+0400][81,397s][info ][gc] GC(515) Pause Young (Normal) (G1 Evacuation Pause) 156M->4M(256M) 2,313ms
[2025-02-10T17:21:06.530+0400][81,557s][info ][gc] GC(516) Pause Young (Normal) (G1 Evacuation Pause) 156M->5M(256M) 1,754ms
[2025-02-10T17:21:06.689+0400][81,715s][info ][gc] GC(517) Pause Young (Normal) (G1 Evacuation Pause) 156M->6M(256M) 2,159ms
[2025-02-10T17:21:06.846+0400][81,872s][info ][gc] GC(518) Pause Young (Normal) (G1 Evacuation Pause) 156M->4M(256M) 1,046ms
[2025-02-10T17:21:07.005+0400][82,031s][info ][gc] GC(519) Pause Young (Normal) (G1 Evacuation Pause) 156M->5M(256M) 1,482ms
[2025-02-10T17:21:07.164+0400][82,190s][info ][gc] GC(520) Pause Young (Normal) (G1 Evacuation Pause) 156M->6M(256M) 2,447ms
[2025-02-10T17:21:07.320+0400][82,347s][info ][gc] GC(521) Pause Young (Normal) (G1 Evacuation Pause) 156M->4M(256M) 0,828ms
[2025-02-10T17:21:07.480+0400][82,506s][info ][gc] GC(522) Pause Young (Normal) (G1 Evacuation Pause) 156M->5M(256M) 1,957ms
[2025-02-10T17:21:07.639+0400][82,665s][info ][gc] GC(523) Pause Young (Normal) (G1 Evacuation Pause) 156M->6M(256M) 2,195ms
[2025-02-10T17:21:07.797+0400][82,823s][info ][gc] GC(524) Pause Young (Normal) (G1 Evacuation Pause) 156M->7M(256M) 2,520ms
[2025-02-10T17:21:07.953+0400][82,979s][info ][gc] GC(525) Pause Young (Normal) (G1 Evacuation Pause) 156M->4M(256M) 1,468ms
[2025-02-10T17:21:08.112+0400][83,139s][info ][gc] GC(526) Pause Young (Normal) (G1 Evacuation Pause) 156M->5M(256M) 1,767ms
[2025-02-10T17:21:08.272+0400][83,298s][info ][gc] GC(527) Pause Young (Normal) (G1 Evacuation Pause) 156M->7M(256M) 2,506ms
[2025-02-10T17:21:08.427+0400][83,453s][info ][gc] GC(528) Pause Young (Normal) (G1 Evacuation Pause) 156M->4M(256M) 1,178ms
[2025-02-10T17:21:08.586+0400][83,613s][info ][gc] GC(529) Pause Young (Normal) (G1 Evacuation Pause) 156M->5M(256M) 2,265ms
[2025-02-10T17:21:08.745+0400][83,772s][info ][gc] GC(530) Pause Young (Normal) (G1 Evacuation Pause) 156M->6M(256M) 2,411ms
[2025-02-10T17:21:08.902+0400][83,929s][info ][gc] GC(531) Pause Young (Normal) (G1 Evacuation Pause) 156M->4M(256M) 1,113ms
[2025-02-10T17:21:09.062+0400][84,088s][info ][gc] GC(532) Pause Young (Normal) (G1 Evacuation Pause) 156M->5M(256M) 2,254ms
[2025-02-10T17:21:09.221+0400][84,248s][info ][gc] GC(533) Pause Young (Normal) (G1 Evacuation Pause) 156M->6M(256M) 2,526ms
[2025-02-10T17:21:09.378+0400][84,405s][info ][gc] GC(534) Pause Young (Normal) (G1 Evacuation Pause) 156M->4M(256M) 1,168ms
[2025-02-10T17:21:09.538+0400][84,565s][info ][gc] GC(535) Pause Young (Normal) (G1 Evacuation Pause) 156M->5M(256M) 1,695ms
[2025-02-10T17:21:09.697+0400][84,724s][info ][gc] GC(536) Pause Young (Normal) (G1 Evacuation Pause) 156M->6M(256M) 2,223ms
[2025-02-10T17:21:09.854+0400][84,880s][info ][gc] GC(537) Pause Young (Normal) (G1 Evacuation Pause) 156M->4M(256M) 1,090ms
[2025-02-10T17:21:10.011+0400][85,038s][info ][gc] GC(538) Pause Young (Normal) (G1 Evacuation Pause) 156M->5M(256M) 1,618ms
[2025-02-10T17:21:10.171+0400][85,198s][info ][gc] GC(539) Pause Young (Normal) (G1 Evacuation Pause) 156M->6M(256M) 2,433ms
[2025-02-10T17:21:10.330+0400][85,356s][info ][gc] GC(540) Pause Young (Normal) (G1 Evacuation Pause) 156M->7M(256M) 2,799ms
[2025-02-10T17:21:10.485+0400][85,512s][info ][gc] GC(541) Pause Young (Normal) (G1 Evacuation Pause) 156M->4M(256M) 1,291ms
[2025-02-10T17:21:10.645+0400][85,672s][info ][gc] GC(542) Pause Young (Normal) (G1 Evacuation Pause) 156M->5M(256M) 2,057ms
[2025-02-10T17:21:10.804+0400][85,831s][info ][gc] GC(543) Pause Young (Normal) (G1 Evacuation Pause) 156M->7M(256M) 2,759ms
[2025-02-10T17:21:10.963+0400][85,989s][info ][gc] GC(544) Pause Young (Normal) (G1 Evacuation Pause) 157M->4M(256M) 2,442ms
[2025-02-10T17:21:11.122+0400][86,149s][info ][gc] GC(545) Pause Young (Normal) (G1 Evacuation Pause) 156M->5M(256M) 1,992ms
[2025-02-10T17:21:11.281+0400][86,307s][info ][gc] GC(546) Pause Young (Normal) (G1 Evacuation Pause) 156M->7M(256M) 2,392ms
[2025-02-10T17:21:11.436+0400][86,462s][info ][gc] GC(547) Pause Young (Normal) (G1 Evacuation Pause) 156M->4M(256M) 1,130ms
[2025-02-10T17:21:11.596+0400][86,623s][info ][gc] GC(548) Pause Young (Normal) (G1 Evacuation Pause) 156M->5M(256M) 1,879ms
[2025-02-10T17:21:11.754+0400][86,780s][info ][gc] GC(549) Pause Young (Normal) (G1 Evacuation Pause) 156M->6M(256M) 2,388ms
[2025-02-10T17:21:11.910+0400][86,937s][info ][gc] GC(550) Pause Young (Normal) (G1 Evacuation Pause) 156M->4M(256M) 1,105ms
[2025-02-10T17:21:12.068+0400][87,095s][info ][gc] GC(551) Pause Young (Normal) (G1 Evacuation Pause) 156M->5M(256M) 1,684ms
[2025-02-10T17:21:12.227+0400][87,254s][info ][gc] GC(552) Pause Young (Normal) (G1 Evacuation Pause) 156M->6M(256M) 2,398ms
[2025-02-10T17:21:12.385+0400][87,412s][info ][gc] GC(553) Pause Young (Normal) (G1 Evacuation Pause) 156M->4M(256M) 2,904ms
[2025-02-10T17:21:12.544+0400][87,571s][info ][gc] GC(554) Pause Young (Normal) (G1 Evacuation Pause) 156M->5M(256M) 1,618ms
[2025-02-10T17:21:12.702+0400][87,729s][info ][gc] GC(555) Pause Young (Normal) (G1 Evacuation Pause) 156M->6M(256M) 2,129ms
[2025-02-10T17:21:12.860+0400][87,887s][info ][gc] GC(556) Pause Young (Normal) (G1 Evacuation Pause) 156M->7M(256M) 2,514ms
[2025-02-10T17:21:13.017+0400][88,044s][info ][gc] GC(557) Pause Young (Normal) (G1 Evacuation Pause) 156M->4M(256M) 2,371ms
[2025-02-10T17:21:13.178+0400][88,205s][info ][gc] GC(558) Pause Young (Normal) (G1 Evacuation Pause) 156M->5M(256M) 2,035ms
[2025-02-10T17:21:13.338+0400][88,364s][info ][gc] GC(559) Pause Young (Normal) (G1 Evacuation Pause) 156M->7M(256M) 2,736ms
[2025-02-10T17:21:13.495+0400][88,521s][info ][gc] GC(560) Pause Young (Normal) (G1 Evacuation Pause) 157M->4M(256M) 1,292ms
[2025-02-10T17:21:13.654+0400][88,681s][info ][gc] GC(561) Pause Young (Normal) (G1 Evacuation Pause) 156M->5M(256M) 1,922ms
[2025-02-10T17:21:13.814+0400][88,840s][info ][gc] GC(562) Pause Young (Normal) (G1 Evacuation Pause) 156M->7M(256M) 2,612ms
[2025-02-10T17:21:13.970+0400][88,997s][info ][gc] GC(563) Pause Young (Normal) (G1 Evacuation Pause) 157M->4M(256M) 1,197ms
[2025-02-10T17:21:14.130+0400][89,157s][info ][gc] GC(564) Pause Young (Normal) (G1 Evacuation Pause) 156M->5M(256M) 1,963ms
[2025-02-10T17:21:14.290+0400][89,317s][info ][gc] GC(565) Pause Young (Normal) (G1 Evacuation Pause) 156M->6M(256M) 2,442ms
[2025-02-10T17:21:14.447+0400][89,474s][info ][gc] GC(566) Pause Young (Normal) (G1 Evacuation Pause) 156M->4M(256M) 1,178ms
[2025-02-10T17:21:14.607+0400][89,633s][info ][gc] GC(567) Pause Young (Normal) (G1 Evacuation Pause) 156M->5M(256M) 1,852ms
[2025-02-10T17:21:14.766+0400][89,792s][info ][gc] GC(568) Pause Young (Normal) (G1 Evacuation Pause) 156M->6M(256M) 2,369ms
[2025-02-10T17:21:14.923+0400][89,949s][info ][gc] GC(569) Pause Young (Normal) (G1 Evacuation Pause) 156M->4M(256M) 1,117ms
[2025-02-10T17:21:15.083+0400][90,110s][info ][gc] GC(570) Pause Young (Normal) (G1 Evacuation Pause) 156M->5M(256M) 1,920ms
[2025-02-10T17:21:15.246+0400][90,273s][info ][gc] GC(571) Pause Young (Normal) (G1 Evacuation Pause) 156M->6M(256M) 2,363ms
[2025-02-10T17:21:15.404+0400][90,430s][info ][gc] GC(572) Pause Young (Normal) (G1 Evacuation Pause) 156M->4M(256M) 1,286ms
[2025-02-10T17:21:15.564+0400][90,590s][info ][gc] GC(573) Pause Young (Normal) (G1 Evacuation Pause) 156M->5M(256M) 1,682ms
[2025-02-10T17:21:15.723+0400][90,750s][info ][gc] GC(574) Pause Young (Normal) (G1 Evacuation Pause) 156M->6M(256M) 2,252ms
[2025-02-10T17:21:15.880+0400][90,907s][info ][gc] GC(575) Pause Young (Normal) (G1 Evacuation Pause) 156M->4M(256M) 0,855ms
[2025-02-10T17:21:16.040+0400][91,067s][info ][gc] GC(576) Pause Young (Normal) (G1 Evacuation Pause) 156M->5M(256M) 1,606ms
[2025-02-10T17:21:16.199+0400][91,225s][info ][gc] GC(577) Pause Young (Normal) (G1 Evacuation Pause) 156M->6M(256M) 2,265ms
[2025-02-10T17:21:16.357+0400][91,383s][info ][gc] GC(578) Pause Young (Normal) (G1 Evacuation Pause) 156M->7M(256M) 2,537ms
[2025-02-10T17:21:16.513+0400][91,539s][info ][gc] GC(579) Pause Young (Normal) (G1 Evacuation Pause) 156M->4M(256M) 1,156ms
[2025-02-10T17:21:16.674+0400][91,701s][info ][gc] GC(580) Pause Young (Normal) (G1 Evacuation Pause) 156M->5M(256M) 2,023ms
[2025-02-10T17:21:16.833+0400][91,860s][info ][gc] GC(581) Pause Young (Normal) (G1 Evacuation Pause) 156M->6M(256M) 2,626ms
[2025-02-10T17:21:16.990+0400][92,017s][info ][gc] GC(582) Pause Young (Normal) (G1 Evacuation Pause) 156M->4M(256M) 1,111ms
[2025-02-10T17:21:17.150+0400][92,177s][info ][gc] GC(583) Pause Young (Normal) (G1 Evacuation Pause) 156M->5M(256M) 2,151ms
[2025-02-10T17:21:17.309+0400][92,336s][info ][gc] GC(584) Pause Young (Normal) (G1 Evacuation Pause) 156M->6M(256M) 2,631ms
[2025-02-10T17:21:17.467+0400][92,493s][info ][gc] GC(585) Pause Young (Normal) (G1 Evacuation Pause) 156M->4M(256M) 1,175ms
[2025-02-10T17:21:17.627+0400][92,654s][info ][gc] GC(586) Pause Young (Normal) (G1 Evacuation Pause) 156M->5M(256M) 2,321ms
[2025-02-10T17:21:17.786+0400][92,812s][info ][gc] GC(587) Pause Young (Normal) (G1 Evacuation Pause) 156M->6M(256M) 2,409ms
[2025-02-10T17:21:17.943+0400][92,970s][info ][gc] GC(588) Pause Young (Normal) (G1 Evacuation Pause) 156M->4M(256M) 1,040ms
[2025-02-10T17:21:18.101+0400][93,128s][info ][gc] GC(589) Pause Young (Normal) (G1 Evacuation Pause) 156M->5M(256M) 1,812ms
[2025-02-10T17:21:18.260+0400][93,287s][info ][gc] GC(590) Pause Young (Normal) (G1 Evacuation Pause) 156M->6M(256M) 2,451ms
[2025-02-10T17:21:18.416+0400][93,443s][info ][gc] GC(591) Pause Young (Normal) (G1 Evacuation Pause) 156M->4M(256M) 1,121ms
[2025-02-10T17:21:18.576+0400][93,602s][info ][gc] GC(592) Pause Young (Normal) (G1 Evacuation Pause) 156M->5M(256M) 2,150ms
[2025-02-10T17:21:18.735+0400][93,762s][info ][gc] GC(593) Pause Young (Normal) (G1 Evacuation Pause) 156M->6M(256M) 2,309ms
[2025-02-10T17:21:18.892+0400][93,919s][info ][gc] GC(594) Pause Young (Normal) (G1 Evacuation Pause) 156M->4M(256M) 1,196ms
[2025-02-10T17:21:19.053+0400][94,080s][info ][gc] GC(595) Pause Young (Normal) (G1 Evacuation Pause) 156M->5M(256M) 1,638ms
[2025-02-10T17:21:19.213+0400][94,239s][info ][gc] GC(596) Pause Young (Normal) (G1 Evacuation Pause) 156M->6M(256M) 2,228ms
[2025-02-10T17:21:19.369+0400][94,396s][info ][gc] GC(597) Pause Young (Normal) (G1 Evacuation Pause) 156M->4M(256M) 0,943ms
[2025-02-10T17:21:19.528+0400][94,555s][info ][gc] GC(598) Pause Young (Normal) (G1 Evacuation Pause) 156M->5M(256M) 1,510ms
[2025-02-10T17:21:19.687+0400][94,713s][info ][gc] GC(599) Pause Young (Normal) (G1 Evacuation Pause) 156M->6M(256M) 2,189ms
[2025-02-10T17:21:19.845+0400][94,871s][info ][gc] GC(600) Pause Young (Normal) (G1 Evacuation Pause) 156M->7M(256M) 2,264ms
[2025-02-10T17:21:20.001+0400][95,027s][info ][gc] GC(601) Pause Young (Normal) (G1 Evacuation Pause) 156M->4M(256M) 1,230ms
[2025-02-10T17:21:20.162+0400][95,189s][info ][gc] GC(602) Pause Young (Normal) (G1 Evacuation Pause) 156M->5M(256M) 1,927ms
[2025-02-10T17:21:20.321+0400][95,347s][info ][gc] GC(603) Pause Young (Normal) (G1 Evacuation Pause) 156M->7M(256M) 2,702ms
[2025-02-10T17:21:20.476+0400][95,502s][info ][gc] GC(604) Pause Young (Normal) (G1 Evacuation Pause) 156M->4M(256M) 1,235ms
[2025-02-10T17:21:20.636+0400][95,662s][info ][gc] GC(605) Pause Young (Normal) (G1 Evacuation Pause) 156M->5M(256M) 1,997ms
[2025-02-10T17:21:20.794+0400][95,821s][info ][gc] GC(606) Pause Young (Normal) (G1 Evacuation Pause) 156M->6M(256M) 2,231ms
[2025-02-10T17:21:20.951+0400][95,978s][info ][gc] GC(607) Pause Young (Normal) (G1 Evacuation Pause) 156M->4M(256M) 1,206ms
[2025-02-10T17:21:21.110+0400][96,137s][info ][gc] GC(608) Pause Young (Normal) (G1 Evacuation Pause) 156M->5M(256M) 1,840ms
[2025-02-10T17:21:21.270+0400][96,296s][info ][gc] GC(609) Pause Young (Normal) (G1 Evacuation Pause) 156M->6M(256M) 2,502ms
[2025-02-10T17:21:21.427+0400][96,453s][info ][gc] GC(610) Pause Young (Normal) (G1 Evacuation Pause) 156M->4M(256M) 1,232ms
[2025-02-10T17:21:21.587+0400][96,613s][info ][gc] GC(611) Pause Young (Normal) (G1 Evacuation Pause) 156M->5M(256M) 1,674ms
[2025-02-10T17:21:21.746+0400][96,773s][info ][gc] GC(612) Pause Young (Normal) (G1 Evacuation Pause) 156M->6M(256M) 2,395ms
[2025-02-10T17:21:21.902+0400][96,928s][info ][gc] GC(613) Pause Young (Normal) (G1 Evacuation Pause) 156M->4M(256M) 0,976ms
[2025-02-10T17:21:22.061+0400][97,088s][info ][gc] GC(614) Pause Young (Normal) (G1 Evacuation Pause) 156M->5M(256M) 1,617ms
[2025-02-10T17:21:22.221+0400][97,247s][info ][gc] GC(615) Pause Young (Normal) (G1 Evacuation Pause) 156M->6M(256M) 2,345ms
[2025-02-10T17:21:22.379+0400][97,405s][info ][gc] GC(616) Pause Young (Normal) (G1 Evacuation Pause) 156M->7M(256M) 2,685ms
[2025-02-10T17:21:22.535+0400][97,562s][info ][gc] GC(617) Pause Young (Normal) (G1 Evacuation Pause) 156M->4M(256M) 1,203ms
[2025-02-10T17:21:22.694+0400][97,721s][info ][gc] GC(618) Pause Young (Normal) (G1 Evacuation Pause) 156M->5M(256M) 2,311ms
[2025-02-10T17:21:22.854+0400][97,880s][info ][gc] GC(619) Pause Young (Normal) (G1 Evacuation Pause) 156M->7M(256M) 2,618ms
[2025-02-10T17:21:23.010+0400][98,037s][info ][gc] GC(620) Pause Young (Normal) (G1 Evacuation Pause) 157M->4M(256M) 1,263ms
[2025-02-10T17:21:23.170+0400][98,196s][info ][gc] GC(621) Pause Young (Normal) (G1 Evacuation Pause) 156M->5M(256M) 2,085ms
[2025-02-10T17:21:23.329+0400][98,356s][info ][gc] GC(622) Pause Young (Normal) (G1 Evacuation Pause) 156M->6M(256M) 2,715ms
[2025-02-10T17:21:23.486+0400][98,512s][info ][gc] GC(623) Pause Young (Normal) (G1 Evacuation Pause) 156M->4M(256M) 1,188ms
[2025-02-10T17:21:23.645+0400][98,672s][info ][gc] GC(624) Pause Young (Normal) (G1 Evacuation Pause) 156M->5M(256M) 1,971ms
[2025-02-10T17:21:23.804+0400][98,831s][info ][gc] GC(625) Pause Young (Normal) (G1 Evacuation Pause) 156M->6M(256M) 2,401ms
[2025-02-10T17:21:23.961+0400][98,988s][info ][gc] GC(626) Pause Young (Normal) (G1 Evacuation Pause) 156M->4M(256M) 1,312ms
[2025-02-10T17:21:24.121+0400][99,147s][info ][gc] GC(627) Pause Young (Normal) (G1 Evacuation Pause) 156M->5M(256M) 1,758ms
[2025-02-10T17:21:24.279+0400][99,306s][info ][gc] GC(628) Pause Young (Normal) (G1 Evacuation Pause) 156M->6M(256M) 2,293ms
[2025-02-10T17:21:24.437+0400][99,463s][info ][gc] GC(629) Pause Young (Normal) (G1 Evacuation Pause) 156M->4M(256M) 1,193ms
[2025-02-10T17:21:24.597+0400][99,623s][info ][gc] GC(630) Pause Young (Normal) (G1 Evacuation Pause) 156M->5M(256M) 1,773ms
[2025-02-10T17:21:24.756+0400][99,782s][info ][gc] GC(631) Pause Young (Normal) (G1 Evacuation Pause) 156M->6M(256M) 2,366ms
[2025-02-10T17:21:24.912+0400][99,939s][info ][gc] GC(632) Pause Young (Normal) (G1 Evacuation Pause) 156M->4M(256M) 1,110ms
[2025-02-10T17:21:25.070+0400][100,097s][info ][gc] GC(633) Pause Young (Normal) (G1 Evacuation Pause) 156M->5M(256M) 1,619ms
[2025-02-10T17:21:25.229+0400][100,256s][info ][gc] GC(634) Pause Young (Normal) (G1 Evacuation Pause) 156M->6M(256M) 2,305ms
[2025-02-10T17:21:25.387+0400][100,414s][info ][gc] GC(635) Pause Young (Normal) (G1 Evacuation Pause) 156M->4M(256M) 1,236ms
[2025-02-10T17:21:25.547+0400][100,573s][info ][gc] GC(636) Pause Young (Normal) (G1 Evacuation Pause) 156M->5M(256M) 1,617ms
[2025-02-10T17:21:25.706+0400][100,732s][info ][gc] GC(637) Pause Young (Normal) (G1 Evacuation Pause) 156M->6M(256M) 1,978ms
[2025-02-10T17:21:25.864+0400][100,891s][info ][gc] GC(638) Pause Young (Normal) (G1 Evacuation Pause) 156M->7M(256M) 2,657ms
[2025-02-10T17:21:26.020+0400][101,046s][info ][gc] GC(639) Pause Young (Normal) (G1 Evacuation Pause) 156M->4M(256M) 1,186ms
[2025-02-10T17:21:26.178+0400][101,205s][info ][gc] GC(640) Pause Young (Normal) (G1 Evacuation Pause) 156M->5M(256M) 1,683ms
[2025-02-10T17:21:26.338+0400][101,364s][info ][gc] GC(641) Pause Young (Normal) (G1 Evacuation Pause) 156M->6M(256M) 2,669ms
[2025-02-10T17:21:26.494+0400][101,521s][info ][gc] GC(642) Pause Young (Normal) (G1 Evacuation Pause) 156M->4M(256M) 1,265ms
[2025-02-10T17:21:26.654+0400][101,680s][info ][gc] GC(643) Pause Young (Normal) (G1 Evacuation Pause) 156M->5M(256M) 1,895ms
[2025-02-10T17:21:26.813+0400][101,840s][info ][gc] GC(644) Pause Young (Normal) (G1 Evacuation Pause) 156M->6M(256M) 2,589ms
[2025-02-10T17:21:26.970+0400][101,997s][info ][gc] GC(645) Pause Young (Normal) (G1 Evacuation Pause) 156M->4M(256M) 1,255ms
[2025-02-10T17:21:27.130+0400][102,157s][info ][gc] GC(646) Pause Young (Normal) (G1 Evacuation Pause) 156M->5M(256M) 1,970ms
[2025-02-10T17:21:27.290+0400][102,316s][info ][gc] GC(647) Pause Young (Normal) (G1 Evacuation Pause) 156M->6M(256M) 2,435ms
[2025-02-10T17:21:27.447+0400][102,474s][info ][gc] GC(648) Pause Young (Normal) (G1 Evacuation Pause) 156M->4M(256M) 1,195ms
[2025-02-10T17:21:27.607+0400][102,634s][info ][gc] GC(649) Pause Young (Normal) (G1 Evacuation Pause) 156M->5M(256M) 1,870ms
[2025-02-10T17:21:27.766+0400][102,792s][info ][gc] GC(650) Pause Young (Normal) (G1 Evacuation Pause) 156M->6M(256M) 2,233ms
[2025-02-10T17:21:27.923+0400][102,949s][info ][gc] GC(651) Pause Young (Normal) (G1 Evacuation Pause) 156M->4M(256M) 1,258ms
[2025-02-10T17:21:28.082+0400][103,108s][info ][gc] GC(652) Pause Young (Normal) (G1 Evacuation Pause) 156M->5M(256M) 1,723ms
[2025-02-10T17:21:28.241+0400][103,268s][info ][gc] GC(653) Pause Young (Normal) (G1 Evacuation Pause) 156M->6M(256M) 2,234ms
[2025-02-10T17:21:28.397+0400][103,424s][info ][gc] GC(654) Pause Young (Normal) (G1 Evacuation Pause) 156M->4M(256M) 1,029ms
[2025-02-10T17:21:28.556+0400][103,583s][info ][gc] GC(655) Pause Young (Normal) (G1 Evacuation Pause) 156M->5M(256M) 1,738ms
[2025-02-10T17:21:28.715+0400][103,742s][info ][gc] GC(656) Pause Young (Normal) (G1 Evacuation Pause) 156M->6M(256M) 2,245ms
[2025-02-10T17:21:28.873+0400][103,899s][info ][gc] GC(657) Pause Young (Normal) (G1 Evacuation Pause) 156M->7M(256M) 2,406ms
[2025-02-10T17:21:29.029+0400][104,055s][info ][gc] GC(658) Pause Young (Normal) (G1 Evacuation Pause) 156M->5M(256M) 1,163ms
[2025-02-10T17:21:29.187+0400][104,213s][info ][gc] GC(659) Pause Young (Normal) (G1 Evacuation Pause) 157M->6M(256M) 1,891ms
[2025-02-10T17:21:29.346+0400][104,373s][info ][gc] GC(660) Pause Young (Normal) (G1 Evacuation Pause) 157M->7M(256M) 2,839ms
[2025-02-10T17:21:29.502+0400][104,528s][info ][gc] GC(661) Pause Young (Normal) (G1 Evacuation Pause) 156M->4M(256M) 1,243ms
[2025-02-10T17:21:29.662+0400][104,688s][info ][gc] GC(662) Pause Young (Normal) (G1 Evacuation Pause) 156M->5M(256M) 1,962ms
[2025-02-10T17:21:29.821+0400][104,847s][info ][gc] GC(663) Pause Young (Normal) (G1 Evacuation Pause) 156M->6M(256M) 2,439ms
[2025-02-10T17:21:29.977+0400][105,003s][info ][gc] GC(664) Pause Young (Normal) (G1 Evacuation Pause) 156M->4M(256M) 1,088ms
[2025-02-10T17:21:30.137+0400][105,164s][info ][gc] GC(665) Pause Young (Normal) (G1 Evacuation Pause) 156M->5M(256M) 1,957ms
[2025-02-10T17:21:30.296+0400][105,323s][info ][gc] GC(666) Pause Young (Normal) (G1 Evacuation Pause) 156M->6M(256M) 2,186ms
[2025-02-10T17:21:30.453+0400][105,480s][info ][gc] GC(667) Pause Young (Normal) (G1 Evacuation Pause) 156M->4M(256M) 1,169ms
[2025-02-10T17:21:30.612+0400][105,639s][info ][gc] GC(668) Pause Young (Normal) (G1 Evacuation Pause) 156M->5M(256M) 1,777ms
[2025-02-10T17:21:30.773+0400][105,799s][info ][gc] GC(669) Pause Young (Normal) (G1 Evacuation Pause) 156M->6M(256M) 2,404ms
[2025-02-10T17:21:30.928+0400][105,955s][info ][gc] GC(670) Pause Young (Normal) (G1 Evacuation Pause) 156M->4M(256M) 1,015ms
[2025-02-10T17:21:31.087+0400][106,114s][info ][gc] GC(671) Pause Young (Normal) (G1 Evacuation Pause) 156M->5M(256M) 1,658ms
[2025-02-10T17:21:31.247+0400][106,273s][info ][gc] GC(672) Pause Young (Normal) (G1 Evacuation Pause) 156M->6M(256M) 2,516ms
[2025-02-10T17:21:31.403+0400][106,429s][info ][gc] GC(673) Pause Young (Normal) (G1 Evacuation Pause) 156M->4M(256M) 0,941ms
[2025-02-10T17:21:31.563+0400][106,589s][info ][gc] GC(674) Pause Young (Normal) (G1 Evacuation Pause) 156M->5M(256M) 1,602ms
[2025-02-10T17:21:31.722+0400][106,748s][info ][gc] GC(675) Pause Young (Normal) (G1 Evacuation Pause) 156M->6M(256M) 2,231ms
[2025-02-10T17:21:31.879+0400][106,905s][info ][gc] GC(676) Pause Young (Normal) (G1 Evacuation Pause) 156M->7M(256M) 2,516ms
[2025-02-10T17:21:32.035+0400][107,061s][info ][gc] GC(677) Pause Young (Normal) (G1 Evacuation Pause) 156M->4M(256M) 1,214ms
[2025-02-10T17:21:32.194+0400][107,221s][info ][gc] GC(678) Pause Young (Normal) (G1 Evacuation Pause) 156M->5M(256M) 1,879ms
[2025-02-10T17:21:32.352+0400][107,379s][info ][gc] GC(679) Pause Young (Normal) (G1 Evacuation Pause) 156M->7M(256M) 2,809ms
[2025-02-10T17:21:32.508+0400][107,534s][info ][gc] GC(680) Pause Young (Normal) (G1 Evacuation Pause) 156M->4M(256M) 1,230ms
[2025-02-10T17:21:32.667+0400][107,694s][info ][gc] GC(681) Pause Young (Normal) (G1 Evacuation Pause) 156M->5M(256M) 1,941ms
[2025-02-10T17:21:32.826+0400][107,853s][info ][gc] GC(682) Pause Young (Normal) (G1 Evacuation Pause) 156M->6M(256M) 2,151ms
[2025-02-10T17:21:32.982+0400][108,009s][info ][gc] GC(683) Pause Young (Normal) (G1 Evacuation Pause) 156M->4M(256M) 1,066ms
[2025-02-10T17:21:33.143+0400][108,169s][info ][gc] GC(684) Pause Young (Normal) (G1 Evacuation Pause) 156M->5M(256M) 1,851ms
