[2025-02-10T20:00:37.844+0400][0.002s][info][gc] Using G1
[2025-02-10T20:00:37.845+0400][0.002s][debug][gc] ConcGCThreads: 2 offset 12
[2025-02-10T20:00:37.845+0400][0.002s][debug][gc] ParallelGCThreads: 6
[2025-02-10T20:00:37.845+0400][0.002s][debug][gc] Initialize mark stack with 4096 chunks, maximum 524288
[2025-02-10T20:00:38.440+0400][0,598s][info ][gc] GC(0) Pause Young (Normal) (G1 Evacuation Pause) 141M->2M(2816M) 1,950ms
[2025-02-10T20:00:38.844+0400][1,002s][info ][gc] GC(1) Pause Young (Normal) (G1 Evacuation Pause) 154M->2M(2816M) 1,496ms
[2025-02-10T20:00:43.818+0400][5,975s][info ][gc] GC(2) Pause Young (Normal) (G1 Evacuation Pause) 1688M->2M(2816M) 2,692ms
[2025-02-10T20:00:48.242+0400][10,399s][info ][gc] GC(3) Pause Young (Normal) (G1 Evacuation Pause) 1688M->2M(2816M) 1,807ms
[2025-02-10T20:00:52.662+0400][14,820s][info ][gc] GC(4) Pause Young (Normal) (G1 Evacuation Pause) 1688M->2M(2816M) 1,871ms
[2025-02-10T20:00:57.074+0400][19,231s][info ][gc] GC(5) Pause Young (Normal) (G1 Evacuation Pause) 1688M->2M(2816M) 1,691ms
[2025-02-10T20:01:01.498+0400][23,655s][info ][gc] GC(6) Pause Young (Normal) (G1 Evacuation Pause) 1688M->2M(2816M) 1,829ms
[2025-02-10T20:01:05.953+0400][28,110s][info ][gc] GC(7) Pause Young (Normal) (G1 Evacuation Pause) 1688M->3M(2816M) 1,877ms
[2025-02-10T20:01:10.368+0400][32,526s][info ][gc] GC(8) Pause Young (Normal) (G1 Evacuation Pause) 1689M->2M(2816M) 1,864ms
[2025-02-10T20:01:14.780+0400][36,938s][info ][gc] GC(9) Pause Young (Normal) (G1 Evacuation Pause) 1688M->2M(2816M) 1,911ms
[2025-02-10T20:01:19.198+0400][41,356s][info ][gc] GC(10) Pause Young (Normal) (G1 Evacuation Pause) 1688M->2M(2816M) 2,234ms
[2025-02-10T20:01:23.613+0400][45,771s][info ][gc] GC(11) Pause Young (Normal) (G1 Evacuation Pause) 1688M->2M(2816M) 1,634ms
[2025-02-10T20:01:28.019+0400][50,176s][info ][gc] GC(12) Pause Young (Normal) (G1 Evacuation Pause) 1688M->2M(2816M) 1,794ms
[2025-02-10T20:01:32.439+0400][54,596s][info ][gc] GC(13) Pause Young (Normal) (G1 Evacuation Pause) 1688M->2M(2816M) 1,944ms
[2025-02-10T20:01:36.861+0400][59,019s][info ][gc] GC(14) Pause Young (Normal) (G1 Evacuation Pause) 1688M->2M(2816M) 1,844ms
[2025-02-10T20:01:41.304+0400][63,461s][info ][gc] GC(15) Pause Young (Normal) (G1 Evacuation Pause) 1688M->2M(2816M) 1,794ms
[2025-02-10T20:01:45.904+0400][68,061s][info ][gc] GC(16) Pause Young (Normal) (G1 Evacuation Pause) 1688M->2M(2816M) 1,226ms
