[2025-02-10T21:14:47.191+0400][0.002s][info][gc] Using G1
[2025-02-10T21:14:47.192+0400][0.002s][debug][gc] ConcGCThreads: 2 offset 12
[2025-02-10T21:14:47.192+0400][0.002s][debug][gc] ParallelGCThreads: 6
[2025-02-10T21:14:47.192+0400][0.002s][debug][gc] Initialize mark stack with 4096 chunks, maximum 524288
[2025-02-10T21:14:47.727+0400][0,537s][info ][gc] GC(0) Pause Young (Normal) (G1 Evacuation Pause) 153M->2M(3072M) 2,613ms
[2025-02-10T21:14:48.068+0400][0,879s][info ][gc] GC(1) Pause Young (Normal) (G1 Evacuation Pause) 164M->2M(3072M) 1,798ms
[2025-02-10T21:14:52.455+0400][5,265s][info ][gc] GC(2) Pause Young (Normal) (G1 Evacuation Pause) 1842M->2M(3072M) 2,205ms
[2025-02-10T21:14:56.232+0400][9,042s][info ][gc] GC(3) Pause Young (Normal) (G1 Evacuation Pause) 1842M->2M(3072M) 2,061ms
[2025-02-10T21:15:00.011+0400][12,821s][info ][gc] GC(4) Pause Young (Normal) (G1 Evacuation Pause) 1842M->2M(3072M) 2,490ms
[2025-02-10T21:15:03.979+0400][16,790s][info ][gc] GC(5) Pause Young (Normal) (G1 Evacuation Pause) 1842M->2M(3072M) 2,088ms
[2025-02-10T21:15:07.765+0400][20,575s][info ][gc] GC(6) Pause Young (Normal) (G1 Evacuation Pause) 1842M->2M(3072M) 1,861ms
[2025-02-10T21:15:11.540+0400][24,351s][info ][gc] GC(7) Pause Young (Normal) (G1 Evacuation Pause) 1842M->2M(3072M) 1,802ms
[2025-02-10T21:15:15.318+0400][28,128s][info ][gc] GC(8) Pause Young (Normal) (G1 Evacuation Pause) 1842M->2M(3072M) 2,037ms
[2025-02-10T21:15:19.098+0400][31,908s][info ][gc] GC(9) Pause Young (Normal) (G1 Evacuation Pause) 1842M->2M(3072M) 2,178ms
[2025-02-10T21:15:22.880+0400][35,691s][info ][gc] GC(10) Pause Young (Normal) (G1 Evacuation Pause) 1842M->2M(3072M) 2,273ms
[2025-02-10T21:15:26.658+0400][39,468s][info ][gc] GC(11) Pause Young (Normal) (G1 Evacuation Pause) 1842M->2M(3072M) 1,813ms
[2025-02-10T21:15:30.455+0400][43,265s][info ][gc] GC(12) Pause Young (Normal) (G1 Evacuation Pause) 1842M->2M(3072M) 2,018ms
[2025-02-10T21:15:34.234+0400][47,044s][info ][gc] GC(13) Pause Young (Normal) (G1 Evacuation Pause) 1842M->2M(3072M) 2,094ms
[2025-02-10T21:15:38.034+0400][50,845s][info ][gc] GC(14) Pause Young (Normal) (G1 Evacuation Pause) 1842M->2M(3072M) 1,833ms
[2025-02-10T21:15:41.814+0400][54,624s][info ][gc] GC(15) Pause Young (Normal) (G1 Evacuation Pause) 1842M->3M(3072M) 2,349ms
[2025-02-10T21:15:45.862+0400][58,672s][info ][gc] GC(16) Pause Young (Normal) (G1 Evacuation Pause) 1843M->2M(3072M) 1,220ms
[2025-02-10T21:15:49.935+0400][62,745s][info ][gc] GC(17) Pause Young (Normal) (G1 Evacuation Pause) 1842M->2M(3072M) 1,576ms
[2025-02-10T21:15:54.025+0400][66,835s][info ][gc] GC(18) Pause Young (Normal) (G1 Evacuation Pause) 1842M->2M(3072M) 1,309ms
[2025-02-10T21:15:58.113+0400][70,923s][info ][gc] GC(19) Pause Young (Normal) (G1 Evacuation Pause) 1842M->2M(3072M) 1,579ms
