[2025-02-10T20:19:49.035+0400][0.001s][info][gc] Using G1
[2025-02-10T20:19:49.035+0400][0.002s][debug][gc] ConcGCThreads: 2 offset 12
[2025-02-10T20:19:49.035+0400][0.002s][debug][gc] ParallelGCThreads: 6
[2025-02-10T20:19:49.035+0400][0.002s][debug][gc] Initialize mark stack with 4096 chunks, maximum 524288
[2025-02-10T20:19:49.308+0400][0,275s][info ][gc] GC(0) Pause Young (Normal) (G1 Evacuation Pause) 65M->5M(1280M) 3,366ms
[2025-02-10T20:19:49.384+0400][0,351s][info ][gc] GC(1) Pause Young (Normal) (G1 Evacuation Pause) 73M->3M(1280M) 1,781ms
[2025-02-10T20:19:50.300+0400][1,267s][info ][gc] GC(2) Pause Young (Normal) (G1 Evacuation Pause) 768M->3M(1280M) 2,498ms
[2025-02-10T20:19:50.954+0400][1,920s][info ][gc] GC(3) Pause Young (Normal) (G1 Evacuation Pause) 768M->3M(1280M) 2,269ms
[2025-02-10T20:19:51.608+0400][2,575s][info ][gc] GC(4) Pause Young (Normal) (G1 Evacuation Pause) 768M->4M(1280M) 2,386ms
[2025-02-10T20:19:52.261+0400][3,228s][info ][gc] GC(5) Pause Young (Normal) (G1 Evacuation Pause) 768M->4M(1280M) 2,534ms
[2025-02-10T20:19:52.914+0400][3,881s][info ][gc] GC(6) Pause Young (Normal) (G1 Evacuation Pause) 768M->4M(1280M) 2,267ms
[2025-02-10T20:19:53.566+0400][4,533s][info ][gc] GC(7) Pause Young (Normal) (G1 Evacuation Pause) 768M->4M(1280M) 2,647ms
[2025-02-10T20:19:54.218+0400][5,185s][info ][gc] GC(8) Pause Young (Normal) (G1 Evacuation Pause) 768M->4M(1280M) 2,381ms
[2025-02-10T20:19:54.871+0400][5,838s][info ][gc] GC(9) Pause Young (Normal) (G1 Evacuation Pause) 768M->4M(1280M) 2,387ms
[2025-02-10T20:19:55.529+0400][6,495s][info ][gc] GC(10) Pause Young (Normal) (G1 Evacuation Pause) 768M->4M(1280M) 2,752ms
[2025-02-10T20:19:56.182+0400][7,149s][info ][gc] GC(11) Pause Young (Normal) (G1 Evacuation Pause) 768M->5M(1280M) 2,967ms
[2025-02-10T20:19:56.838+0400][7,805s][info ][gc] GC(12) Pause Young (Normal) (G1 Evacuation Pause) 769M->5M(1280M) 2,678ms
[2025-02-10T20:19:57.490+0400][8,457s][info ][gc] GC(13) Pause Young (Normal) (G1 Evacuation Pause) 768M->5M(1280M) 3,036ms
[2025-02-10T20:19:58.142+0400][9,109s][info ][gc] GC(14) Pause Young (Normal) (G1 Evacuation Pause) 768M->5M(1280M) 2,576ms
[2025-02-10T20:19:58.795+0400][9,761s][info ][gc] GC(15) Pause Young (Normal) (G1 Evacuation Pause) 768M->5M(1280M) 2,904ms
[2025-02-10T20:19:59.615+0400][10,582s][info ][gc] GC(16) Pause Young (Normal) (G1 Evacuation Pause) 770M->5M(1280M) 2,773ms
[2025-02-10T20:20:00.436+0400][11,403s][info ][gc] GC(17) Pause Young (Normal) (G1 Evacuation Pause) 770M->5M(1280M) 2,781ms
[2025-02-10T20:20:01.255+0400][12,221s][info ][gc] GC(18) Pause Young (Normal) (G1 Evacuation Pause) 770M->3M(1280M) 1,264ms
[2025-02-10T20:20:02.075+0400][13,042s][info ][gc] GC(19) Pause Young (Normal) (G1 Evacuation Pause) 770M->3M(1280M) 1,730ms
[2025-02-10T20:20:02.896+0400][13,863s][info ][gc] GC(20) Pause Young (Normal) (G1 Evacuation Pause) 770M->4M(1280M) 2,066ms
[2025-02-10T20:20:03.716+0400][14,683s][info ][gc] GC(21) Pause Young (Normal) (G1 Evacuation Pause) 770M->4M(1280M) 2,307ms
[2025-02-10T20:20:04.538+0400][15,505s][info ][gc] GC(22) Pause Young (Normal) (G1 Evacuation Pause) 770M->5M(1280M) 2,647ms
[2025-02-10T20:20:05.358+0400][16,324s][info ][gc] GC(23) Pause Young (Normal) (G1 Evacuation Pause) 770M->5M(1280M) 2,720ms
[2025-02-10T20:20:06.178+0400][17,144s][info ][gc] GC(24) Pause Young (Normal) (G1 Evacuation Pause) 770M->5M(1280M) 2,945ms
[2025-02-10T20:20:06.997+0400][17,964s][info ][gc] GC(25) Pause Young (Normal) (G1 Evacuation Pause) 770M->6M(1280M) 2,729ms
[2025-02-10T20:20:07.815+0400][18,782s][info ][gc] GC(26) Pause Young (Normal) (G1 Evacuation Pause) 770M->3M(1280M) 1,534ms
[2025-02-10T20:20:08.637+0400][19,604s][info ][gc] GC(27) Pause Young (Normal) (G1 Evacuation Pause) 770M->3M(1280M) 1,814ms
[2025-02-10T20:20:09.459+0400][20,426s][info ][gc] GC(28) Pause Young (Normal) (G1 Evacuation Pause) 770M->4M(1280M) 2,109ms
[2025-02-10T20:20:10.280+0400][21,247s][info ][gc] GC(29) Pause Young (Normal) (G1 Evacuation Pause) 770M->4M(1280M) 2,627ms
[2025-02-10T20:20:11.100+0400][22,067s][info ][gc] GC(30) Pause Young (Normal) (G1 Evacuation Pause) 770M->5M(1280M) 2,510ms
[2025-02-10T20:20:11.920+0400][22,887s][info ][gc] GC(31) Pause Young (Normal) (G1 Evacuation Pause) 770M->5M(1280M) 2,783ms
[2025-02-10T20:20:12.740+0400][23,707s][info ][gc] GC(32) Pause Young (Normal) (G1 Evacuation Pause) 770M->5M(1280M) 3,039ms
[2025-02-10T20:20:13.565+0400][24,531s][info ][gc] GC(33) Pause Young (Normal) (G1 Evacuation Pause) 770M->6M(1280M) 2,786ms
[2025-02-10T20:20:14.382+0400][25,349s][info ][gc] GC(34) Pause Young (Normal) (G1 Evacuation Pause) 770M->3M(1280M) 1,328ms
[2025-02-10T20:20:15.203+0400][26,170s][info ][gc] GC(35) Pause Young (Normal) (G1 Evacuation Pause) 770M->3M(1280M) 1,611ms
[2025-02-10T20:20:16.024+0400][26,991s][info ][gc] GC(36) Pause Young (Normal) (G1 Evacuation Pause) 770M->4M(1280M) 2,094ms
[2025-02-10T20:20:16.844+0400][27,811s][info ][gc] GC(37) Pause Young (Normal) (G1 Evacuation Pause) 770M->4M(1280M) 2,278ms
[2025-02-10T20:20:17.665+0400][28,631s][info ][gc] GC(38) Pause Young (Normal) (G1 Evacuation Pause) 770M->5M(1280M) 2,678ms
[2025-02-10T20:20:18.485+0400][29,451s][info ][gc] GC(39) Pause Young (Normal) (G1 Evacuation Pause) 770M->5M(1280M) 2,765ms
[2025-02-10T20:20:19.305+0400][30,271s][info ][gc] GC(40) Pause Young (Normal) (G1 Evacuation Pause) 770M->5M(1280M) 2,834ms
[2025-02-10T20:20:20.125+0400][31,092s][info ][gc] GC(41) Pause Young (Normal) (G1 Evacuation Pause) 770M->6M(1280M) 3,126ms
[2025-02-10T20:20:20.943+0400][31,910s][info ][gc] GC(42) Pause Young (Normal) (G1 Evacuation Pause) 770M->3M(1280M) 1,974ms
[2025-02-10T20:20:21.763+0400][32,730s][info ][gc] GC(43) Pause Young (Normal) (G1 Evacuation Pause) 770M->3M(1280M) 1,609ms
[2025-02-10T20:20:22.584+0400][33,551s][info ][gc] GC(44) Pause Young (Normal) (G1 Evacuation Pause) 770M->4M(1280M) 1,960ms
[2025-02-10T20:20:23.405+0400][34,371s][info ][gc] GC(45) Pause Young (Normal) (G1 Evacuation Pause) 770M->4M(1280M) 2,388ms
[2025-02-10T20:20:24.226+0400][35,192s][info ][gc] GC(46) Pause Young (Normal) (G1 Evacuation Pause) 770M->5M(1280M) 2,788ms
[2025-02-10T20:20:25.046+0400][36,012s][info ][gc] GC(47) Pause Young (Normal) (G1 Evacuation Pause) 770M->5M(1280M) 2,878ms
[2025-02-10T20:20:25.866+0400][36,833s][info ][gc] GC(48) Pause Young (Normal) (G1 Evacuation Pause) 770M->5M(1280M) 3,054ms
[2025-02-10T20:20:26.686+0400][37,653s][info ][gc] GC(49) Pause Young (Normal) (G1 Evacuation Pause) 770M->6M(1280M) 2,842ms
[2025-02-10T20:20:27.505+0400][38,472s][info ][gc] GC(50) Pause Young (Normal) (G1 Evacuation Pause) 770M->3M(1280M) 1,383ms
[2025-02-10T20:20:28.326+0400][39,293s][info ][gc] GC(51) Pause Young (Normal) (G1 Evacuation Pause) 770M->3M(1280M) 1,988ms
[2025-02-10T20:20:29.147+0400][40,114s][info ][gc] GC(52) Pause Young (Normal) (G1 Evacuation Pause) 770M->4M(1280M) 2,193ms
[2025-02-10T20:20:29.968+0400][40,935s][info ][gc] GC(53) Pause Young (Normal) (G1 Evacuation Pause) 770M->4M(1280M) 2,502ms
[2025-02-10T20:20:30.790+0400][41,757s][info ][gc] GC(54) Pause Young (Normal) (G1 Evacuation Pause) 770M->5M(1280M) 2,692ms
[2025-02-10T20:20:31.610+0400][42,576s][info ][gc] GC(55) Pause Young (Normal) (G1 Evacuation Pause) 770M->5M(1280M) 2,763ms
[2025-02-10T20:20:32.430+0400][43,396s][info ][gc] GC(56) Pause Young (Normal) (G1 Evacuation Pause) 770M->5M(1280M) 3,081ms
[2025-02-10T20:20:33.249+0400][44,215s][info ][gc] GC(57) Pause Young (Normal) (G1 Evacuation Pause) 770M->3M(1280M) 1,812ms
[2025-02-10T20:20:34.070+0400][45,036s][info ][gc] GC(58) Pause Young (Normal) (G1 Evacuation Pause) 770M->3M(1280M) 1,698ms
[2025-02-10T20:20:34.892+0400][45,859s][info ][gc] GC(59) Pause Young (Normal) (G1 Evacuation Pause) 770M->4M(1280M) 2,050ms
[2025-02-10T20:20:35.714+0400][46,681s][info ][gc] GC(60) Pause Young (Normal) (G1 Evacuation Pause) 770M->4M(1280M) 2,659ms
[2025-02-10T20:20:36.535+0400][47,502s][info ][gc] GC(61) Pause Young (Normal) (G1 Evacuation Pause) 770M->5M(1280M) 2,483ms
[2025-02-10T20:20:37.355+0400][48,321s][info ][gc] GC(62) Pause Young (Normal) (G1 Evacuation Pause) 770M->5M(1280M) 2,775ms
[2025-02-10T20:20:38.175+0400][49,141s][info ][gc] GC(63) Pause Young (Normal) (G1 Evacuation Pause) 770M->5M(1280M) 2,931ms
[2025-02-10T20:20:38.995+0400][49,962s][info ][gc] GC(64) Pause Young (Normal) (G1 Evacuation Pause) 770M->6M(1280M) 3,159ms
[2025-02-10T20:20:39.812+0400][50,779s][info ][gc] GC(65) Pause Young (Normal) (G1 Evacuation Pause) 770M->3M(1280M) 1,368ms
[2025-02-10T20:20:40.633+0400][51,600s][info ][gc] GC(66) Pause Young (Normal) (G1 Evacuation Pause) 770M->3M(1280M) 1,809ms
[2025-02-10T20:20:41.456+0400][52,423s][info ][gc] GC(67) Pause Young (Normal) (G1 Evacuation Pause) 770M->4M(1280M) 1,967ms
[2025-02-10T20:20:42.276+0400][53,243s][info ][gc] GC(68) Pause Young (Normal) (G1 Evacuation Pause) 770M->4M(1280M) 2,322ms
[2025-02-10T20:20:43.097+0400][54,064s][info ][gc] GC(69) Pause Young (Normal) (G1 Evacuation Pause) 770M->5M(1280M) 2,488ms
[2025-02-10T20:20:43.917+0400][54,884s][info ][gc] GC(70) Pause Young (Normal) (G1 Evacuation Pause) 770M->5M(1280M) 2,845ms
[2025-02-10T20:20:44.737+0400][55,704s][info ][gc] GC(71) Pause Young (Normal) (G1 Evacuation Pause) 770M->5M(1280M) 2,925ms
[2025-02-10T20:20:45.558+0400][56,524s][info ][gc] GC(72) Pause Young (Normal) (G1 Evacuation Pause) 770M->6M(1280M) 3,221ms
[2025-02-10T20:20:46.376+0400][57,342s][info ][gc] GC(73) Pause Young (Normal) (G1 Evacuation Pause) 770M->3M(1280M) 1,419ms
[2025-02-10T20:20:47.197+0400][58,163s][info ][gc] GC(74) Pause Young (Normal) (G1 Evacuation Pause) 770M->3M(1280M) 1,648ms
[2025-02-10T20:20:48.018+0400][58,985s][info ][gc] GC(75) Pause Young (Normal) (G1 Evacuation Pause) 770M->4M(1280M) 2,663ms
[2025-02-10T20:20:48.838+0400][59,805s][info ][gc] GC(76) Pause Young (Normal) (G1 Evacuation Pause) 770M->4M(1280M) 2,410ms
[2025-02-10T20:20:49.663+0400][60,629s][info ][gc] GC(77) Pause Young (Normal) (G1 Evacuation Pause) 770M->5M(1280M) 2,405ms
[2025-02-10T20:20:50.488+0400][61,455s][info ][gc] GC(78) Pause Young (Normal) (G1 Evacuation Pause) 770M->5M(1280M) 2,825ms
[2025-02-10T20:20:51.315+0400][62,281s][info ][gc] GC(79) Pause Young (Normal) (G1 Evacuation Pause) 770M->5M(1280M) 3,043ms
[2025-02-10T20:20:52.141+0400][63,108s][info ][gc] GC(80) Pause Young (Normal) (G1 Evacuation Pause) 770M->6M(1280M) 2,954ms
[2025-02-10T20:20:52.964+0400][63,931s][info ][gc] GC(81) Pause Young (Normal) (G1 Evacuation Pause) 770M->3M(1280M) 1,683ms
[2025-02-10T20:20:53.791+0400][64,758s][info ][gc] GC(82) Pause Young (Normal) (G1 Evacuation Pause) 770M->3M(1280M) 1,791ms
[2025-02-10T20:20:54.618+0400][65,585s][info ][gc] GC(83) Pause Young (Normal) (G1 Evacuation Pause) 770M->4M(1280M) 2,091ms
[2025-02-10T20:20:55.446+0400][66,412s][info ][gc] GC(84) Pause Young (Normal) (G1 Evacuation Pause) 770M->4M(1280M) 2,415ms
[2025-02-10T20:20:56.272+0400][67,239s][info ][gc] GC(85) Pause Young (Normal) (G1 Evacuation Pause) 770M->5M(1280M) 2,695ms
[2025-02-10T20:20:57.098+0400][68,065s][info ][gc] GC(86) Pause Young (Normal) (G1 Evacuation Pause) 770M->5M(1280M) 2,839ms
[2025-02-10T20:20:57.925+0400][68,892s][info ][gc] GC(87) Pause Young (Normal) (G1 Evacuation Pause) 770M->5M(1280M) 2,899ms
[2025-02-10T20:20:58.751+0400][69,718s][info ][gc] GC(88) Pause Young (Normal) (G1 Evacuation Pause) 770M->6M(1280M) 2,845ms
[2025-02-10T20:20:59.574+0400][70,541s][info ][gc] GC(89) Pause Young (Normal) (G1 Evacuation Pause) 770M->3M(1280M) 1,477ms
[2025-02-10T20:21:00.401+0400][71,368s][info ][gc] GC(90) Pause Young (Normal) (G1 Evacuation Pause) 770M->3M(1280M) 1,576ms
[2025-02-10T20:21:01.228+0400][72,195s][info ][gc] GC(91) Pause Young (Normal) (G1 Evacuation Pause) 770M->4M(1280M) 1,913ms
[2025-02-10T20:21:02.057+0400][73,023s][info ][gc] GC(92) Pause Young (Normal) (G1 Evacuation Pause) 770M->4M(1280M) 2,590ms
[2025-02-10T20:21:02.883+0400][73,850s][info ][gc] GC(93) Pause Young (Normal) (G1 Evacuation Pause) 770M->5M(1280M) 2,447ms
[2025-02-10T20:21:03.709+0400][74,675s][info ][gc] GC(94) Pause Young (Normal) (G1 Evacuation Pause) 770M->5M(1280M) 2,824ms
[2025-02-10T20:21:04.534+0400][75,501s][info ][gc] GC(95) Pause Young (Normal) (G1 Evacuation Pause) 770M->5M(1280M) 2,738ms
[2025-02-10T20:21:05.360+0400][76,327s][info ][gc] GC(96) Pause Young (Normal) (G1 Evacuation Pause) 770M->6M(1280M) 2,877ms
[2025-02-10T20:21:06.183+0400][77,150s][info ][gc] GC(97) Pause Young (Normal) (G1 Evacuation Pause) 770M->3M(1280M) 1,432ms
[2025-02-10T20:21:07.010+0400][77,977s][info ][gc] GC(98) Pause Young (Normal) (G1 Evacuation Pause) 770M->3M(1280M) 1,690ms
[2025-02-10T20:21:07.837+0400][78,804s][info ][gc] GC(99) Pause Young (Normal) (G1 Evacuation Pause) 770M->4M(1280M) 2,108ms
[2025-02-10T20:21:08.663+0400][79,630s][info ][gc] GC(100) Pause Young (Normal) (G1 Evacuation Pause) 770M->4M(1280M) 2,845ms
[2025-02-10T20:21:09.491+0400][80,458s][info ][gc] GC(101) Pause Young (Normal) (G1 Evacuation Pause) 770M->5M(1280M) 2,747ms
[2025-02-10T20:21:10.317+0400][81,283s][info ][gc] GC(102) Pause Young (Normal) (G1 Evacuation Pause) 770M->5M(1280M) 2,834ms
[2025-02-10T20:21:11.142+0400][82,109s][info ][gc] GC(103) Pause Young (Normal) (G1 Evacuation Pause) 770M->6M(1280M) 2,870ms
[2025-02-10T20:21:11.966+0400][82,933s][info ][gc] GC(104) Pause Young (Normal) (G1 Evacuation Pause) 770M->5M(1280M) 3,000ms
[2025-02-10T20:21:12.790+0400][83,757s][info ][gc] GC(105) Pause Young (Normal) (G1 Evacuation Pause) 770M->3M(1280M) 1,389ms
[2025-02-10T20:21:13.617+0400][84,584s][info ][gc] GC(106) Pause Young (Normal) (G1 Evacuation Pause) 770M->3M(1280M) 1,805ms
[2025-02-10T20:21:14.445+0400][85,411s][info ][gc] GC(107) Pause Young (Normal) (G1 Evacuation Pause) 770M->4M(1280M) 2,042ms
[2025-02-10T20:21:15.277+0400][86,243s][info ][gc] GC(108) Pause Young (Normal) (G1 Evacuation Pause) 770M->4M(1280M) 2,591ms
[2025-02-10T20:21:16.103+0400][87,070s][info ][gc] GC(109) Pause Young (Normal) (G1 Evacuation Pause) 770M->5M(1280M) 2,757ms
[2025-02-10T20:21:16.931+0400][87,897s][info ][gc] GC(110) Pause Young (Normal) (G1 Evacuation Pause) 770M->5M(1280M) 2,930ms
[2025-02-10T20:21:17.756+0400][88,723s][info ][gc] GC(111) Pause Young (Normal) (G1 Evacuation Pause) 770M->6M(1280M) 2,862ms
[2025-02-10T20:21:18.581+0400][89,548s][info ][gc] GC(112) Pause Young (Normal) (G1 Evacuation Pause) 770M->5M(1280M) 3,031ms
[2025-02-10T20:21:19.405+0400][90,372s][info ][gc] GC(113) Pause Young (Normal) (G1 Evacuation Pause) 770M->3M(1280M) 1,401ms
[2025-02-10T20:21:20.232+0400][91,199s][info ][gc] GC(114) Pause Young (Normal) (G1 Evacuation Pause) 770M->3M(1280M) 1,900ms
[2025-02-10T20:21:21.060+0400][92,026s][info ][gc] GC(115) Pause Young (Normal) (G1 Evacuation Pause) 770M->4M(1280M) 1,959ms
[2025-02-10T20:21:21.886+0400][92,853s][info ][gc] GC(116) Pause Young (Normal) (G1 Evacuation Pause) 770M->4M(1280M) 2,495ms
[2025-02-10T20:21:22.714+0400][93,681s][info ][gc] GC(117) Pause Young (Normal) (G1 Evacuation Pause) 770M->5M(1280M) 2,700ms
[2025-02-10T20:21:23.540+0400][94,507s][info ][gc] GC(118) Pause Young (Normal) (G1 Evacuation Pause) 770M->5M(1280M) 2,765ms
[2025-02-10T20:21:24.366+0400][95,333s][info ][gc] GC(119) Pause Young (Normal) (G1 Evacuation Pause) 770M->5M(1280M) 3,379ms
[2025-02-10T20:21:25.192+0400][96,159s][info ][gc] GC(120) Pause Young (Normal) (G1 Evacuation Pause) 770M->6M(1280M) 2,960ms
[2025-02-10T20:21:26.015+0400][96,982s][info ][gc] GC(121) Pause Young (Normal) (G1 Evacuation Pause) 770M->3M(1280M) 1,599ms
[2025-02-10T20:21:26.842+0400][97,809s][info ][gc] GC(122) Pause Young (Normal) (G1 Evacuation Pause) 770M->3M(1280M) 1,733ms
[2025-02-10T20:21:27.669+0400][98,636s][info ][gc] GC(123) Pause Young (Normal) (G1 Evacuation Pause) 770M->4M(1280M) 2,021ms
[2025-02-10T20:21:28.495+0400][99,462s][info ][gc] GC(124) Pause Young (Normal) (G1 Evacuation Pause) 770M->4M(1280M) 2,302ms
[2025-02-10T20:21:29.323+0400][100,290s][info ][gc] GC(125) Pause Young (Normal) (G1 Evacuation Pause) 770M->5M(1280M) 2,448ms
[2025-02-10T20:21:30.149+0400][101,115s][info ][gc] GC(126) Pause Young (Normal) (G1 Evacuation Pause) 770M->5M(1280M) 2,583ms
[2025-02-10T20:21:30.975+0400][101,942s][info ][gc] GC(127) Pause Young (Normal) (G1 Evacuation Pause) 770M->5M(1280M) 3,043ms
[2025-02-10T20:21:31.799+0400][102,766s][info ][gc] GC(128) Pause Young (Normal) (G1 Evacuation Pause) 770M->3M(1280M) 1,232ms
[2025-02-10T20:21:32.627+0400][103,593s][info ][gc] GC(129) Pause Young (Normal) (G1 Evacuation Pause) 770M->3M(1280M) 1,714ms
[2025-02-10T20:21:33.454+0400][104,420s][info ][gc] GC(130) Pause Young (Normal) (G1 Evacuation Pause) 770M->4M(1280M) 2,163ms
[2025-02-10T20:21:34.280+0400][105,247s][info ][gc] GC(131) Pause Young (Normal) (G1 Evacuation Pause) 770M->4M(1280M) 2,263ms
[2025-02-10T20:21:35.108+0400][106,075s][info ][gc] GC(132) Pause Young (Normal) (G1 Evacuation Pause) 770M->5M(1280M) 2,354ms
[2025-02-10T20:21:35.935+0400][106,902s][info ][gc] GC(133) Pause Young (Normal) (G1 Evacuation Pause) 770M->5M(1280M) 2,833ms
[2025-02-10T20:21:36.761+0400][107,728s][info ][gc] GC(134) Pause Young (Normal) (G1 Evacuation Pause) 770M->5M(1280M) 3,087ms
[2025-02-10T20:21:37.587+0400][108,554s][info ][gc] GC(135) Pause Young (Normal) (G1 Evacuation Pause) 770M->6M(1280M) 3,113ms
