[2025-02-10T19:15:53.393+0400][0.002s][info][gc] Using G1
[2025-02-10T19:15:53.393+0400][0.002s][debug][gc] ConcGCThreads: 2 offset 12
[2025-02-10T19:15:53.393+0400][0.002s][debug][gc] ParallelGCThreads: 6
[2025-02-10T19:15:53.393+0400][0.002s][debug][gc] Initialize mark stack with 4096 chunks, maximum 524288
[2025-02-10T19:15:53.971+0400][0,579s][info ][gc] GC(0) Pause Young (Normal) (G1 Evacuation Pause) 167M->2M(3328M) 2,193ms
[2025-02-10T19:15:54.340+0400][0,949s][info ][gc] GC(1) Pause Young (Normal) (G1 Evacuation Pause) 178M->2M(3328M) 1,606ms
[2025-02-10T19:15:59.108+0400][5,717s][info ][gc] GC(2) Pause Young (Normal) (G1 Evacuation Pause) 1996M->2M(3328M) 2,659ms
[2025-02-10T19:16:03.238+0400][9,846s][info ][gc] GC(3) Pause Young (Normal) (G1 Evacuation Pause) 1996M->2M(3328M) 2,193ms
[2025-02-10T19:16:07.356+0400][13,965s][info ][gc] GC(4) Pause Young (Normal) (G1 Evacuation Pause) 1996M->2M(3328M) 2,099ms
[2025-02-10T19:16:11.473+0400][18,082s][info ][gc] GC(5) Pause Young (Normal) (G1 Evacuation Pause) 1996M->2M(3328M) 2,064ms
[2025-02-10T19:16:15.613+0400][22,222s][info ][gc] GC(6) Pause Young (Normal) (G1 Evacuation Pause) 1996M->2M(3328M) 2,522ms
[2025-02-10T19:16:19.732+0400][26,340s][info ][gc] GC(7) Pause Young (Normal) (G1 Evacuation Pause) 1996M->2M(3328M) 2,221ms
[2025-02-10T19:16:23.848+0400][30,457s][info ][gc] GC(8) Pause Young (Normal) (G1 Evacuation Pause) 1996M->2M(3328M) 2,067ms
[2025-02-10T19:16:27.968+0400][34,577s][info ][gc] GC(9) Pause Young (Normal) (G1 Evacuation Pause) 1996M->2M(3328M) 1,995ms
[2025-02-10T19:16:32.087+0400][38,696s][info ][gc] GC(10) Pause Young (Normal) (G1 Evacuation Pause) 1996M->2M(3328M) 2,041ms
[2025-02-10T19:16:36.194+0400][42,803s][info ][gc] GC(11) Pause Young (Normal) (G1 Evacuation Pause) 1996M->2M(3328M) 1,893ms
[2025-02-10T19:16:40.318+0400][46,927s][info ][gc] GC(12) Pause Young (Normal) (G1 Evacuation Pause) 1996M->2M(3328M) 2,028ms
[2025-02-10T19:16:44.431+0400][51,040s][info ][gc] GC(13) Pause Young (Normal) (G1 Evacuation Pause) 1996M->2M(3328M) 1,817ms
[2025-02-10T19:16:48.556+0400][55,164s][info ][gc] GC(14) Pause Young (Normal) (G1 Evacuation Pause) 1996M->2M(3328M) 2,182ms
[2025-02-10T19:16:52.669+0400][59,278s][info ][gc] GC(15) Pause Young (Normal) (G1 Evacuation Pause) 1996M->2M(3328M) 2,055ms
[2025-02-10T19:16:57.171+0400][63,780s][info ][gc] GC(16) Pause Young (Normal) (G1 Evacuation Pause) 1996M->2M(3328M) 1,807ms
[2025-02-10T19:17:01.691+0400][68,299s][info ][gc] GC(17) Pause Young (Normal) (G1 Evacuation Pause) 1996M->2M(3328M) 1,774ms
[2025-02-10T19:17:06.287+0400][72,896s][info ][gc] GC(18) Pause Young (Normal) (G1 Evacuation Pause) 1996M->2M(3328M) 1,719ms
