[2025-02-10T19:09:39.351+0400][0.002s][info][gc] Using G1
[2025-02-10T19:09:39.351+0400][0.002s][debug][gc] ConcGCThreads: 2 offset 12
[2025-02-10T19:09:39.351+0400][0.002s][debug][gc] ParallelGCThreads: 6
[2025-02-10T19:09:39.351+0400][0.002s][debug][gc] Initialize mark stack with 4096 chunks, maximum 524288
[2025-02-10T19:09:39.782+0400][0,433s][info ][gc] GC(0) Pause Young (Normal) (G1 Evacuation Pause) 103M->2M(2048M) 2,281ms
[2025-02-10T19:09:40.019+0400][0,669s][info ][gc] GC(1) Pause Young (Normal) (G1 Evacuation Pause) 112M->2M(2048M) 1,713ms
[2025-02-10T19:09:42.994+0400][3,645s][info ][gc] GC(2) Pause Young (Normal) (G1 Evacuation Pause) 1228M->2M(2048M) 2,495ms
[2025-02-10T19:09:45.557+0400][6,208s][info ][gc] GC(3) Pause Young (Normal) (G1 Evacuation Pause) 1228M->2M(2048M) 2,196ms
[2025-02-10T19:09:48.120+0400][8,771s][info ][gc] GC(4) Pause Young (Normal) (G1 Evacuation Pause) 1228M->2M(2048M) 2,470ms
[2025-02-10T19:09:50.698+0400][11,348s][info ][gc] GC(5) Pause Young (Normal) (G1 Evacuation Pause) 1228M->2M(2048M) 2,327ms
[2025-02-10T19:09:53.263+0400][13,913s][info ][gc] GC(6) Pause Young (Normal) (G1 Evacuation Pause) 1228M->2M(2048M) 2,505ms
[2025-02-10T19:09:55.825+0400][16,476s][info ][gc] GC(7) Pause Young (Normal) (G1 Evacuation Pause) 1228M->2M(2048M) 2,170ms
[2025-02-10T19:09:58.385+0400][19,035s][info ][gc] GC(8) Pause Young (Normal) (G1 Evacuation Pause) 1228M->2M(2048M) 2,226ms
[2025-02-10T19:10:00.946+0400][21,597s][info ][gc] GC(9) Pause Young (Normal) (G1 Evacuation Pause) 1228M->2M(2048M) 2,404ms
[2025-02-10T19:10:03.508+0400][24,159s][info ][gc] GC(10) Pause Young (Normal) (G1 Evacuation Pause) 1228M->2M(2048M) 1,912ms
[2025-02-10T19:10:06.074+0400][26,724s][info ][gc] GC(11) Pause Young (Normal) (G1 Evacuation Pause) 1228M->2M(2048M) 1,906ms
[2025-02-10T19:10:08.632+0400][29,283s][info ][gc] GC(12) Pause Young (Normal) (G1 Evacuation Pause) 1228M->2M(2048M) 2,513ms
[2025-02-10T19:10:11.199+0400][31,850s][info ][gc] GC(13) Pause Young (Normal) (G1 Evacuation Pause) 1228M->2M(2048M) 2,374ms
[2025-02-10T19:10:13.761+0400][34,411s][info ][gc] GC(14) Pause Young (Normal) (G1 Evacuation Pause) 1228M->2M(2048M) 2,539ms
[2025-02-10T19:10:16.320+0400][36,971s][info ][gc] GC(15) Pause Young (Normal) (G1 Evacuation Pause) 1228M->2M(2048M) 2,274ms
[2025-02-10T19:10:19.134+0400][39,784s][info ][gc] GC(16) Pause Young (Normal) (G1 Evacuation Pause) 1229M->2M(2048M) 1,811ms
[2025-02-10T19:10:21.948+0400][42,598s][info ][gc] GC(17) Pause Young (Normal) (G1 Evacuation Pause) 1229M->2M(2048M) 1,816ms
[2025-02-10T19:10:24.763+0400][45,414s][info ][gc] GC(18) Pause Young (Normal) (G1 Evacuation Pause) 1229M->2M(2048M) 2,127ms
[2025-02-10T19:10:27.578+0400][48,229s][info ][gc] GC(19) Pause Young (Normal) (G1 Evacuation Pause) 1229M->2M(2048M) 1,758ms
[2025-02-10T19:10:30.392+0400][51,043s][info ][gc] GC(20) Pause Young (Normal) (G1 Evacuation Pause) 1229M->2M(2048M) 1,697ms
[2025-02-10T19:10:33.220+0400][53,871s][info ][gc] GC(21) Pause Young (Normal) (G1 Evacuation Pause) 1229M->2M(2048M) 2,233ms
[2025-02-10T19:10:36.073+0400][56,723s][info ][gc] GC(22) Pause Young (Normal) (G1 Evacuation Pause) 1229M->2M(2048M) 1,344ms
[2025-02-10T19:10:38.885+0400][59,535s][info ][gc] GC(23) Pause Young (Normal) (G1 Evacuation Pause) 1229M->2M(2048M) 1,704ms
[2025-02-10T19:10:41.720+0400][62,371s][info ][gc] GC(24) Pause Young (Normal) (G1 Evacuation Pause) 1229M->2M(2048M) 1,484ms
[2025-02-10T19:10:44.552+0400][65,203s][info ][gc] GC(25) Pause Young (Normal) (G1 Evacuation Pause) 1229M->2M(2048M) 1,577ms
[2025-02-10T19:10:47.381+0400][68,032s][info ][gc] GC(26) Pause Young (Normal) (G1 Evacuation Pause) 1229M->2M(2048M) 1,259ms
[2025-02-10T19:10:50.209+0400][70,860s][info ][gc] GC(27) Pause Young (Normal) (G1 Evacuation Pause) 1229M->2M(2048M) 1,591ms
[2025-02-10T19:10:53.038+0400][73,688s][info ][gc] GC(28) Pause Young (Normal) (G1 Evacuation Pause) 1229M->2M(2048M) 1,386ms
