[2025-02-10T19:08:22.664+0400][0.002s][info][gc] Using G1
[2025-02-10T19:08:22.665+0400][0.002s][debug][gc] ConcGCThreads: 2 offset 12
[2025-02-10T19:08:22.665+0400][0.002s][debug][gc] ParallelGCThreads: 6
[2025-02-10T19:08:22.665+0400][0.002s][debug][gc] Initialize mark stack with 4096 chunks, maximum 524288
[2025-02-10T19:08:23.060+0400][0,398s][info ][gc] GC(0) Pause Young (Normal) (G1 Evacuation Pause) 90M->2M(1792M) 2,725ms
[2025-02-10T19:08:23.271+0400][0,608s][info ][gc] GC(1) Pause Young (Normal) (G1 Evacuation Pause) 99M->2M(1792M) 1,684ms
[2025-02-10T19:08:26.002+0400][3,339s][info ][gc] GC(2) Pause Young (Normal) (G1 Evacuation Pause) 1075M->2M(1792M) 2,417ms
[2025-02-10T19:08:28.239+0400][5,576s][info ][gc] GC(3) Pause Young (Normal) (G1 Evacuation Pause) 1075M->2M(1792M) 1,815ms
[2025-02-10T19:08:30.485+0400][7,822s][info ][gc] GC(4) Pause Young (Normal) (G1 Evacuation Pause) 1075M->2M(1792M) 2,106ms
[2025-02-10T19:08:32.724+0400][10,061s][info ][gc] GC(5) Pause Young (Normal) (G1 Evacuation Pause) 1075M->2M(1792M) 2,259ms
[2025-02-10T19:08:34.964+0400][12,301s][info ][gc] GC(6) Pause Young (Normal) (G1 Evacuation Pause) 1075M->2M(1792M) 2,015ms
[2025-02-10T19:08:37.207+0400][14,544s][info ][gc] GC(7) Pause Young (Normal) (G1 Evacuation Pause) 1075M->2M(1792M) 2,246ms
[2025-02-10T19:08:39.463+0400][16,801s][info ][gc] GC(8) Pause Young (Normal) (G1 Evacuation Pause) 1075M->2M(1792M) 2,281ms
[2025-02-10T19:08:41.699+0400][19,036s][info ][gc] GC(9) Pause Young (Normal) (G1 Evacuation Pause) 1075M->2M(1792M) 2,438ms
[2025-02-10T19:08:43.937+0400][21,274s][info ][gc] GC(10) Pause Young (Normal) (G1 Evacuation Pause) 1075M->2M(1792M) 2,297ms
[2025-02-10T19:08:46.181+0400][23,519s][info ][gc] GC(11) Pause Young (Normal) (G1 Evacuation Pause) 1075M->2M(1792M) 2,112ms
[2025-02-10T19:08:48.419+0400][25,757s][info ][gc] GC(12) Pause Young (Normal) (G1 Evacuation Pause) 1075M->2M(1792M) 2,400ms
[2025-02-10T19:08:50.656+0400][27,993s][info ][gc] GC(13) Pause Young (Normal) (G1 Evacuation Pause) 1075M->3M(1792M) 1,975ms
[2025-02-10T19:08:52.897+0400][30,234s][info ][gc] GC(14) Pause Young (Normal) (G1 Evacuation Pause) 1076M->2M(1792M) 2,365ms
[2025-02-10T19:08:55.137+0400][32,475s][info ][gc] GC(15) Pause Young (Normal) (G1 Evacuation Pause) 1075M->2M(1792M) 2,243ms
[2025-02-10T19:08:57.610+0400][34,947s][info ][gc] GC(16) Pause Young (Normal) (G1 Evacuation Pause) 1076M->2M(1792M) 1,921ms
[2025-02-10T19:09:00.084+0400][37,422s][info ][gc] GC(17) Pause Young (Normal) (G1 Evacuation Pause) 1076M->2M(1792M) 1,683ms
[2025-02-10T19:09:02.557+0400][39,895s][info ][gc] GC(18) Pause Young (Normal) (G1 Evacuation Pause) 1076M->2M(1792M) 1,528ms
[2025-02-10T19:09:05.031+0400][42,368s][info ][gc] GC(19) Pause Young (Normal) (G1 Evacuation Pause) 1076M->2M(1792M) 1,496ms
[2025-02-10T19:09:07.502+0400][44,839s][info ][gc] GC(20) Pause Young (Normal) (G1 Evacuation Pause) 1076M->2M(1792M) 1,409ms
[2025-02-10T19:09:09.978+0400][47,315s][info ][gc] GC(21) Pause Young (Normal) (G1 Evacuation Pause) 1076M->2M(1792M) 1,408ms
[2025-02-10T19:09:12.455+0400][49,792s][info ][gc] GC(22) Pause Young (Normal) (G1 Evacuation Pause) 1076M->2M(1792M) 1,581ms
[2025-02-10T19:09:14.932+0400][52,269s][info ][gc] GC(23) Pause Young (Normal) (G1 Evacuation Pause) 1076M->2M(1792M) 1,279ms
[2025-02-10T19:09:17.412+0400][54,749s][info ][gc] GC(24) Pause Young (Normal) (G1 Evacuation Pause) 1076M->2M(1792M) 1,368ms
[2025-02-10T19:09:19.883+0400][57,220s][info ][gc] GC(25) Pause Young (Normal) (G1 Evacuation Pause) 1076M->2M(1792M) 1,881ms
[2025-02-10T19:09:22.359+0400][59,696s][info ][gc] GC(26) Pause Young (Normal) (G1 Evacuation Pause) 1076M->2M(1792M) 1,899ms
[2025-02-10T19:09:24.831+0400][62,168s][info ][gc] GC(27) Pause Young (Normal) (G1 Evacuation Pause) 1076M->2M(1792M) 1,230ms
[2025-02-10T19:09:27.305+0400][64,642s][info ][gc] GC(28) Pause Young (Normal) (G1 Evacuation Pause) 1076M->2M(1792M) 1,743ms
[2025-02-10T19:09:29.778+0400][67,116s][info ][gc] GC(29) Pause Young (Normal) (G1 Evacuation Pause) 1076M->2M(1792M) 1,527ms
[2025-02-10T19:09:32.252+0400][69,589s][info ][gc] GC(30) Pause Young (Normal) (G1 Evacuation Pause) 1076M->2M(1792M) 1,718ms
[2025-02-10T19:09:34.728+0400][72,065s][info ][gc] GC(31) Pause Young (Normal) (G1 Evacuation Pause) 1076M->2M(1792M) 1,620ms
[2025-02-10T19:09:37.201+0400][74,538s][info ][gc] GC(32) Pause Young (Normal) (G1 Evacuation Pause) 1076M->2M(1792M) 1,426ms
