[2025-02-10T20:12:36.124+0400][0.005s][info][gc] Using G1
[2025-02-10T20:12:36.125+0400][0.005s][debug][gc] ConcGCThreads: 2 offset 12
[2025-02-10T20:12:36.125+0400][0.006s][debug][gc] ParallelGCThreads: 6
[2025-02-10T20:12:36.125+0400][0.006s][debug][gc] Initialize mark stack with 4096 chunks, maximum 524288
[2025-02-10T20:12:36.334+0400][0,215s][info ][gc] GC(0) Pause Young (Normal) (G1 Evacuation Pause) 22M->5M(256M) 3,264ms
[2025-02-10T20:12:36.374+0400][0,255s][info ][gc] GC(1) Pause Young (Normal) (G1 Evacuation Pause) 31M->7M(256M) 2,785ms
[2025-02-10T20:12:36.586+0400][0,466s][info ][gc] GC(2) Pause Young (Normal) (G1 Evacuation Pause) 156M->4M(256M) 1,255ms
[2025-02-10T20:12:36.753+0400][0,633s][info ][gc] GC(3) Pause Young (Normal) (G1 Evacuation Pause) 156M->6M(256M) 2,192ms
[2025-02-10T20:12:36.919+0400][0,799s][info ][gc] GC(4) Pause Young (Normal) (G1 Evacuation Pause) 157M->7M(256M) 2,928ms
[2025-02-10T20:12:37.084+0400][0,964s][info ][gc] GC(5) Pause Young (Normal) (G1 Evacuation Pause) 157M->4M(256M) 2,058ms
[2025-02-10T20:12:37.250+0400][1,131s][info ][gc] GC(6) Pause Young (Normal) (G1 Evacuation Pause) 156M->5M(256M) 1,825ms
[2025-02-10T20:12:37.415+0400][1,296s][info ][gc] GC(7) Pause Young (Normal) (G1 Evacuation Pause) 156M->7M(256M) 2,536ms
[2025-02-10T20:12:37.578+0400][1,458s][info ][gc] GC(8) Pause Young (Normal) (G1 Evacuation Pause) 157M->4M(256M) 0,955ms
[2025-02-10T20:12:37.744+0400][1,624s][info ][gc] GC(9) Pause Young (Normal) (G1 Evacuation Pause) 156M->5M(256M) 1,828ms
[2025-02-10T20:12:37.908+0400][1,789s][info ][gc] GC(10) Pause Young (Normal) (G1 Evacuation Pause) 156M->6M(256M) 2,350ms
[2025-02-10T20:12:38.070+0400][1,951s][info ][gc] GC(11) Pause Young (Normal) (G1 Evacuation Pause) 156M->4M(256M) 1,104ms
[2025-02-10T20:12:38.236+0400][2,117s][info ][gc] GC(12) Pause Young (Normal) (G1 Evacuation Pause) 156M->5M(256M) 2,358ms
[2025-02-10T20:12:38.402+0400][2,283s][info ][gc] GC(13) Pause Young (Normal) (G1 Evacuation Pause) 156M->6M(256M) 2,215ms
[2025-02-10T20:12:38.567+0400][2,448s][info ][gc] GC(14) Pause Young (Normal) (G1 Evacuation Pause) 156M->4M(256M) 1,245ms
[2025-02-10T20:12:38.732+0400][2,612s][info ][gc] GC(15) Pause Young (Normal) (G1 Evacuation Pause) 156M->5M(256M) 1,603ms
[2025-02-10T20:12:38.894+0400][2,774s][info ][gc] GC(16) Pause Young (Normal) (G1 Evacuation Pause) 156M->6M(256M) 2,657ms
[2025-02-10T20:12:39.053+0400][2,933s][info ][gc] GC(17) Pause Young (Normal) (G1 Evacuation Pause) 156M->4M(256M) 0,800ms
[2025-02-10T20:12:39.215+0400][3,095s][info ][gc] GC(18) Pause Young (Normal) (G1 Evacuation Pause) 156M->5M(256M) 1,688ms
[2025-02-10T20:12:39.378+0400][3,259s][info ][gc] GC(19) Pause Young (Normal) (G1 Evacuation Pause) 156M->6M(256M) 2,130ms
[2025-02-10T20:12:39.539+0400][3,419s][info ][gc] GC(20) Pause Young (Normal) (G1 Evacuation Pause) 156M->4M(256M) 1,055ms
[2025-02-10T20:12:39.701+0400][3,581s][info ][gc] GC(21) Pause Young (Normal) (G1 Evacuation Pause) 156M->5M(256M) 1,538ms
[2025-02-10T20:12:39.862+0400][3,742s][info ][gc] GC(22) Pause Young (Normal) (G1 Evacuation Pause) 156M->6M(256M) 2,221ms
[2025-02-10T20:12:40.022+0400][3,903s][info ][gc] GC(23) Pause Young (Normal) (G1 Evacuation Pause) 156M->7M(256M) 2,656ms
[2025-02-10T20:12:40.180+0400][4,061s][info ][gc] GC(24) Pause Young (Normal) (G1 Evacuation Pause) 156M->4M(256M) 1,381ms
[2025-02-10T20:12:40.343+0400][4,223s][info ][gc] GC(25) Pause Young (Normal) (G1 Evacuation Pause) 156M->6M(256M) 1,966ms
[2025-02-10T20:12:40.505+0400][4,385s][info ][gc] GC(26) Pause Young (Normal) (G1 Evacuation Pause) 157M->7M(256M) 2,532ms
[2025-02-10T20:12:40.665+0400][4,545s][info ][gc] GC(27) Pause Young (Normal) (G1 Evacuation Pause) 156M->4M(256M) 0,914ms
[2025-02-10T20:12:40.827+0400][4,708s][info ][gc] GC(28) Pause Young (Normal) (G1 Evacuation Pause) 156M->5M(256M) 1,889ms
[2025-02-10T20:12:40.989+0400][4,870s][info ][gc] GC(29) Pause Young (Normal) (G1 Evacuation Pause) 156M->6M(256M) 2,249ms
[2025-02-10T20:12:41.151+0400][5,032s][info ][gc] GC(30) Pause Young (Normal) (G1 Evacuation Pause) 156M->4M(256M) 1,089ms
[2025-02-10T20:12:41.313+0400][5,194s][info ][gc] GC(31) Pause Young (Normal) (G1 Evacuation Pause) 156M->5M(256M) 1,645ms
[2025-02-10T20:12:41.475+0400][5,355s][info ][gc] GC(32) Pause Young (Normal) (G1 Evacuation Pause) 156M->6M(256M) 2,036ms
[2025-02-10T20:12:41.634+0400][5,514s][info ][gc] GC(33) Pause Young (Normal) (G1 Evacuation Pause) 156M->4M(256M) 0,953ms
[2025-02-10T20:12:41.795+0400][5,676s][info ][gc] GC(34) Pause Young (Normal) (G1 Evacuation Pause) 156M->5M(256M) 1,509ms
[2025-02-10T20:12:41.957+0400][5,837s][info ][gc] GC(35) Pause Young (Normal) (G1 Evacuation Pause) 156M->6M(256M) 2,206ms
[2025-02-10T20:12:42.116+0400][5,997s][info ][gc] GC(36) Pause Young (Normal) (G1 Evacuation Pause) 156M->4M(256M) 1,361ms
[2025-02-10T20:12:42.278+0400][6,158s][info ][gc] GC(37) Pause Young (Normal) (G1 Evacuation Pause) 156M->5M(256M) 1,443ms
[2025-02-10T20:12:42.439+0400][6,320s][info ][gc] GC(38) Pause Young (Normal) (G1 Evacuation Pause) 156M->6M(256M) 2,247ms
[2025-02-10T20:12:42.600+0400][6,481s][info ][gc] GC(39) Pause Young (Normal) (G1 Evacuation Pause) 156M->7M(256M) 2,710ms
[2025-02-10T20:12:42.758+0400][6,639s][info ][gc] GC(40) Pause Young (Normal) (G1 Evacuation Pause) 156M->5M(256M) 1,150ms
[2025-02-10T20:12:42.921+0400][6,801s][info ][gc] GC(41) Pause Young (Normal) (G1 Evacuation Pause) 157M->6M(256M) 1,961ms
[2025-02-10T20:12:43.083+0400][6,964s][info ][gc] GC(42) Pause Young (Normal) (G1 Evacuation Pause) 157M->7M(256M) 2,606ms
[2025-02-10T20:12:43.243+0400][7,124s][info ][gc] GC(43) Pause Young (Normal) (G1 Evacuation Pause) 157M->4M(256M) 1,222ms
[2025-02-10T20:12:43.406+0400][7,286s][info ][gc] GC(44) Pause Young (Normal) (G1 Evacuation Pause) 156M->6M(256M) 1,871ms
[2025-02-10T20:12:43.567+0400][7,448s][info ][gc] GC(45) Pause Young (Normal) (G1 Evacuation Pause) 157M->7M(256M) 2,569ms
[2025-02-10T20:12:43.726+0400][7,607s][info ][gc] GC(46) Pause Young (Normal) (G1 Evacuation Pause) 157M->4M(256M) 1,021ms
[2025-02-10T20:12:43.889+0400][7,769s][info ][gc] GC(47) Pause Young (Normal) (G1 Evacuation Pause) 156M->5M(256M) 2,046ms
[2025-02-10T20:12:44.050+0400][7,931s][info ][gc] GC(48) Pause Young (Normal) (G1 Evacuation Pause) 156M->6M(256M) 2,259ms
[2025-02-10T20:12:44.209+0400][8,090s][info ][gc] GC(49) Pause Young (Normal) (G1 Evacuation Pause) 156M->4M(256M) 1,146ms
[2025-02-10T20:12:44.371+0400][8,252s][info ][gc] GC(50) Pause Young (Normal) (G1 Evacuation Pause) 156M->5M(256M) 1,798ms
[2025-02-10T20:12:44.533+0400][8,413s][info ][gc] GC(51) Pause Young (Normal) (G1 Evacuation Pause) 156M->6M(256M) 2,211ms
[2025-02-10T20:12:44.693+0400][8,573s][info ][gc] GC(52) Pause Young (Normal) (G1 Evacuation Pause) 156M->4M(256M) 1,122ms
[2025-02-10T20:12:44.854+0400][8,735s][info ][gc] GC(53) Pause Young (Normal) (G1 Evacuation Pause) 156M->5M(256M) 1,618ms
[2025-02-10T20:12:45.016+0400][8,896s][info ][gc] GC(54) Pause Young (Normal) (G1 Evacuation Pause) 156M->6M(256M) 2,062ms
[2025-02-10T20:12:45.177+0400][9,057s][info ][gc] GC(55) Pause Young (Normal) (G1 Evacuation Pause) 156M->4M(256M) 0,845ms
[2025-02-10T20:12:45.340+0400][9,220s][info ][gc] GC(56) Pause Young (Normal) (G1 Evacuation Pause) 156M->5M(256M) 1,526ms
[2025-02-10T20:12:45.502+0400][9,383s][info ][gc] GC(57) Pause Young (Normal) (G1 Evacuation Pause) 156M->6M(256M) 2,200ms
[2025-02-10T20:12:45.661+0400][9,542s][info ][gc] GC(58) Pause Young (Normal) (G1 Evacuation Pause) 156M->4M(256M) 0,919ms
[2025-02-10T20:12:45.823+0400][9,704s][info ][gc] GC(59) Pause Young (Normal) (G1 Evacuation Pause) 156M->5M(256M) 1,443ms
[2025-02-10T20:12:45.985+0400][9,865s][info ][gc] GC(60) Pause Young (Normal) (G1 Evacuation Pause) 156M->6M(256M) 2,313ms
[2025-02-10T20:12:46.147+0400][10,028s][info ][gc] GC(61) Pause Young (Normal) (G1 Evacuation Pause) 156M->7M(256M) 2,537ms
[2025-02-10T20:12:46.306+0400][10,186s][info ][gc] GC(62) Pause Young (Normal) (G1 Evacuation Pause) 156M->5M(256M) 1,013ms
[2025-02-10T20:12:46.469+0400][10,349s][info ][gc] GC(63) Pause Young (Normal) (G1 Evacuation Pause) 157M->6M(256M) 2,207ms
[2025-02-10T20:12:46.631+0400][10,511s][info ][gc] GC(64) Pause Young (Normal) (G1 Evacuation Pause) 157M->7M(256M) 2,910ms
[2025-02-10T20:12:46.790+0400][10,671s][info ][gc] GC(65) Pause Young (Normal) (G1 Evacuation Pause) 157M->4M(256M) 1,079ms
[2025-02-10T20:12:46.952+0400][10,833s][info ][gc] GC(66) Pause Young (Normal) (G1 Evacuation Pause) 156M->5M(256M) 1,886ms
[2025-02-10T20:12:47.114+0400][10,995s][info ][gc] GC(67) Pause Young (Normal) (G1 Evacuation Pause) 156M->7M(256M) 2,519ms
[2025-02-10T20:12:47.274+0400][11,154s][info ][gc] GC(68) Pause Young (Normal) (G1 Evacuation Pause) 157M->4M(256M) 1,110ms
[2025-02-10T20:12:47.436+0400][11,316s][info ][gc] GC(69) Pause Young (Normal) (G1 Evacuation Pause) 156M->5M(256M) 1,849ms
[2025-02-10T20:12:47.598+0400][11,479s][info ][gc] GC(70) Pause Young (Normal) (G1 Evacuation Pause) 156M->6M(256M) 2,353ms
[2025-02-10T20:12:47.757+0400][11,638s][info ][gc] GC(71) Pause Young (Normal) (G1 Evacuation Pause) 156M->4M(256M) 1,058ms
[2025-02-10T20:12:47.919+0400][11,800s][info ][gc] GC(72) Pause Young (Normal) (G1 Evacuation Pause) 156M->5M(256M) 1,791ms
[2025-02-10T20:12:48.082+0400][11,962s][info ][gc] GC(73) Pause Young (Normal) (G1 Evacuation Pause) 156M->6M(256M) 2,328ms
[2025-02-10T20:12:48.241+0400][12,121s][info ][gc] GC(74) Pause Young (Normal) (G1 Evacuation Pause) 156M->4M(256M) 1,085ms
[2025-02-10T20:12:48.403+0400][12,284s][info ][gc] GC(75) Pause Young (Normal) (G1 Evacuation Pause) 156M->5M(256M) 2,245ms
[2025-02-10T20:12:48.565+0400][12,446s][info ][gc] GC(76) Pause Young (Normal) (G1 Evacuation Pause) 156M->6M(256M) 2,531ms
[2025-02-10T20:12:48.724+0400][12,605s][info ][gc] GC(77) Pause Young (Normal) (G1 Evacuation Pause) 156M->4M(256M) 1,017ms
[2025-02-10T20:12:48.886+0400][12,766s][info ][gc] GC(78) Pause Young (Normal) (G1 Evacuation Pause) 156M->5M(256M) 1,316ms
[2025-02-10T20:12:49.048+0400][12,928s][info ][gc] GC(79) Pause Young (Normal) (G1 Evacuation Pause) 156M->6M(256M) 2,481ms
[2025-02-10T20:12:49.208+0400][13,089s][info ][gc] GC(80) Pause Young (Normal) (G1 Evacuation Pause) 156M->7M(256M) 2,556ms
[2025-02-10T20:12:49.367+0400][13,248s][info ][gc] GC(81) Pause Young (Normal) (G1 Evacuation Pause) 156M->5M(256M) 1,371ms
[2025-02-10T20:12:49.529+0400][13,410s][info ][gc] GC(82) Pause Young (Normal) (G1 Evacuation Pause) 157M->6M(256M) 2,001ms
[2025-02-10T20:12:49.691+0400][13,571s][info ][gc] GC(83) Pause Young (Normal) (G1 Evacuation Pause) 157M->7M(256M) 2,507ms
[2025-02-10T20:12:49.850+0400][13,731s][info ][gc] GC(84) Pause Young (Normal) (G1 Evacuation Pause) 157M->4M(256M) 1,146ms
[2025-02-10T20:12:50.012+0400][13,893s][info ][gc] GC(85) Pause Young (Normal) (G1 Evacuation Pause) 156M->6M(256M) 1,913ms
[2025-02-10T20:12:50.174+0400][14,054s][info ][gc] GC(86) Pause Young (Normal) (G1 Evacuation Pause) 157M->7M(256M) 2,602ms
[2025-02-10T20:12:50.334+0400][14,214s][info ][gc] GC(87) Pause Young (Normal) (G1 Evacuation Pause) 157M->4M(256M) 1,586ms
[2025-02-10T20:12:50.497+0400][14,378s][info ][gc] GC(88) Pause Young (Normal) (G1 Evacuation Pause) 156M->5M(256M) 2,041ms
[2025-02-10T20:12:50.658+0400][14,539s][info ][gc] GC(89) Pause Young (Normal) (G1 Evacuation Pause) 156M->7M(256M) 2,562ms
[2025-02-10T20:12:50.817+0400][14,698s][info ][gc] GC(90) Pause Young (Normal) (G1 Evacuation Pause) 157M->4M(256M) 1,223ms
[2025-02-10T20:12:50.980+0400][14,860s][info ][gc] GC(91) Pause Young (Normal) (G1 Evacuation Pause) 156M->5M(256M) 1,898ms
[2025-02-10T20:12:51.141+0400][15,022s][info ][gc] GC(92) Pause Young (Normal) (G1 Evacuation Pause) 156M->6M(256M) 2,394ms
[2025-02-10T20:12:51.301+0400][15,182s][info ][gc] GC(93) Pause Young (Normal) (G1 Evacuation Pause) 156M->4M(256M) 1,507ms
[2025-02-10T20:12:51.463+0400][15,344s][info ][gc] GC(94) Pause Young (Normal) (G1 Evacuation Pause) 156M->5M(256M) 1,714ms
[2025-02-10T20:12:51.624+0400][15,505s][info ][gc] GC(95) Pause Young (Normal) (G1 Evacuation Pause) 156M->6M(256M) 2,166ms
[2025-02-10T20:12:51.783+0400][15,664s][info ][gc] GC(96) Pause Young (Normal) (G1 Evacuation Pause) 156M->4M(256M) 1,018ms
[2025-02-10T20:12:51.946+0400][15,826s][info ][gc] GC(97) Pause Young (Normal) (G1 Evacuation Pause) 156M->5M(256M) 1,644ms
[2025-02-10T20:12:52.107+0400][15,987s][info ][gc] GC(98) Pause Young (Normal) (G1 Evacuation Pause) 156M->6M(256M) 2,512ms
[2025-02-10T20:12:52.266+0400][16,147s][info ][gc] GC(99) Pause Young (Normal) (G1 Evacuation Pause) 156M->4M(256M) 1,019ms
[2025-02-10T20:12:52.428+0400][16,309s][info ][gc] GC(100) Pause Young (Normal) (G1 Evacuation Pause) 156M->5M(256M) 1,500ms
[2025-02-10T20:12:52.590+0400][16,470s][info ][gc] GC(101) Pause Young (Normal) (G1 Evacuation Pause) 156M->6M(256M) 2,295ms
[2025-02-10T20:12:52.749+0400][16,630s][info ][gc] GC(102) Pause Young (Normal) (G1 Evacuation Pause) 156M->7M(256M) 2,656ms
[2025-02-10T20:12:52.906+0400][16,787s][info ][gc] GC(103) Pause Young (Normal) (G1 Evacuation Pause) 156M->5M(256M) 1,292ms
[2025-02-10T20:12:53.066+0400][16,947s][info ][gc] GC(104) Pause Young (Normal) (G1 Evacuation Pause) 157M->6M(256M) 1,751ms
[2025-02-10T20:12:53.227+0400][17,107s][info ][gc] GC(105) Pause Young (Normal) (G1 Evacuation Pause) 157M->7M(256M) 2,657ms
[2025-02-10T20:12:53.384+0400][17,265s][info ][gc] GC(106) Pause Young (Normal) (G1 Evacuation Pause) 157M->4M(256M) 1,132ms
[2025-02-10T20:12:53.544+0400][17,425s][info ][gc] GC(107) Pause Young (Normal) (G1 Evacuation Pause) 156M->5M(256M) 1,923ms
[2025-02-10T20:12:53.704+0400][17,585s][info ][gc] GC(108) Pause Young (Normal) (G1 Evacuation Pause) 156M->7M(256M) 2,541ms
[2025-02-10T20:12:53.862+0400][17,743s][info ][gc] GC(109) Pause Young (Normal) (G1 Evacuation Pause) 157M->4M(256M) 1,183ms
[2025-02-10T20:12:54.023+0400][17,903s][info ][gc] GC(110) Pause Young (Normal) (G1 Evacuation Pause) 156M->5M(256M) 1,960ms
[2025-02-10T20:12:54.183+0400][18,063s][info ][gc] GC(111) Pause Young (Normal) (G1 Evacuation Pause) 156M->6M(256M) 2,499ms
[2025-02-10T20:12:54.340+0400][18,221s][info ][gc] GC(112) Pause Young (Normal) (G1 Evacuation Pause) 156M->4M(256M) 1,124ms
[2025-02-10T20:12:54.500+0400][18,381s][info ][gc] GC(113) Pause Young (Normal) (G1 Evacuation Pause) 156M->5M(256M) 1,848ms
[2025-02-10T20:12:54.660+0400][18,541s][info ][gc] GC(114) Pause Young (Normal) (G1 Evacuation Pause) 156M->6M(256M) 2,616ms
[2025-02-10T20:12:54.818+0400][18,698s][info ][gc] GC(115) Pause Young (Normal) (G1 Evacuation Pause) 156M->4M(256M) 1,177ms
[2025-02-10T20:12:54.981+0400][18,861s][info ][gc] GC(116) Pause Young (Normal) (G1 Evacuation Pause) 156M->5M(256M) 2,119ms
[2025-02-10T20:12:55.144+0400][19,024s][info ][gc] GC(117) Pause Young (Normal) (G1 Evacuation Pause) 156M->6M(256M) 2,235ms
[2025-02-10T20:12:55.302+0400][19,182s][info ][gc] GC(118) Pause Young (Normal) (G1 Evacuation Pause) 156M->4M(256M) 1,318ms
[2025-02-10T20:12:55.462+0400][19,342s][info ][gc] GC(119) Pause Young (Normal) (G1 Evacuation Pause) 156M->5M(256M) 1,693ms
[2025-02-10T20:12:55.621+0400][19,502s][info ][gc] GC(120) Pause Young (Normal) (G1 Evacuation Pause) 156M->6M(256M) 2,345ms
[2025-02-10T20:12:55.779+0400][19,659s][info ][gc] GC(121) Pause Young (Normal) (G1 Evacuation Pause) 156M->4M(256M) 0,902ms
[2025-02-10T20:12:55.939+0400][19,819s][info ][gc] GC(122) Pause Young (Normal) (G1 Evacuation Pause) 156M->5M(256M) 1,457ms
[2025-02-10T20:12:56.098+0400][19,979s][info ][gc] GC(123) Pause Young (Normal) (G1 Evacuation Pause) 156M->6M(256M) 2,340ms
[2025-02-10T20:12:56.258+0400][20,138s][info ][gc] GC(124) Pause Young (Normal) (G1 Evacuation Pause) 156M->7M(256M) 2,644ms
[2025-02-10T20:12:56.414+0400][20,295s][info ][gc] GC(125) Pause Young (Normal) (G1 Evacuation Pause) 156M->5M(256M) 1,290ms
[2025-02-10T20:12:56.575+0400][20,455s][info ][gc] GC(126) Pause Young (Normal) (G1 Evacuation Pause) 157M->6M(256M) 1,958ms
[2025-02-10T20:12:56.735+0400][20,615s][info ][gc] GC(127) Pause Young (Normal) (G1 Evacuation Pause) 157M->7M(256M) 2,918ms
[2025-02-10T20:12:56.895+0400][20,775s][info ][gc] GC(128) Pause Young (Normal) (G1 Evacuation Pause) 157M->4M(256M) 1,699ms
[2025-02-10T20:12:57.058+0400][20,938s][info ][gc] GC(129) Pause Young (Normal) (G1 Evacuation Pause) 156M->5M(256M) 2,036ms
[2025-02-10T20:12:57.223+0400][21,104s][info ][gc] GC(130) Pause Young (Normal) (G1 Evacuation Pause) 156M->7M(256M) 3,630ms
[2025-02-10T20:12:57.385+0400][21,266s][info ][gc] GC(131) Pause Young (Normal) (G1 Evacuation Pause) 157M->4M(256M) 1,255ms
[2025-02-10T20:12:57.546+0400][21,427s][info ][gc] GC(132) Pause Young (Normal) (G1 Evacuation Pause) 156M->5M(256M) 1,894ms
[2025-02-10T20:12:57.706+0400][21,586s][info ][gc] GC(133) Pause Young (Normal) (G1 Evacuation Pause) 156M->6M(256M) 2,299ms
[2025-02-10T20:12:57.864+0400][21,744s][info ][gc] GC(134) Pause Young (Normal) (G1 Evacuation Pause) 156M->4M(256M) 1,177ms
[2025-02-10T20:12:58.025+0400][21,905s][info ][gc] GC(135) Pause Young (Normal) (G1 Evacuation Pause) 156M->5M(256M) 1,878ms
[2025-02-10T20:12:58.185+0400][22,065s][info ][gc] GC(136) Pause Young (Normal) (G1 Evacuation Pause) 156M->6M(256M) 2,151ms
[2025-02-10T20:12:58.343+0400][22,223s][info ][gc] GC(137) Pause Young (Normal) (G1 Evacuation Pause) 156M->4M(256M) 1,172ms
[2025-02-10T20:12:58.503+0400][22,383s][info ][gc] GC(138) Pause Young (Normal) (G1 Evacuation Pause) 156M->5M(256M) 1,641ms
[2025-02-10T20:12:58.663+0400][22,543s][info ][gc] GC(139) Pause Young (Normal) (G1 Evacuation Pause) 156M->6M(256M) 2,552ms
[2025-02-10T20:12:58.821+0400][22,701s][info ][gc] GC(140) Pause Young (Normal) (G1 Evacuation Pause) 156M->4M(256M) 0,990ms
[2025-02-10T20:12:58.981+0400][22,861s][info ][gc] GC(141) Pause Young (Normal) (G1 Evacuation Pause) 156M->5M(256M) 1,580ms
[2025-02-10T20:12:59.141+0400][23,021s][info ][gc] GC(142) Pause Young (Normal) (G1 Evacuation Pause) 156M->6M(256M) 2,095ms
[2025-02-10T20:12:59.298+0400][23,178s][info ][gc] GC(143) Pause Young (Normal) (G1 Evacuation Pause) 156M->4M(256M) 0,904ms
[2025-02-10T20:12:59.458+0400][23,338s][info ][gc] GC(144) Pause Young (Normal) (G1 Evacuation Pause) 156M->5M(256M) 1,632ms
[2025-02-10T20:12:59.617+0400][23,498s][info ][gc] GC(145) Pause Young (Normal) (G1 Evacuation Pause) 156M->6M(256M) 2,347ms
[2025-02-10T20:12:59.776+0400][23,657s][info ][gc] GC(146) Pause Young (Normal) (G1 Evacuation Pause) 156M->7M(256M) 2,741ms
[2025-02-10T20:12:59.933+0400][23,813s][info ][gc] GC(147) Pause Young (Normal) (G1 Evacuation Pause) 156M->4M(256M) 1,076ms
[2025-02-10T20:13:00.093+0400][23,974s][info ][gc] GC(148) Pause Young (Normal) (G1 Evacuation Pause) 156M->5M(256M) 1,852ms
[2025-02-10T20:13:00.254+0400][24,134s][info ][gc] GC(149) Pause Young (Normal) (G1 Evacuation Pause) 156M->7M(256M) 2,559ms
[2025-02-10T20:13:00.411+0400][24,292s][info ][gc] GC(150) Pause Young (Normal) (G1 Evacuation Pause) 157M->4M(256M) 1,122ms
[2025-02-10T20:13:00.571+0400][24,452s][info ][gc] GC(151) Pause Young (Normal) (G1 Evacuation Pause) 156M->5M(256M) 1,906ms
[2025-02-10T20:13:00.732+0400][24,612s][info ][gc] GC(152) Pause Young (Normal) (G1 Evacuation Pause) 156M->6M(256M) 2,894ms
[2025-02-10T20:13:00.889+0400][24,770s][info ][gc] GC(153) Pause Young (Normal) (G1 Evacuation Pause) 156M->4M(256M) 1,206ms
[2025-02-10T20:13:01.050+0400][24,930s][info ][gc] GC(154) Pause Young (Normal) (G1 Evacuation Pause) 156M->5M(256M) 1,991ms
[2025-02-10T20:13:01.209+0400][25,090s][info ][gc] GC(155) Pause Young (Normal) (G1 Evacuation Pause) 156M->6M(256M) 2,310ms
[2025-02-10T20:13:01.367+0400][25,247s][info ][gc] GC(156) Pause Young (Normal) (G1 Evacuation Pause) 156M->4M(256M) 1,205ms
[2025-02-10T20:13:01.527+0400][25,408s][info ][gc] GC(157) Pause Young (Normal) (G1 Evacuation Pause) 156M->5M(256M) 1,815ms
[2025-02-10T20:13:01.687+0400][25,567s][info ][gc] GC(158) Pause Young (Normal) (G1 Evacuation Pause) 156M->6M(256M) 2,288ms
[2025-02-10T20:13:01.845+0400][25,725s][info ][gc] GC(159) Pause Young (Normal) (G1 Evacuation Pause) 156M->4M(256M) 1,054ms
[2025-02-10T20:13:02.005+0400][25,885s][info ][gc] GC(160) Pause Young (Normal) (G1 Evacuation Pause) 156M->5M(256M) 1,681ms
[2025-02-10T20:13:02.165+0400][26,045s][info ][gc] GC(161) Pause Young (Normal) (G1 Evacuation Pause) 156M->6M(256M) 2,329ms
[2025-02-10T20:13:02.322+0400][26,203s][info ][gc] GC(162) Pause Young (Normal) (G1 Evacuation Pause) 156M->4M(256M) 1,001ms
[2025-02-10T20:13:02.482+0400][26,363s][info ][gc] GC(163) Pause Young (Normal) (G1 Evacuation Pause) 156M->5M(256M) 1,640ms
[2025-02-10T20:13:02.642+0400][26,523s][info ][gc] GC(164) Pause Young (Normal) (G1 Evacuation Pause) 156M->6M(256M) 2,503ms
[2025-02-10T20:13:02.801+0400][26,682s][info ][gc] GC(165) Pause Young (Normal) (G1 Evacuation Pause) 156M->7M(256M) 2,597ms
[2025-02-10T20:13:02.958+0400][26,839s][info ][gc] GC(166) Pause Young (Normal) (G1 Evacuation Pause) 156M->5M(256M) 1,197ms
[2025-02-10T20:13:03.118+0400][26,999s][info ][gc] GC(167) Pause Young (Normal) (G1 Evacuation Pause) 157M->6M(256M) 1,964ms
[2025-02-10T20:13:03.279+0400][27,159s][info ][gc] GC(168) Pause Young (Normal) (G1 Evacuation Pause) 157M->7M(256M) 2,804ms
[2025-02-10T20:13:03.435+0400][27,316s][info ][gc] GC(169) Pause Young (Normal) (G1 Evacuation Pause) 156M->4M(256M) 1,251ms
[2025-02-10T20:13:03.597+0400][27,477s][info ][gc] GC(170) Pause Young (Normal) (G1 Evacuation Pause) 156M->5M(256M) 1,838ms
[2025-02-10T20:13:03.756+0400][27,637s][info ][gc] GC(171) Pause Young (Normal) (G1 Evacuation Pause) 156M->6M(256M) 2,385ms
[2025-02-10T20:13:03.914+0400][27,795s][info ][gc] GC(172) Pause Young (Normal) (G1 Evacuation Pause) 156M->4M(256M) 1,250ms
[2025-02-10T20:13:04.075+0400][27,955s][info ][gc] GC(173) Pause Young (Normal) (G1 Evacuation Pause) 156M->5M(256M) 1,903ms
[2025-02-10T20:13:04.234+0400][28,115s][info ][gc] GC(174) Pause Young (Normal) (G1 Evacuation Pause) 156M->6M(256M) 2,351ms
[2025-02-10T20:13:04.392+0400][28,273s][info ][gc] GC(175) Pause Young (Normal) (G1 Evacuation Pause) 156M->4M(256M) 1,200ms
[2025-02-10T20:13:04.553+0400][28,433s][info ][gc] GC(176) Pause Young (Normal) (G1 Evacuation Pause) 156M->5M(256M) 1,565ms
[2025-02-10T20:13:04.712+0400][28,593s][info ][gc] GC(177) Pause Young (Normal) (G1 Evacuation Pause) 156M->6M(256M) 2,333ms
[2025-02-10T20:13:04.870+0400][28,750s][info ][gc] GC(178) Pause Young (Normal) (G1 Evacuation Pause) 156M->4M(256M) 0,993ms
[2025-02-10T20:13:05.030+0400][28,910s][info ][gc] GC(179) Pause Young (Normal) (G1 Evacuation Pause) 156M->5M(256M) 1,495ms
[2025-02-10T20:13:05.189+0400][29,070s][info ][gc] GC(180) Pause Young (Normal) (G1 Evacuation Pause) 156M->6M(256M) 2,326ms
[2025-02-10T20:13:05.348+0400][29,229s][info ][gc] GC(181) Pause Young (Normal) (G1 Evacuation Pause) 156M->7M(256M) 2,628ms
[2025-02-10T20:13:05.505+0400][29,385s][info ][gc] GC(182) Pause Young (Normal) (G1 Evacuation Pause) 156M->5M(256M) 1,354ms
[2025-02-10T20:13:05.666+0400][29,547s][info ][gc] GC(183) Pause Young (Normal) (G1 Evacuation Pause) 157M->6M(256M) 1,949ms
[2025-02-10T20:13:05.826+0400][29,707s][info ][gc] GC(184) Pause Young (Normal) (G1 Evacuation Pause) 157M->7M(256M) 2,670ms
[2025-02-10T20:13:05.983+0400][29,863s][info ][gc] GC(185) Pause Young (Normal) (G1 Evacuation Pause) 156M->4M(256M) 1,180ms
[2025-02-10T20:13:06.143+0400][30,023s][info ][gc] GC(186) Pause Young (Normal) (G1 Evacuation Pause) 156M->6M(256M) 1,821ms
[2025-02-10T20:13:06.304+0400][30,185s][info ][gc] GC(187) Pause Young (Normal) (G1 Evacuation Pause) 157M->6M(256M) 2,451ms
[2025-02-10T20:13:06.462+0400][30,343s][info ][gc] GC(188) Pause Young (Normal) (G1 Evacuation Pause) 156M->4M(256M) 1,241ms
[2025-02-10T20:13:06.623+0400][30,503s][info ][gc] GC(189) Pause Young (Normal) (G1 Evacuation Pause) 156M->5M(256M) 1,933ms
[2025-02-10T20:13:06.782+0400][30,663s][info ][gc] GC(190) Pause Young (Normal) (G1 Evacuation Pause) 156M->6M(256M) 2,321ms
[2025-02-10T20:13:06.940+0400][30,820s][info ][gc] GC(191) Pause Young (Normal) (G1 Evacuation Pause) 156M->4M(256M) 1,054ms
[2025-02-10T20:13:07.100+0400][30,981s][info ][gc] GC(192) Pause Young (Normal) (G1 Evacuation Pause) 156M->5M(256M) 1,781ms
[2025-02-10T20:13:07.260+0400][31,141s][info ][gc] GC(193) Pause Young (Normal) (G1 Evacuation Pause) 156M->6M(256M) 2,374ms
[2025-02-10T20:13:07.417+0400][31,298s][info ][gc] GC(194) Pause Young (Normal) (G1 Evacuation Pause) 156M->4M(256M) 0,973ms
[2025-02-10T20:13:07.577+0400][31,458s][info ][gc] GC(195) Pause Young (Normal) (G1 Evacuation Pause) 156M->5M(256M) 1,410ms
[2025-02-10T20:13:07.737+0400][31,617s][info ][gc] GC(196) Pause Young (Normal) (G1 Evacuation Pause) 156M->6M(256M) 2,259ms
[2025-02-10T20:13:07.894+0400][31,775s][info ][gc] GC(197) Pause Young (Normal) (G1 Evacuation Pause) 156M->4M(256M) 0,926ms
[2025-02-10T20:13:08.054+0400][31,935s][info ][gc] GC(198) Pause Young (Normal) (G1 Evacuation Pause) 156M->5M(256M) 1,654ms
[2025-02-10T20:13:08.214+0400][32,094s][info ][gc] GC(199) Pause Young (Normal) (G1 Evacuation Pause) 156M->6M(256M) 2,187ms
[2025-02-10T20:13:08.373+0400][32,254s][info ][gc] GC(200) Pause Young (Normal) (G1 Evacuation Pause) 156M->7M(256M) 2,692ms
[2025-02-10T20:13:08.530+0400][32,410s][info ][gc] GC(201) Pause Young (Normal) (G1 Evacuation Pause) 156M->5M(256M) 1,325ms
[2025-02-10T20:13:08.690+0400][32,571s][info ][gc] GC(202) Pause Young (Normal) (G1 Evacuation Pause) 157M->6M(256M) 1,987ms
[2025-02-10T20:13:08.850+0400][32,731s][info ][gc] GC(203) Pause Young (Normal) (G1 Evacuation Pause) 157M->7M(256M) 2,679ms
[2025-02-10T20:13:09.008+0400][32,889s][info ][gc] GC(204) Pause Young (Normal) (G1 Evacuation Pause) 157M->4M(256M) 1,541ms
[2025-02-10T20:13:09.170+0400][33,050s][info ][gc] GC(205) Pause Young (Normal) (G1 Evacuation Pause) 156M->6M(256M) 1,994ms
[2025-02-10T20:13:09.330+0400][33,211s][info ][gc] GC(206) Pause Young (Normal) (G1 Evacuation Pause) 157M->6M(256M) 2,547ms
[2025-02-10T20:13:09.488+0400][33,368s][info ][gc] GC(207) Pause Young (Normal) (G1 Evacuation Pause) 156M->4M(256M) 1,259ms
[2025-02-10T20:13:09.648+0400][33,529s][info ][gc] GC(208) Pause Young (Normal) (G1 Evacuation Pause) 156M->5M(256M) 2,026ms
[2025-02-10T20:13:09.808+0400][33,688s][info ][gc] GC(209) Pause Young (Normal) (G1 Evacuation Pause) 156M->6M(256M) 2,404ms
[2025-02-10T20:13:09.965+0400][33,846s][info ][gc] GC(210) Pause Young (Normal) (G1 Evacuation Pause) 156M->4M(256M) 1,260ms
[2025-02-10T20:13:10.126+0400][34,006s][info ][gc] GC(211) Pause Young (Normal) (G1 Evacuation Pause) 156M->5M(256M) 1,629ms
[2025-02-10T20:13:10.285+0400][34,166s][info ][gc] GC(212) Pause Young (Normal) (G1 Evacuation Pause) 156M->6M(256M) 2,239ms
[2025-02-10T20:13:10.443+0400][34,323s][info ][gc] GC(213) Pause Young (Normal) (G1 Evacuation Pause) 156M->4M(256M) 1,107ms
[2025-02-10T20:13:10.603+0400][34,483s][info ][gc] GC(214) Pause Young (Normal) (G1 Evacuation Pause) 156M->5M(256M) 1,694ms
[2025-02-10T20:13:10.762+0400][34,643s][info ][gc] GC(215) Pause Young (Normal) (G1 Evacuation Pause) 156M->6M(256M) 2,333ms
[2025-02-10T20:13:10.920+0400][34,800s][info ][gc] GC(216) Pause Young (Normal) (G1 Evacuation Pause) 156M->4M(256M) 1,048ms
[2025-02-10T20:13:11.080+0400][34,960s][info ][gc] GC(217) Pause Young (Normal) (G1 Evacuation Pause) 156M->5M(256M) 1,563ms
[2025-02-10T20:13:11.240+0400][35,120s][info ][gc] GC(218) Pause Young (Normal) (G1 Evacuation Pause) 156M->6M(256M) 2,205ms
[2025-02-10T20:13:11.399+0400][35,279s][info ][gc] GC(219) Pause Young (Normal) (G1 Evacuation Pause) 156M->7M(256M) 2,661ms
[2025-02-10T20:13:11.556+0400][35,436s][info ][gc] GC(220) Pause Young (Normal) (G1 Evacuation Pause) 156M->5M(256M) 1,339ms
[2025-02-10T20:13:11.716+0400][35,597s][info ][gc] GC(221) Pause Young (Normal) (G1 Evacuation Pause) 157M->6M(256M) 1,879ms
[2025-02-10T20:13:11.876+0400][35,757s][info ][gc] GC(222) Pause Young (Normal) (G1 Evacuation Pause) 157M->7M(256M) 2,725ms
[2025-02-10T20:13:12.033+0400][35,913s][info ][gc] GC(223) Pause Young (Normal) (G1 Evacuation Pause) 156M->4M(256M) 1,041ms
[2025-02-10T20:13:12.193+0400][36,074s][info ][gc] GC(224) Pause Young (Normal) (G1 Evacuation Pause) 156M->5M(256M) 1,873ms
[2025-02-10T20:13:12.353+0400][36,233s][info ][gc] GC(225) Pause Young (Normal) (G1 Evacuation Pause) 156M->6M(256M) 2,396ms
[2025-02-10T20:13:12.511+0400][36,392s][info ][gc] GC(226) Pause Young (Normal) (G1 Evacuation Pause) 156M->4M(256M) 1,896ms
[2025-02-10T20:13:12.672+0400][36,552s][info ][gc] GC(227) Pause Young (Normal) (G1 Evacuation Pause) 156M->5M(256M) 1,960ms
[2025-02-10T20:13:12.831+0400][36,711s][info ][gc] GC(228) Pause Young (Normal) (G1 Evacuation Pause) 156M->6M(256M) 2,247ms
[2025-02-10T20:13:12.989+0400][36,869s][info ][gc] GC(229) Pause Young (Normal) (G1 Evacuation Pause) 156M->4M(256M) 1,184ms
[2025-02-10T20:13:13.153+0400][37,033s][info ][gc] GC(230) Pause Young (Normal) (G1 Evacuation Pause) 156M->5M(256M) 1,633ms
[2025-02-10T20:13:13.312+0400][37,193s][info ][gc] GC(231) Pause Young (Normal) (G1 Evacuation Pause) 156M->6M(256M) 2,226ms
[2025-02-10T20:13:13.470+0400][37,350s][info ][gc] GC(232) Pause Young (Normal) (G1 Evacuation Pause) 156M->4M(256M) 0,920ms
[2025-02-10T20:13:13.630+0400][37,510s][info ][gc] GC(233) Pause Young (Normal) (G1 Evacuation Pause) 156M->5M(256M) 1,701ms
[2025-02-10T20:13:13.789+0400][37,670s][info ][gc] GC(234) Pause Young (Normal) (G1 Evacuation Pause) 156M->6M(256M) 2,297ms
[2025-02-10T20:13:13.947+0400][37,828s][info ][gc] GC(235) Pause Young (Normal) (G1 Evacuation Pause) 156M->4M(256M) 1,288ms
[2025-02-10T20:13:14.107+0400][37,988s][info ][gc] GC(236) Pause Young (Normal) (G1 Evacuation Pause) 156M->5M(256M) 1,533ms
[2025-02-10T20:13:14.267+0400][38,147s][info ][gc] GC(237) Pause Young (Normal) (G1 Evacuation Pause) 156M->6M(256M) 2,268ms
[2025-02-10T20:13:14.426+0400][38,306s][info ][gc] GC(238) Pause Young (Normal) (G1 Evacuation Pause) 156M->7M(256M) 2,726ms
[2025-02-10T20:13:14.583+0400][38,463s][info ][gc] GC(239) Pause Young (Normal) (G1 Evacuation Pause) 156M->5M(256M) 1,327ms
[2025-02-10T20:13:14.743+0400][38,623s][info ][gc] GC(240) Pause Young (Normal) (G1 Evacuation Pause) 157M->6M(256M) 1,908ms
[2025-02-10T20:13:14.903+0400][38,783s][info ][gc] GC(241) Pause Young (Normal) (G1 Evacuation Pause) 157M->7M(256M) 2,682ms
[2025-02-10T20:13:15.061+0400][38,941s][info ][gc] GC(242) Pause Young (Normal) (G1 Evacuation Pause) 157M->4M(256M) 1,436ms
[2025-02-10T20:13:15.221+0400][39,101s][info ][gc] GC(243) Pause Young (Normal) (G1 Evacuation Pause) 156M->6M(256M) 1,779ms
[2025-02-10T20:13:15.381+0400][39,261s][info ][gc] GC(244) Pause Young (Normal) (G1 Evacuation Pause) 157M->6M(256M) 2,505ms
[2025-02-10T20:13:15.538+0400][39,419s][info ][gc] GC(245) Pause Young (Normal) (G1 Evacuation Pause) 156M->4M(256M) 1,065ms
[2025-02-10T20:13:15.698+0400][39,579s][info ][gc] GC(246) Pause Young (Normal) (G1 Evacuation Pause) 156M->5M(256M) 1,930ms
[2025-02-10T20:13:15.858+0400][39,739s][info ][gc] GC(247) Pause Young (Normal) (G1 Evacuation Pause) 156M->6M(256M) 2,189ms
[2025-02-10T20:13:16.017+0400][39,897s][info ][gc] GC(248) Pause Young (Normal) (G1 Evacuation Pause) 156M->4M(256M) 2,128ms
[2025-02-10T20:13:16.178+0400][40,058s][info ][gc] GC(249) Pause Young (Normal) (G1 Evacuation Pause) 156M->5M(256M) 2,006ms
[2025-02-10T20:13:16.338+0400][40,218s][info ][gc] GC(250) Pause Young (Normal) (G1 Evacuation Pause) 156M->6M(256M) 2,311ms
[2025-02-10T20:13:16.496+0400][40,376s][info ][gc] GC(251) Pause Young (Normal) (G1 Evacuation Pause) 156M->4M(256M) 1,194ms
[2025-02-10T20:13:16.656+0400][40,536s][info ][gc] GC(252) Pause Young (Normal) (G1 Evacuation Pause) 156M->5M(256M) 1,646ms
[2025-02-10T20:13:16.815+0400][40,696s][info ][gc] GC(253) Pause Young (Normal) (G1 Evacuation Pause) 156M->6M(256M) 2,146ms
[2025-02-10T20:13:16.973+0400][40,853s][info ][gc] GC(254) Pause Young (Normal) (G1 Evacuation Pause) 156M->4M(256M) 0,934ms
[2025-02-10T20:13:17.132+0400][41,013s][info ][gc] GC(255) Pause Young (Normal) (G1 Evacuation Pause) 156M->5M(256M) 1,506ms
[2025-02-10T20:13:17.292+0400][41,173s][info ][gc] GC(256) Pause Young (Normal) (G1 Evacuation Pause) 156M->6M(256M) 2,429ms
[2025-02-10T20:13:17.452+0400][41,332s][info ][gc] GC(257) Pause Young (Normal) (G1 Evacuation Pause) 156M->7M(256M) 2,671ms
[2025-02-10T20:13:17.608+0400][41,489s][info ][gc] GC(258) Pause Young (Normal) (G1 Evacuation Pause) 156M->5M(256M) 1,327ms
[2025-02-10T20:13:17.769+0400][41,649s][info ][gc] GC(259) Pause Young (Normal) (G1 Evacuation Pause) 157M->6M(256M) 1,942ms
[2025-02-10T20:13:17.928+0400][41,809s][info ][gc] GC(260) Pause Young (Normal) (G1 Evacuation Pause) 157M->7M(256M) 2,685ms
[2025-02-10T20:13:18.086+0400][41,967s][info ][gc] GC(261) Pause Young (Normal) (G1 Evacuation Pause) 157M->4M(256M) 1,249ms
[2025-02-10T20:13:18.247+0400][42,127s][info ][gc] GC(262) Pause Young (Normal) (G1 Evacuation Pause) 156M->6M(256M) 1,938ms
[2025-02-10T20:13:18.406+0400][42,287s][info ][gc] GC(263) Pause Young (Normal) (G1 Evacuation Pause) 157M->7M(256M) 2,487ms
[2025-02-10T20:13:18.564+0400][42,444s][info ][gc] GC(264) Pause Young (Normal) (G1 Evacuation Pause) 157M->4M(256M) 1,110ms
[2025-02-10T20:13:18.724+0400][42,605s][info ][gc] GC(265) Pause Young (Normal) (G1 Evacuation Pause) 156M->5M(256M) 1,928ms
[2025-02-10T20:13:18.884+0400][42,764s][info ][gc] GC(266) Pause Young (Normal) (G1 Evacuation Pause) 156M->6M(256M) 2,420ms
[2025-02-10T20:13:19.041+0400][42,922s][info ][gc] GC(267) Pause Young (Normal) (G1 Evacuation Pause) 156M->4M(256M) 1,122ms
[2025-02-10T20:13:19.201+0400][43,082s][info ][gc] GC(268) Pause Young (Normal) (G1 Evacuation Pause) 156M->5M(256M) 1,713ms
[2025-02-10T20:13:19.361+0400][43,241s][info ][gc] GC(269) Pause Young (Normal) (G1 Evacuation Pause) 156M->6M(256M) 2,112ms
[2025-02-10T20:13:19.518+0400][43,399s][info ][gc] GC(270) Pause Young (Normal) (G1 Evacuation Pause) 156M->4M(256M) 1,231ms
[2025-02-10T20:13:19.679+0400][43,560s][info ][gc] GC(271) Pause Young (Normal) (G1 Evacuation Pause) 156M->5M(256M) 2,224ms
[2025-02-10T20:13:19.839+0400][43,720s][info ][gc] GC(272) Pause Young (Normal) (G1 Evacuation Pause) 156M->6M(256M) 2,126ms
[2025-02-10T20:13:19.997+0400][43,877s][info ][gc] GC(273) Pause Young (Normal) (G1 Evacuation Pause) 156M->4M(256M) 1,120ms
[2025-02-10T20:13:20.157+0400][44,037s][info ][gc] GC(274) Pause Young (Normal) (G1 Evacuation Pause) 156M->5M(256M) 1,743ms
[2025-02-10T20:13:20.317+0400][44,198s][info ][gc] GC(275) Pause Young (Normal) (G1 Evacuation Pause) 156M->6M(256M) 2,421ms
[2025-02-10T20:13:20.475+0400][44,355s][info ][gc] GC(276) Pause Young (Normal) (G1 Evacuation Pause) 156M->4M(256M) 1,040ms
[2025-02-10T20:13:20.635+0400][44,515s][info ][gc] GC(277) Pause Young (Normal) (G1 Evacuation Pause) 156M->5M(256M) 1,610ms
[2025-02-10T20:13:20.795+0400][44,675s][info ][gc] GC(278) Pause Young (Normal) (G1 Evacuation Pause) 156M->6M(256M) 2,502ms
[2025-02-10T20:13:20.954+0400][44,834s][info ][gc] GC(279) Pause Young (Normal) (G1 Evacuation Pause) 156M->7M(256M) 2,709ms
[2025-02-10T20:13:21.110+0400][44,991s][info ][gc] GC(280) Pause Young (Normal) (G1 Evacuation Pause) 156M->5M(256M) 1,185ms
[2025-02-10T20:13:21.271+0400][45,151s][info ][gc] GC(281) Pause Young (Normal) (G1 Evacuation Pause) 157M->6M(256M) 2,034ms
[2025-02-10T20:13:21.431+0400][45,311s][info ][gc] GC(282) Pause Young (Normal) (G1 Evacuation Pause) 157M->7M(256M) 2,631ms
[2025-02-10T20:13:21.587+0400][45,468s][info ][gc] GC(283) Pause Young (Normal) (G1 Evacuation Pause) 156M->4M(256M) 1,221ms
[2025-02-10T20:13:21.747+0400][45,628s][info ][gc] GC(284) Pause Young (Normal) (G1 Evacuation Pause) 156M->5M(256M) 1,709ms
[2025-02-10T20:13:21.907+0400][45,788s][info ][gc] GC(285) Pause Young (Normal) (G1 Evacuation Pause) 156M->6M(256M) 2,282ms
[2025-02-10T20:13:22.066+0400][45,946s][info ][gc] GC(286) Pause Young (Normal) (G1 Evacuation Pause) 156M->4M(256M) 2,428ms
[2025-02-10T20:13:22.226+0400][46,106s][info ][gc] GC(287) Pause Young (Normal) (G1 Evacuation Pause) 156M->5M(256M) 1,474ms
[2025-02-10T20:13:22.386+0400][46,266s][info ][gc] GC(288) Pause Young (Normal) (G1 Evacuation Pause) 156M->6M(256M) 2,305ms
[2025-02-10T20:13:22.543+0400][46,424s][info ][gc] GC(289) Pause Young (Normal) (G1 Evacuation Pause) 156M->4M(256M) 1,201ms
[2025-02-10T20:13:22.703+0400][46,584s][info ][gc] GC(290) Pause Young (Normal) (G1 Evacuation Pause) 156M->5M(256M) 1,740ms
[2025-02-10T20:13:22.863+0400][46,744s][info ][gc] GC(291) Pause Young (Normal) (G1 Evacuation Pause) 156M->6M(256M) 2,276ms
[2025-02-10T20:13:23.020+0400][46,901s][info ][gc] GC(292) Pause Young (Normal) (G1 Evacuation Pause) 156M->4M(256M) 0,993ms
[2025-02-10T20:13:23.180+0400][47,061s][info ][gc] GC(293) Pause Young (Normal) (G1 Evacuation Pause) 156M->5M(256M) 1,550ms
[2025-02-10T20:13:23.340+0400][47,221s][info ][gc] GC(294) Pause Young (Normal) (G1 Evacuation Pause) 156M->6M(256M) 2,318ms
[2025-02-10T20:13:23.499+0400][47,380s][info ][gc] GC(295) Pause Young (Normal) (G1 Evacuation Pause) 156M->7M(256M) 2,553ms
[2025-02-10T20:13:23.656+0400][47,537s][info ][gc] GC(296) Pause Young (Normal) (G1 Evacuation Pause) 156M->5M(256M) 1,634ms
[2025-02-10T20:13:23.817+0400][47,697s][info ][gc] GC(297) Pause Young (Normal) (G1 Evacuation Pause) 157M->6M(256M) 2,172ms
[2025-02-10T20:13:23.977+0400][47,857s][info ][gc] GC(298) Pause Young (Normal) (G1 Evacuation Pause) 157M->7M(256M) 2,761ms
[2025-02-10T20:13:24.135+0400][48,015s][info ][gc] GC(299) Pause Young (Normal) (G1 Evacuation Pause) 157M->4M(256M) 1,460ms
[2025-02-10T20:13:24.295+0400][48,176s][info ][gc] GC(300) Pause Young (Normal) (G1 Evacuation Pause) 156M->6M(256M) 2,030ms
[2025-02-10T20:13:24.455+0400][48,336s][info ][gc] GC(301) Pause Young (Normal) (G1 Evacuation Pause) 157M->7M(256M) 2,468ms
[2025-02-10T20:13:24.613+0400][48,493s][info ][gc] GC(302) Pause Young (Normal) (G1 Evacuation Pause) 157M->4M(256M) 1,115ms
[2025-02-10T20:13:24.773+0400][48,654s][info ][gc] GC(303) Pause Young (Normal) (G1 Evacuation Pause) 156M->5M(256M) 1,899ms
[2025-02-10T20:13:24.933+0400][48,813s][info ][gc] GC(304) Pause Young (Normal) (G1 Evacuation Pause) 156M->6M(256M) 2,451ms
[2025-02-10T20:13:25.093+0400][48,974s][info ][gc] GC(305) Pause Young (Normal) (G1 Evacuation Pause) 156M->4M(256M) 3,811ms
[2025-02-10T20:13:25.254+0400][49,134s][info ][gc] GC(306) Pause Young (Normal) (G1 Evacuation Pause) 156M->5M(256M) 1,946ms
[2025-02-10T20:13:25.413+0400][49,293s][info ][gc] GC(307) Pause Young (Normal) (G1 Evacuation Pause) 156M->6M(256M) 2,287ms
[2025-02-10T20:13:25.570+0400][49,451s][info ][gc] GC(308) Pause Young (Normal) (G1 Evacuation Pause) 156M->4M(256M) 1,109ms
[2025-02-10T20:13:25.731+0400][49,611s][info ][gc] GC(309) Pause Young (Normal) (G1 Evacuation Pause) 156M->5M(256M) 1,782ms
[2025-02-10T20:13:25.890+0400][49,771s][info ][gc] GC(310) Pause Young (Normal) (G1 Evacuation Pause) 156M->6M(256M) 2,098ms
[2025-02-10T20:13:26.048+0400][49,928s][info ][gc] GC(311) Pause Young (Normal) (G1 Evacuation Pause) 156M->4M(256M) 1,137ms
[2025-02-10T20:13:26.208+0400][50,088s][info ][gc] GC(312) Pause Young (Normal) (G1 Evacuation Pause) 156M->5M(256M) 1,628ms
[2025-02-10T20:13:26.367+0400][50,248s][info ][gc] GC(313) Pause Young (Normal) (G1 Evacuation Pause) 156M->6M(256M) 2,085ms
[2025-02-10T20:13:26.525+0400][50,405s][info ][gc] GC(314) Pause Young (Normal) (G1 Evacuation Pause) 156M->4M(256M) 0,892ms
[2025-02-10T20:13:26.685+0400][50,565s][info ][gc] GC(315) Pause Young (Normal) (G1 Evacuation Pause) 156M->5M(256M) 1,494ms
[2025-02-10T20:13:26.845+0400][50,725s][info ][gc] GC(316) Pause Young (Normal) (G1 Evacuation Pause) 156M->6M(256M) 2,349ms
[2025-02-10T20:13:27.004+0400][50,885s][info ][gc] GC(317) Pause Young (Normal) (G1 Evacuation Pause) 156M->7M(256M) 2,785ms
[2025-02-10T20:13:27.163+0400][51,044s][info ][gc] GC(318) Pause Young (Normal) (G1 Evacuation Pause) 156M->5M(256M) 1,205ms
[2025-02-10T20:13:27.324+0400][51,205s][info ][gc] GC(319) Pause Young (Normal) (G1 Evacuation Pause) 157M->6M(256M) 2,024ms
[2025-02-10T20:13:27.484+0400][51,365s][info ][gc] GC(320) Pause Young (Normal) (G1 Evacuation Pause) 157M->7M(256M) 2,568ms
[2025-02-10T20:13:27.641+0400][51,521s][info ][gc] GC(321) Pause Young (Normal) (G1 Evacuation Pause) 156M->4M(256M) 1,161ms
[2025-02-10T20:13:27.801+0400][51,682s][info ][gc] GC(322) Pause Young (Normal) (G1 Evacuation Pause) 156M->5M(256M) 2,454ms
[2025-02-10T20:13:27.961+0400][51,842s][info ][gc] GC(323) Pause Young (Normal) (G1 Evacuation Pause) 156M->6M(256M) 2,395ms
[2025-02-10T20:13:28.119+0400][52,000s][info ][gc] GC(324) Pause Young (Normal) (G1 Evacuation Pause) 156M->4M(256M) 1,477ms
[2025-02-10T20:13:28.280+0400][52,160s][info ][gc] GC(325) Pause Young (Normal) (G1 Evacuation Pause) 156M->5M(256M) 2,168ms
[2025-02-10T20:13:28.439+0400][52,320s][info ][gc] GC(326) Pause Young (Normal) (G1 Evacuation Pause) 156M->6M(256M) 2,310ms
[2025-02-10T20:13:28.597+0400][52,477s][info ][gc] GC(327) Pause Young (Normal) (G1 Evacuation Pause) 156M->4M(256M) 1,350ms
[2025-02-10T20:13:28.757+0400][52,637s][info ][gc] GC(328) Pause Young (Normal) (G1 Evacuation Pause) 156M->5M(256M) 1,669ms
[2025-02-10T20:13:28.917+0400][52,798s][info ][gc] GC(329) Pause Young (Normal) (G1 Evacuation Pause) 156M->6M(256M) 2,969ms
[2025-02-10T20:13:29.076+0400][52,956s][info ][gc] GC(330) Pause Young (Normal) (G1 Evacuation Pause) 156M->4M(256M) 1,727ms
[2025-02-10T20:13:29.236+0400][53,116s][info ][gc] GC(331) Pause Young (Normal) (G1 Evacuation Pause) 156M->5M(256M) 1,533ms
[2025-02-10T20:13:29.396+0400][53,276s][info ][gc] GC(332) Pause Young (Normal) (G1 Evacuation Pause) 156M->6M(256M) 2,212ms
[2025-02-10T20:13:29.555+0400][53,435s][info ][gc] GC(333) Pause Young (Normal) (G1 Evacuation Pause) 156M->7M(256M) 2,587ms
[2025-02-10T20:13:29.712+0400][53,592s][info ][gc] GC(334) Pause Young (Normal) (G1 Evacuation Pause) 156M->5M(256M) 1,670ms
[2025-02-10T20:13:29.872+0400][53,753s][info ][gc] GC(335) Pause Young (Normal) (G1 Evacuation Pause) 157M->6M(256M) 2,025ms
[2025-02-10T20:13:30.032+0400][53,913s][info ][gc] GC(336) Pause Young (Normal) (G1 Evacuation Pause) 157M->7M(256M) 2,702ms
[2025-02-10T20:13:30.189+0400][54,069s][info ][gc] GC(337) Pause Young (Normal) (G1 Evacuation Pause) 156M->4M(256M) 1,209ms
[2025-02-10T20:13:30.349+0400][54,230s][info ][gc] GC(338) Pause Young (Normal) (G1 Evacuation Pause) 156M->5M(256M) 1,975ms
[2025-02-10T20:13:30.509+0400][54,389s][info ][gc] GC(339) Pause Young (Normal) (G1 Evacuation Pause) 156M->6M(256M) 2,215ms
[2025-02-10T20:13:30.666+0400][54,547s][info ][gc] GC(340) Pause Young (Normal) (G1 Evacuation Pause) 156M->4M(256M) 1,152ms
[2025-02-10T20:13:30.827+0400][54,707s][info ][gc] GC(341) Pause Young (Normal) (G1 Evacuation Pause) 156M->5M(256M) 1,545ms
[2025-02-10T20:13:30.986+0400][54,867s][info ][gc] GC(342) Pause Young (Normal) (G1 Evacuation Pause) 156M->6M(256M) 2,392ms
[2025-02-10T20:13:31.144+0400][55,025s][info ][gc] GC(343) Pause Young (Normal) (G1 Evacuation Pause) 156M->4M(256M) 1,508ms
[2025-02-10T20:13:31.304+0400][55,185s][info ][gc] GC(344) Pause Young (Normal) (G1 Evacuation Pause) 156M->5M(256M) 1,635ms
[2025-02-10T20:13:31.464+0400][55,345s][info ][gc] GC(345) Pause Young (Normal) (G1 Evacuation Pause) 156M->6M(256M) 2,311ms
[2025-02-10T20:13:31.621+0400][55,502s][info ][gc] GC(346) Pause Young (Normal) (G1 Evacuation Pause) 156M->4M(256M) 1,042ms
[2025-02-10T20:13:31.781+0400][55,662s][info ][gc] GC(347) Pause Young (Normal) (G1 Evacuation Pause) 156M->5M(256M) 1,524ms
[2025-02-10T20:13:31.941+0400][55,822s][info ][gc] GC(348) Pause Young (Normal) (G1 Evacuation Pause) 156M->6M(256M) 2,265ms
[2025-02-10T20:13:32.098+0400][55,979s][info ][gc] GC(349) Pause Young (Normal) (G1 Evacuation Pause) 156M->4M(256M) 0,842ms
[2025-02-10T20:13:32.258+0400][56,139s][info ][gc] GC(350) Pause Young (Normal) (G1 Evacuation Pause) 156M->5M(256M) 1,487ms
[2025-02-10T20:13:32.418+0400][56,299s][info ][gc] GC(351) Pause Young (Normal) (G1 Evacuation Pause) 156M->6M(256M) 2,379ms
[2025-02-10T20:13:32.577+0400][56,458s][info ][gc] GC(352) Pause Young (Normal) (G1 Evacuation Pause) 156M->7M(256M) 2,670ms
[2025-02-10T20:13:32.734+0400][56,614s][info ][gc] GC(353) Pause Young (Normal) (G1 Evacuation Pause) 156M->5M(256M) 1,132ms
[2025-02-10T20:13:32.894+0400][56,775s][info ][gc] GC(354) Pause Young (Normal) (G1 Evacuation Pause) 157M->6M(256M) 1,997ms
[2025-02-10T20:13:33.054+0400][56,935s][info ][gc] GC(355) Pause Young (Normal) (G1 Evacuation Pause) 157M->7M(256M) 2,666ms
[2025-02-10T20:13:33.211+0400][57,091s][info ][gc] GC(356) Pause Young (Normal) (G1 Evacuation Pause) 156M->4M(256M) 1,205ms
[2025-02-10T20:13:33.372+0400][57,252s][info ][gc] GC(357) Pause Young (Normal) (G1 Evacuation Pause) 156M->5M(256M) 1,982ms
[2025-02-10T20:13:33.532+0400][57,412s][info ][gc] GC(358) Pause Young (Normal) (G1 Evacuation Pause) 156M->6M(256M) 2,509ms
[2025-02-10T20:13:33.689+0400][57,569s][info ][gc] GC(359) Pause Young (Normal) (G1 Evacuation Pause) 156M->4M(256M) 1,123ms
[2025-02-10T20:13:33.849+0400][57,730s][info ][gc] GC(360) Pause Young (Normal) (G1 Evacuation Pause) 156M->5M(256M) 1,827ms
[2025-02-10T20:13:34.009+0400][57,890s][info ][gc] GC(361) Pause Young (Normal) (G1 Evacuation Pause) 156M->6M(256M) 2,431ms
[2025-02-10T20:13:34.167+0400][58,048s][info ][gc] GC(362) Pause Young (Normal) (G1 Evacuation Pause) 156M->4M(256M) 1,353ms
[2025-02-10T20:13:34.328+0400][58,208s][info ][gc] GC(363) Pause Young (Normal) (G1 Evacuation Pause) 156M->5M(256M) 1,682ms
[2025-02-10T20:13:34.489+0400][58,369s][info ][gc] GC(364) Pause Young (Normal) (G1 Evacuation Pause) 156M->6M(256M) 2,441ms
[2025-02-10T20:13:34.646+0400][58,527s][info ][gc] GC(365) Pause Young (Normal) (G1 Evacuation Pause) 156M->4M(256M) 0,917ms
[2025-02-10T20:13:34.806+0400][58,687s][info ][gc] GC(366) Pause Young (Normal) (G1 Evacuation Pause) 156M->5M(256M) 1,460ms
[2025-02-10T20:13:34.966+0400][58,847s][info ][gc] GC(367) Pause Young (Normal) (G1 Evacuation Pause) 156M->6M(256M) 2,343ms
[2025-02-10T20:13:35.125+0400][59,006s][info ][gc] GC(368) Pause Young (Normal) (G1 Evacuation Pause) 156M->7M(256M) 2,628ms
[2025-02-10T20:13:35.282+0400][59,162s][info ][gc] GC(369) Pause Young (Normal) (G1 Evacuation Pause) 156M->5M(256M) 1,090ms
[2025-02-10T20:13:35.442+0400][59,322s][info ][gc] GC(370) Pause Young (Normal) (G1 Evacuation Pause) 157M->6M(256M) 1,883ms
[2025-02-10T20:13:35.602+0400][59,482s][info ][gc] GC(371) Pause Young (Normal) (G1 Evacuation Pause) 157M->7M(256M) 2,532ms
[2025-02-10T20:13:35.759+0400][59,640s][info ][gc] GC(372) Pause Young (Normal) (G1 Evacuation Pause) 157M->4M(256M) 1,336ms
[2025-02-10T20:13:35.920+0400][59,800s][info ][gc] GC(373) Pause Young (Normal) (G1 Evacuation Pause) 156M->5M(256M) 1,796ms
[2025-02-10T20:13:36.081+0400][59,962s][info ][gc] GC(374) Pause Young (Normal) (G1 Evacuation Pause) 156M->7M(256M) 2,563ms
[2025-02-10T20:13:36.240+0400][60,120s][info ][gc] GC(375) Pause Young (Normal) (G1 Evacuation Pause) 157M->4M(256M) 1,551ms
[2025-02-10T20:13:36.406+0400][60,287s][info ][gc] GC(376) Pause Young (Normal) (G1 Evacuation Pause) 156M->5M(256M) 2,229ms
[2025-02-10T20:13:36.570+0400][60,450s][info ][gc] GC(377) Pause Young (Normal) (G1 Evacuation Pause) 156M->6M(256M) 2,308ms
[2025-02-10T20:13:36.728+0400][60,608s][info ][gc] GC(378) Pause Young (Normal) (G1 Evacuation Pause) 156M->4M(256M) 1,136ms
[2025-02-10T20:13:36.888+0400][60,769s][info ][gc] GC(379) Pause Young (Normal) (G1 Evacuation Pause) 156M->5M(256M) 1,864ms
[2025-02-10T20:13:37.048+0400][60,929s][info ][gc] GC(380) Pause Young (Normal) (G1 Evacuation Pause) 156M->6M(256M) 2,254ms
[2025-02-10T20:13:37.206+0400][61,087s][info ][gc] GC(381) Pause Young (Normal) (G1 Evacuation Pause) 156M->4M(256M) 1,119ms
[2025-02-10T20:13:37.367+0400][61,247s][info ][gc] GC(382) Pause Young (Normal) (G1 Evacuation Pause) 156M->5M(256M) 1,631ms
[2025-02-10T20:13:37.526+0400][61,407s][info ][gc] GC(383) Pause Young (Normal) (G1 Evacuation Pause) 156M->6M(256M) 1,888ms
[2025-02-10T20:13:37.684+0400][61,565s][info ][gc] GC(384) Pause Young (Normal) (G1 Evacuation Pause) 156M->4M(256M) 0,955ms
[2025-02-10T20:13:37.845+0400][61,725s][info ][gc] GC(385) Pause Young (Normal) (G1 Evacuation Pause) 156M->5M(256M) 1,485ms
[2025-02-10T20:13:38.004+0400][61,885s][info ][gc] GC(386) Pause Young (Normal) (G1 Evacuation Pause) 156M->6M(256M) 2,377ms
[2025-02-10T20:13:38.163+0400][62,044s][info ][gc] GC(387) Pause Young (Normal) (G1 Evacuation Pause) 156M->7M(256M) 2,430ms
[2025-02-10T20:13:38.320+0400][62,201s][info ][gc] GC(388) Pause Young (Normal) (G1 Evacuation Pause) 156M->5M(256M) 1,276ms
[2025-02-10T20:13:38.481+0400][62,361s][info ][gc] GC(389) Pause Young (Normal) (G1 Evacuation Pause) 157M->6M(256M) 1,997ms
[2025-02-10T20:13:38.640+0400][62,521s][info ][gc] GC(390) Pause Young (Normal) (G1 Evacuation Pause) 157M->7M(256M) 2,588ms
[2025-02-10T20:13:38.798+0400][62,678s][info ][gc] GC(391) Pause Young (Normal) (G1 Evacuation Pause) 157M->4M(256M) 1,222ms
[2025-02-10T20:13:38.959+0400][62,840s][info ][gc] GC(392) Pause Young (Normal) (G1 Evacuation Pause) 156M->5M(256M) 2,760ms
[2025-02-10T20:13:39.119+0400][62,999s][info ][gc] GC(393) Pause Young (Normal) (G1 Evacuation Pause) 156M->7M(256M) 2,489ms
[2025-02-10T20:13:39.276+0400][63,157s][info ][gc] GC(394) Pause Young (Normal) (G1 Evacuation Pause) 157M->4M(256M) 1,241ms
[2025-02-10T20:13:39.437+0400][63,317s][info ][gc] GC(395) Pause Young (Normal) (G1 Evacuation Pause) 156M->5M(256M) 1,772ms
[2025-02-10T20:13:39.596+0400][63,477s][info ][gc] GC(396) Pause Young (Normal) (G1 Evacuation Pause) 156M->6M(256M) 2,312ms
[2025-02-10T20:13:39.754+0400][63,635s][info ][gc] GC(397) Pause Young (Normal) (G1 Evacuation Pause) 156M->4M(256M) 1,049ms
[2025-02-10T20:13:39.915+0400][63,795s][info ][gc] GC(398) Pause Young (Normal) (G1 Evacuation Pause) 156M->5M(256M) 1,843ms
[2025-02-10T20:13:40.074+0400][63,955s][info ][gc] GC(399) Pause Young (Normal) (G1 Evacuation Pause) 156M->6M(256M) 2,255ms
[2025-02-10T20:13:40.232+0400][64,112s][info ][gc] GC(400) Pause Young (Normal) (G1 Evacuation Pause) 156M->4M(256M) 1,152ms
[2025-02-10T20:13:40.392+0400][64,273s][info ][gc] GC(401) Pause Young (Normal) (G1 Evacuation Pause) 156M->5M(256M) 1,802ms
[2025-02-10T20:13:40.552+0400][64,432s][info ][gc] GC(402) Pause Young (Normal) (G1 Evacuation Pause) 156M->6M(256M) 2,252ms
[2025-02-10T20:13:40.709+0400][64,589s][info ][gc] GC(403) Pause Young (Normal) (G1 Evacuation Pause) 156M->4M(256M) 1,013ms
[2025-02-10T20:13:40.869+0400][64,749s][info ][gc] GC(404) Pause Young (Normal) (G1 Evacuation Pause) 156M->5M(256M) 1,513ms
[2025-02-10T20:13:41.029+0400][64,909s][info ][gc] GC(405) Pause Young (Normal) (G1 Evacuation Pause) 156M->6M(256M) 2,261ms
[2025-02-10T20:13:41.186+0400][65,067s][info ][gc] GC(406) Pause Young (Normal) (G1 Evacuation Pause) 156M->4M(256M) 0,950ms
[2025-02-10T20:13:41.346+0400][65,226s][info ][gc] GC(407) Pause Young (Normal) (G1 Evacuation Pause) 156M->5M(256M) 1,604ms
[2025-02-10T20:13:41.507+0400][65,387s][info ][gc] GC(408) Pause Young (Normal) (G1 Evacuation Pause) 156M->6M(256M) 2,219ms
[2025-02-10T20:13:41.665+0400][65,546s][info ][gc] GC(409) Pause Young (Normal) (G1 Evacuation Pause) 156M->7M(256M) 2,621ms
[2025-02-10T20:13:41.822+0400][65,702s][info ][gc] GC(410) Pause Young (Normal) (G1 Evacuation Pause) 156M->5M(256M) 1,244ms
[2025-02-10T20:13:41.983+0400][65,863s][info ][gc] GC(411) Pause Young (Normal) (G1 Evacuation Pause) 157M->6M(256M) 1,851ms
[2025-02-10T20:13:42.143+0400][66,023s][info ][gc] GC(412) Pause Young (Normal) (G1 Evacuation Pause) 157M->7M(256M) 2,526ms
[2025-02-10T20:13:42.301+0400][66,181s][info ][gc] GC(413) Pause Young (Normal) (G1 Evacuation Pause) 157M->4M(256M) 1,159ms
[2025-02-10T20:13:42.461+0400][66,341s][info ][gc] GC(414) Pause Young (Normal) (G1 Evacuation Pause) 156M->5M(256M) 1,895ms
[2025-02-10T20:13:42.621+0400][66,502s][info ][gc] GC(415) Pause Young (Normal) (G1 Evacuation Pause) 156M->6M(256M) 2,391ms
[2025-02-10T20:13:42.779+0400][66,659s][info ][gc] GC(416) Pause Young (Normal) (G1 Evacuation Pause) 156M->4M(256M) 1,266ms
[2025-02-10T20:13:42.942+0400][66,822s][info ][gc] GC(417) Pause Young (Normal) (G1 Evacuation Pause) 156M->5M(256M) 4,061ms
[2025-02-10T20:13:43.102+0400][66,982s][info ][gc] GC(418) Pause Young (Normal) (G1 Evacuation Pause) 156M->6M(256M) 2,567ms
[2025-02-10T20:13:43.260+0400][67,140s][info ][gc] GC(419) Pause Young (Normal) (G1 Evacuation Pause) 156M->4M(256M) 1,182ms
[2025-02-10T20:13:43.420+0400][67,300s][info ][gc] GC(420) Pause Young (Normal) (G1 Evacuation Pause) 156M->5M(256M) 1,844ms
[2025-02-10T20:13:43.579+0400][67,460s][info ][gc] GC(421) Pause Young (Normal) (G1 Evacuation Pause) 156M->6M(256M) 2,154ms
[2025-02-10T20:13:43.737+0400][67,617s][info ][gc] GC(422) Pause Young (Normal) (G1 Evacuation Pause) 156M->4M(256M) 1,142ms
[2025-02-10T20:13:43.897+0400][67,777s][info ][gc] GC(423) Pause Young (Normal) (G1 Evacuation Pause) 156M->5M(256M) 1,713ms
[2025-02-10T20:13:44.056+0400][67,937s][info ][gc] GC(424) Pause Young (Normal) (G1 Evacuation Pause) 156M->6M(256M) 2,249ms
[2025-02-10T20:13:44.214+0400][68,095s][info ][gc] GC(425) Pause Young (Normal) (G1 Evacuation Pause) 156M->4M(256M) 0,926ms
[2025-02-10T20:13:44.374+0400][68,255s][info ][gc] GC(426) Pause Young (Normal) (G1 Evacuation Pause) 156M->5M(256M) 1,496ms
[2025-02-10T20:13:44.534+0400][68,414s][info ][gc] GC(427) Pause Young (Normal) (G1 Evacuation Pause) 156M->6M(256M) 2,196ms
[2025-02-10T20:13:44.692+0400][68,573s][info ][gc] GC(428) Pause Young (Normal) (G1 Evacuation Pause) 156M->7M(256M) 2,474ms
[2025-02-10T20:13:44.849+0400][68,730s][info ][gc] GC(429) Pause Young (Normal) (G1 Evacuation Pause) 156M->5M(256M) 1,309ms
[2025-02-10T20:13:45.010+0400][68,890s][info ][gc] GC(430) Pause Young (Normal) (G1 Evacuation Pause) 157M->6M(256M) 2,093ms
[2025-02-10T20:13:45.170+0400][69,050s][info ][gc] GC(431) Pause Young (Normal) (G1 Evacuation Pause) 157M->7M(256M) 2,619ms
[2025-02-10T20:13:45.326+0400][69,207s][info ][gc] GC(432) Pause Young (Normal) (G1 Evacuation Pause) 156M->4M(256M) 1,214ms
[2025-02-10T20:13:45.486+0400][69,367s][info ][gc] GC(433) Pause Young (Normal) (G1 Evacuation Pause) 156M->5M(256M) 1,879ms
[2025-02-10T20:13:45.646+0400][69,527s][info ][gc] GC(434) Pause Young (Normal) (G1 Evacuation Pause) 156M->6M(256M) 2,437ms
[2025-02-10T20:13:45.804+0400][69,684s][info ][gc] GC(435) Pause Young (Normal) (G1 Evacuation Pause) 156M->4M(256M) 1,153ms
[2025-02-10T20:13:45.964+0400][69,844s][info ][gc] GC(436) Pause Young (Normal) (G1 Evacuation Pause) 156M->5M(256M) 1,925ms
[2025-02-10T20:13:46.124+0400][70,004s][info ][gc] GC(437) Pause Young (Normal) (G1 Evacuation Pause) 156M->6M(256M) 2,359ms
[2025-02-10T20:13:46.281+0400][70,162s][info ][gc] GC(438) Pause Young (Normal) (G1 Evacuation Pause) 156M->4M(256M) 1,160ms
[2025-02-10T20:13:46.442+0400][70,322s][info ][gc] GC(439) Pause Young (Normal) (G1 Evacuation Pause) 156M->5M(256M) 1,768ms
[2025-02-10T20:13:46.602+0400][70,482s][info ][gc] GC(440) Pause Young (Normal) (G1 Evacuation Pause) 156M->6M(256M) 2,335ms
[2025-02-10T20:13:46.759+0400][70,640s][info ][gc] GC(441) Pause Young (Normal) (G1 Evacuation Pause) 156M->4M(256M) 1,348ms
[2025-02-10T20:13:46.919+0400][70,800s][info ][gc] GC(442) Pause Young (Normal) (G1 Evacuation Pause) 156M->5M(256M) 1,590ms
[2025-02-10T20:13:47.079+0400][70,960s][info ][gc] GC(443) Pause Young (Normal) (G1 Evacuation Pause) 156M->6M(256M) 2,537ms
[2025-02-10T20:13:47.236+0400][71,117s][info ][gc] GC(444) Pause Young (Normal) (G1 Evacuation Pause) 156M->4M(256M) 0,830ms
[2025-02-10T20:13:47.397+0400][71,278s][info ][gc] GC(445) Pause Young (Normal) (G1 Evacuation Pause) 156M->5M(256M) 1,611ms
[2025-02-10T20:13:47.557+0400][71,437s][info ][gc] GC(446) Pause Young (Normal) (G1 Evacuation Pause) 156M->6M(256M) 2,155ms
[2025-02-10T20:13:47.716+0400][71,596s][info ][gc] GC(447) Pause Young (Normal) (G1 Evacuation Pause) 156M->7M(256M) 2,509ms
[2025-02-10T20:13:47.872+0400][71,753s][info ][gc] GC(448) Pause Young (Normal) (G1 Evacuation Pause) 156M->5M(256M) 1,103ms
[2025-02-10T20:13:48.032+0400][71,913s][info ][gc] GC(449) Pause Young (Normal) (G1 Evacuation Pause) 157M->6M(256M) 1,881ms
[2025-02-10T20:13:48.192+0400][72,073s][info ][gc] GC(450) Pause Young (Normal) (G1 Evacuation Pause) 157M->7M(256M) 2,659ms
[2025-02-10T20:13:48.350+0400][72,231s][info ][gc] GC(451) Pause Young (Normal) (G1 Evacuation Pause) 157M->4M(256M) 1,205ms
[2025-02-10T20:13:48.511+0400][72,391s][info ][gc] GC(452) Pause Young (Normal) (G1 Evacuation Pause) 156M->6M(256M) 1,939ms
[2025-02-10T20:13:48.671+0400][72,551s][info ][gc] GC(453) Pause Young (Normal) (G1 Evacuation Pause) 157M->7M(256M) 2,369ms
[2025-02-10T20:13:48.828+0400][72,709s][info ][gc] GC(454) Pause Young (Normal) (G1 Evacuation Pause) 157M->4M(256M) 1,542ms
[2025-02-10T20:13:48.989+0400][72,869s][info ][gc] GC(455) Pause Young (Normal) (G1 Evacuation Pause) 156M->5M(256M) 1,917ms
[2025-02-10T20:13:49.149+0400][73,029s][info ][gc] GC(456) Pause Young (Normal) (G1 Evacuation Pause) 156M->6M(256M) 2,426ms
[2025-02-10T20:13:49.306+0400][73,187s][info ][gc] GC(457) Pause Young (Normal) (G1 Evacuation Pause) 156M->4M(256M) 1,058ms
[2025-02-10T20:13:49.466+0400][73,347s][info ][gc] GC(458) Pause Young (Normal) (G1 Evacuation Pause) 156M->5M(256M) 1,744ms
[2025-02-10T20:13:49.626+0400][73,507s][info ][gc] GC(459) Pause Young (Normal) (G1 Evacuation Pause) 156M->6M(256M) 2,288ms
[2025-02-10T20:13:49.784+0400][73,664s][info ][gc] GC(460) Pause Young (Normal) (G1 Evacuation Pause) 156M->4M(256M) 1,173ms
[2025-02-10T20:13:49.944+0400][73,824s][info ][gc] GC(461) Pause Young (Normal) (G1 Evacuation Pause) 156M->5M(256M) 1,834ms
[2025-02-10T20:13:50.104+0400][73,984s][info ][gc] GC(462) Pause Young (Normal) (G1 Evacuation Pause) 156M->6M(256M) 2,284ms
[2025-02-10T20:13:50.261+0400][74,141s][info ][gc] GC(463) Pause Young (Normal) (G1 Evacuation Pause) 156M->4M(256M) 0,852ms
[2025-02-10T20:13:50.421+0400][74,301s][info ][gc] GC(464) Pause Young (Normal) (G1 Evacuation Pause) 156M->5M(256M) 1,334ms
[2025-02-10T20:13:50.580+0400][74,461s][info ][gc] GC(465) Pause Young (Normal) (G1 Evacuation Pause) 156M->6M(256M) 2,404ms
[2025-02-10T20:13:50.740+0400][74,620s][info ][gc] GC(466) Pause Young (Normal) (G1 Evacuation Pause) 156M->7M(256M) 2,709ms
[2025-02-10T20:13:50.896+0400][74,777s][info ][gc] GC(467) Pause Young (Normal) (G1 Evacuation Pause) 156M->5M(256M) 1,387ms
[2025-02-10T20:13:51.057+0400][74,937s][info ][gc] GC(468) Pause Young (Normal) (G1 Evacuation Pause) 157M->6M(256M) 1,940ms
[2025-02-10T20:13:51.217+0400][75,097s][info ][gc] GC(469) Pause Young (Normal) (G1 Evacuation Pause) 157M->7M(256M) 2,545ms
[2025-02-10T20:13:51.373+0400][75,254s][info ][gc] GC(470) Pause Young (Normal) (G1 Evacuation Pause) 156M->4M(256M) 1,228ms
[2025-02-10T20:13:51.533+0400][75,414s][info ][gc] GC(471) Pause Young (Normal) (G1 Evacuation Pause) 156M->5M(256M) 1,787ms
[2025-02-10T20:13:51.693+0400][75,574s][info ][gc] GC(472) Pause Young (Normal) (G1 Evacuation Pause) 156M->6M(256M) 2,425ms
[2025-02-10T20:13:51.851+0400][75,732s][info ][gc] GC(473) Pause Young (Normal) (G1 Evacuation Pause) 156M->4M(256M) 1,695ms
[2025-02-10T20:13:52.012+0400][75,892s][info ][gc] GC(474) Pause Young (Normal) (G1 Evacuation Pause) 156M->5M(256M) 1,651ms
[2025-02-10T20:13:52.171+0400][76,052s][info ][gc] GC(475) Pause Young (Normal) (G1 Evacuation Pause) 156M->6M(256M) 2,380ms
[2025-02-10T20:13:52.330+0400][76,211s][info ][gc] GC(476) Pause Young (Normal) (G1 Evacuation Pause) 156M->4M(256M) 2,375ms
[2025-02-10T20:13:52.491+0400][76,371s][info ][gc] GC(477) Pause Young (Normal) (G1 Evacuation Pause) 156M->5M(256M) 1,727ms
[2025-02-10T20:13:52.650+0400][76,531s][info ][gc] GC(478) Pause Young (Normal) (G1 Evacuation Pause) 156M->6M(256M) 2,355ms
[2025-02-10T20:13:52.808+0400][76,688s][info ][gc] GC(479) Pause Young (Normal) (G1 Evacuation Pause) 156M->4M(256M) 1,058ms
[2025-02-10T20:13:52.968+0400][76,849s][info ][gc] GC(480) Pause Young (Normal) (G1 Evacuation Pause) 156M->5M(256M) 1,843ms
[2025-02-10T20:13:53.128+0400][77,008s][info ][gc] GC(481) Pause Young (Normal) (G1 Evacuation Pause) 156M->6M(256M) 2,231ms
[2025-02-10T20:13:53.285+0400][77,165s][info ][gc] GC(482) Pause Young (Normal) (G1 Evacuation Pause) 156M->4M(256M) 0,814ms
[2025-02-10T20:13:53.445+0400][77,325s][info ][gc] GC(483) Pause Young (Normal) (G1 Evacuation Pause) 156M->5M(256M) 1,467ms
[2025-02-10T20:13:53.604+0400][77,485s][info ][gc] GC(484) Pause Young (Normal) (G1 Evacuation Pause) 156M->6M(256M) 2,160ms
[2025-02-10T20:13:53.763+0400][77,644s][info ][gc] GC(485) Pause Young (Normal) (G1 Evacuation Pause) 156M->7M(256M) 2,526ms
[2025-02-10T20:13:53.920+0400][77,800s][info ][gc] GC(486) Pause Young (Normal) (G1 Evacuation Pause) 156M->5M(256M) 1,179ms
[2025-02-10T20:13:54.080+0400][77,961s][info ][gc] GC(487) Pause Young (Normal) (G1 Evacuation Pause) 157M->6M(256M) 1,825ms
[2025-02-10T20:13:54.240+0400][78,121s][info ][gc] GC(488) Pause Young (Normal) (G1 Evacuation Pause) 157M->7M(256M) 2,598ms
[2025-02-10T20:13:54.398+0400][78,278s][info ][gc] GC(489) Pause Young (Normal) (G1 Evacuation Pause) 157M->4M(256M) 1,182ms
[2025-02-10T20:13:54.558+0400][78,439s][info ][gc] GC(490) Pause Young (Normal) (G1 Evacuation Pause) 156M->5M(256M) 1,973ms
[2025-02-10T20:13:54.718+0400][78,598s][info ][gc] GC(491) Pause Young (Normal) (G1 Evacuation Pause) 156M->7M(256M) 2,440ms
[2025-02-10T20:13:54.876+0400][78,756s][info ][gc] GC(492) Pause Young (Normal) (G1 Evacuation Pause) 157M->4M(256M) 1,154ms
[2025-02-10T20:13:55.036+0400][78,917s][info ][gc] GC(493) Pause Young (Normal) (G1 Evacuation Pause) 156M->5M(256M) 1,791ms
[2025-02-10T20:13:55.196+0400][79,077s][info ][gc] GC(494) Pause Young (Normal) (G1 Evacuation Pause) 156M->6M(256M) 2,617ms
[2025-02-10T20:13:55.354+0400][79,235s][info ][gc] GC(495) Pause Young (Normal) (G1 Evacuation Pause) 156M->4M(256M) 1,092ms
[2025-02-10T20:13:55.515+0400][79,395s][info ][gc] GC(496) Pause Young (Normal) (G1 Evacuation Pause) 156M->5M(256M) 1,914ms
[2025-02-10T20:13:55.674+0400][79,555s][info ][gc] GC(497) Pause Young (Normal) (G1 Evacuation Pause) 156M->6M(256M) 2,219ms
[2025-02-10T20:13:55.832+0400][79,712s][info ][gc] GC(498) Pause Young (Normal) (G1 Evacuation Pause) 156M->4M(256M) 1,039ms
[2025-02-10T20:13:55.992+0400][79,873s][info ][gc] GC(499) Pause Young (Normal) (G1 Evacuation Pause) 156M->5M(256M) 1,849ms
[2025-02-10T20:13:56.152+0400][80,032s][info ][gc] GC(500) Pause Young (Normal) (G1 Evacuation Pause) 156M->6M(256M) 2,374ms
[2025-02-10T20:13:56.309+0400][80,190s][info ][gc] GC(501) Pause Young (Normal) (G1 Evacuation Pause) 156M->4M(256M) 1,023ms
[2025-02-10T20:13:56.469+0400][80,350s][info ][gc] GC(502) Pause Young (Normal) (G1 Evacuation Pause) 156M->5M(256M) 1,640ms
[2025-02-10T20:13:56.629+0400][80,509s][info ][gc] GC(503) Pause Young (Normal) (G1 Evacuation Pause) 156M->6M(256M) 2,303ms
[2025-02-10T20:13:56.788+0400][80,669s][info ][gc] GC(504) Pause Young (Normal) (G1 Evacuation Pause) 156M->7M(256M) 2,735ms
[2025-02-10T20:13:56.945+0400][80,825s][info ][gc] GC(505) Pause Young (Normal) (G1 Evacuation Pause) 156M->5M(256M) 1,305ms
[2025-02-10T20:13:57.105+0400][80,986s][info ][gc] GC(506) Pause Young (Normal) (G1 Evacuation Pause) 157M->6M(256M) 2,175ms
[2025-02-10T20:13:57.265+0400][81,146s][info ][gc] GC(507) Pause Young (Normal) (G1 Evacuation Pause) 157M->7M(256M) 2,620ms
[2025-02-10T20:13:57.422+0400][81,302s][info ][gc] GC(508) Pause Young (Normal) (G1 Evacuation Pause) 156M->4M(256M) 1,263ms
[2025-02-10T20:13:57.582+0400][81,463s][info ][gc] GC(509) Pause Young (Normal) (G1 Evacuation Pause) 156M->5M(256M) 1,804ms
[2025-02-10T20:13:57.742+0400][81,622s][info ][gc] GC(510) Pause Young (Normal) (G1 Evacuation Pause) 156M->6M(256M) 2,439ms
[2025-02-10T20:13:57.899+0400][81,780s][info ][gc] GC(511) Pause Young (Normal) (G1 Evacuation Pause) 156M->4M(256M) 1,168ms
[2025-02-10T20:13:58.060+0400][81,940s][info ][gc] GC(512) Pause Young (Normal) (G1 Evacuation Pause) 156M->5M(256M) 1,847ms
[2025-02-10T20:13:58.220+0400][82,100s][info ][gc] GC(513) Pause Young (Normal) (G1 Evacuation Pause) 156M->6M(256M) 2,255ms
[2025-02-10T20:13:58.377+0400][82,258s][info ][gc] GC(514) Pause Young (Normal) (G1 Evacuation Pause) 156M->4M(256M) 1,189ms
[2025-02-10T20:13:58.538+0400][82,418s][info ][gc] GC(515) Pause Young (Normal) (G1 Evacuation Pause) 156M->5M(256M) 1,776ms
[2025-02-10T20:13:58.697+0400][82,578s][info ][gc] GC(516) Pause Young (Normal) (G1 Evacuation Pause) 156M->6M(256M) 2,344ms
[2025-02-10T20:13:58.856+0400][82,737s][info ][gc] GC(517) Pause Young (Normal) (G1 Evacuation Pause) 156M->4M(256M) 0,931ms
[2025-02-10T20:13:59.017+0400][82,897s][info ][gc] GC(518) Pause Young (Normal) (G1 Evacuation Pause) 156M->5M(256M) 1,628ms
[2025-02-10T20:13:59.184+0400][83,064s][info ][gc] GC(519) Pause Young (Normal) (G1 Evacuation Pause) 156M->6M(256M) 2,980ms
[2025-02-10T20:13:59.345+0400][83,225s][info ][gc] GC(520) Pause Young (Normal) (G1 Evacuation Pause) 156M->4M(256M) 0,500ms
[2025-02-10T20:13:59.506+0400][83,387s][info ][gc] GC(521) Pause Young (Normal) (G1 Evacuation Pause) 156M->5M(256M) 1,928ms
[2025-02-10T20:13:59.667+0400][83,548s][info ][gc] GC(522) Pause Young (Normal) (G1 Evacuation Pause) 156M->6M(256M) 2,354ms
[2025-02-10T20:13:59.827+0400][83,707s][info ][gc] GC(523) Pause Young (Normal) (G1 Evacuation Pause) 156M->7M(256M) 2,686ms
[2025-02-10T20:13:59.983+0400][83,864s][info ][gc] GC(524) Pause Young (Normal) (G1 Evacuation Pause) 156M->4M(256M) 1,270ms
[2025-02-10T20:14:00.145+0400][84,025s][info ][gc] GC(525) Pause Young (Normal) (G1 Evacuation Pause) 156M->6M(256M) 2,049ms
[2025-02-10T20:14:00.305+0400][84,185s][info ][gc] GC(526) Pause Young (Normal) (G1 Evacuation Pause) 157M->6M(256M) 2,468ms
[2025-02-10T20:14:00.464+0400][84,344s][info ][gc] GC(527) Pause Young (Normal) (G1 Evacuation Pause) 156M->4M(256M) 1,099ms
[2025-02-10T20:14:00.630+0400][84,510s][info ][gc] GC(528) Pause Young (Normal) (G1 Evacuation Pause) 156M->5M(256M) 7,391ms
[2025-02-10T20:14:00.795+0400][84,675s][info ][gc] GC(529) Pause Young (Normal) (G1 Evacuation Pause) 156M->7M(256M) 2,526ms
[2025-02-10T20:14:00.954+0400][84,835s][info ][gc] GC(530) Pause Young (Normal) (G1 Evacuation Pause) 157M->4M(256M) 1,186ms
[2025-02-10T20:14:01.115+0400][84,996s][info ][gc] GC(531) Pause Young (Normal) (G1 Evacuation Pause) 156M->5M(256M) 1,970ms
[2025-02-10T20:14:01.275+0400][85,156s][info ][gc] GC(532) Pause Young (Normal) (G1 Evacuation Pause) 156M->6M(256M) 2,314ms
[2025-02-10T20:14:01.434+0400][85,314s][info ][gc] GC(533) Pause Young (Normal) (G1 Evacuation Pause) 156M->4M(256M) 1,163ms
[2025-02-10T20:14:01.594+0400][85,474s][info ][gc] GC(534) Pause Young (Normal) (G1 Evacuation Pause) 156M->5M(256M) 1,705ms
[2025-02-10T20:14:01.754+0400][85,634s][info ][gc] GC(535) Pause Young (Normal) (G1 Evacuation Pause) 156M->6M(256M) 2,417ms
[2025-02-10T20:14:01.911+0400][85,792s][info ][gc] GC(536) Pause Young (Normal) (G1 Evacuation Pause) 156M->4M(256M) 1,194ms
[2025-02-10T20:14:02.072+0400][85,952s][info ][gc] GC(537) Pause Young (Normal) (G1 Evacuation Pause) 156M->5M(256M) 1,690ms
[2025-02-10T20:14:02.231+0400][86,112s][info ][gc] GC(538) Pause Young (Normal) (G1 Evacuation Pause) 156M->6M(256M) 2,330ms
[2025-02-10T20:14:02.389+0400][86,269s][info ][gc] GC(539) Pause Young (Normal) (G1 Evacuation Pause) 156M->4M(256M) 0,848ms
[2025-02-10T20:14:02.549+0400][86,429s][info ][gc] GC(540) Pause Young (Normal) (G1 Evacuation Pause) 156M->5M(256M) 1,451ms
[2025-02-10T20:14:02.708+0400][86,589s][info ][gc] GC(541) Pause Young (Normal) (G1 Evacuation Pause) 156M->6M(256M) 2,276ms
[2025-02-10T20:14:02.867+0400][86,748s][info ][gc] GC(542) Pause Young (Normal) (G1 Evacuation Pause) 156M->7M(256M) 2,663ms
[2025-02-10T20:14:03.024+0400][86,904s][info ][gc] GC(543) Pause Young (Normal) (G1 Evacuation Pause) 156M->5M(256M) 1,254ms
[2025-02-10T20:14:03.184+0400][87,065s][info ][gc] GC(544) Pause Young (Normal) (G1 Evacuation Pause) 157M->6M(256M) 2,073ms
[2025-02-10T20:14:03.344+0400][87,225s][info ][gc] GC(545) Pause Young (Normal) (G1 Evacuation Pause) 157M->7M(256M) 2,641ms
[2025-02-10T20:14:03.501+0400][87,381s][info ][gc] GC(546) Pause Young (Normal) (G1 Evacuation Pause) 156M->4M(256M) 1,114ms
[2025-02-10T20:14:03.661+0400][87,541s][info ][gc] GC(547) Pause Young (Normal) (G1 Evacuation Pause) 156M->5M(256M) 1,779ms
[2025-02-10T20:14:03.821+0400][87,701s][info ][gc] GC(548) Pause Young (Normal) (G1 Evacuation Pause) 156M->6M(256M) 2,386ms
[2025-02-10T20:14:03.978+0400][87,859s][info ][gc] GC(549) Pause Young (Normal) (G1 Evacuation Pause) 156M->4M(256M) 1,098ms
[2025-02-10T20:14:04.139+0400][88,019s][info ][gc] GC(550) Pause Young (Normal) (G1 Evacuation Pause) 156M->5M(256M) 1,956ms
[2025-02-10T20:14:04.299+0400][88,179s][info ][gc] GC(551) Pause Young (Normal) (G1 Evacuation Pause) 156M->6M(256M) 2,277ms
[2025-02-10T20:14:04.456+0400][88,337s][info ][gc] GC(552) Pause Young (Normal) (G1 Evacuation Pause) 156M->4M(256M) 1,265ms
[2025-02-10T20:14:04.617+0400][88,497s][info ][gc] GC(553) Pause Young (Normal) (G1 Evacuation Pause) 156M->5M(256M) 1,702ms
[2025-02-10T20:14:04.777+0400][88,657s][info ][gc] GC(554) Pause Young (Normal) (G1 Evacuation Pause) 156M->6M(256M) 2,342ms
[2025-02-10T20:14:04.934+0400][88,814s][info ][gc] GC(555) Pause Young (Normal) (G1 Evacuation Pause) 156M->4M(256M) 0,858ms
[2025-02-10T20:14:05.094+0400][88,974s][info ][gc] GC(556) Pause Young (Normal) (G1 Evacuation Pause) 156M->5M(256M) 1,516ms
[2025-02-10T20:14:05.253+0400][89,134s][info ][gc] GC(557) Pause Young (Normal) (G1 Evacuation Pause) 156M->6M(256M) 2,162ms
[2025-02-10T20:14:05.411+0400][89,291s][info ][gc] GC(558) Pause Young (Normal) (G1 Evacuation Pause) 156M->4M(256M) 0,864ms
[2025-02-10T20:14:05.571+0400][89,451s][info ][gc] GC(559) Pause Young (Normal) (G1 Evacuation Pause) 156M->5M(256M) 1,542ms
[2025-02-10T20:14:05.731+0400][89,611s][info ][gc] GC(560) Pause Young (Normal) (G1 Evacuation Pause) 156M->6M(256M) 2,322ms
[2025-02-10T20:14:05.890+0400][89,770s][info ][gc] GC(561) Pause Young (Normal) (G1 Evacuation Pause) 156M->7M(256M) 2,630ms
[2025-02-10T20:14:06.047+0400][89,927s][info ][gc] GC(562) Pause Young (Normal) (G1 Evacuation Pause) 156M->5M(256M) 1,227ms
[2025-02-10T20:14:06.208+0400][90,088s][info ][gc] GC(563) Pause Young (Normal) (G1 Evacuation Pause) 157M->6M(256M) 2,519ms
[2025-02-10T20:14:06.368+0400][90,249s][info ][gc] GC(564) Pause Young (Normal) (G1 Evacuation Pause) 157M->7M(256M) 2,805ms
[2025-02-10T20:14:06.526+0400][90,406s][info ][gc] GC(565) Pause Young (Normal) (G1 Evacuation Pause) 157M->4M(256M) 0,982ms
[2025-02-10T20:14:06.686+0400][90,567s][info ][gc] GC(566) Pause Young (Normal) (G1 Evacuation Pause) 156M->5M(256M) 2,013ms
[2025-02-10T20:14:06.846+0400][90,726s][info ][gc] GC(567) Pause Young (Normal) (G1 Evacuation Pause) 156M->7M(256M) 2,591ms
[2025-02-10T20:14:07.004+0400][90,884s][info ][gc] GC(568) Pause Young (Normal) (G1 Evacuation Pause) 157M->4M(256M) 1,278ms
[2025-02-10T20:14:07.164+0400][91,045s][info ][gc] GC(569) Pause Young (Normal) (G1 Evacuation Pause) 156M->5M(256M) 2,055ms
[2025-02-10T20:14:07.324+0400][91,204s][info ][gc] GC(570) Pause Young (Normal) (G1 Evacuation Pause) 156M->6M(256M) 2,353ms
[2025-02-10T20:14:07.481+0400][91,362s][info ][gc] GC(571) Pause Young (Normal) (G1 Evacuation Pause) 156M->4M(256M) 1,196ms
[2025-02-10T20:14:07.642+0400][91,523s][info ][gc] GC(572) Pause Young (Normal) (G1 Evacuation Pause) 156M->5M(256M) 2,229ms
[2025-02-10T20:14:07.802+0400][91,682s][info ][gc] GC(573) Pause Young (Normal) (G1 Evacuation Pause) 156M->6M(256M) 2,276ms
[2025-02-10T20:14:07.959+0400][91,839s][info ][gc] GC(574) Pause Young (Normal) (G1 Evacuation Pause) 156M->4M(256M) 1,089ms
[2025-02-10T20:14:08.120+0400][92,000s][info ][gc] GC(575) Pause Young (Normal) (G1 Evacuation Pause) 156M->5M(256M) 1,764ms
[2025-02-10T20:14:08.279+0400][92,160s][info ][gc] GC(576) Pause Young (Normal) (G1 Evacuation Pause) 156M->6M(256M) 2,285ms
[2025-02-10T20:14:08.437+0400][92,317s][info ][gc] GC(577) Pause Young (Normal) (G1 Evacuation Pause) 156M->4M(256M) 0,925ms
[2025-02-10T20:14:08.597+0400][92,477s][info ][gc] GC(578) Pause Young (Normal) (G1 Evacuation Pause) 156M->5M(256M) 1,584ms
[2025-02-10T20:14:08.757+0400][92,637s][info ][gc] GC(579) Pause Young (Normal) (G1 Evacuation Pause) 156M->6M(256M) 2,277ms
[2025-02-10T20:14:08.916+0400][92,796s][info ][gc] GC(580) Pause Young (Normal) (G1 Evacuation Pause) 156M->7M(256M) 2,696ms
[2025-02-10T20:14:09.073+0400][92,953s][info ][gc] GC(581) Pause Young (Normal) (G1 Evacuation Pause) 156M->5M(256M) 1,192ms
[2025-02-10T20:14:09.233+0400][93,114s][info ][gc] GC(582) Pause Young (Normal) (G1 Evacuation Pause) 157M->6M(256M) 1,907ms
[2025-02-10T20:14:09.393+0400][93,274s][info ][gc] GC(583) Pause Young (Normal) (G1 Evacuation Pause) 157M->7M(256M) 2,578ms
[2025-02-10T20:14:09.551+0400][93,431s][info ][gc] GC(584) Pause Young (Normal) (G1 Evacuation Pause) 156M->4M(256M) 2,081ms
[2025-02-10T20:14:09.711+0400][93,591s][info ][gc] GC(585) Pause Young (Normal) (G1 Evacuation Pause) 156M->5M(256M) 1,951ms
[2025-02-10T20:14:09.870+0400][93,751s][info ][gc] GC(586) Pause Young (Normal) (G1 Evacuation Pause) 156M->6M(256M) 2,229ms
[2025-02-10T20:14:10.028+0400][93,908s][info ][gc] GC(587) Pause Young (Normal) (G1 Evacuation Pause) 156M->4M(256M) 1,149ms
[2025-02-10T20:14:10.188+0400][94,069s][info ][gc] GC(588) Pause Young (Normal) (G1 Evacuation Pause) 156M->5M(256M) 1,757ms
[2025-02-10T20:14:10.349+0400][94,229s][info ][gc] GC(589) Pause Young (Normal) (G1 Evacuation Pause) 156M->6M(256M) 2,667ms
[2025-02-10T20:14:10.506+0400][94,387s][info ][gc] GC(590) Pause Young (Normal) (G1 Evacuation Pause) 156M->4M(256M) 1,275ms
[2025-02-10T20:14:10.670+0400][94,550s][info ][gc] GC(591) Pause Young (Normal) (G1 Evacuation Pause) 156M->5M(256M) 5,122ms
[2025-02-10T20:14:10.829+0400][94,710s][info ][gc] GC(592) Pause Young (Normal) (G1 Evacuation Pause) 156M->6M(256M) 2,280ms
[2025-02-10T20:14:10.986+0400][94,867s][info ][gc] GC(593) Pause Young (Normal) (G1 Evacuation Pause) 156M->4M(256M) 0,978ms
[2025-02-10T20:14:11.146+0400][95,027s][info ][gc] GC(594) Pause Young (Normal) (G1 Evacuation Pause) 156M->5M(256M) 1,638ms
[2025-02-10T20:14:11.306+0400][95,187s][info ][gc] GC(595) Pause Young (Normal) (G1 Evacuation Pause) 156M->6M(256M) 2,262ms
[2025-02-10T20:14:11.463+0400][95,344s][info ][gc] GC(596) Pause Young (Normal) (G1 Evacuation Pause) 156M->4M(256M) 0,928ms
[2025-02-10T20:14:11.623+0400][95,504s][info ][gc] GC(597) Pause Young (Normal) (G1 Evacuation Pause) 156M->5M(256M) 1,589ms
[2025-02-10T20:14:11.783+0400][95,663s][info ][gc] GC(598) Pause Young (Normal) (G1 Evacuation Pause) 156M->6M(256M) 2,219ms
[2025-02-10T20:14:11.941+0400][95,822s][info ][gc] GC(599) Pause Young (Normal) (G1 Evacuation Pause) 156M->7M(256M) 2,294ms
[2025-02-10T20:14:12.098+0400][95,979s][info ][gc] GC(600) Pause Young (Normal) (G1 Evacuation Pause) 156M->5M(256M) 1,272ms
[2025-02-10T20:14:12.259+0400][96,139s][info ][gc] GC(601) Pause Young (Normal) (G1 Evacuation Pause) 157M->6M(256M) 2,308ms
[2025-02-10T20:14:12.419+0400][96,299s][info ][gc] GC(602) Pause Young (Normal) (G1 Evacuation Pause) 157M->7M(256M) 2,621ms
[2025-02-10T20:14:12.577+0400][96,457s][info ][gc] GC(603) Pause Young (Normal) (G1 Evacuation Pause) 157M->4M(256M) 1,188ms
[2025-02-10T20:14:12.737+0400][96,617s][info ][gc] GC(604) Pause Young (Normal) (G1 Evacuation Pause) 156M->5M(256M) 1,964ms
[2025-02-10T20:14:12.897+0400][96,777s][info ][gc] GC(605) Pause Young (Normal) (G1 Evacuation Pause) 156M->7M(256M) 2,566ms
[2025-02-10T20:14:13.056+0400][96,936s][info ][gc] GC(606) Pause Young (Normal) (G1 Evacuation Pause) 157M->4M(256M) 1,170ms
[2025-02-10T20:14:13.219+0400][97,099s][info ][gc] GC(607) Pause Young (Normal) (G1 Evacuation Pause) 156M->5M(256M) 1,857ms
[2025-02-10T20:14:13.378+0400][97,259s][info ][gc] GC(608) Pause Young (Normal) (G1 Evacuation Pause) 156M->6M(256M) 2,202ms
[2025-02-10T20:14:13.536+0400][97,416s][info ][gc] GC(609) Pause Young (Normal) (G1 Evacuation Pause) 156M->4M(256M) 1,189ms
[2025-02-10T20:14:13.696+0400][97,577s][info ][gc] GC(610) Pause Young (Normal) (G1 Evacuation Pause) 156M->5M(256M) 1,947ms
[2025-02-10T20:14:13.856+0400][97,736s][info ][gc] GC(611) Pause Young (Normal) (G1 Evacuation Pause) 156M->6M(256M) 2,248ms
[2025-02-10T20:14:14.013+0400][97,894s][info ][gc] GC(612) Pause Young (Normal) (G1 Evacuation Pause) 156M->4M(256M) 1,040ms
[2025-02-10T20:14:14.173+0400][98,054s][info ][gc] GC(613) Pause Young (Normal) (G1 Evacuation Pause) 156M->5M(256M) 1,728ms
[2025-02-10T20:14:14.333+0400][98,214s][info ][gc] GC(614) Pause Young (Normal) (G1 Evacuation Pause) 156M->6M(256M) 2,296ms
[2025-02-10T20:14:14.491+0400][98,372s][info ][gc] GC(615) Pause Young (Normal) (G1 Evacuation Pause) 156M->4M(256M) 1,313ms
[2025-02-10T20:14:14.651+0400][98,532s][info ][gc] GC(616) Pause Young (Normal) (G1 Evacuation Pause) 156M->5M(256M) 1,627ms
[2025-02-10T20:14:14.811+0400][98,692s][info ][gc] GC(617) Pause Young (Normal) (G1 Evacuation Pause) 156M->6M(256M) 2,387ms
[2025-02-10T20:14:14.970+0400][98,851s][info ][gc] GC(618) Pause Young (Normal) (G1 Evacuation Pause) 156M->7M(256M) 2,716ms
[2025-02-10T20:14:15.127+0400][99,007s][info ][gc] GC(619) Pause Young (Normal) (G1 Evacuation Pause) 156M->5M(256M) 1,293ms
[2025-02-10T20:14:15.287+0400][99,168s][info ][gc] GC(620) Pause Young (Normal) (G1 Evacuation Pause) 157M->6M(256M) 1,964ms
[2025-02-10T20:14:15.447+0400][99,328s][info ][gc] GC(621) Pause Young (Normal) (G1 Evacuation Pause) 157M->7M(256M) 2,533ms
[2025-02-10T20:14:15.604+0400][99,484s][info ][gc] GC(622) Pause Young (Normal) (G1 Evacuation Pause) 156M->4M(256M) 1,101ms
[2025-02-10T20:14:15.765+0400][99,646s][info ][gc] GC(623) Pause Young (Normal) (G1 Evacuation Pause) 156M->5M(256M) 3,233ms
[2025-02-10T20:14:15.925+0400][99,805s][info ][gc] GC(624) Pause Young (Normal) (G1 Evacuation Pause) 156M->6M(256M) 2,379ms
[2025-02-10T20:14:16.083+0400][99,963s][info ][gc] GC(625) Pause Young (Normal) (G1 Evacuation Pause) 156M->4M(256M) 1,298ms
[2025-02-10T20:14:16.243+0400][100,124s][info ][gc] GC(626) Pause Young (Normal) (G1 Evacuation Pause) 156M->5M(256M) 2,000ms
[2025-02-10T20:14:16.403+0400][100,283s][info ][gc] GC(627) Pause Young (Normal) (G1 Evacuation Pause) 156M->6M(256M) 2,355ms
[2025-02-10T20:14:16.560+0400][100,441s][info ][gc] GC(628) Pause Young (Normal) (G1 Evacuation Pause) 156M->4M(256M) 1,308ms
[2025-02-10T20:14:16.721+0400][100,602s][info ][gc] GC(629) Pause Young (Normal) (G1 Evacuation Pause) 156M->5M(256M) 2,178ms
[2025-02-10T20:14:16.881+0400][100,761s][info ][gc] GC(630) Pause Young (Normal) (G1 Evacuation Pause) 156M->6M(256M) 2,205ms
[2025-02-10T20:14:17.038+0400][100,919s][info ][gc] GC(631) Pause Young (Normal) (G1 Evacuation Pause) 156M->4M(256M) 0,968ms
[2025-02-10T20:14:17.198+0400][101,078s][info ][gc] GC(632) Pause Young (Normal) (G1 Evacuation Pause) 156M->5M(256M) 1,526ms
[2025-02-10T20:14:17.358+0400][101,238s][info ][gc] GC(633) Pause Young (Normal) (G1 Evacuation Pause) 156M->6M(256M) 2,402ms
[2025-02-10T20:14:17.515+0400][101,396s][info ][gc] GC(634) Pause Young (Normal) (G1 Evacuation Pause) 156M->4M(256M) 0,891ms
[2025-02-10T20:14:17.675+0400][101,555s][info ][gc] GC(635) Pause Young (Normal) (G1 Evacuation Pause) 156M->5M(256M) 1,447ms
[2025-02-10T20:14:17.835+0400][101,715s][info ][gc] GC(636) Pause Young (Normal) (G1 Evacuation Pause) 156M->6M(256M) 2,222ms
[2025-02-10T20:14:17.994+0400][101,874s][info ][gc] GC(637) Pause Young (Normal) (G1 Evacuation Pause) 156M->7M(256M) 2,654ms
[2025-02-10T20:14:18.150+0400][102,031s][info ][gc] GC(638) Pause Young (Normal) (G1 Evacuation Pause) 156M->5M(256M) 1,209ms
[2025-02-10T20:14:18.311+0400][102,191s][info ][gc] GC(639) Pause Young (Normal) (G1 Evacuation Pause) 157M->6M(256M) 1,964ms
[2025-02-10T20:14:18.471+0400][102,351s][info ][gc] GC(640) Pause Young (Normal) (G1 Evacuation Pause) 157M->7M(256M) 2,663ms
[2025-02-10T20:14:18.628+0400][102,509s][info ][gc] GC(641) Pause Young (Normal) (G1 Evacuation Pause) 157M->4M(256M) 1,116ms
[2025-02-10T20:14:18.789+0400][102,669s][info ][gc] GC(642) Pause Young (Normal) (G1 Evacuation Pause) 156M->5M(256M) 1,953ms
[2025-02-10T20:14:18.948+0400][102,829s][info ][gc] GC(643) Pause Young (Normal) (G1 Evacuation Pause) 156M->7M(256M) 2,608ms
[2025-02-10T20:14:19.106+0400][102,986s][info ][gc] GC(644) Pause Young (Normal) (G1 Evacuation Pause) 157M->4M(256M) 1,063ms
[2025-02-10T20:14:19.266+0400][103,147s][info ][gc] GC(645) Pause Young (Normal) (G1 Evacuation Pause) 156M->5M(256M) 1,955ms
[2025-02-10T20:14:19.426+0400][103,306s][info ][gc] GC(646) Pause Young (Normal) (G1 Evacuation Pause) 156M->6M(256M) 2,407ms
[2025-02-10T20:14:19.583+0400][103,464s][info ][gc] GC(647) Pause Young (Normal) (G1 Evacuation Pause) 156M->4M(256M) 0,975ms
[2025-02-10T20:14:19.744+0400][103,624s][info ][gc] GC(648) Pause Young (Normal) (G1 Evacuation Pause) 156M->5M(256M) 1,875ms
[2025-02-10T20:14:19.903+0400][103,784s][info ][gc] GC(649) Pause Young (Normal) (G1 Evacuation Pause) 156M->6M(256M) 2,188ms
[2025-02-10T20:14:20.061+0400][103,942s][info ][gc] GC(650) Pause Young (Normal) (G1 Evacuation Pause) 156M->4M(256M) 1,549ms
[2025-02-10T20:14:20.221+0400][104,102s][info ][gc] GC(651) Pause Young (Normal) (G1 Evacuation Pause) 156M->5M(256M) 1,776ms
[2025-02-10T20:14:20.381+0400][104,262s][info ][gc] GC(652) Pause Young (Normal) (G1 Evacuation Pause) 156M->6M(256M) 2,211ms
[2025-02-10T20:14:20.539+0400][104,419s][info ][gc] GC(653) Pause Young (Normal) (G1 Evacuation Pause) 156M->4M(256M) 1,066ms
[2025-02-10T20:14:20.699+0400][104,579s][info ][gc] GC(654) Pause Young (Normal) (G1 Evacuation Pause) 156M->5M(256M) 1,590ms
[2025-02-10T20:14:20.858+0400][104,739s][info ][gc] GC(655) Pause Young (Normal) (G1 Evacuation Pause) 156M->6M(256M) 2,396ms
[2025-02-10T20:14:21.017+0400][104,897s][info ][gc] GC(656) Pause Young (Normal) (G1 Evacuation Pause) 156M->7M(256M) 2,515ms
[2025-02-10T20:14:21.174+0400][105,055s][info ][gc] GC(657) Pause Young (Normal) (G1 Evacuation Pause) 156M->5M(256M) 1,699ms
[2025-02-10T20:14:21.334+0400][105,215s][info ][gc] GC(658) Pause Young (Normal) (G1 Evacuation Pause) 157M->6M(256M) 1,918ms
[2025-02-10T20:14:21.494+0400][105,375s][info ][gc] GC(659) Pause Young (Normal) (G1 Evacuation Pause) 157M->7M(256M) 2,558ms
[2025-02-10T20:14:21.651+0400][105,531s][info ][gc] GC(660) Pause Young (Normal) (G1 Evacuation Pause) 156M->4M(256M) 1,106ms
[2025-02-10T20:14:21.811+0400][105,691s][info ][gc] GC(661) Pause Young (Normal) (G1 Evacuation Pause) 156M->5M(256M) 1,995ms
[2025-02-10T20:14:21.971+0400][105,851s][info ][gc] GC(662) Pause Young (Normal) (G1 Evacuation Pause) 156M->6M(256M) 2,748ms
[2025-02-10T20:14:22.129+0400][106,009s][info ][gc] GC(663) Pause Young (Normal) (G1 Evacuation Pause) 156M->4M(256M) 1,158ms
[2025-02-10T20:14:22.289+0400][106,169s][info ][gc] GC(664) Pause Young (Normal) (G1 Evacuation Pause) 156M->5M(256M) 1,769ms
[2025-02-10T20:14:22.448+0400][106,329s][info ][gc] GC(665) Pause Young (Normal) (G1 Evacuation Pause) 156M->6M(256M) 2,373ms
[2025-02-10T20:14:22.606+0400][106,486s][info ][gc] GC(666) Pause Young (Normal) (G1 Evacuation Pause) 156M->4M(256M) 1,260ms
[2025-02-10T20:14:22.766+0400][106,647s][info ][gc] GC(667) Pause Young (Normal) (G1 Evacuation Pause) 156M->5M(256M) 1,784ms
[2025-02-10T20:14:22.926+0400][106,806s][info ][gc] GC(668) Pause Young (Normal) (G1 Evacuation Pause) 156M->6M(256M) 2,254ms
[2025-02-10T20:14:23.083+0400][106,964s][info ][gc] GC(669) Pause Young (Normal) (G1 Evacuation Pause) 156M->4M(256M) 0,927ms
[2025-02-10T20:14:23.243+0400][107,124s][info ][gc] GC(670) Pause Young (Normal) (G1 Evacuation Pause) 156M->5M(256M) 1,562ms
[2025-02-10T20:14:23.403+0400][107,284s][info ][gc] GC(671) Pause Young (Normal) (G1 Evacuation Pause) 156M->6M(256M) 2,269ms
[2025-02-10T20:14:23.561+0400][107,442s][info ][gc] GC(672) Pause Young (Normal) (G1 Evacuation Pause) 156M->4M(256M) 1,282ms
[2025-02-10T20:14:23.721+0400][107,602s][info ][gc] GC(673) Pause Young (Normal) (G1 Evacuation Pause) 156M->5M(256M) 1,534ms
[2025-02-10T20:14:23.880+0400][107,761s][info ][gc] GC(674) Pause Young (Normal) (G1 Evacuation Pause) 156M->6M(256M) 2,281ms
[2025-02-10T20:14:24.039+0400][107,920s][info ][gc] GC(675) Pause Young (Normal) (G1 Evacuation Pause) 156M->7M(256M) 2,554ms
[2025-02-10T20:14:24.196+0400][108,076s][info ][gc] GC(676) Pause Young (Normal) (G1 Evacuation Pause) 156M->5M(256M) 1,225ms
[2025-02-10T20:14:24.356+0400][108,237s][info ][gc] GC(677) Pause Young (Normal) (G1 Evacuation Pause) 157M->6M(256M) 1,953ms
[2025-02-10T20:14:24.517+0400][108,397s][info ][gc] GC(678) Pause Young (Normal) (G1 Evacuation Pause) 157M->7M(256M) 2,578ms
[2025-02-10T20:14:24.674+0400][108,554s][info ][gc] GC(679) Pause Young (Normal) (G1 Evacuation Pause) 157M->4M(256M) 1,072ms
[2025-02-10T20:14:24.834+0400][108,715s][info ][gc] GC(680) Pause Young (Normal) (G1 Evacuation Pause) 156M->5M(256M) 1,782ms
[2025-02-10T20:14:24.994+0400][108,874s][info ][gc] GC(681) Pause Young (Normal) (G1 Evacuation Pause) 156M->6M(256M) 2,342ms
[2025-02-10T20:14:25.151+0400][109,032s][info ][gc] GC(682) Pause Young (Normal) (G1 Evacuation Pause) 156M->4M(256M) 1,203ms
[2025-02-10T20:14:25.312+0400][109,193s][info ][gc] GC(683) Pause Young (Normal) (G1 Evacuation Pause) 156M->5M(256M) 2,425ms
[2025-02-10T20:14:25.472+0400][109,352s][info ][gc] GC(684) Pause Young (Normal) (G1 Evacuation Pause) 156M->6M(256M) 2,268ms
