[2025-02-10T19:18:22.045+0400][0.002s][info][gc] Using G1
[2025-02-10T19:18:22.045+0400][0.002s][debug][gc] ConcGCThreads: 2 offset 12
[2025-02-10T19:18:22.045+0400][0.002s][debug][gc] ParallelGCThreads: 6
[2025-02-10T19:18:22.045+0400][0.002s][debug][gc] Initialize mark stack with 4096 chunks, maximum 524288
[2025-02-10T19:18:22.713+0400][0,669s][info ][gc] GC(0) Pause Young (Normal) (G1 Evacuation Pause) 193M->2M(3840M) 2,097ms
[2025-02-10T19:18:23.148+0400][1,105s][info ][gc] GC(1) Pause Young (Normal) (G1 Evacuation Pause) 204M->2M(3840M) 1,331ms
[2025-02-10T19:18:28.764+0400][6,721s][info ][gc] GC(2) Pause Young (Normal) (G1 Evacuation Pause) 2304M->2M(3840M) 2,530ms
[2025-02-10T19:18:33.524+0400][11,481s][info ][gc] GC(3) Pause Young (Normal) (G1 Evacuation Pause) 2304M->3M(3840M) 1,979ms
[2025-02-10T19:18:38.274+0400][16,231s][info ][gc] GC(4) Pause Young (Normal) (G1 Evacuation Pause) 2305M->2M(3840M) 2,193ms
[2025-02-10T19:18:43.016+0400][20,973s][info ][gc] GC(5) Pause Young (Normal) (G1 Evacuation Pause) 2304M->2M(3840M) 2,198ms
[2025-02-10T19:18:47.761+0400][25,718s][info ][gc] GC(6) Pause Young (Normal) (G1 Evacuation Pause) 2304M->2M(3840M) 1,797ms
[2025-02-10T19:18:52.522+0400][30,479s][info ][gc] GC(7) Pause Young (Normal) (G1 Evacuation Pause) 2304M->3M(3840M) 1,836ms
[2025-02-10T19:18:57.285+0400][35,242s][info ][gc] GC(8) Pause Young (Normal) (G1 Evacuation Pause) 2305M->2M(3840M) 2,151ms
[2025-02-10T19:19:02.174+0400][40,131s][info ][gc] GC(9) Pause Young (Normal) (G1 Evacuation Pause) 2304M->2M(3840M) 2,370ms
[2025-02-10T19:19:06.936+0400][44,893s][info ][gc] GC(10) Pause Young (Normal) (G1 Evacuation Pause) 2304M->3M(3840M) 2,225ms
[2025-02-10T19:19:11.685+0400][49,642s][info ][gc] GC(11) Pause Young (Normal) (G1 Evacuation Pause) 2305M->2M(3840M) 2,065ms
[2025-02-10T19:19:16.441+0400][54,397s][info ][gc] GC(12) Pause Young (Normal) (G1 Evacuation Pause) 2304M->2M(3840M) 2,284ms
[2025-02-10T19:19:21.174+0400][59,131s][info ][gc] GC(13) Pause Young (Normal) (G1 Evacuation Pause) 2304M->2M(3840M) 2,288ms
[2025-02-10T19:19:25.905+0400][63,862s][info ][gc] GC(14) Pause Young (Normal) (G1 Evacuation Pause) 2304M->2M(3840M) 1,994ms
[2025-02-10T19:19:30.639+0400][68,596s][info ][gc] GC(15) Pause Young (Normal) (G1 Evacuation Pause) 2304M->3M(3840M) 2,402ms
