[2025-02-10T19:38:51.820+0400][0.002s][info][gc] Using G1
[2025-02-10T19:38:51.821+0400][0.002s][debug][gc] ConcGCThreads: 2 offset 12
[2025-02-10T19:38:51.821+0400][0.002s][debug][gc] ParallelGCThreads: 6
[2025-02-10T19:38:51.821+0400][0.002s][debug][gc] Initialize mark stack with 4096 chunks, maximum 524288
[2025-02-10T19:38:52.532+0400][0,713s][info ][gc] GC(0) Pause Young (Normal) (G1 Evacuation Pause) 179M->2M(3584M) 2,765ms
[2025-02-10T19:38:53.029+0400][1,210s][info ][gc] GC(1) Pause Young (Normal) (G1 Evacuation Pause) 190M->2M(3584M) 1,431ms
[2025-02-10T19:38:59.384+0400][7,565s][info ][gc] GC(2) Pause Young (Normal) (G1 Evacuation Pause) 2150M->2M(3584M) 2,525ms
[2025-02-10T19:39:05.026+0400][13,208s][info ][gc] GC(3) Pause Young (Normal) (G1 Evacuation Pause) 2150M->2M(3584M) 2,444ms
[2025-02-10T19:39:10.665+0400][18,846s][info ][gc] GC(4) Pause Young (Normal) (G1 Evacuation Pause) 2150M->2M(3584M) 2,000ms
[2025-02-10T19:39:16.285+0400][24,466s][info ][gc] GC(5) Pause Young (Normal) (G1 Evacuation Pause) 2150M->2M(3584M) 1,982ms
[2025-02-10T19:39:21.897+0400][30,079s][info ][gc] GC(6) Pause Young (Normal) (G1 Evacuation Pause) 2150M->2M(3584M) 2,208ms
[2025-02-10T19:39:27.525+0400][35,706s][info ][gc] GC(7) Pause Young (Normal) (G1 Evacuation Pause) 2150M->2M(3584M) 1,692ms
[2025-02-10T19:39:33.172+0400][41,353s][info ][gc] GC(8) Pause Young (Normal) (G1 Evacuation Pause) 2150M->2M(3584M) 2,232ms
[2025-02-10T19:39:38.792+0400][46,973s][info ][gc] GC(9) Pause Young (Normal) (G1 Evacuation Pause) 2150M->2M(3584M) 2,273ms
[2025-02-10T19:39:44.469+0400][52,650s][info ][gc] GC(10) Pause Young (Normal) (G1 Evacuation Pause) 2150M->2M(3584M) 2,150ms
[2025-02-10T19:39:50.236+0400][58,417s][info ][gc] GC(11) Pause Young (Normal) (G1 Evacuation Pause) 2150M->2M(3584M) 2,188ms
[2025-02-10T19:39:55.932+0400][64,113s][info ][gc] GC(12) Pause Young (Normal) (G1 Evacuation Pause) 2150M->2M(3584M) 2,113ms
[2025-02-10T19:40:01.611+0400][69,792s][info ][gc] GC(13) Pause Young (Normal) (G1 Evacuation Pause) 2150M->2M(3584M) 2,170ms
