[2025-02-10T18:20:54.923+0400][0.002s][info][gc] Using G1
[2025-02-10T18:20:54.924+0400][0.002s][debug][gc] ConcGCThreads: 2 offset 12
[2025-02-10T18:20:54.924+0400][0.002s][debug][gc] ParallelGCThreads: 6
[2025-02-10T18:20:54.924+0400][0.002s][debug][gc] Initialize mark stack with 4096 chunks, maximum 524288
[2025-02-10T18:20:55.163+0400][0,242s][info ][gc] GC(0) Pause Young (Normal) (G1 Evacuation Pause) 22M->5M(256M) 4,183ms
[2025-02-10T18:20:55.219+0400][0,297s][info ][gc] GC(1) Pause Young (Normal) (G1 Evacuation Pause) 30M->6M(256M) 2,679ms
[2025-02-10T18:20:55.567+0400][0,646s][info ][gc] GC(2) Pause Young (Normal) (G1 Evacuation Pause) 156M->6M(256M) 2,345ms
[2025-02-10T18:20:55.852+0400][0,931s][info ][gc] GC(3) Pause Young (Normal) (G1 Evacuation Pause) 156M->5M(256M) 1,368ms
[2025-02-10T18:20:56.138+0400][1,216s][info ][gc] GC(4) Pause Young (Normal) (G1 Evacuation Pause) 156M->5M(256M) 1,679ms
[2025-02-10T18:20:56.424+0400][1,503s][info ][gc] GC(5) Pause Young (Normal) (G1 Evacuation Pause) 156M->5M(256M) 1,368ms
[2025-02-10T18:20:56.710+0400][1,788s][info ][gc] GC(6) Pause Young (Normal) (G1 Evacuation Pause) 156M->5M(256M) 1,163ms
[2025-02-10T18:20:56.992+0400][2,071s][info ][gc] GC(7) Pause Young (Normal) (G1 Evacuation Pause) 156M->5M(256M) 1,417ms
[2025-02-10T18:20:57.269+0400][2,348s][info ][gc] GC(8) Pause Young (Normal) (G1 Evacuation Pause) 156M->5M(256M) 1,526ms
[2025-02-10T18:20:57.546+0400][2,624s][info ][gc] GC(9) Pause Young (Normal) (G1 Evacuation Pause) 156M->5M(256M) 1,098ms
[2025-02-10T18:20:57.825+0400][2,903s][info ][gc] GC(10) Pause Young (Normal) (G1 Evacuation Pause) 157M->5M(256M) 1,758ms
[2025-02-10T18:20:58.104+0400][3,182s][info ][gc] GC(11) Pause Young (Normal) (G1 Evacuation Pause) 156M->5M(256M) 1,526ms
[2025-02-10T18:20:58.381+0400][3,460s][info ][gc] GC(12) Pause Young (Normal) (G1 Evacuation Pause) 156M->5M(256M) 1,442ms
[2025-02-10T18:20:58.658+0400][3,737s][info ][gc] GC(13) Pause Young (Normal) (G1 Evacuation Pause) 156M->5M(256M) 1,437ms
[2025-02-10T18:20:58.935+0400][4,014s][info ][gc] GC(14) Pause Young (Normal) (G1 Evacuation Pause) 156M->5M(256M) 1,352ms
[2025-02-10T18:20:59.215+0400][4,294s][info ][gc] GC(15) Pause Young (Normal) (G1 Evacuation Pause) 157M->5M(256M) 1,400ms
[2025-02-10T18:20:59.494+0400][4,573s][info ][gc] GC(16) Pause Young (Normal) (G1 Evacuation Pause) 156M->5M(256M) 1,319ms
[2025-02-10T18:20:59.772+0400][4,851s][info ][gc] GC(17) Pause Young (Normal) (G1 Evacuation Pause) 156M->5M(256M) 1,560ms
[2025-02-10T18:21:00.049+0400][5,128s][info ][gc] GC(18) Pause Young (Normal) (G1 Evacuation Pause) 156M->5M(256M) 1,556ms
[2025-02-10T18:21:00.329+0400][5,408s][info ][gc] GC(19) Pause Young (Normal) (G1 Evacuation Pause) 157M->5M(256M) 1,520ms
[2025-02-10T18:21:00.609+0400][5,688s][info ][gc] GC(20) Pause Young (Normal) (G1 Evacuation Pause) 156M->5M(256M) 1,398ms
[2025-02-10T18:21:00.886+0400][5,965s][info ][gc] GC(21) Pause Young (Normal) (G1 Evacuation Pause) 156M->5M(256M) 1,496ms
[2025-02-10T18:21:01.165+0400][6,243s][info ][gc] GC(22) Pause Young (Normal) (G1 Evacuation Pause) 156M->5M(256M) 1,218ms
[2025-02-10T18:21:01.444+0400][6,522s][info ][gc] GC(23) Pause Young (Normal) (G1 Evacuation Pause) 157M->5M(256M) 1,384ms
[2025-02-10T18:21:01.721+0400][6,800s][info ][gc] GC(24) Pause Young (Normal) (G1 Evacuation Pause) 156M->5M(256M) 1,577ms
[2025-02-10T18:21:02.000+0400][7,078s][info ][gc] GC(25) Pause Young (Normal) (G1 Evacuation Pause) 156M->5M(256M) 1,746ms
[2025-02-10T18:21:02.277+0400][7,355s][info ][gc] GC(26) Pause Young (Normal) (G1 Evacuation Pause) 156M->5M(256M) 1,430ms
[2025-02-10T18:21:02.556+0400][7,634s][info ][gc] GC(27) Pause Young (Normal) (G1 Evacuation Pause) 157M->5M(256M) 1,795ms
[2025-02-10T18:21:02.835+0400][7,913s][info ][gc] GC(28) Pause Young (Normal) (G1 Evacuation Pause) 156M->5M(256M) 1,512ms
[2025-02-10T18:21:03.113+0400][8,191s][info ][gc] GC(29) Pause Young (Normal) (G1 Evacuation Pause) 156M->5M(256M) 1,455ms
[2025-02-10T18:21:03.390+0400][8,468s][info ][gc] GC(30) Pause Young (Normal) (G1 Evacuation Pause) 156M->5M(256M) 1,393ms
[2025-02-10T18:21:03.667+0400][8,746s][info ][gc] GC(31) Pause Young (Normal) (G1 Evacuation Pause) 156M->5M(256M) 1,677ms
[2025-02-10T18:21:03.946+0400][9,024s][info ][gc] GC(32) Pause Young (Normal) (G1 Evacuation Pause) 157M->5M(256M) 1,385ms
[2025-02-10T18:21:04.221+0400][9,299s][info ][gc] GC(33) Pause Young (Normal) (G1 Evacuation Pause) 156M->5M(256M) 1,277ms
[2025-02-10T18:21:04.495+0400][9,574s][info ][gc] GC(34) Pause Young (Normal) (G1 Evacuation Pause) 156M->5M(256M) 1,510ms
[2025-02-10T18:21:04.770+0400][9,849s][info ][gc] GC(35) Pause Young (Normal) (G1 Evacuation Pause) 156M->5M(256M) 1,564ms
[2025-02-10T18:21:05.049+0400][10,127s][info ][gc] GC(36) Pause Young (Normal) (G1 Evacuation Pause) 157M->5M(256M) 1,366ms
[2025-02-10T18:21:05.324+0400][10,402s][info ][gc] GC(37) Pause Young (Normal) (G1 Evacuation Pause) 156M->5M(256M) 1,498ms
[2025-02-10T18:21:05.599+0400][10,678s][info ][gc] GC(38) Pause Young (Normal) (G1 Evacuation Pause) 156M->5M(256M) 1,354ms
[2025-02-10T18:21:05.873+0400][10,952s][info ][gc] GC(39) Pause Young (Normal) (G1 Evacuation Pause) 156M->5M(256M) 1,213ms
[2025-02-10T18:21:06.148+0400][11,227s][info ][gc] GC(40) Pause Young (Normal) (G1 Evacuation Pause) 156M->5M(256M) 1,473ms
[2025-02-10T18:21:06.425+0400][11,503s][info ][gc] GC(41) Pause Young (Normal) (G1 Evacuation Pause) 157M->5M(256M) 1,418ms
[2025-02-10T18:21:06.699+0400][11,778s][info ][gc] GC(42) Pause Young (Normal) (G1 Evacuation Pause) 156M->5M(256M) 1,544ms
[2025-02-10T18:21:06.974+0400][12,052s][info ][gc] GC(43) Pause Young (Normal) (G1 Evacuation Pause) 156M->5M(256M) 1,329ms
[2025-02-10T18:21:07.250+0400][12,329s][info ][gc] GC(44) Pause Young (Normal) (G1 Evacuation Pause) 157M->5M(256M) 1,565ms
[2025-02-10T18:21:07.525+0400][12,604s][info ][gc] GC(45) Pause Young (Normal) (G1 Evacuation Pause) 156M->5M(256M) 1,464ms
[2025-02-10T18:21:07.800+0400][12,879s][info ][gc] GC(46) Pause Young (Normal) (G1 Evacuation Pause) 156M->5M(256M) 1,488ms
[2025-02-10T18:21:08.075+0400][13,153s][info ][gc] GC(47) Pause Young (Normal) (G1 Evacuation Pause) 156M->5M(256M) 1,359ms
[2025-02-10T18:21:08.352+0400][13,430s][info ][gc] GC(48) Pause Young (Normal) (G1 Evacuation Pause) 157M->5M(256M) 1,436ms
[2025-02-10T18:21:08.627+0400][13,705s][info ][gc] GC(49) Pause Young (Normal) (G1 Evacuation Pause) 156M->5M(256M) 1,426ms
[2025-02-10T18:21:08.901+0400][13,980s][info ][gc] GC(50) Pause Young (Normal) (G1 Evacuation Pause) 156M->5M(256M) 1,487ms
[2025-02-10T18:21:09.176+0400][14,255s][info ][gc] GC(51) Pause Young (Normal) (G1 Evacuation Pause) 156M->5M(256M) 1,439ms
[2025-02-10T18:21:09.451+0400][14,530s][info ][gc] GC(52) Pause Young (Normal) (G1 Evacuation Pause) 156M->5M(256M) 1,389ms
[2025-02-10T18:21:09.728+0400][14,807s][info ][gc] GC(53) Pause Young (Normal) (G1 Evacuation Pause) 157M->5M(256M) 1,511ms
[2025-02-10T18:21:10.003+0400][15,081s][info ][gc] GC(54) Pause Young (Normal) (G1 Evacuation Pause) 156M->5M(256M) 1,319ms
[2025-02-10T18:21:10.278+0400][15,356s][info ][gc] GC(55) Pause Young (Normal) (G1 Evacuation Pause) 156M->5M(256M) 1,304ms
[2025-02-10T18:21:10.553+0400][15,631s][info ][gc] GC(56) Pause Young (Normal) (G1 Evacuation Pause) 156M->5M(256M) 1,499ms
[2025-02-10T18:21:10.829+0400][15,908s][info ][gc] GC(57) Pause Young (Normal) (G1 Evacuation Pause) 157M->5M(256M) 1,480ms
[2025-02-10T18:21:11.104+0400][16,182s][info ][gc] GC(58) Pause Young (Normal) (G1 Evacuation Pause) 156M->5M(256M) 1,441ms
[2025-02-10T18:21:11.378+0400][16,456s][info ][gc] GC(59) Pause Young (Normal) (G1 Evacuation Pause) 156M->5M(256M) 1,254ms
[2025-02-10T18:21:11.653+0400][16,731s][info ][gc] GC(60) Pause Young (Normal) (G1 Evacuation Pause) 156M->5M(256M) 1,396ms
[2025-02-10T18:21:11.927+0400][17,006s][info ][gc] GC(61) Pause Young (Normal) (G1 Evacuation Pause) 156M->5M(256M) 1,383ms
[2025-02-10T18:21:12.204+0400][17,283s][info ][gc] GC(62) Pause Young (Normal) (G1 Evacuation Pause) 157M->5M(256M) 1,412ms
[2025-02-10T18:21:12.478+0400][17,557s][info ][gc] GC(63) Pause Young (Normal) (G1 Evacuation Pause) 156M->5M(256M) 1,453ms
[2025-02-10T18:21:12.753+0400][17,831s][info ][gc] GC(64) Pause Young (Normal) (G1 Evacuation Pause) 156M->5M(256M) 1,301ms
[2025-02-10T18:21:13.028+0400][18,107s][info ][gc] GC(65) Pause Young (Normal) (G1 Evacuation Pause) 156M->5M(256M) 1,374ms
[2025-02-10T18:21:13.307+0400][18,386s][info ][gc] GC(66) Pause Young (Normal) (G1 Evacuation Pause) 157M->5M(256M) 1,703ms
[2025-02-10T18:21:13.582+0400][18,660s][info ][gc] GC(67) Pause Young (Normal) (G1 Evacuation Pause) 156M->5M(256M) 1,328ms
[2025-02-10T18:21:13.857+0400][18,936s][info ][gc] GC(68) Pause Young (Normal) (G1 Evacuation Pause) 156M->5M(256M) 1,439ms
[2025-02-10T18:21:14.132+0400][19,210s][info ][gc] GC(69) Pause Young (Normal) (G1 Evacuation Pause) 156M->5M(256M) 1,435ms
[2025-02-10T18:21:14.409+0400][19,487s][info ][gc] GC(70) Pause Young (Normal) (G1 Evacuation Pause) 157M->5M(256M) 1,312ms
[2025-02-10T18:21:14.684+0400][19,762s][info ][gc] GC(71) Pause Young (Normal) (G1 Evacuation Pause) 156M->5M(256M) 1,361ms
[2025-02-10T18:21:14.958+0400][20,037s][info ][gc] GC(72) Pause Young (Normal) (G1 Evacuation Pause) 156M->5M(256M) 1,396ms
[2025-02-10T18:21:15.237+0400][20,315s][info ][gc] GC(73) Pause Young (Normal) (G1 Evacuation Pause) 156M->5M(256M) 1,260ms
[2025-02-10T18:21:15.514+0400][20,592s][info ][gc] GC(74) Pause Young (Normal) (G1 Evacuation Pause) 157M->5M(256M) 1,413ms
[2025-02-10T18:21:15.788+0400][20,866s][info ][gc] GC(75) Pause Young (Normal) (G1 Evacuation Pause) 156M->5M(256M) 1,430ms
[2025-02-10T18:21:16.063+0400][21,141s][info ][gc] GC(76) Pause Young (Normal) (G1 Evacuation Pause) 156M->5M(256M) 1,530ms
[2025-02-10T18:21:16.337+0400][21,415s][info ][gc] GC(77) Pause Young (Normal) (G1 Evacuation Pause) 156M->5M(256M) 1,239ms
[2025-02-10T18:21:16.611+0400][21,689s][info ][gc] GC(78) Pause Young (Normal) (G1 Evacuation Pause) 156M->5M(256M) 1,403ms
[2025-02-10T18:21:16.887+0400][21,966s][info ][gc] GC(79) Pause Young (Normal) (G1 Evacuation Pause) 157M->5M(256M) 1,404ms
[2025-02-10T18:21:17.162+0400][22,240s][info ][gc] GC(80) Pause Young (Normal) (G1 Evacuation Pause) 156M->5M(256M) 1,448ms
[2025-02-10T18:21:17.437+0400][22,515s][info ][gc] GC(81) Pause Young (Normal) (G1 Evacuation Pause) 156M->5M(256M) 1,242ms
[2025-02-10T18:21:17.712+0400][22,790s][info ][gc] GC(82) Pause Young (Normal) (G1 Evacuation Pause) 156M->5M(256M) 1,314ms
[2025-02-10T18:21:17.986+0400][23,064s][info ][gc] GC(83) Pause Young (Normal) (G1 Evacuation Pause) 156M->5M(256M) 1,379ms
[2025-02-10T18:21:18.262+0400][23,341s][info ][gc] GC(84) Pause Young (Normal) (G1 Evacuation Pause) 157M->5M(256M) 1,401ms
[2025-02-10T18:21:18.538+0400][23,616s][info ][gc] GC(85) Pause Young (Normal) (G1 Evacuation Pause) 156M->5M(256M) 1,302ms
[2025-02-10T18:21:18.812+0400][23,890s][info ][gc] GC(86) Pause Young (Normal) (G1 Evacuation Pause) 156M->5M(256M) 1,171ms
[2025-02-10T18:21:19.088+0400][24,166s][info ][gc] GC(87) Pause Young (Normal) (G1 Evacuation Pause) 157M->5M(256M) 1,455ms
[2025-02-10T18:21:19.363+0400][24,442s][info ][gc] GC(88) Pause Young (Normal) (G1 Evacuation Pause) 156M->5M(256M) 1,416ms
[2025-02-10T18:21:19.638+0400][24,717s][info ][gc] GC(89) Pause Young (Normal) (G1 Evacuation Pause) 156M->5M(256M) 1,443ms
[2025-02-10T18:21:19.914+0400][24,992s][info ][gc] GC(90) Pause Young (Normal) (G1 Evacuation Pause) 156M->5M(256M) 1,439ms
[2025-02-10T18:21:20.189+0400][25,268s][info ][gc] GC(91) Pause Young (Normal) (G1 Evacuation Pause) 156M->5M(256M) 1,424ms
[2025-02-10T18:21:20.467+0400][25,545s][info ][gc] GC(92) Pause Young (Normal) (G1 Evacuation Pause) 157M->5M(256M) 1,384ms
[2025-02-10T18:21:20.741+0400][25,819s][info ][gc] GC(93) Pause Young (Normal) (G1 Evacuation Pause) 156M->5M(256M) 1,349ms
[2025-02-10T18:21:21.016+0400][26,095s][info ][gc] GC(94) Pause Young (Normal) (G1 Evacuation Pause) 156M->5M(256M) 1,455ms
[2025-02-10T18:21:21.291+0400][26,370s][info ][gc] GC(95) Pause Young (Normal) (G1 Evacuation Pause) 156M->5M(256M) 1,502ms
[2025-02-10T18:21:21.569+0400][26,647s][info ][gc] GC(96) Pause Young (Normal) (G1 Evacuation Pause) 157M->5M(256M) 1,458ms
[2025-02-10T18:21:21.844+0400][26,923s][info ][gc] GC(97) Pause Young (Normal) (G1 Evacuation Pause) 156M->5M(256M) 1,529ms
[2025-02-10T18:21:22.119+0400][27,198s][info ][gc] GC(98) Pause Young (Normal) (G1 Evacuation Pause) 156M->5M(256M) 1,494ms
[2025-02-10T18:21:22.394+0400][27,472s][info ][gc] GC(99) Pause Young (Normal) (G1 Evacuation Pause) 156M->5M(256M) 1,398ms
[2025-02-10T18:21:22.670+0400][27,749s][info ][gc] GC(100) Pause Young (Normal) (G1 Evacuation Pause) 157M->5M(256M) 1,533ms
[2025-02-10T18:21:22.945+0400][28,024s][info ][gc] GC(101) Pause Young (Normal) (G1 Evacuation Pause) 156M->5M(256M) 1,419ms
[2025-02-10T18:21:23.220+0400][28,298s][info ][gc] GC(102) Pause Young (Normal) (G1 Evacuation Pause) 156M->5M(256M) 1,358ms
[2025-02-10T18:21:23.496+0400][28,574s][info ][gc] GC(103) Pause Young (Normal) (G1 Evacuation Pause) 156M->5M(256M) 1,405ms
[2025-02-10T18:21:23.772+0400][28,851s][info ][gc] GC(104) Pause Young (Normal) (G1 Evacuation Pause) 157M->5M(256M) 1,371ms
[2025-02-10T18:21:24.047+0400][29,126s][info ][gc] GC(105) Pause Young (Normal) (G1 Evacuation Pause) 156M->5M(256M) 1,457ms
[2025-02-10T18:21:24.323+0400][29,402s][info ][gc] GC(106) Pause Young (Normal) (G1 Evacuation Pause) 156M->5M(256M) 1,521ms
[2025-02-10T18:21:24.598+0400][29,677s][info ][gc] GC(107) Pause Young (Normal) (G1 Evacuation Pause) 156M->5M(256M) 1,448ms
[2025-02-10T18:21:24.873+0400][29,952s][info ][gc] GC(108) Pause Young (Normal) (G1 Evacuation Pause) 156M->5M(256M) 1,277ms
[2025-02-10T18:21:25.150+0400][30,228s][info ][gc] GC(109) Pause Young (Normal) (G1 Evacuation Pause) 157M->5M(256M) 1,413ms
[2025-02-10T18:21:25.425+0400][30,503s][info ][gc] GC(110) Pause Young (Normal) (G1 Evacuation Pause) 156M->5M(256M) 1,249ms
[2025-02-10T18:21:25.699+0400][30,778s][info ][gc] GC(111) Pause Young (Normal) (G1 Evacuation Pause) 156M->5M(256M) 1,548ms
[2025-02-10T18:21:25.974+0400][31,052s][info ][gc] GC(112) Pause Young (Normal) (G1 Evacuation Pause) 156M->5M(256M) 1,537ms
[2025-02-10T18:21:26.251+0400][31,329s][info ][gc] GC(113) Pause Young (Normal) (G1 Evacuation Pause) 157M->5M(256M) 1,467ms
[2025-02-10T18:21:26.527+0400][31,605s][info ][gc] GC(114) Pause Young (Normal) (G1 Evacuation Pause) 156M->5M(256M) 1,473ms
[2025-02-10T18:21:26.801+0400][31,880s][info ][gc] GC(115) Pause Young (Normal) (G1 Evacuation Pause) 156M->5M(256M) 1,526ms
[2025-02-10T18:21:27.078+0400][32,156s][info ][gc] GC(116) Pause Young (Normal) (G1 Evacuation Pause) 156M->5M(256M) 1,371ms
[2025-02-10T18:21:27.353+0400][32,432s][info ][gc] GC(117) Pause Young (Normal) (G1 Evacuation Pause) 156M->5M(256M) 1,361ms
[2025-02-10T18:21:27.630+0400][32,708s][info ][gc] GC(118) Pause Young (Normal) (G1 Evacuation Pause) 157M->5M(256M) 1,464ms
[2025-02-10T18:21:27.905+0400][32,983s][info ][gc] GC(119) Pause Young (Normal) (G1 Evacuation Pause) 156M->5M(256M) 1,488ms
[2025-02-10T18:21:28.180+0400][33,258s][info ][gc] GC(120) Pause Young (Normal) (G1 Evacuation Pause) 156M->5M(256M) 1,264ms
[2025-02-10T18:21:28.454+0400][33,533s][info ][gc] GC(121) Pause Young (Normal) (G1 Evacuation Pause) 156M->5M(256M) 1,392ms
[2025-02-10T18:21:28.730+0400][33,808s][info ][gc] GC(122) Pause Young (Normal) (G1 Evacuation Pause) 156M->5M(256M) 1,807ms
[2025-02-10T18:21:29.007+0400][34,085s][info ][gc] GC(123) Pause Young (Normal) (G1 Evacuation Pause) 157M->5M(256M) 1,435ms
[2025-02-10T18:21:29.281+0400][34,360s][info ][gc] GC(124) Pause Young (Normal) (G1 Evacuation Pause) 156M->5M(256M) 1,480ms
[2025-02-10T18:21:29.557+0400][34,635s][info ][gc] GC(125) Pause Young (Normal) (G1 Evacuation Pause) 156M->5M(256M) 1,565ms
[2025-02-10T18:21:29.833+0400][34,911s][info ][gc] GC(126) Pause Young (Normal) (G1 Evacuation Pause) 157M->5M(256M) 1,446ms
[2025-02-10T18:21:30.107+0400][35,186s][info ][gc] GC(127) Pause Young (Normal) (G1 Evacuation Pause) 156M->5M(256M) 1,292ms
[2025-02-10T18:21:30.382+0400][35,461s][info ][gc] GC(128) Pause Young (Normal) (G1 Evacuation Pause) 156M->5M(256M) 1,402ms
[2025-02-10T18:21:30.657+0400][35,735s][info ][gc] GC(129) Pause Young (Normal) (G1 Evacuation Pause) 156M->5M(256M) 1,350ms
[2025-02-10T18:21:30.932+0400][36,010s][info ][gc] GC(130) Pause Young (Normal) (G1 Evacuation Pause) 156M->5M(256M) 1,443ms
[2025-02-10T18:21:31.208+0400][36,286s][info ][gc] GC(131) Pause Young (Normal) (G1 Evacuation Pause) 157M->5M(256M) 1,510ms
[2025-02-10T18:21:31.482+0400][36,560s][info ][gc] GC(132) Pause Young (Normal) (G1 Evacuation Pause) 156M->5M(256M) 1,281ms
[2025-02-10T18:21:31.757+0400][36,835s][info ][gc] GC(133) Pause Young (Normal) (G1 Evacuation Pause) 156M->5M(256M) 1,331ms
[2025-02-10T18:21:32.031+0400][37,110s][info ][gc] GC(134) Pause Young (Normal) (G1 Evacuation Pause) 156M->5M(256M) 1,198ms
[2025-02-10T18:21:32.306+0400][37,385s][info ][gc] GC(135) Pause Young (Normal) (G1 Evacuation Pause) 156M->5M(256M) 1,392ms
[2025-02-10T18:21:32.583+0400][37,661s][info ][gc] GC(136) Pause Young (Normal) (G1 Evacuation Pause) 157M->5M(256M) 1,395ms
[2025-02-10T18:21:32.858+0400][37,936s][info ][gc] GC(137) Pause Young (Normal) (G1 Evacuation Pause) 156M->5M(256M) 1,525ms
[2025-02-10T18:21:33.132+0400][38,211s][info ][gc] GC(138) Pause Young (Normal) (G1 Evacuation Pause) 156M->5M(256M) 1,316ms
[2025-02-10T18:21:33.409+0400][38,487s][info ][gc] GC(139) Pause Young (Normal) (G1 Evacuation Pause) 157M->5M(256M) 1,319ms
[2025-02-10T18:21:33.684+0400][38,762s][info ][gc] GC(140) Pause Young (Normal) (G1 Evacuation Pause) 156M->5M(256M) 1,575ms
[2025-02-10T18:21:33.958+0400][39,037s][info ][gc] GC(141) Pause Young (Normal) (G1 Evacuation Pause) 156M->5M(256M) 1,398ms
[2025-02-10T18:21:34.235+0400][39,313s][info ][gc] GC(142) Pause Young (Normal) (G1 Evacuation Pause) 156M->5M(256M) 1,353ms
[2025-02-10T18:21:34.510+0400][39,588s][info ][gc] GC(143) Pause Young (Normal) (G1 Evacuation Pause) 156M->5M(256M) 1,480ms
[2025-02-10T18:21:34.785+0400][39,864s][info ][gc] GC(144) Pause Young (Normal) (G1 Evacuation Pause) 157M->5M(256M) 1,309ms
[2025-02-10T18:21:35.060+0400][40,138s][info ][gc] GC(145) Pause Young (Normal) (G1 Evacuation Pause) 156M->5M(256M) 1,373ms
[2025-02-10T18:21:35.335+0400][40,414s][info ][gc] GC(146) Pause Young (Normal) (G1 Evacuation Pause) 156M->5M(256M) 1,437ms
[2025-02-10T18:21:35.610+0400][40,689s][info ][gc] GC(147) Pause Young (Normal) (G1 Evacuation Pause) 156M->5M(256M) 1,418ms
[2025-02-10T18:21:35.887+0400][40,965s][info ][gc] GC(148) Pause Young (Normal) (G1 Evacuation Pause) 157M->5M(256M) 1,538ms
[2025-02-10T18:21:36.162+0400][41,240s][info ][gc] GC(149) Pause Young (Normal) (G1 Evacuation Pause) 156M->5M(256M) 1,447ms
[2025-02-10T18:21:36.436+0400][41,515s][info ][gc] GC(150) Pause Young (Normal) (G1 Evacuation Pause) 156M->5M(256M) 1,859ms
[2025-02-10T18:21:36.711+0400][41,789s][info ][gc] GC(151) Pause Young (Normal) (G1 Evacuation Pause) 156M->5M(256M) 1,595ms
[2025-02-10T18:21:36.987+0400][42,066s][info ][gc] GC(152) Pause Young (Normal) (G1 Evacuation Pause) 157M->5M(256M) 1,465ms
[2025-02-10T18:21:37.262+0400][42,341s][info ][gc] GC(153) Pause Young (Normal) (G1 Evacuation Pause) 156M->5M(256M) 1,502ms
[2025-02-10T18:21:37.537+0400][42,616s][info ][gc] GC(154) Pause Young (Normal) (G1 Evacuation Pause) 156M->5M(256M) 1,503ms
[2025-02-10T18:21:37.812+0400][42,891s][info ][gc] GC(155) Pause Young (Normal) (G1 Evacuation Pause) 156M->5M(256M) 1,385ms
[2025-02-10T18:21:38.089+0400][43,167s][info ][gc] GC(156) Pause Young (Normal) (G1 Evacuation Pause) 157M->5M(256M) 1,277ms
[2025-02-10T18:21:38.364+0400][43,443s][info ][gc] GC(157) Pause Young (Normal) (G1 Evacuation Pause) 156M->5M(256M) 1,394ms
[2025-02-10T18:21:38.639+0400][43,717s][info ][gc] GC(158) Pause Young (Normal) (G1 Evacuation Pause) 156M->5M(256M) 1,522ms
[2025-02-10T18:21:38.914+0400][43,992s][info ][gc] GC(159) Pause Young (Normal) (G1 Evacuation Pause) 156M->5M(256M) 1,454ms
[2025-02-10T18:21:39.189+0400][44,267s][info ][gc] GC(160) Pause Young (Normal) (G1 Evacuation Pause) 156M->5M(256M) 1,351ms
[2025-02-10T18:21:39.466+0400][44,544s][info ][gc] GC(161) Pause Young (Normal) (G1 Evacuation Pause) 157M->5M(256M) 1,434ms
[2025-02-10T18:21:39.740+0400][44,819s][info ][gc] GC(162) Pause Young (Normal) (G1 Evacuation Pause) 156M->5M(256M) 1,312ms
[2025-02-10T18:21:40.015+0400][45,093s][info ][gc] GC(163) Pause Young (Normal) (G1 Evacuation Pause) 156M->5M(256M) 1,578ms
[2025-02-10T18:21:40.291+0400][45,370s][info ][gc] GC(164) Pause Young (Normal) (G1 Evacuation Pause) 156M->5M(256M) 1,449ms
[2025-02-10T18:21:40.567+0400][45,646s][info ][gc] GC(165) Pause Young (Normal) (G1 Evacuation Pause) 157M->5M(256M) 1,311ms
[2025-02-10T18:21:40.842+0400][45,920s][info ][gc] GC(166) Pause Young (Normal) (G1 Evacuation Pause) 156M->5M(256M) 1,277ms
[2025-02-10T18:21:41.117+0400][46,195s][info ][gc] GC(167) Pause Young (Normal) (G1 Evacuation Pause) 156M->5M(256M) 1,540ms
[2025-02-10T18:21:41.392+0400][46,470s][info ][gc] GC(168) Pause Young (Normal) (G1 Evacuation Pause) 156M->5M(256M) 1,489ms
[2025-02-10T18:21:41.669+0400][46,747s][info ][gc] GC(169) Pause Young (Normal) (G1 Evacuation Pause) 157M->5M(256M) 1,510ms
[2025-02-10T18:21:41.944+0400][47,022s][info ][gc] GC(170) Pause Young (Normal) (G1 Evacuation Pause) 156M->5M(256M) 1,763ms
[2025-02-10T18:21:42.219+0400][47,297s][info ][gc] GC(171) Pause Young (Normal) (G1 Evacuation Pause) 156M->5M(256M) 1,565ms
[2025-02-10T18:21:42.494+0400][47,572s][info ][gc] GC(172) Pause Young (Normal) (G1 Evacuation Pause) 156M->5M(256M) 1,235ms
[2025-02-10T18:21:42.768+0400][47,847s][info ][gc] GC(173) Pause Young (Normal) (G1 Evacuation Pause) 156M->5M(256M) 1,488ms
[2025-02-10T18:21:43.045+0400][48,123s][info ][gc] GC(174) Pause Young (Normal) (G1 Evacuation Pause) 157M->5M(256M) 1,335ms
[2025-02-10T18:21:43.320+0400][48,399s][info ][gc] GC(175) Pause Young (Normal) (G1 Evacuation Pause) 156M->5M(256M) 1,570ms
[2025-02-10T18:21:43.596+0400][48,674s][info ][gc] GC(176) Pause Young (Normal) (G1 Evacuation Pause) 156M->5M(256M) 1,927ms
[2025-02-10T18:21:43.870+0400][48,949s][info ][gc] GC(177) Pause Young (Normal) (G1 Evacuation Pause) 156M->5M(256M) 1,484ms
[2025-02-10T18:21:44.147+0400][49,225s][info ][gc] GC(178) Pause Young (Normal) (G1 Evacuation Pause) 157M->5M(256M) 1,613ms
[2025-02-10T18:21:44.421+0400][49,500s][info ][gc] GC(179) Pause Young (Normal) (G1 Evacuation Pause) 156M->5M(256M) 1,485ms
[2025-02-10T18:21:44.696+0400][49,775s][info ][gc] GC(180) Pause Young (Normal) (G1 Evacuation Pause) 156M->5M(256M) 1,564ms
[2025-02-10T18:21:44.972+0400][50,050s][info ][gc] GC(181) Pause Young (Normal) (G1 Evacuation Pause) 156M->5M(256M) 1,467ms
[2025-02-10T18:21:45.247+0400][50,326s][info ][gc] GC(182) Pause Young (Normal) (G1 Evacuation Pause) 156M->5M(256M) 1,261ms
[2025-02-10T18:21:45.524+0400][50,603s][info ][gc] GC(183) Pause Young (Normal) (G1 Evacuation Pause) 157M->5M(256M) 1,518ms
[2025-02-10T18:21:45.799+0400][50,877s][info ][gc] GC(184) Pause Young (Normal) (G1 Evacuation Pause) 156M->5M(256M) 1,439ms
[2025-02-10T18:21:46.074+0400][51,153s][info ][gc] GC(185) Pause Young (Normal) (G1 Evacuation Pause) 156M->5M(256M) 1,407ms
[2025-02-10T18:21:46.349+0400][51,427s][info ][gc] GC(186) Pause Young (Normal) (G1 Evacuation Pause) 156M->5M(256M) 1,161ms
[2025-02-10T18:21:46.625+0400][51,704s][info ][gc] GC(187) Pause Young (Normal) (G1 Evacuation Pause) 157M->5M(256M) 1,389ms
[2025-02-10T18:21:46.900+0400][51,979s][info ][gc] GC(188) Pause Young (Normal) (G1 Evacuation Pause) 156M->5M(256M) 1,325ms
[2025-02-10T18:21:47.175+0400][52,253s][info ][gc] GC(189) Pause Young (Normal) (G1 Evacuation Pause) 156M->5M(256M) 1,311ms
[2025-02-10T18:21:47.451+0400][52,530s][info ][gc] GC(190) Pause Young (Normal) (G1 Evacuation Pause) 156M->5M(256M) 1,431ms
[2025-02-10T18:21:47.728+0400][52,806s][info ][gc] GC(191) Pause Young (Normal) (G1 Evacuation Pause) 157M->5M(256M) 1,503ms
[2025-02-10T18:21:48.002+0400][53,081s][info ][gc] GC(192) Pause Young (Normal) (G1 Evacuation Pause) 156M->5M(256M) 1,421ms
[2025-02-10T18:21:48.280+0400][53,358s][info ][gc] GC(193) Pause Young (Normal) (G1 Evacuation Pause) 156M->5M(256M) 1,442ms
[2025-02-10T18:21:48.554+0400][53,633s][info ][gc] GC(194) Pause Young (Normal) (G1 Evacuation Pause) 156M->5M(256M) 1,453ms
[2025-02-10T18:21:48.829+0400][53,907s][info ][gc] GC(195) Pause Young (Normal) (G1 Evacuation Pause) 156M->5M(256M) 1,226ms
[2025-02-10T18:21:49.106+0400][54,184s][info ][gc] GC(196) Pause Young (Normal) (G1 Evacuation Pause) 157M->5M(256M) 1,483ms
[2025-02-10T18:21:49.380+0400][54,459s][info ][gc] GC(197) Pause Young (Normal) (G1 Evacuation Pause) 156M->5M(256M) 1,399ms
[2025-02-10T18:21:49.655+0400][54,733s][info ][gc] GC(198) Pause Young (Normal) (G1 Evacuation Pause) 156M->5M(256M) 1,418ms
[2025-02-10T18:21:49.929+0400][55,007s][info ][gc] GC(199) Pause Young (Normal) (G1 Evacuation Pause) 156M->5M(256M) 1,172ms
[2025-02-10T18:21:50.203+0400][55,281s][info ][gc] GC(200) Pause Young (Normal) (G1 Evacuation Pause) 156M->5M(256M) 1,011ms
[2025-02-10T18:21:50.480+0400][55,559s][info ][gc] GC(201) Pause Young (Normal) (G1 Evacuation Pause) 157M->5M(256M) 1,508ms
[2025-02-10T18:21:50.755+0400][55,834s][info ][gc] GC(202) Pause Young (Normal) (G1 Evacuation Pause) 156M->5M(256M) 1,501ms
[2025-02-10T18:21:51.030+0400][56,108s][info ][gc] GC(203) Pause Young (Normal) (G1 Evacuation Pause) 156M->5M(256M) 1,511ms
[2025-02-10T18:21:51.306+0400][56,385s][info ][gc] GC(204) Pause Young (Normal) (G1 Evacuation Pause) 157M->5M(256M) 1,436ms
[2025-02-10T18:21:51.581+0400][56,659s][info ][gc] GC(205) Pause Young (Normal) (G1 Evacuation Pause) 156M->5M(256M) 1,231ms
[2025-02-10T18:21:51.856+0400][56,934s][info ][gc] GC(206) Pause Young (Normal) (G1 Evacuation Pause) 156M->5M(256M) 1,458ms
[2025-02-10T18:21:52.131+0400][57,209s][info ][gc] GC(207) Pause Young (Normal) (G1 Evacuation Pause) 156M->5M(256M) 1,480ms
[2025-02-10T18:21:52.406+0400][57,485s][info ][gc] GC(208) Pause Young (Normal) (G1 Evacuation Pause) 156M->5M(256M) 1,392ms
[2025-02-10T18:21:52.683+0400][57,761s][info ][gc] GC(209) Pause Young (Normal) (G1 Evacuation Pause) 157M->5M(256M) 1,296ms
[2025-02-10T18:21:52.957+0400][58,036s][info ][gc] GC(210) Pause Young (Normal) (G1 Evacuation Pause) 156M->5M(256M) 1,392ms
[2025-02-10T18:21:53.231+0400][58,310s][info ][gc] GC(211) Pause Young (Normal) (G1 Evacuation Pause) 156M->5M(256M) 1,520ms
[2025-02-10T18:21:53.509+0400][58,587s][info ][gc] GC(212) Pause Young (Normal) (G1 Evacuation Pause) 156M->5M(256M) 1,669ms
[2025-02-10T18:21:53.786+0400][58,865s][info ][gc] GC(213) Pause Young (Normal) (G1 Evacuation Pause) 157M->5M(256M) 1,485ms
[2025-02-10T18:21:54.061+0400][59,140s][info ][gc] GC(214) Pause Young (Normal) (G1 Evacuation Pause) 156M->5M(256M) 1,390ms
[2025-02-10T18:21:54.335+0400][59,414s][info ][gc] GC(215) Pause Young (Normal) (G1 Evacuation Pause) 156M->5M(256M) 1,381ms
[2025-02-10T18:21:54.611+0400][59,689s][info ][gc] GC(216) Pause Young (Normal) (G1 Evacuation Pause) 156M->5M(256M) 1,455ms
[2025-02-10T18:21:54.887+0400][59,966s][info ][gc] GC(217) Pause Young (Normal) (G1 Evacuation Pause) 157M->5M(256M) 1,328ms
[2025-02-10T18:21:55.163+0400][60,241s][info ][gc] GC(218) Pause Young (Normal) (G1 Evacuation Pause) 156M->5M(256M) 1,417ms
[2025-02-10T18:21:55.437+0400][60,515s][info ][gc] GC(219) Pause Young (Normal) (G1 Evacuation Pause) 156M->5M(256M) 1,400ms
[2025-02-10T18:21:55.714+0400][60,792s][info ][gc] GC(220) Pause Young (Normal) (G1 Evacuation Pause) 157M->5M(256M) 1,272ms
[2025-02-10T18:21:55.988+0400][61,067s][info ][gc] GC(221) Pause Young (Normal) (G1 Evacuation Pause) 156M->5M(256M) 1,397ms
[2025-02-10T18:21:56.263+0400][61,342s][info ][gc] GC(222) Pause Young (Normal) (G1 Evacuation Pause) 156M->5M(256M) 1,419ms
[2025-02-10T18:21:56.540+0400][61,618s][info ][gc] GC(223) Pause Young (Normal) (G1 Evacuation Pause) 157M->5M(256M) 1,527ms
[2025-02-10T18:21:56.815+0400][61,893s][info ][gc] GC(224) Pause Young (Normal) (G1 Evacuation Pause) 156M->5M(256M) 1,396ms
[2025-02-10T18:21:57.090+0400][62,168s][info ][gc] GC(225) Pause Young (Normal) (G1 Evacuation Pause) 156M->5M(256M) 1,385ms
[2025-02-10T18:21:57.364+0400][62,443s][info ][gc] GC(226) Pause Young (Normal) (G1 Evacuation Pause) 156M->5M(256M) 1,480ms
[2025-02-10T18:21:57.639+0400][62,717s][info ][gc] GC(227) Pause Young (Normal) (G1 Evacuation Pause) 156M->5M(256M) 1,280ms
[2025-02-10T18:21:57.913+0400][62,992s][info ][gc] GC(228) Pause Young (Normal) (G1 Evacuation Pause) 156M->5M(256M) 1,174ms
[2025-02-10T18:21:58.190+0400][63,269s][info ][gc] GC(229) Pause Young (Normal) (G1 Evacuation Pause) 157M->5M(256M) 1,497ms
[2025-02-10T18:21:58.465+0400][63,543s][info ][gc] GC(230) Pause Young (Normal) (G1 Evacuation Pause) 156M->5M(256M) 1,444ms
[2025-02-10T18:21:58.739+0400][63,818s][info ][gc] GC(231) Pause Young (Normal) (G1 Evacuation Pause) 156M->5M(256M) 1,356ms
[2025-02-10T18:21:59.016+0400][64,094s][info ][gc] GC(232) Pause Young (Normal) (G1 Evacuation Pause) 157M->5M(256M) 1,503ms
[2025-02-10T18:21:59.290+0400][64,369s][info ][gc] GC(233) Pause Young (Normal) (G1 Evacuation Pause) 156M->5M(256M) 1,390ms
[2025-02-10T18:21:59.565+0400][64,644s][info ][gc] GC(234) Pause Young (Normal) (G1 Evacuation Pause) 156M->5M(256M) 1,464ms
[2025-02-10T18:21:59.840+0400][64,919s][info ][gc] GC(235) Pause Young (Normal) (G1 Evacuation Pause) 156M->5M(256M) 1,459ms
[2025-02-10T18:22:00.117+0400][65,195s][info ][gc] GC(236) Pause Young (Normal) (G1 Evacuation Pause) 157M->5M(256M) 1,412ms
[2025-02-10T18:22:00.392+0400][65,470s][info ][gc] GC(237) Pause Young (Normal) (G1 Evacuation Pause) 156M->5M(256M) 1,531ms
[2025-02-10T18:22:00.666+0400][65,745s][info ][gc] GC(238) Pause Young (Normal) (G1 Evacuation Pause) 156M->5M(256M) 1,399ms
[2025-02-10T18:22:00.941+0400][66,020s][info ][gc] GC(239) Pause Young (Normal) (G1 Evacuation Pause) 156M->5M(256M) 1,304ms
[2025-02-10T18:22:01.218+0400][66,297s][info ][gc] GC(240) Pause Young (Normal) (G1 Evacuation Pause) 157M->5M(256M) 1,551ms
[2025-02-10T18:22:01.493+0400][66,571s][info ][gc] GC(241) Pause Young (Normal) (G1 Evacuation Pause) 156M->5M(256M) 1,212ms
[2025-02-10T18:22:01.769+0400][66,847s][info ][gc] GC(242) Pause Young (Normal) (G1 Evacuation Pause) 156M->5M(256M) 1,761ms
[2025-02-10T18:22:02.044+0400][67,123s][info ][gc] GC(243) Pause Young (Normal) (G1 Evacuation Pause) 156M->5M(256M) 1,179ms
[2025-02-10T18:22:02.319+0400][67,397s][info ][gc] GC(244) Pause Young (Normal) (G1 Evacuation Pause) 156M->5M(256M) 1,474ms
[2025-02-10T18:22:02.596+0400][67,675s][info ][gc] GC(245) Pause Young (Normal) (G1 Evacuation Pause) 157M->5M(256M) 2,208ms
[2025-02-10T18:22:02.871+0400][67,950s][info ][gc] GC(246) Pause Young (Normal) (G1 Evacuation Pause) 156M->5M(256M) 1,440ms
[2025-02-10T18:22:03.147+0400][68,225s][info ][gc] GC(247) Pause Young (Normal) (G1 Evacuation Pause) 156M->5M(256M) 1,495ms
[2025-02-10T18:22:03.421+0400][68,500s][info ][gc] GC(248) Pause Young (Normal) (G1 Evacuation Pause) 156M->5M(256M) 1,477ms
[2025-02-10T18:22:03.696+0400][68,774s][info ][gc] GC(249) Pause Young (Normal) (G1 Evacuation Pause) 156M->5M(256M) 1,183ms
[2025-02-10T18:22:03.972+0400][69,051s][info ][gc] GC(250) Pause Young (Normal) (G1 Evacuation Pause) 157M->5M(256M) 1,449ms
[2025-02-10T18:22:04.247+0400][69,325s][info ][gc] GC(251) Pause Young (Normal) (G1 Evacuation Pause) 156M->5M(256M) 1,311ms
[2025-02-10T18:22:04.521+0400][69,600s][info ][gc] GC(252) Pause Young (Normal) (G1 Evacuation Pause) 156M->5M(256M) 1,534ms
[2025-02-10T18:22:04.796+0400][69,874s][info ][gc] GC(253) Pause Young (Normal) (G1 Evacuation Pause) 156M->5M(256M) 1,531ms
[2025-02-10T18:22:05.074+0400][70,153s][info ][gc] GC(254) Pause Young (Normal) (G1 Evacuation Pause) 157M->5M(256M) 1,441ms
[2025-02-10T18:22:05.349+0400][70,428s][info ][gc] GC(255) Pause Young (Normal) (G1 Evacuation Pause) 156M->5M(256M) 1,417ms
[2025-02-10T18:22:05.624+0400][70,703s][info ][gc] GC(256) Pause Young (Normal) (G1 Evacuation Pause) 156M->5M(256M) 1,424ms
[2025-02-10T18:22:05.900+0400][70,978s][info ][gc] GC(257) Pause Young (Normal) (G1 Evacuation Pause) 156M->5M(256M) 1,473ms
[2025-02-10T18:22:06.177+0400][71,255s][info ][gc] GC(258) Pause Young (Normal) (G1 Evacuation Pause) 157M->5M(256M) 1,613ms
[2025-02-10T18:22:06.451+0400][71,530s][info ][gc] GC(259) Pause Young (Normal) (G1 Evacuation Pause) 156M->5M(256M) 1,376ms
[2025-02-10T18:22:06.725+0400][71,804s][info ][gc] GC(260) Pause Young (Normal) (G1 Evacuation Pause) 156M->5M(256M) 1,365ms
[2025-02-10T18:22:07.000+0400][72,079s][info ][gc] GC(261) Pause Young (Normal) (G1 Evacuation Pause) 156M->5M(256M) 1,490ms
[2025-02-10T18:22:07.277+0400][72,356s][info ][gc] GC(262) Pause Young (Normal) (G1 Evacuation Pause) 157M->5M(256M) 1,418ms
[2025-02-10T18:22:07.552+0400][72,630s][info ][gc] GC(263) Pause Young (Normal) (G1 Evacuation Pause) 156M->5M(256M) 1,382ms
[2025-02-10T18:22:07.826+0400][72,904s][info ][gc] GC(264) Pause Young (Normal) (G1 Evacuation Pause) 156M->5M(256M) 1,351ms
[2025-02-10T18:22:08.101+0400][73,180s][info ][gc] GC(265) Pause Young (Normal) (G1 Evacuation Pause) 156M->5M(256M) 1,398ms
[2025-02-10T18:22:08.376+0400][73,455s][info ][gc] GC(266) Pause Young (Normal) (G1 Evacuation Pause) 156M->5M(256M) 1,442ms
[2025-02-10T18:22:08.653+0400][73,731s][info ][gc] GC(267) Pause Young (Normal) (G1 Evacuation Pause) 157M->5M(256M) 1,458ms
[2025-02-10T18:22:08.928+0400][74,007s][info ][gc] GC(268) Pause Young (Normal) (G1 Evacuation Pause) 156M->5M(256M) 1,514ms
[2025-02-10T18:22:09.203+0400][74,282s][info ][gc] GC(269) Pause Young (Normal) (G1 Evacuation Pause) 156M->5M(256M) 1,443ms
[2025-02-10T18:22:09.478+0400][74,556s][info ][gc] GC(270) Pause Young (Normal) (G1 Evacuation Pause) 156M->5M(256M) 1,381ms
[2025-02-10T18:22:09.753+0400][74,832s][info ][gc] GC(271) Pause Young (Normal) (G1 Evacuation Pause) 157M->5M(256M) 1,289ms
[2025-02-10T18:22:10.027+0400][75,106s][info ][gc] GC(272) Pause Young (Normal) (G1 Evacuation Pause) 156M->5M(256M) 1,335ms
[2025-02-10T18:22:10.303+0400][75,381s][info ][gc] GC(273) Pause Young (Normal) (G1 Evacuation Pause) 156M->5M(256M) 1,776ms
[2025-02-10T18:22:10.577+0400][75,656s][info ][gc] GC(274) Pause Young (Normal) (G1 Evacuation Pause) 156M->5M(256M) 1,456ms
[2025-02-10T18:22:10.853+0400][75,932s][info ][gc] GC(275) Pause Young (Normal) (G1 Evacuation Pause) 157M->5M(256M) 1,401ms
[2025-02-10T18:22:11.129+0400][76,207s][info ][gc] GC(276) Pause Young (Normal) (G1 Evacuation Pause) 156M->5M(256M) 1,450ms
[2025-02-10T18:22:11.403+0400][76,482s][info ][gc] GC(277) Pause Young (Normal) (G1 Evacuation Pause) 156M->5M(256M) 1,461ms
[2025-02-10T18:22:11.680+0400][76,758s][info ][gc] GC(278) Pause Young (Normal) (G1 Evacuation Pause) 156M->5M(256M) 1,406ms
