[2025-02-10T20:21:38.076+0400][0.002s][info][gc] Using G1
[2025-02-10T20:21:38.076+0400][0.002s][debug][gc] ConcGCThreads: 2 offset 12
[2025-02-10T20:21:38.076+0400][0.002s][debug][gc] ParallelGCThreads: 6
[2025-02-10T20:21:38.076+0400][0.002s][debug][gc] Initialize mark stack with 4096 chunks, maximum 524288
[2025-02-10T20:21:38.352+0400][0,277s][info ][gc] GC(0) Pause Young (Normal) (G1 Evacuation Pause) 77M->3M(1536M) 2,562ms
[2025-02-10T20:21:38.427+0400][0,353s][info ][gc] GC(1) Pause Young (Normal) (G1 Evacuation Pause) 85M->4M(1536M) 1,979ms
[2025-02-10T20:21:39.538+0400][1,464s][info ][gc] GC(2) Pause Young (Normal) (G1 Evacuation Pause) 922M->5M(1536M) 3,914ms
[2025-02-10T20:21:40.321+0400][2,247s][info ][gc] GC(3) Pause Young (Normal) (G1 Evacuation Pause) 921M->3M(1536M) 2,329ms
[2025-02-10T20:21:41.097+0400][3,023s][info ][gc] GC(4) Pause Young (Normal) (G1 Evacuation Pause) 921M->5M(1536M) 4,026ms
[2025-02-10T20:21:41.852+0400][3,778s][info ][gc] GC(5) Pause Young (Normal) (G1 Evacuation Pause) 921M->3M(1536M) 2,392ms
[2025-02-10T20:21:42.611+0400][4,537s][info ][gc] GC(6) Pause Young (Normal) (G1 Evacuation Pause) 921M->5M(1536M) 3,138ms
[2025-02-10T20:21:43.369+0400][5,295s][info ][gc] GC(7) Pause Young (Normal) (G1 Evacuation Pause) 921M->3M(1536M) 2,100ms
[2025-02-10T20:21:44.130+0400][6,056s][info ][gc] GC(8) Pause Young (Normal) (G1 Evacuation Pause) 921M->5M(1536M) 3,084ms
[2025-02-10T20:21:44.886+0400][6,812s][info ][gc] GC(9) Pause Young (Normal) (G1 Evacuation Pause) 922M->3M(1536M) 2,275ms
[2025-02-10T20:21:45.648+0400][7,573s][info ][gc] GC(10) Pause Young (Normal) (G1 Evacuation Pause) 921M->5M(1536M) 2,928ms
[2025-02-10T20:21:46.405+0400][8,331s][info ][gc] GC(11) Pause Young (Normal) (G1 Evacuation Pause) 922M->3M(1536M) 2,174ms
[2025-02-10T20:21:47.164+0400][9,090s][info ][gc] GC(12) Pause Young (Normal) (G1 Evacuation Pause) 921M->5M(1536M) 2,954ms
[2025-02-10T20:21:47.922+0400][9,848s][info ][gc] GC(13) Pause Young (Normal) (G1 Evacuation Pause) 922M->3M(1536M) 2,221ms
[2025-02-10T20:21:48.682+0400][10,608s][info ][gc] GC(14) Pause Young (Normal) (G1 Evacuation Pause) 921M->4M(1536M) 2,987ms
[2025-02-10T20:21:49.440+0400][11,366s][info ][gc] GC(15) Pause Young (Normal) (G1 Evacuation Pause) 921M->3M(1536M) 2,014ms
[2025-02-10T20:21:50.395+0400][12,320s][info ][gc] GC(16) Pause Young (Normal) (G1 Evacuation Pause) 923M->5M(1536M) 2,805ms
[2025-02-10T20:21:51.346+0400][13,272s][info ][gc] GC(17) Pause Young (Normal) (G1 Evacuation Pause) 923M->3M(1536M) 1,651ms
[2025-02-10T20:21:52.301+0400][14,226s][info ][gc] GC(18) Pause Young (Normal) (G1 Evacuation Pause) 923M->5M(1536M) 2,853ms
[2025-02-10T20:21:53.252+0400][15,178s][info ][gc] GC(19) Pause Young (Normal) (G1 Evacuation Pause) 923M->4M(1536M) 2,021ms
[2025-02-10T20:21:54.205+0400][16,131s][info ][gc] GC(20) Pause Young (Normal) (G1 Evacuation Pause) 923M->5M(1536M) 2,804ms
[2025-02-10T20:21:55.157+0400][17,083s][info ][gc] GC(21) Pause Young (Normal) (G1 Evacuation Pause) 923M->4M(1536M) 2,080ms
[2025-02-10T20:21:56.110+0400][18,036s][info ][gc] GC(22) Pause Young (Normal) (G1 Evacuation Pause) 923M->6M(1536M) 3,010ms
[2025-02-10T20:21:57.061+0400][18,987s][info ][gc] GC(23) Pause Young (Normal) (G1 Evacuation Pause) 923M->4M(1536M) 2,359ms
[2025-02-10T20:21:58.015+0400][19,941s][info ][gc] GC(24) Pause Young (Normal) (G1 Evacuation Pause) 923M->6M(1536M) 3,412ms
[2025-02-10T20:21:58.967+0400][20,892s][info ][gc] GC(25) Pause Young (Normal) (G1 Evacuation Pause) 923M->4M(1536M) 2,537ms
[2025-02-10T20:21:59.918+0400][21,844s][info ][gc] GC(26) Pause Young (Normal) (G1 Evacuation Pause) 923M->3M(1536M) 1,286ms
[2025-02-10T20:22:00.878+0400][22,803s][info ][gc] GC(27) Pause Young (Normal) (G1 Evacuation Pause) 923M->4M(1536M) 2,713ms
[2025-02-10T20:22:01.830+0400][23,756s][info ][gc] GC(28) Pause Young (Normal) (G1 Evacuation Pause) 923M->3M(1536M) 1,822ms
[2025-02-10T20:22:02.785+0400][24,711s][info ][gc] GC(29) Pause Young (Normal) (G1 Evacuation Pause) 923M->5M(1536M) 2,845ms
[2025-02-10T20:22:03.737+0400][25,663s][info ][gc] GC(30) Pause Young (Normal) (G1 Evacuation Pause) 923M->4M(1536M) 2,088ms
[2025-02-10T20:22:04.693+0400][26,619s][info ][gc] GC(31) Pause Young (Normal) (G1 Evacuation Pause) 923M->5M(1536M) 2,771ms
[2025-02-10T20:22:05.647+0400][27,572s][info ][gc] GC(32) Pause Young (Normal) (G1 Evacuation Pause) 923M->4M(1536M) 2,222ms
[2025-02-10T20:22:06.602+0400][28,528s][info ][gc] GC(33) Pause Young (Normal) (G1 Evacuation Pause) 923M->6M(1536M) 2,949ms
[2025-02-10T20:22:07.552+0400][29,478s][info ][gc] GC(34) Pause Young (Normal) (G1 Evacuation Pause) 923M->4M(1536M) 2,059ms
[2025-02-10T20:22:08.506+0400][30,432s][info ][gc] GC(35) Pause Young (Normal) (G1 Evacuation Pause) 923M->6M(1536M) 3,143ms
[2025-02-10T20:22:09.458+0400][31,383s][info ][gc] GC(36) Pause Young (Normal) (G1 Evacuation Pause) 923M->4M(1536M) 2,421ms
[2025-02-10T20:22:10.410+0400][32,335s][info ][gc] GC(37) Pause Young (Normal) (G1 Evacuation Pause) 923M->3M(1536M) 1,503ms
[2025-02-10T20:22:11.365+0400][33,291s][info ][gc] GC(38) Pause Young (Normal) (G1 Evacuation Pause) 923M->4M(1536M) 2,623ms
[2025-02-10T20:22:12.317+0400][34,243s][info ][gc] GC(39) Pause Young (Normal) (G1 Evacuation Pause) 923M->3M(1536M) 1,636ms
[2025-02-10T20:22:13.275+0400][35,201s][info ][gc] GC(40) Pause Young (Normal) (G1 Evacuation Pause) 923M->5M(1536M) 2,826ms
[2025-02-10T20:22:14.228+0400][36,153s][info ][gc] GC(41) Pause Young (Normal) (G1 Evacuation Pause) 923M->3M(1536M) 2,309ms
[2025-02-10T20:22:15.183+0400][37,109s][info ][gc] GC(42) Pause Young (Normal) (G1 Evacuation Pause) 923M->5M(1536M) 2,985ms
[2025-02-10T20:22:16.135+0400][38,061s][info ][gc] GC(43) Pause Young (Normal) (G1 Evacuation Pause) 923M->4M(1536M) 2,218ms
[2025-02-10T20:22:17.088+0400][39,014s][info ][gc] GC(44) Pause Young (Normal) (G1 Evacuation Pause) 923M->6M(1536M) 2,849ms
[2025-02-10T20:22:18.041+0400][39,966s][info ][gc] GC(45) Pause Young (Normal) (G1 Evacuation Pause) 923M->4M(1536M) 2,553ms
[2025-02-10T20:22:18.993+0400][40,919s][info ][gc] GC(46) Pause Young (Normal) (G1 Evacuation Pause) 923M->3M(1536M) 1,611ms
[2025-02-10T20:22:19.949+0400][41,875s][info ][gc] GC(47) Pause Young (Normal) (G1 Evacuation Pause) 923M->4M(1536M) 2,739ms
[2025-02-10T20:22:20.901+0400][42,827s][info ][gc] GC(48) Pause Young (Normal) (G1 Evacuation Pause) 922M->3M(1536M) 1,706ms
[2025-02-10T20:22:21.855+0400][43,781s][info ][gc] GC(49) Pause Young (Normal) (G1 Evacuation Pause) 923M->5M(1536M) 2,852ms
[2025-02-10T20:22:22.807+0400][44,733s][info ][gc] GC(50) Pause Young (Normal) (G1 Evacuation Pause) 923M->3M(1536M) 2,142ms
[2025-02-10T20:22:23.763+0400][45,689s][info ][gc] GC(51) Pause Young (Normal) (G1 Evacuation Pause) 922M->5M(1536M) 2,983ms
[2025-02-10T20:22:24.716+0400][46,642s][info ][gc] GC(52) Pause Young (Normal) (G1 Evacuation Pause) 923M->4M(1536M) 2,385ms
[2025-02-10T20:22:25.673+0400][47,599s][info ][gc] GC(53) Pause Young (Normal) (G1 Evacuation Pause) 923M->5M(1536M) 3,429ms
[2025-02-10T20:22:26.625+0400][48,551s][info ][gc] GC(54) Pause Young (Normal) (G1 Evacuation Pause) 923M->4M(1536M) 2,129ms
[2025-02-10T20:22:27.579+0400][49,505s][info ][gc] GC(55) Pause Young (Normal) (G1 Evacuation Pause) 923M->6M(1536M) 3,392ms
[2025-02-10T20:22:28.530+0400][50,456s][info ][gc] GC(56) Pause Young (Normal) (G1 Evacuation Pause) 923M->4M(1536M) 2,375ms
[2025-02-10T20:22:29.485+0400][51,411s][info ][gc] GC(57) Pause Young (Normal) (G1 Evacuation Pause) 923M->3M(1536M) 1,618ms
[2025-02-10T20:22:30.440+0400][52,365s][info ][gc] GC(58) Pause Young (Normal) (G1 Evacuation Pause) 923M->5M(1536M) 2,923ms
[2025-02-10T20:22:31.391+0400][53,317s][info ][gc] GC(59) Pause Young (Normal) (G1 Evacuation Pause) 923M->3M(1536M) 1,947ms
[2025-02-10T20:22:32.347+0400][54,273s][info ][gc] GC(60) Pause Young (Normal) (G1 Evacuation Pause) 923M->5M(1536M) 2,844ms
[2025-02-10T20:22:33.298+0400][55,224s][info ][gc] GC(61) Pause Young (Normal) (G1 Evacuation Pause) 923M->4M(1536M) 1,996ms
[2025-02-10T20:22:34.251+0400][56,177s][info ][gc] GC(62) Pause Young (Normal) (G1 Evacuation Pause) 923M->5M(1536M) 3,078ms
[2025-02-10T20:22:35.204+0400][57,130s][info ][gc] GC(63) Pause Young (Normal) (G1 Evacuation Pause) 923M->4M(1536M) 2,171ms
[2025-02-10T20:22:36.159+0400][58,085s][info ][gc] GC(64) Pause Young (Normal) (G1 Evacuation Pause) 923M->5M(1536M) 3,288ms
[2025-02-10T20:22:37.112+0400][59,038s][info ][gc] GC(65) Pause Young (Normal) (G1 Evacuation Pause) 923M->4M(1536M) 2,101ms
[2025-02-10T20:22:38.064+0400][59,990s][info ][gc] GC(66) Pause Young (Normal) (G1 Evacuation Pause) 923M->3M(1536M) 1,590ms
[2025-02-10T20:22:39.019+0400][60,944s][info ][gc] GC(67) Pause Young (Normal) (G1 Evacuation Pause) 923M->4M(1536M) 2,623ms
[2025-02-10T20:22:39.972+0400][61,897s][info ][gc] GC(68) Pause Young (Normal) (G1 Evacuation Pause) 923M->3M(1536M) 1,759ms
[2025-02-10T20:22:40.926+0400][62,852s][info ][gc] GC(69) Pause Young (Normal) (G1 Evacuation Pause) 923M->5M(1536M) 2,729ms
[2025-02-10T20:22:41.878+0400][63,803s][info ][gc] GC(70) Pause Young (Normal) (G1 Evacuation Pause) 923M->3M(1536M) 2,182ms
[2025-02-10T20:22:42.832+0400][64,758s][info ][gc] GC(71) Pause Young (Normal) (G1 Evacuation Pause) 922M->5M(1536M) 2,932ms
[2025-02-10T20:22:43.784+0400][65,709s][info ][gc] GC(72) Pause Young (Normal) (G1 Evacuation Pause) 923M->4M(1536M) 2,282ms
[2025-02-10T20:22:44.737+0400][66,663s][info ][gc] GC(73) Pause Young (Normal) (G1 Evacuation Pause) 923M->5M(1536M) 3,238ms
[2025-02-10T20:22:45.689+0400][67,614s][info ][gc] GC(74) Pause Young (Normal) (G1 Evacuation Pause) 923M->4M(1536M) 1,966ms
[2025-02-10T20:22:46.645+0400][68,570s][info ][gc] GC(75) Pause Young (Normal) (G1 Evacuation Pause) 923M->6M(1536M) 3,386ms
[2025-02-10T20:22:47.595+0400][69,521s][info ][gc] GC(76) Pause Young (Normal) (G1 Evacuation Pause) 923M->4M(1536M) 2,443ms
[2025-02-10T20:22:48.548+0400][70,474s][info ][gc] GC(77) Pause Young (Normal) (G1 Evacuation Pause) 923M->3M(1536M) 1,681ms
[2025-02-10T20:22:49.502+0400][71,428s][info ][gc] GC(78) Pause Young (Normal) (G1 Evacuation Pause) 923M->4M(1536M) 2,933ms
[2025-02-10T20:22:50.455+0400][72,380s][info ][gc] GC(79) Pause Young (Normal) (G1 Evacuation Pause) 923M->3M(1536M) 1,984ms
[2025-02-10T20:22:51.409+0400][73,335s][info ][gc] GC(80) Pause Young (Normal) (G1 Evacuation Pause) 923M->5M(1536M) 3,101ms
[2025-02-10T20:22:52.361+0400][74,286s][info ][gc] GC(81) Pause Young (Normal) (G1 Evacuation Pause) 923M->4M(1536M) 2,209ms
[2025-02-10T20:22:53.315+0400][75,241s][info ][gc] GC(82) Pause Young (Normal) (G1 Evacuation Pause) 923M->5M(1536M) 3,447ms
[2025-02-10T20:22:54.265+0400][76,191s][info ][gc] GC(83) Pause Young (Normal) (G1 Evacuation Pause) 923M->4M(1536M) 2,370ms
[2025-02-10T20:22:55.219+0400][77,145s][info ][gc] GC(84) Pause Young (Normal) (G1 Evacuation Pause) 923M->6M(1536M) 2,939ms
[2025-02-10T20:22:56.170+0400][78,096s][info ][gc] GC(85) Pause Young (Normal) (G1 Evacuation Pause) 923M->4M(1536M) 2,395ms
[2025-02-10T20:22:57.122+0400][79,048s][info ][gc] GC(86) Pause Young (Normal) (G1 Evacuation Pause) 923M->3M(1536M) 1,268ms
[2025-02-10T20:22:58.076+0400][80,002s][info ][gc] GC(87) Pause Young (Normal) (G1 Evacuation Pause) 923M->4M(1536M) 2,686ms
[2025-02-10T20:22:59.029+0400][80,954s][info ][gc] GC(88) Pause Young (Normal) (G1 Evacuation Pause) 923M->3M(1536M) 1,862ms
[2025-02-10T20:22:59.984+0400][81,909s][info ][gc] GC(89) Pause Young (Normal) (G1 Evacuation Pause) 923M->5M(1536M) 2,889ms
[2025-02-10T20:23:00.942+0400][82,868s][info ][gc] GC(90) Pause Young (Normal) (G1 Evacuation Pause) 923M->4M(1536M) 2,192ms
[2025-02-10T20:23:01.900+0400][83,826s][info ][gc] GC(91) Pause Young (Normal) (G1 Evacuation Pause) 923M->5M(1536M) 3,288ms
[2025-02-10T20:23:02.855+0400][84,781s][info ][gc] GC(92) Pause Young (Normal) (G1 Evacuation Pause) 923M->4M(1536M) 2,203ms
[2025-02-10T20:23:03.813+0400][85,739s][info ][gc] GC(93) Pause Young (Normal) (G1 Evacuation Pause) 923M->6M(1536M) 3,173ms
[2025-02-10T20:23:04.763+0400][86,689s][info ][gc] GC(94) Pause Young (Normal) (G1 Evacuation Pause) 923M->4M(1536M) 2,376ms
[2025-02-10T20:23:05.719+0400][87,645s][info ][gc] GC(95) Pause Young (Normal) (G1 Evacuation Pause) 923M->6M(1536M) 3,234ms
[2025-02-10T20:23:06.670+0400][88,596s][info ][gc] GC(96) Pause Young (Normal) (G1 Evacuation Pause) 923M->4M(1536M) 2,068ms
[2025-02-10T20:23:07.625+0400][89,551s][info ][gc] GC(97) Pause Young (Normal) (G1 Evacuation Pause) 923M->3M(1536M) 1,455ms
[2025-02-10T20:23:08.580+0400][90,505s][info ][gc] GC(98) Pause Young (Normal) (G1 Evacuation Pause) 923M->4M(1536M) 2,454ms
[2025-02-10T20:23:09.532+0400][91,458s][info ][gc] GC(99) Pause Young (Normal) (G1 Evacuation Pause) 923M->3M(1536M) 1,910ms
[2025-02-10T20:23:10.487+0400][92,413s][info ][gc] GC(100) Pause Young (Normal) (G1 Evacuation Pause) 923M->5M(1536M) 2,889ms
[2025-02-10T20:23:11.438+0400][93,364s][info ][gc] GC(101) Pause Young (Normal) (G1 Evacuation Pause) 923M->4M(1536M) 1,975ms
[2025-02-10T20:23:12.393+0400][94,318s][info ][gc] GC(102) Pause Young (Normal) (G1 Evacuation Pause) 923M->5M(1536M) 2,880ms
[2025-02-10T20:23:13.352+0400][95,278s][info ][gc] GC(103) Pause Young (Normal) (G1 Evacuation Pause) 923M->4M(1536M) 2,398ms
[2025-02-10T20:23:14.307+0400][96,233s][info ][gc] GC(104) Pause Young (Normal) (G1 Evacuation Pause) 923M->6M(1536M) 3,419ms
[2025-02-10T20:23:15.258+0400][97,184s][info ][gc] GC(105) Pause Young (Normal) (G1 Evacuation Pause) 923M->4M(1536M) 2,131ms
[2025-02-10T20:23:16.211+0400][98,137s][info ][gc] GC(106) Pause Young (Normal) (G1 Evacuation Pause) 923M->6M(1536M) 3,011ms
[2025-02-10T20:23:17.162+0400][99,088s][info ][gc] GC(107) Pause Young (Normal) (G1 Evacuation Pause) 923M->4M(1536M) 2,068ms
[2025-02-10T20:23:18.114+0400][100,040s][info ][gc] GC(108) Pause Young (Normal) (G1 Evacuation Pause) 923M->3M(1536M) 1,530ms
[2025-02-10T20:23:19.068+0400][100,994s][info ][gc] GC(109) Pause Young (Normal) (G1 Evacuation Pause) 923M->4M(1536M) 2,642ms
[2025-02-10T20:23:20.020+0400][101,946s][info ][gc] GC(110) Pause Young (Normal) (G1 Evacuation Pause) 923M->3M(1536M) 1,685ms
[2025-02-10T20:23:20.976+0400][102,902s][info ][gc] GC(111) Pause Young (Normal) (G1 Evacuation Pause) 923M->5M(1536M) 2,917ms
[2025-02-10T20:23:21.928+0400][103,854s][info ][gc] GC(112) Pause Young (Normal) (G1 Evacuation Pause) 923M->4M(1536M) 2,087ms
[2025-02-10T20:23:22.882+0400][104,808s][info ][gc] GC(113) Pause Young (Normal) (G1 Evacuation Pause) 923M->5M(1536M) 3,196ms
