[2025-02-10T17:16:55.696+0400][0.002s][info][gc] Using G1
[2025-02-10T17:16:55.696+0400][0.002s][debug][gc] ConcGCThreads: 2 offset 12
[2025-02-10T17:16:55.696+0400][0.002s][debug][gc] ParallelGCThreads: 6
[2025-02-10T17:16:55.696+0400][0.002s][debug][gc] Initialize mark stack with 4096 chunks, maximum 524288
[2025-02-10T17:16:55.889+0400][0,195s][info ][gc] GC(0) Pause Young (Normal) (G1 Evacuation Pause) 22M->5M(256M) 3,525ms
[2025-02-10T17:16:55.928+0400][0,234s][info ][gc] GC(1) Pause Young (Normal) (G1 Evacuation Pause) 31M->7M(256M) 2,440ms
[2025-02-10T17:16:56.135+0400][0,441s][info ][gc] GC(2) Pause Young (Normal) (G1 Evacuation Pause) 156M->4M(256M) 1,368ms
[2025-02-10T17:16:56.299+0400][0,605s][info ][gc] GC(3) Pause Young (Normal) (G1 Evacuation Pause) 156M->5M(256M) 1,837ms
[2025-02-10T17:16:56.462+0400][0,768s][info ][gc] GC(4) Pause Young (Normal) (G1 Evacuation Pause) 156M->6M(256M) 2,669ms
[2025-02-10T17:16:56.624+0400][0,929s][info ][gc] GC(5) Pause Young (Normal) (G1 Evacuation Pause) 156M->4M(256M) 1,012ms
[2025-02-10T17:16:56.787+0400][1,093s][info ][gc] GC(6) Pause Young (Normal) (G1 Evacuation Pause) 156M->5M(256M) 2,358ms
[2025-02-10T17:16:56.950+0400][1,256s][info ][gc] GC(7) Pause Young (Normal) (G1 Evacuation Pause) 156M->6M(256M) 2,699ms
[2025-02-10T17:16:57.111+0400][1,417s][info ][gc] GC(8) Pause Young (Normal) (G1 Evacuation Pause) 156M->4M(256M) 1,676ms
[2025-02-10T17:16:57.274+0400][1,580s][info ][gc] GC(9) Pause Young (Normal) (G1 Evacuation Pause) 156M->5M(256M) 3,136ms
[2025-02-10T17:16:57.437+0400][1,743s][info ][gc] GC(10) Pause Young (Normal) (G1 Evacuation Pause) 156M->6M(256M) 2,417ms
[2025-02-10T17:16:57.597+0400][1,903s][info ][gc] GC(11) Pause Young (Normal) (G1 Evacuation Pause) 156M->4M(256M) 1,224ms
[2025-02-10T17:16:57.761+0400][2,067s][info ][gc] GC(12) Pause Young (Normal) (G1 Evacuation Pause) 156M->5M(256M) 1,678ms
[2025-02-10T17:16:57.923+0400][2,229s][info ][gc] GC(13) Pause Young (Normal) (G1 Evacuation Pause) 156M->6M(256M) 2,363ms
[2025-02-10T17:16:58.083+0400][2,389s][info ][gc] GC(14) Pause Young (Normal) (G1 Evacuation Pause) 156M->4M(256M) 1,461ms
[2025-02-10T17:16:58.246+0400][2,552s][info ][gc] GC(15) Pause Young (Normal) (G1 Evacuation Pause) 156M->5M(256M) 1,705ms
[2025-02-10T17:16:58.405+0400][2,711s][info ][gc] GC(16) Pause Young (Normal) (G1 Evacuation Pause) 156M->6M(256M) 2,258ms
[2025-02-10T17:16:58.562+0400][2,868s][info ][gc] GC(17) Pause Young (Normal) (G1 Evacuation Pause) 156M->4M(256M) 0,997ms
[2025-02-10T17:16:58.721+0400][3,027s][info ][gc] GC(18) Pause Young (Normal) (G1 Evacuation Pause) 156M->5M(256M) 1,441ms
[2025-02-10T17:16:58.881+0400][3,187s][info ][gc] GC(19) Pause Young (Normal) (G1 Evacuation Pause) 156M->6M(256M) 2,023ms
[2025-02-10T17:16:59.036+0400][3,342s][info ][gc] GC(20) Pause Young (Normal) (G1 Evacuation Pause) 156M->4M(256M) 0,957ms
[2025-02-10T17:16:59.194+0400][3,500s][info ][gc] GC(21) Pause Young (Normal) (G1 Evacuation Pause) 156M->5M(256M) 1,440ms
[2025-02-10T17:16:59.354+0400][3,660s][info ][gc] GC(22) Pause Young (Normal) (G1 Evacuation Pause) 156M->6M(256M) 2,286ms
[2025-02-10T17:16:59.513+0400][3,819s][info ][gc] GC(23) Pause Young (Normal) (G1 Evacuation Pause) 156M->7M(256M) 3,705ms
[2025-02-10T17:16:59.669+0400][3,975s][info ][gc] GC(24) Pause Young (Normal) (G1 Evacuation Pause) 156M->4M(256M) 1,315ms
[2025-02-10T17:16:59.829+0400][4,135s][info ][gc] GC(25) Pause Young (Normal) (G1 Evacuation Pause) 156M->5M(256M) 1,922ms
[2025-02-10T17:16:59.989+0400][4,295s][info ][gc] GC(26) Pause Young (Normal) (G1 Evacuation Pause) 156M->7M(256M) 2,625ms
[2025-02-10T17:17:00.145+0400][4,451s][info ][gc] GC(27) Pause Young (Normal) (G1 Evacuation Pause) 156M->4M(256M) 1,332ms
[2025-02-10T17:17:00.304+0400][4,610s][info ][gc] GC(28) Pause Young (Normal) (G1 Evacuation Pause) 156M->5M(256M) 1,858ms
[2025-02-10T17:17:00.462+0400][4,768s][info ][gc] GC(29) Pause Young (Normal) (G1 Evacuation Pause) 156M->6M(256M) 2,330ms
[2025-02-10T17:17:00.619+0400][4,925s][info ][gc] GC(30) Pause Young (Normal) (G1 Evacuation Pause) 156M->4M(256M) 1,261ms
[2025-02-10T17:17:00.780+0400][5,086s][info ][gc] GC(31) Pause Young (Normal) (G1 Evacuation Pause) 156M->5M(256M) 4,064ms
[2025-02-10T17:17:00.940+0400][5,246s][info ][gc] GC(32) Pause Young (Normal) (G1 Evacuation Pause) 156M->6M(256M) 2,907ms
[2025-02-10T17:17:01.097+0400][5,403s][info ][gc] GC(33) Pause Young (Normal) (G1 Evacuation Pause) 156M->4M(256M) 1,206ms
[2025-02-10T17:17:01.258+0400][5,564s][info ][gc] GC(34) Pause Young (Normal) (G1 Evacuation Pause) 156M->5M(256M) 1,640ms
[2025-02-10T17:17:01.417+0400][5,723s][info ][gc] GC(35) Pause Young (Normal) (G1 Evacuation Pause) 156M->6M(256M) 2,255ms
[2025-02-10T17:17:01.571+0400][5,877s][info ][gc] GC(36) Pause Young (Normal) (G1 Evacuation Pause) 156M->4M(256M) 0,809ms
[2025-02-10T17:17:01.731+0400][6,037s][info ][gc] GC(37) Pause Young (Normal) (G1 Evacuation Pause) 156M->5M(256M) 1,544ms
[2025-02-10T17:17:01.890+0400][6,196s][info ][gc] GC(38) Pause Young (Normal) (G1 Evacuation Pause) 156M->6M(256M) 2,301ms
[2025-02-10T17:17:02.050+0400][6,356s][info ][gc] GC(39) Pause Young (Normal) (G1 Evacuation Pause) 156M->7M(256M) 2,604ms
[2025-02-10T17:17:02.206+0400][6,512s][info ][gc] GC(40) Pause Young (Normal) (G1 Evacuation Pause) 156M->4M(256M) 1,271ms
[2025-02-10T17:17:02.365+0400][6,671s][info ][gc] GC(41) Pause Young (Normal) (G1 Evacuation Pause) 156M->5M(256M) 1,946ms
[2025-02-10T17:17:02.525+0400][6,831s][info ][gc] GC(42) Pause Young (Normal) (G1 Evacuation Pause) 156M->6M(256M) 2,757ms
[2025-02-10T17:17:02.681+0400][6,987s][info ][gc] GC(43) Pause Young (Normal) (G1 Evacuation Pause) 156M->4M(256M) 1,264ms
[2025-02-10T17:17:02.841+0400][7,147s][info ][gc] GC(44) Pause Young (Normal) (G1 Evacuation Pause) 156M->5M(256M) 1,894ms
[2025-02-10T17:17:03.000+0400][7,306s][info ][gc] GC(45) Pause Young (Normal) (G1 Evacuation Pause) 156M->6M(256M) 2,359ms
[2025-02-10T17:17:03.157+0400][7,463s][info ][gc] GC(46) Pause Young (Normal) (G1 Evacuation Pause) 156M->4M(256M) 1,090ms
[2025-02-10T17:17:03.315+0400][7,621s][info ][gc] GC(47) Pause Young (Normal) (G1 Evacuation Pause) 156M->5M(256M) 1,934ms
[2025-02-10T17:17:03.473+0400][7,779s][info ][gc] GC(48) Pause Young (Normal) (G1 Evacuation Pause) 156M->6M(256M) 2,320ms
[2025-02-10T17:17:03.631+0400][7,937s][info ][gc] GC(49) Pause Young (Normal) (G1 Evacuation Pause) 156M->4M(256M) 1,626ms
[2025-02-10T17:17:03.789+0400][8,095s][info ][gc] GC(50) Pause Young (Normal) (G1 Evacuation Pause) 156M->5M(256M) 1,943ms
[2025-02-10T17:17:03.948+0400][8,254s][info ][gc] GC(51) Pause Young (Normal) (G1 Evacuation Pause) 156M->6M(256M) 2,352ms
[2025-02-10T17:17:04.105+0400][8,411s][info ][gc] GC(52) Pause Young (Normal) (G1 Evacuation Pause) 156M->4M(256M) 1,776ms
[2025-02-10T17:17:04.265+0400][8,571s][info ][gc] GC(53) Pause Young (Normal) (G1 Evacuation Pause) 156M->5M(256M) 1,698ms
[2025-02-10T17:17:04.424+0400][8,730s][info ][gc] GC(54) Pause Young (Normal) (G1 Evacuation Pause) 156M->6M(256M) 2,315ms
[2025-02-10T17:17:04.582+0400][8,888s][info ][gc] GC(55) Pause Young (Normal) (G1 Evacuation Pause) 156M->4M(256M) 3,446ms
[2025-02-10T17:17:04.743+0400][9,049s][info ][gc] GC(56) Pause Young (Normal) (G1 Evacuation Pause) 156M->5M(256M) 1,663ms
[2025-02-10T17:17:04.902+0400][9,208s][info ][gc] GC(57) Pause Young (Normal) (G1 Evacuation Pause) 156M->6M(256M) 2,412ms
[2025-02-10T17:17:05.058+0400][9,364s][info ][gc] GC(58) Pause Young (Normal) (G1 Evacuation Pause) 156M->4M(256M) 0,763ms
[2025-02-10T17:17:05.217+0400][9,523s][info ][gc] GC(59) Pause Young (Normal) (G1 Evacuation Pause) 156M->5M(256M) 1,599ms
[2025-02-10T17:17:05.376+0400][9,681s][info ][gc] GC(60) Pause Young (Normal) (G1 Evacuation Pause) 156M->6M(256M) 2,228ms
[2025-02-10T17:17:05.534+0400][9,840s][info ][gc] GC(61) Pause Young (Normal) (G1 Evacuation Pause) 156M->7M(256M) 2,809ms
[2025-02-10T17:17:05.689+0400][9,995s][info ][gc] GC(62) Pause Young (Normal) (G1 Evacuation Pause) 156M->4M(256M) 1,167ms
[2025-02-10T17:17:05.848+0400][10,154s][info ][gc] GC(63) Pause Young (Normal) (G1 Evacuation Pause) 156M->5M(256M) 1,887ms
[2025-02-10T17:17:06.008+0400][10,314s][info ][gc] GC(64) Pause Young (Normal) (G1 Evacuation Pause) 156M->6M(256M) 2,819ms
[2025-02-10T17:17:06.164+0400][10,470s][info ][gc] GC(65) Pause Young (Normal) (G1 Evacuation Pause) 156M->4M(256M) 1,216ms
[2025-02-10T17:17:06.323+0400][10,629s][info ][gc] GC(66) Pause Young (Normal) (G1 Evacuation Pause) 156M->5M(256M) 1,812ms
[2025-02-10T17:17:06.482+0400][10,788s][info ][gc] GC(67) Pause Young (Normal) (G1 Evacuation Pause) 156M->6M(256M) 2,519ms
[2025-02-10T17:17:06.639+0400][10,945s][info ][gc] GC(68) Pause Young (Normal) (G1 Evacuation Pause) 156M->4M(256M) 1,199ms
[2025-02-10T17:17:06.798+0400][11,104s][info ][gc] GC(69) Pause Young (Normal) (G1 Evacuation Pause) 156M->5M(256M) 1,948ms
[2025-02-10T17:17:06.957+0400][11,263s][info ][gc] GC(70) Pause Young (Normal) (G1 Evacuation Pause) 156M->6M(256M) 2,755ms
[2025-02-10T17:17:07.114+0400][11,420s][info ][gc] GC(71) Pause Young (Normal) (G1 Evacuation Pause) 156M->4M(256M) 1,321ms
[2025-02-10T17:17:07.272+0400][11,578s][info ][gc] GC(72) Pause Young (Normal) (G1 Evacuation Pause) 156M->5M(256M) 1,927ms
[2025-02-10T17:17:07.431+0400][11,737s][info ][gc] GC(73) Pause Young (Normal) (G1 Evacuation Pause) 156M->6M(256M) 2,468ms
[2025-02-10T17:17:07.589+0400][11,895s][info ][gc] GC(74) Pause Young (Normal) (G1 Evacuation Pause) 156M->4M(256M) 2,794ms
[2025-02-10T17:17:07.749+0400][12,055s][info ][gc] GC(75) Pause Young (Normal) (G1 Evacuation Pause) 156M->5M(256M) 2,065ms
[2025-02-10T17:17:07.908+0400][12,214s][info ][gc] GC(76) Pause Young (Normal) (G1 Evacuation Pause) 156M->6M(256M) 2,834ms
[2025-02-10T17:17:08.065+0400][12,371s][info ][gc] GC(77) Pause Young (Normal) (G1 Evacuation Pause) 156M->4M(256M) 1,475ms
[2025-02-10T17:17:08.225+0400][12,531s][info ][gc] GC(78) Pause Young (Normal) (G1 Evacuation Pause) 156M->5M(256M) 1,584ms
[2025-02-10T17:17:08.384+0400][12,690s][info ][gc] GC(79) Pause Young (Normal) (G1 Evacuation Pause) 156M->6M(256M) 2,307ms
[2025-02-10T17:17:08.542+0400][12,848s][info ][gc] GC(80) Pause Young (Normal) (G1 Evacuation Pause) 156M->7M(256M) 2,517ms
[2025-02-10T17:17:08.696+0400][13,002s][info ][gc] GC(81) Pause Young (Normal) (G1 Evacuation Pause) 156M->4M(256M) 1,287ms
[2025-02-10T17:17:08.855+0400][13,161s][info ][gc] GC(82) Pause Young (Normal) (G1 Evacuation Pause) 156M->5M(256M) 1,976ms
[2025-02-10T17:17:09.014+0400][13,320s][info ][gc] GC(83) Pause Young (Normal) (G1 Evacuation Pause) 156M->7M(256M) 2,736ms
[2025-02-10T17:17:09.169+0400][13,475s][info ][gc] GC(84) Pause Young (Normal) (G1 Evacuation Pause) 156M->4M(256M) 1,039ms
[2025-02-10T17:17:09.329+0400][13,635s][info ][gc] GC(85) Pause Young (Normal) (G1 Evacuation Pause) 156M->5M(256M) 1,843ms
[2025-02-10T17:17:09.487+0400][13,793s][info ][gc] GC(86) Pause Young (Normal) (G1 Evacuation Pause) 156M->6M(256M) 2,270ms
[2025-02-10T17:17:09.645+0400][13,951s][info ][gc] GC(87) Pause Young (Normal) (G1 Evacuation Pause) 156M->4M(256M) 1,126ms
[2025-02-10T17:17:09.805+0400][14,111s][info ][gc] GC(88) Pause Young (Normal) (G1 Evacuation Pause) 156M->5M(256M) 1,894ms
[2025-02-10T17:17:09.965+0400][14,271s][info ][gc] GC(89) Pause Young (Normal) (G1 Evacuation Pause) 156M->6M(256M) 2,593ms
[2025-02-10T17:17:10.122+0400][14,428s][info ][gc] GC(90) Pause Young (Normal) (G1 Evacuation Pause) 156M->4M(256M) 1,222ms
[2025-02-10T17:17:10.282+0400][14,588s][info ][gc] GC(91) Pause Young (Normal) (G1 Evacuation Pause) 156M->5M(256M) 1,939ms
[2025-02-10T17:17:10.440+0400][14,746s][info ][gc] GC(92) Pause Young (Normal) (G1 Evacuation Pause) 156M->6M(256M) 2,334ms
[2025-02-10T17:17:10.596+0400][14,902s][info ][gc] GC(93) Pause Young (Normal) (G1 Evacuation Pause) 156M->4M(256M) 0,924ms
[2025-02-10T17:17:10.754+0400][15,059s][info ][gc] GC(94) Pause Young (Normal) (G1 Evacuation Pause) 156M->5M(256M) 1,686ms
[2025-02-10T17:17:10.912+0400][15,218s][info ][gc] GC(95) Pause Young (Normal) (G1 Evacuation Pause) 156M->6M(256M) 2,433ms
[2025-02-10T17:17:11.068+0400][15,374s][info ][gc] GC(96) Pause Young (Normal) (G1 Evacuation Pause) 156M->4M(256M) 0,928ms
[2025-02-10T17:17:11.228+0400][15,534s][info ][gc] GC(97) Pause Young (Normal) (G1 Evacuation Pause) 156M->5M(256M) 1,705ms
[2025-02-10T17:17:11.386+0400][15,692s][info ][gc] GC(98) Pause Young (Normal) (G1 Evacuation Pause) 156M->6M(256M) 2,348ms
[2025-02-10T17:17:11.544+0400][15,850s][info ][gc] GC(99) Pause Young (Normal) (G1 Evacuation Pause) 156M->7M(256M) 2,570ms
[2025-02-10T17:17:11.699+0400][16,005s][info ][gc] GC(100) Pause Young (Normal) (G1 Evacuation Pause) 156M->4M(256M) 1,325ms
[2025-02-10T17:17:11.858+0400][16,163s][info ][gc] GC(101) Pause Young (Normal) (G1 Evacuation Pause) 156M->5M(256M) 2,153ms
[2025-02-10T17:17:12.016+0400][16,322s][info ][gc] GC(102) Pause Young (Normal) (G1 Evacuation Pause) 156M->6M(256M) 2,565ms
[2025-02-10T17:17:12.172+0400][16,478s][info ][gc] GC(103) Pause Young (Normal) (G1 Evacuation Pause) 156M->4M(256M) 1,295ms
[2025-02-10T17:17:12.332+0400][16,638s][info ][gc] GC(104) Pause Young (Normal) (G1 Evacuation Pause) 156M->5M(256M) 2,268ms
[2025-02-10T17:17:12.491+0400][16,797s][info ][gc] GC(105) Pause Young (Normal) (G1 Evacuation Pause) 156M->6M(256M) 2,600ms
[2025-02-10T17:17:12.647+0400][16,953s][info ][gc] GC(106) Pause Young (Normal) (G1 Evacuation Pause) 156M->4M(256M) 1,210ms
[2025-02-10T17:17:12.805+0400][17,111s][info ][gc] GC(107) Pause Young (Normal) (G1 Evacuation Pause) 156M->5M(256M) 2,055ms
[2025-02-10T17:17:12.963+0400][17,269s][info ][gc] GC(108) Pause Young (Normal) (G1 Evacuation Pause) 156M->6M(256M) 2,143ms
[2025-02-10T17:17:13.123+0400][17,429s][info ][gc] GC(109) Pause Young (Normal) (G1 Evacuation Pause) 156M->4M(256M) 1,019ms
[2025-02-10T17:17:13.285+0400][17,591s][info ][gc] GC(110) Pause Young (Normal) (G1 Evacuation Pause) 156M->5M(256M) 1,912ms
[2025-02-10T17:17:13.444+0400][17,750s][info ][gc] GC(111) Pause Young (Normal) (G1 Evacuation Pause) 156M->6M(256M) 2,251ms
[2025-02-10T17:17:13.601+0400][17,907s][info ][gc] GC(112) Pause Young (Normal) (G1 Evacuation Pause) 156M->4M(256M) 1,168ms
[2025-02-10T17:17:13.759+0400][18,065s][info ][gc] GC(113) Pause Young (Normal) (G1 Evacuation Pause) 156M->5M(256M) 1,804ms
[2025-02-10T17:17:13.919+0400][18,224s][info ][gc] GC(114) Pause Young (Normal) (G1 Evacuation Pause) 156M->6M(256M) 2,442ms
[2025-02-10T17:17:14.075+0400][18,381s][info ][gc] GC(115) Pause Young (Normal) (G1 Evacuation Pause) 156M->4M(256M) 1,017ms
[2025-02-10T17:17:14.234+0400][18,540s][info ][gc] GC(116) Pause Young (Normal) (G1 Evacuation Pause) 156M->5M(256M) 1,605ms
[2025-02-10T17:17:14.392+0400][18,698s][info ][gc] GC(117) Pause Young (Normal) (G1 Evacuation Pause) 156M->6M(256M) 2,284ms
[2025-02-10T17:17:14.550+0400][18,856s][info ][gc] GC(118) Pause Young (Normal) (G1 Evacuation Pause) 156M->7M(256M) 2,584ms
[2025-02-10T17:17:14.706+0400][19,012s][info ][gc] GC(119) Pause Young (Normal) (G1 Evacuation Pause) 156M->4M(256M) 1,388ms
[2025-02-10T17:17:14.865+0400][19,171s][info ][gc] GC(120) Pause Young (Normal) (G1 Evacuation Pause) 156M->5M(256M) 1,832ms
[2025-02-10T17:17:15.023+0400][19,329s][info ][gc] GC(121) Pause Young (Normal) (G1 Evacuation Pause) 156M->7M(256M) 2,568ms
[2025-02-10T17:17:15.179+0400][19,485s][info ][gc] GC(122) Pause Young (Normal) (G1 Evacuation Pause) 156M->4M(256M) 1,187ms
[2025-02-10T17:17:15.339+0400][19,645s][info ][gc] GC(123) Pause Young (Normal) (G1 Evacuation Pause) 156M->5M(256M) 2,317ms
[2025-02-10T17:17:15.497+0400][19,803s][info ][gc] GC(124) Pause Young (Normal) (G1 Evacuation Pause) 156M->6M(256M) 2,348ms
[2025-02-10T17:17:15.654+0400][19,960s][info ][gc] GC(125) Pause Young (Normal) (G1 Evacuation Pause) 156M->4M(256M) 1,206ms
[2025-02-10T17:17:15.813+0400][20,119s][info ][gc] GC(126) Pause Young (Normal) (G1 Evacuation Pause) 156M->5M(256M) 2,024ms
[2025-02-10T17:17:15.971+0400][20,277s][info ][gc] GC(127) Pause Young (Normal) (G1 Evacuation Pause) 156M->6M(256M) 2,341ms
[2025-02-10T17:17:16.128+0400][20,434s][info ][gc] GC(128) Pause Young (Normal) (G1 Evacuation Pause) 156M->4M(256M) 1,180ms
[2025-02-10T17:17:16.288+0400][20,594s][info ][gc] GC(129) Pause Young (Normal) (G1 Evacuation Pause) 156M->5M(256M) 1,418ms
[2025-02-10T17:17:16.445+0400][20,751s][info ][gc] GC(130) Pause Young (Normal) (G1 Evacuation Pause) 156M->6M(256M) 2,268ms
[2025-02-10T17:17:16.602+0400][20,908s][info ][gc] GC(131) Pause Young (Normal) (G1 Evacuation Pause) 156M->4M(256M) 1,091ms
[2025-02-10T17:17:16.760+0400][21,066s][info ][gc] GC(132) Pause Young (Normal) (G1 Evacuation Pause) 156M->5M(256M) 1,536ms
[2025-02-10T17:17:16.919+0400][21,225s][info ][gc] GC(133) Pause Young (Normal) (G1 Evacuation Pause) 156M->6M(256M) 2,302ms
[2025-02-10T17:17:17.074+0400][21,380s][info ][gc] GC(134) Pause Young (Normal) (G1 Evacuation Pause) 156M->4M(256M) 0,685ms
[2025-02-10T17:17:17.233+0400][21,539s][info ][gc] GC(135) Pause Young (Normal) (G1 Evacuation Pause) 156M->5M(256M) 1,514ms
[2025-02-10T17:17:17.392+0400][21,698s][info ][gc] GC(136) Pause Young (Normal) (G1 Evacuation Pause) 156M->6M(256M) 2,129ms
[2025-02-10T17:17:17.550+0400][21,856s][info ][gc] GC(137) Pause Young (Normal) (G1 Evacuation Pause) 156M->7M(256M) 2,618ms
[2025-02-10T17:17:17.705+0400][22,011s][info ][gc] GC(138) Pause Young (Normal) (G1 Evacuation Pause) 156M->4M(256M) 1,054ms
[2025-02-10T17:17:17.864+0400][22,170s][info ][gc] GC(139) Pause Young (Normal) (G1 Evacuation Pause) 156M->5M(256M) 1,925ms
[2025-02-10T17:17:18.023+0400][22,329s][info ][gc] GC(140) Pause Young (Normal) (G1 Evacuation Pause) 156M->6M(256M) 2,596ms
[2025-02-10T17:17:18.179+0400][22,485s][info ][gc] GC(141) Pause Young (Normal) (G1 Evacuation Pause) 156M->4M(256M) 1,164ms
[2025-02-10T17:17:18.339+0400][22,645s][info ][gc] GC(142) Pause Young (Normal) (G1 Evacuation Pause) 156M->5M(256M) 2,259ms
[2025-02-10T17:17:18.498+0400][22,804s][info ][gc] GC(143) Pause Young (Normal) (G1 Evacuation Pause) 156M->6M(256M) 2,613ms
[2025-02-10T17:17:18.654+0400][22,960s][info ][gc] GC(144) Pause Young (Normal) (G1 Evacuation Pause) 156M->4M(256M) 1,224ms
[2025-02-10T17:17:18.814+0400][23,120s][info ][gc] GC(145) Pause Young (Normal) (G1 Evacuation Pause) 156M->5M(256M) 1,875ms
[2025-02-10T17:17:18.972+0400][23,278s][info ][gc] GC(146) Pause Young (Normal) (G1 Evacuation Pause) 156M->6M(256M) 2,665ms
[2025-02-10T17:17:19.129+0400][23,435s][info ][gc] GC(147) Pause Young (Normal) (G1 Evacuation Pause) 156M->4M(256M) 0,963ms
[2025-02-10T17:17:19.288+0400][23,594s][info ][gc] GC(148) Pause Young (Normal) (G1 Evacuation Pause) 156M->5M(256M) 1,876ms
[2025-02-10T17:17:19.447+0400][23,753s][info ][gc] GC(149) Pause Young (Normal) (G1 Evacuation Pause) 156M->6M(256M) 2,377ms
[2025-02-10T17:17:19.603+0400][23,909s][info ][gc] GC(150) Pause Young (Normal) (G1 Evacuation Pause) 156M->4M(256M) 1,200ms
[2025-02-10T17:17:19.762+0400][24,068s][info ][gc] GC(151) Pause Young (Normal) (G1 Evacuation Pause) 156M->5M(256M) 1,898ms
[2025-02-10T17:17:19.921+0400][24,227s][info ][gc] GC(152) Pause Young (Normal) (G1 Evacuation Pause) 156M->6M(256M) 2,361ms
[2025-02-10T17:17:20.079+0400][24,385s][info ][gc] GC(153) Pause Young (Normal) (G1 Evacuation Pause) 156M->4M(256M) 1,210ms
[2025-02-10T17:17:20.242+0400][24,548s][info ][gc] GC(154) Pause Young (Normal) (G1 Evacuation Pause) 156M->5M(256M) 1,473ms
[2025-02-10T17:17:20.401+0400][24,707s][info ][gc] GC(155) Pause Young (Normal) (G1 Evacuation Pause) 156M->6M(256M) 1,900ms
[2025-02-10T17:17:20.560+0400][24,866s][info ][gc] GC(156) Pause Young (Normal) (G1 Evacuation Pause) 156M->7M(256M) 3,060ms
[2025-02-10T17:17:20.716+0400][25,022s][info ][gc] GC(157) Pause Young (Normal) (G1 Evacuation Pause) 156M->4M(256M) 1,261ms
[2025-02-10T17:17:20.877+0400][25,182s][info ][gc] GC(158) Pause Young (Normal) (G1 Evacuation Pause) 156M->6M(256M) 2,010ms
[2025-02-10T17:17:21.037+0400][25,343s][info ][gc] GC(159) Pause Young (Normal) (G1 Evacuation Pause) 157M->7M(256M) 2,916ms
[2025-02-10T17:17:21.194+0400][25,500s][info ][gc] GC(160) Pause Young (Normal) (G1 Evacuation Pause) 157M->4M(256M) 1,269ms
[2025-02-10T17:17:21.355+0400][25,660s][info ][gc] GC(161) Pause Young (Normal) (G1 Evacuation Pause) 156M->5M(256M) 1,888ms
[2025-02-10T17:17:21.514+0400][25,820s][info ][gc] GC(162) Pause Young (Normal) (G1 Evacuation Pause) 156M->6M(256M) 2,819ms
[2025-02-10T17:17:21.670+0400][25,976s][info ][gc] GC(163) Pause Young (Normal) (G1 Evacuation Pause) 156M->4M(256M) 1,393ms
[2025-02-10T17:17:21.830+0400][26,136s][info ][gc] GC(164) Pause Young (Normal) (G1 Evacuation Pause) 156M->5M(256M) 1,992ms
[2025-02-10T17:17:21.988+0400][26,294s][info ][gc] GC(165) Pause Young (Normal) (G1 Evacuation Pause) 156M->6M(256M) 2,453ms
[2025-02-10T17:17:22.146+0400][26,452s][info ][gc] GC(166) Pause Young (Normal) (G1 Evacuation Pause) 156M->4M(256M) 1,154ms
[2025-02-10T17:17:22.306+0400][26,612s][info ][gc] GC(167) Pause Young (Normal) (G1 Evacuation Pause) 156M->5M(256M) 1,811ms
[2025-02-10T17:17:22.467+0400][26,772s][info ][gc] GC(168) Pause Young (Normal) (G1 Evacuation Pause) 156M->6M(256M) 2,699ms
[2025-02-10T17:17:22.624+0400][26,930s][info ][gc] GC(169) Pause Young (Normal) (G1 Evacuation Pause) 156M->4M(256M) 1,173ms
[2025-02-10T17:17:22.784+0400][27,090s][info ][gc] GC(170) Pause Young (Normal) (G1 Evacuation Pause) 156M->5M(256M) 1,641ms
[2025-02-10T17:17:22.944+0400][27,249s][info ][gc] GC(171) Pause Young (Normal) (G1 Evacuation Pause) 156M->6M(256M) 2,274ms
[2025-02-10T17:17:23.100+0400][27,406s][info ][gc] GC(172) Pause Young (Normal) (G1 Evacuation Pause) 156M->4M(256M) 1,127ms
[2025-02-10T17:17:23.261+0400][27,567s][info ][gc] GC(173) Pause Young (Normal) (G1 Evacuation Pause) 156M->5M(256M) 1,552ms
[2025-02-10T17:17:23.421+0400][27,727s][info ][gc] GC(174) Pause Young (Normal) (G1 Evacuation Pause) 156M->6M(256M) 2,158ms
[2025-02-10T17:17:23.579+0400][27,885s][info ][gc] GC(175) Pause Young (Normal) (G1 Evacuation Pause) 156M->4M(256M) 1,012ms
[2025-02-10T17:17:23.739+0400][28,045s][info ][gc] GC(176) Pause Young (Normal) (G1 Evacuation Pause) 156M->5M(256M) 1,568ms
[2025-02-10T17:17:23.904+0400][28,210s][info ][gc] GC(177) Pause Young (Normal) (G1 Evacuation Pause) 156M->6M(256M) 2,689ms
[2025-02-10T17:17:24.069+0400][28,375s][info ][gc] GC(178) Pause Young (Normal) (G1 Evacuation Pause) 156M->7M(256M) 4,450ms
[2025-02-10T17:17:24.232+0400][28,538s][info ][gc] GC(179) Pause Young (Normal) (G1 Evacuation Pause) 156M->4M(256M) 1,227ms
[2025-02-10T17:17:24.396+0400][28,702s][info ][gc] GC(180) Pause Young (Normal) (G1 Evacuation Pause) 156M->5M(256M) 1,763ms
[2025-02-10T17:17:24.556+0400][28,862s][info ][gc] GC(181) Pause Young (Normal) (G1 Evacuation Pause) 156M->6M(256M) 2,653ms
[2025-02-10T17:17:24.713+0400][29,019s][info ][gc] GC(182) Pause Young (Normal) (G1 Evacuation Pause) 156M->4M(256M) 1,251ms
[2025-02-10T17:17:24.875+0400][29,181s][info ][gc] GC(183) Pause Young (Normal) (G1 Evacuation Pause) 156M->5M(256M) 1,946ms
[2025-02-10T17:17:25.041+0400][29,347s][info ][gc] GC(184) Pause Young (Normal) (G1 Evacuation Pause) 156M->7M(256M) 2,443ms
[2025-02-10T17:17:25.199+0400][29,505s][info ][gc] GC(185) Pause Young (Normal) (G1 Evacuation Pause) 157M->4M(256M) 1,153ms
[2025-02-10T17:17:25.361+0400][29,667s][info ][gc] GC(186) Pause Young (Normal) (G1 Evacuation Pause) 156M->5M(256M) 1,817ms
[2025-02-10T17:17:25.522+0400][29,828s][info ][gc] GC(187) Pause Young (Normal) (G1 Evacuation Pause) 156M->6M(256M) 2,779ms
[2025-02-10T17:17:25.680+0400][29,986s][info ][gc] GC(188) Pause Young (Normal) (G1 Evacuation Pause) 156M->4M(256M) 1,138ms
[2025-02-10T17:17:25.842+0400][30,148s][info ][gc] GC(189) Pause Young (Normal) (G1 Evacuation Pause) 156M->5M(256M) 1,810ms
[2025-02-10T17:17:26.002+0400][30,308s][info ][gc] GC(190) Pause Young (Normal) (G1 Evacuation Pause) 156M->6M(256M) 2,406ms
[2025-02-10T17:17:26.160+0400][30,466s][info ][gc] GC(191) Pause Young (Normal) (G1 Evacuation Pause) 156M->4M(256M) 1,232ms
[2025-02-10T17:17:26.320+0400][30,626s][info ][gc] GC(192) Pause Young (Normal) (G1 Evacuation Pause) 156M->5M(256M) 1,860ms
[2025-02-10T17:17:26.478+0400][30,784s][info ][gc] GC(193) Pause Young (Normal) (G1 Evacuation Pause) 156M->6M(256M) 2,300ms
[2025-02-10T17:17:26.635+0400][30,941s][info ][gc] GC(194) Pause Young (Normal) (G1 Evacuation Pause) 156M->4M(256M) 1,144ms
[2025-02-10T17:17:26.796+0400][31,102s][info ][gc] GC(195) Pause Young (Normal) (G1 Evacuation Pause) 156M->5M(256M) 1,481ms
[2025-02-10T17:17:26.954+0400][31,260s][info ][gc] GC(196) Pause Young (Normal) (G1 Evacuation Pause) 156M->6M(256M) 2,200ms
[2025-02-10T17:17:27.110+0400][31,416s][info ][gc] GC(197) Pause Young (Normal) (G1 Evacuation Pause) 156M->4M(256M) 0,829ms
[2025-02-10T17:17:27.270+0400][31,576s][info ][gc] GC(198) Pause Young (Normal) (G1 Evacuation Pause) 156M->5M(256M) 1,359ms
[2025-02-10T17:17:27.428+0400][31,734s][info ][gc] GC(199) Pause Young (Normal) (G1 Evacuation Pause) 156M->6M(256M) 2,346ms
[2025-02-10T17:17:27.587+0400][31,893s][info ][gc] GC(200) Pause Young (Normal) (G1 Evacuation Pause) 156M->7M(256M) 2,700ms
[2025-02-10T17:17:27.743+0400][32,049s][info ][gc] GC(201) Pause Young (Normal) (G1 Evacuation Pause) 156M->4M(256M) 1,710ms
[2025-02-10T17:17:27.902+0400][32,208s][info ][gc] GC(202) Pause Young (Normal) (G1 Evacuation Pause) 156M->5M(256M) 1,924ms
[2025-02-10T17:17:28.063+0400][32,369s][info ][gc] GC(203) Pause Young (Normal) (G1 Evacuation Pause) 156M->6M(256M) 2,952ms
[2025-02-10T17:17:28.222+0400][32,528s][info ][gc] GC(204) Pause Young (Normal) (G1 Evacuation Pause) 156M->4M(256M) 1,211ms
[2025-02-10T17:17:28.383+0400][32,689s][info ][gc] GC(205) Pause Young (Normal) (G1 Evacuation Pause) 156M->5M(256M) 1,759ms
[2025-02-10T17:17:28.546+0400][32,852s][info ][gc] GC(206) Pause Young (Normal) (G1 Evacuation Pause) 156M->6M(256M) 3,610ms
[2025-02-10T17:17:28.705+0400][33,011s][info ][gc] GC(207) Pause Young (Normal) (G1 Evacuation Pause) 156M->4M(256M) 0,909ms
[2025-02-10T17:17:28.866+0400][33,172s][info ][gc] GC(208) Pause Young (Normal) (G1 Evacuation Pause) 156M->5M(256M) 1,758ms
[2025-02-10T17:17:29.028+0400][33,333s][info ][gc] GC(209) Pause Young (Normal) (G1 Evacuation Pause) 156M->6M(256M) 2,392ms
[2025-02-10T17:17:29.188+0400][33,494s][info ][gc] GC(210) Pause Young (Normal) (G1 Evacuation Pause) 156M->4M(256M) 1,334ms
[2025-02-10T17:17:29.350+0400][33,656s][info ][gc] GC(211) Pause Young (Normal) (G1 Evacuation Pause) 156M->5M(256M) 1,845ms
[2025-02-10T17:17:29.511+0400][33,817s][info ][gc] GC(212) Pause Young (Normal) (G1 Evacuation Pause) 156M->6M(256M) 2,235ms
[2025-02-10T17:17:29.670+0400][33,976s][info ][gc] GC(213) Pause Young (Normal) (G1 Evacuation Pause) 156M->4M(256M) 1,047ms
[2025-02-10T17:17:29.832+0400][34,138s][info ][gc] GC(214) Pause Young (Normal) (G1 Evacuation Pause) 156M->5M(256M) 1,614ms
[2025-02-10T17:17:29.992+0400][34,298s][info ][gc] GC(215) Pause Young (Normal) (G1 Evacuation Pause) 156M->6M(256M) 2,201ms
[2025-02-10T17:17:30.151+0400][34,457s][info ][gc] GC(216) Pause Young (Normal) (G1 Evacuation Pause) 156M->4M(256M) 1,027ms
[2025-02-10T17:17:30.313+0400][34,619s][info ][gc] GC(217) Pause Young (Normal) (G1 Evacuation Pause) 156M->5M(256M) 2,115ms
[2025-02-10T17:17:30.475+0400][34,781s][info ][gc] GC(218) Pause Young (Normal) (G1 Evacuation Pause) 156M->6M(256M) 2,235ms
[2025-02-10T17:17:30.636+0400][34,942s][info ][gc] GC(219) Pause Young (Normal) (G1 Evacuation Pause) 156M->7M(256M) 2,798ms
[2025-02-10T17:17:30.794+0400][35,100s][info ][gc] GC(220) Pause Young (Normal) (G1 Evacuation Pause) 156M->4M(256M) 1,519ms
[2025-02-10T17:17:30.956+0400][35,262s][info ][gc] GC(221) Pause Young (Normal) (G1 Evacuation Pause) 156M->6M(256M) 2,391ms
[2025-02-10T17:17:31.118+0400][35,424s][info ][gc] GC(222) Pause Young (Normal) (G1 Evacuation Pause) 157M->7M(256M) 2,724ms
[2025-02-10T17:17:31.277+0400][35,583s][info ][gc] GC(223) Pause Young (Normal) (G1 Evacuation Pause) 157M->4M(256M) 0,987ms
[2025-02-10T17:17:31.438+0400][35,744s][info ][gc] GC(224) Pause Young (Normal) (G1 Evacuation Pause) 156M->5M(256M) 1,816ms
[2025-02-10T17:17:31.600+0400][35,906s][info ][gc] GC(225) Pause Young (Normal) (G1 Evacuation Pause) 156M->7M(256M) 2,499ms
[2025-02-10T17:17:31.760+0400][36,066s][info ][gc] GC(226) Pause Young (Normal) (G1 Evacuation Pause) 157M->4M(256M) 1,104ms
[2025-02-10T17:17:31.923+0400][36,229s][info ][gc] GC(227) Pause Young (Normal) (G1 Evacuation Pause) 156M->5M(256M) 1,896ms
[2025-02-10T17:17:32.084+0400][36,390s][info ][gc] GC(228) Pause Young (Normal) (G1 Evacuation Pause) 156M->6M(256M) 2,577ms
[2025-02-10T17:17:32.241+0400][36,547s][info ][gc] GC(229) Pause Young (Normal) (G1 Evacuation Pause) 156M->4M(256M) 1,045ms
[2025-02-10T17:17:32.401+0400][36,707s][info ][gc] GC(230) Pause Young (Normal) (G1 Evacuation Pause) 156M->5M(256M) 2,230ms
[2025-02-10T17:17:32.560+0400][36,866s][info ][gc] GC(231) Pause Young (Normal) (G1 Evacuation Pause) 156M->6M(256M) 2,229ms
[2025-02-10T17:17:32.716+0400][37,022s][info ][gc] GC(232) Pause Young (Normal) (G1 Evacuation Pause) 156M->4M(256M) 1,175ms
[2025-02-10T17:17:32.875+0400][37,181s][info ][gc] GC(233) Pause Young (Normal) (G1 Evacuation Pause) 156M->5M(256M) 1,767ms
[2025-02-10T17:17:33.036+0400][37,341s][info ][gc] GC(234) Pause Young (Normal) (G1 Evacuation Pause) 156M->6M(256M) 2,340ms
[2025-02-10T17:17:33.193+0400][37,499s][info ][gc] GC(235) Pause Young (Normal) (G1 Evacuation Pause) 156M->4M(256M) 0,994ms
[2025-02-10T17:17:33.352+0400][37,658s][info ][gc] GC(236) Pause Young (Normal) (G1 Evacuation Pause) 156M->5M(256M) 1,663ms
[2025-02-10T17:17:33.511+0400][37,817s][info ][gc] GC(237) Pause Young (Normal) (G1 Evacuation Pause) 156M->6M(256M) 2,243ms
[2025-02-10T17:17:33.667+0400][37,973s][info ][gc] GC(238) Pause Young (Normal) (G1 Evacuation Pause) 156M->4M(256M) 0,982ms
[2025-02-10T17:17:33.825+0400][38,131s][info ][gc] GC(239) Pause Young (Normal) (G1 Evacuation Pause) 156M->5M(256M) 2,234ms
[2025-02-10T17:17:33.984+0400][38,290s][info ][gc] GC(240) Pause Young (Normal) (G1 Evacuation Pause) 156M->6M(256M) 2,655ms
[2025-02-10T17:17:34.142+0400][38,448s][info ][gc] GC(241) Pause Young (Normal) (G1 Evacuation Pause) 156M->7M(256M) 2,755ms
[2025-02-10T17:17:34.298+0400][38,604s][info ][gc] GC(242) Pause Young (Normal) (G1 Evacuation Pause) 156M->4M(256M) 1,187ms
[2025-02-10T17:17:34.457+0400][38,763s][info ][gc] GC(243) Pause Young (Normal) (G1 Evacuation Pause) 156M->5M(256M) 1,899ms
[2025-02-10T17:17:34.616+0400][38,922s][info ][gc] GC(244) Pause Young (Normal) (G1 Evacuation Pause) 156M->7M(256M) 2,723ms
[2025-02-10T17:17:34.773+0400][39,079s][info ][gc] GC(245) Pause Young (Normal) (G1 Evacuation Pause) 157M->4M(256M) 1,538ms
[2025-02-10T17:17:34.933+0400][39,239s][info ][gc] GC(246) Pause Young (Normal) (G1 Evacuation Pause) 156M->5M(256M) 2,050ms
[2025-02-10T17:17:35.091+0400][39,397s][info ][gc] GC(247) Pause Young (Normal) (G1 Evacuation Pause) 156M->7M(256M) 2,463ms
[2025-02-10T17:17:35.249+0400][39,555s][info ][gc] GC(248) Pause Young (Normal) (G1 Evacuation Pause) 157M->4M(256M) 1,534ms
[2025-02-10T17:17:35.409+0400][39,715s][info ][gc] GC(249) Pause Young (Normal) (G1 Evacuation Pause) 156M->5M(256M) 1,894ms
[2025-02-10T17:17:35.567+0400][39,873s][info ][gc] GC(250) Pause Young (Normal) (G1 Evacuation Pause) 156M->6M(256M) 2,209ms
[2025-02-10T17:17:35.723+0400][40,029s][info ][gc] GC(251) Pause Young (Normal) (G1 Evacuation Pause) 156M->4M(256M) 1,336ms
[2025-02-10T17:17:35.883+0400][40,189s][info ][gc] GC(252) Pause Young (Normal) (G1 Evacuation Pause) 156M->5M(256M) 2,045ms
[2025-02-10T17:17:36.041+0400][40,346s][info ][gc] GC(253) Pause Young (Normal) (G1 Evacuation Pause) 156M->6M(256M) 2,382ms
[2025-02-10T17:17:36.197+0400][40,503s][info ][gc] GC(254) Pause Young (Normal) (G1 Evacuation Pause) 156M->4M(256M) 1,057ms
[2025-02-10T17:17:36.357+0400][40,663s][info ][gc] GC(255) Pause Young (Normal) (G1 Evacuation Pause) 156M->5M(256M) 2,279ms
[2025-02-10T17:17:36.515+0400][40,821s][info ][gc] GC(256) Pause Young (Normal) (G1 Evacuation Pause) 156M->6M(256M) 2,199ms
[2025-02-10T17:17:36.671+0400][40,977s][info ][gc] GC(257) Pause Young (Normal) (G1 Evacuation Pause) 156M->4M(256M) 0,942ms
[2025-02-10T17:17:36.829+0400][41,135s][info ][gc] GC(258) Pause Young (Normal) (G1 Evacuation Pause) 156M->5M(256M) 1,504ms
[2025-02-10T17:17:36.987+0400][41,293s][info ][gc] GC(259) Pause Young (Normal) (G1 Evacuation Pause) 156M->6M(256M) 2,279ms
[2025-02-10T17:17:37.143+0400][41,449s][info ][gc] GC(260) Pause Young (Normal) (G1 Evacuation Pause) 156M->4M(256M) 0,955ms
[2025-02-10T17:17:37.303+0400][41,609s][info ][gc] GC(261) Pause Young (Normal) (G1 Evacuation Pause) 156M->5M(256M) 1,601ms
[2025-02-10T17:17:37.461+0400][41,767s][info ][gc] GC(262) Pause Young (Normal) (G1 Evacuation Pause) 156M->6M(256M) 2,365ms
[2025-02-10T17:17:37.619+0400][41,925s][info ][gc] GC(263) Pause Young (Normal) (G1 Evacuation Pause) 156M->7M(256M) 2,648ms
[2025-02-10T17:17:37.774+0400][42,080s][info ][gc] GC(264) Pause Young (Normal) (G1 Evacuation Pause) 156M->4M(256M) 1,304ms
[2025-02-10T17:17:37.935+0400][42,241s][info ][gc] GC(265) Pause Young (Normal) (G1 Evacuation Pause) 156M->5M(256M) 2,014ms
[2025-02-10T17:17:38.095+0400][42,401s][info ][gc] GC(266) Pause Young (Normal) (G1 Evacuation Pause) 156M->7M(256M) 2,585ms
[2025-02-10T17:17:38.250+0400][42,556s][info ][gc] GC(267) Pause Young (Normal) (G1 Evacuation Pause) 157M->4M(256M) 1,286ms
[2025-02-10T17:17:38.409+0400][42,715s][info ][gc] GC(268) Pause Young (Normal) (G1 Evacuation Pause) 156M->5M(256M) 1,895ms
[2025-02-10T17:17:38.568+0400][42,874s][info ][gc] GC(269) Pause Young (Normal) (G1 Evacuation Pause) 156M->7M(256M) 2,603ms
[2025-02-10T17:17:38.723+0400][43,029s][info ][gc] GC(270) Pause Young (Normal) (G1 Evacuation Pause) 157M->4M(256M) 1,134ms
[2025-02-10T17:17:38.882+0400][43,188s][info ][gc] GC(271) Pause Young (Normal) (G1 Evacuation Pause) 156M->5M(256M) 1,907ms
[2025-02-10T17:17:39.041+0400][43,347s][info ][gc] GC(272) Pause Young (Normal) (G1 Evacuation Pause) 156M->6M(256M) 2,370ms
[2025-02-10T17:17:39.197+0400][43,503s][info ][gc] GC(273) Pause Young (Normal) (G1 Evacuation Pause) 156M->4M(256M) 1,220ms
[2025-02-10T17:17:39.356+0400][43,662s][info ][gc] GC(274) Pause Young (Normal) (G1 Evacuation Pause) 156M->5M(256M) 1,942ms
[2025-02-10T17:17:39.516+0400][43,822s][info ][gc] GC(275) Pause Young (Normal) (G1 Evacuation Pause) 156M->6M(256M) 2,416ms
[2025-02-10T17:17:39.673+0400][43,979s][info ][gc] GC(276) Pause Young (Normal) (G1 Evacuation Pause) 156M->4M(256M) 1,199ms
[2025-02-10T17:17:39.834+0400][44,139s][info ][gc] GC(277) Pause Young (Normal) (G1 Evacuation Pause) 156M->5M(256M) 1,830ms
[2025-02-10T17:17:39.993+0400][44,299s][info ][gc] GC(278) Pause Young (Normal) (G1 Evacuation Pause) 156M->6M(256M) 2,304ms
[2025-02-10T17:17:40.150+0400][44,456s][info ][gc] GC(279) Pause Young (Normal) (G1 Evacuation Pause) 156M->4M(256M) 1,197ms
[2025-02-10T17:17:40.309+0400][44,615s][info ][gc] GC(280) Pause Young (Normal) (G1 Evacuation Pause) 156M->5M(256M) 1,743ms
[2025-02-10T17:17:40.466+0400][44,772s][info ][gc] GC(281) Pause Young (Normal) (G1 Evacuation Pause) 156M->6M(256M) 2,247ms
[2025-02-10T17:17:40.623+0400][44,928s][info ][gc] GC(282) Pause Young (Normal) (G1 Evacuation Pause) 156M->4M(256M) 1,041ms
[2025-02-10T17:17:40.781+0400][45,087s][info ][gc] GC(283) Pause Young (Normal) (G1 Evacuation Pause) 156M->5M(256M) 1,590ms
[2025-02-10T17:17:40.939+0400][45,245s][info ][gc] GC(284) Pause Young (Normal) (G1 Evacuation Pause) 156M->6M(256M) 2,220ms
[2025-02-10T17:17:41.096+0400][45,402s][info ][gc] GC(285) Pause Young (Normal) (G1 Evacuation Pause) 156M->7M(256M) 2,502ms
[2025-02-10T17:17:41.252+0400][45,558s][info ][gc] GC(286) Pause Young (Normal) (G1 Evacuation Pause) 156M->4M(256M) 1,633ms
[2025-02-10T17:17:41.411+0400][45,717s][info ][gc] GC(287) Pause Young (Normal) (G1 Evacuation Pause) 156M->5M(256M) 2,198ms
[2025-02-10T17:17:41.569+0400][45,875s][info ][gc] GC(288) Pause Young (Normal) (G1 Evacuation Pause) 156M->6M(256M) 2,610ms
[2025-02-10T17:17:41.726+0400][46,032s][info ][gc] GC(289) Pause Young (Normal) (G1 Evacuation Pause) 156M->4M(256M) 1,351ms
[2025-02-10T17:17:41.885+0400][46,191s][info ][gc] GC(290) Pause Young (Normal) (G1 Evacuation Pause) 156M->5M(256M) 1,772ms
[2025-02-10T17:17:42.043+0400][46,349s][info ][gc] GC(291) Pause Young (Normal) (G1 Evacuation Pause) 156M->6M(256M) 3,185ms
[2025-02-10T17:17:42.200+0400][46,506s][info ][gc] GC(292) Pause Young (Normal) (G1 Evacuation Pause) 156M->4M(256M) 1,357ms
[2025-02-10T17:17:42.361+0400][46,667s][info ][gc] GC(293) Pause Young (Normal) (G1 Evacuation Pause) 156M->5M(256M) 1,561ms
[2025-02-10T17:17:42.520+0400][46,826s][info ][gc] GC(294) Pause Young (Normal) (G1 Evacuation Pause) 156M->6M(256M) 2,400ms
[2025-02-10T17:17:42.679+0400][46,985s][info ][gc] GC(295) Pause Young (Normal) (G1 Evacuation Pause) 156M->4M(256M) 1,186ms
[2025-02-10T17:17:42.841+0400][47,147s][info ][gc] GC(296) Pause Young (Normal) (G1 Evacuation Pause) 156M->5M(256M) 1,986ms
[2025-02-10T17:17:43.001+0400][47,307s][info ][gc] GC(297) Pause Young (Normal) (G1 Evacuation Pause) 156M->6M(256M) 2,311ms
[2025-02-10T17:17:43.158+0400][47,464s][info ][gc] GC(298) Pause Young (Normal) (G1 Evacuation Pause) 156M->4M(256M) 1,205ms
[2025-02-10T17:17:43.318+0400][47,624s][info ][gc] GC(299) Pause Young (Normal) (G1 Evacuation Pause) 156M->5M(256M) 1,874ms
[2025-02-10T17:17:43.477+0400][47,783s][info ][gc] GC(300) Pause Young (Normal) (G1 Evacuation Pause) 156M->6M(256M) 2,254ms
[2025-02-10T17:17:43.634+0400][47,940s][info ][gc] GC(301) Pause Young (Normal) (G1 Evacuation Pause) 156M->4M(256M) 1,127ms
[2025-02-10T17:17:43.793+0400][48,099s][info ][gc] GC(302) Pause Young (Normal) (G1 Evacuation Pause) 156M->5M(256M) 1,513ms
[2025-02-10T17:17:43.951+0400][48,257s][info ][gc] GC(303) Pause Young (Normal) (G1 Evacuation Pause) 156M->6M(256M) 2,345ms
[2025-02-10T17:17:44.109+0400][48,415s][info ][gc] GC(304) Pause Young (Normal) (G1 Evacuation Pause) 156M->7M(256M) 2,665ms
[2025-02-10T17:17:44.266+0400][48,572s][info ][gc] GC(305) Pause Young (Normal) (G1 Evacuation Pause) 156M->4M(256M) 1,845ms
[2025-02-10T17:17:44.426+0400][48,732s][info ][gc] GC(306) Pause Young (Normal) (G1 Evacuation Pause) 156M->6M(256M) 1,996ms
[2025-02-10T17:17:44.584+0400][48,890s][info ][gc] GC(307) Pause Young (Normal) (G1 Evacuation Pause) 157M->7M(256M) 2,657ms
[2025-02-10T17:17:44.741+0400][49,047s][info ][gc] GC(308) Pause Young (Normal) (G1 Evacuation Pause) 157M->4M(256M) 1,152ms
[2025-02-10T17:17:44.900+0400][49,206s][info ][gc] GC(309) Pause Young (Normal) (G1 Evacuation Pause) 156M->5M(256M) 1,860ms
[2025-02-10T17:17:45.059+0400][49,365s][info ][gc] GC(310) Pause Young (Normal) (G1 Evacuation Pause) 156M->7M(256M) 2,707ms
[2025-02-10T17:17:45.215+0400][49,521s][info ][gc] GC(311) Pause Young (Normal) (G1 Evacuation Pause) 157M->4M(256M) 1,395ms
[2025-02-10T17:17:45.374+0400][49,680s][info ][gc] GC(312) Pause Young (Normal) (G1 Evacuation Pause) 156M->5M(256M) 1,856ms
[2025-02-10T17:17:45.535+0400][49,841s][info ][gc] GC(313) Pause Young (Normal) (G1 Evacuation Pause) 156M->6M(256M) 2,378ms
[2025-02-10T17:17:45.692+0400][49,997s][info ][gc] GC(314) Pause Young (Normal) (G1 Evacuation Pause) 156M->4M(256M) 1,119ms
[2025-02-10T17:17:45.851+0400][50,157s][info ][gc] GC(315) Pause Young (Normal) (G1 Evacuation Pause) 156M->5M(256M) 2,034ms
[2025-02-10T17:17:46.010+0400][50,316s][info ][gc] GC(316) Pause Young (Normal) (G1 Evacuation Pause) 156M->6M(256M) 2,426ms
[2025-02-10T17:17:46.166+0400][50,472s][info ][gc] GC(317) Pause Young (Normal) (G1 Evacuation Pause) 156M->4M(256M) 1,193ms
[2025-02-10T17:17:46.326+0400][50,632s][info ][gc] GC(318) Pause Young (Normal) (G1 Evacuation Pause) 156M->5M(256M) 1,964ms
[2025-02-10T17:17:46.484+0400][50,790s][info ][gc] GC(319) Pause Young (Normal) (G1 Evacuation Pause) 156M->6M(256M) 2,328ms
[2025-02-10T17:17:46.642+0400][50,948s][info ][gc] GC(320) Pause Young (Normal) (G1 Evacuation Pause) 156M->4M(256M) 1,059ms
[2025-02-10T17:17:46.802+0400][51,108s][info ][gc] GC(321) Pause Young (Normal) (G1 Evacuation Pause) 156M->5M(256M) 1,668ms
[2025-02-10T17:17:46.960+0400][51,266s][info ][gc] GC(322) Pause Young (Normal) (G1 Evacuation Pause) 156M->6M(256M) 2,303ms
[2025-02-10T17:17:47.117+0400][51,423s][info ][gc] GC(323) Pause Young (Normal) (G1 Evacuation Pause) 156M->4M(256M) 1,407ms
[2025-02-10T17:17:47.275+0400][51,581s][info ][gc] GC(324) Pause Young (Normal) (G1 Evacuation Pause) 156M->5M(256M) 1,565ms
[2025-02-10T17:17:47.434+0400][51,740s][info ][gc] GC(325) Pause Young (Normal) (G1 Evacuation Pause) 156M->6M(256M) 2,350ms
[2025-02-10T17:17:47.592+0400][51,898s][info ][gc] GC(326) Pause Young (Normal) (G1 Evacuation Pause) 156M->7M(256M) 2,650ms
[2025-02-10T17:17:47.748+0400][52,054s][info ][gc] GC(327) Pause Young (Normal) (G1 Evacuation Pause) 156M->4M(256M) 1,352ms
[2025-02-10T17:17:47.907+0400][52,213s][info ][gc] GC(328) Pause Young (Normal) (G1 Evacuation Pause) 156M->6M(256M) 2,015ms
[2025-02-10T17:17:48.066+0400][52,372s][info ][gc] GC(329) Pause Young (Normal) (G1 Evacuation Pause) 157M->7M(256M) 2,624ms
[2025-02-10T17:17:48.223+0400][52,529s][info ][gc] GC(330) Pause Young (Normal) (G1 Evacuation Pause) 157M->4M(256M) 1,217ms
[2025-02-10T17:17:48.381+0400][52,687s][info ][gc] GC(331) Pause Young (Normal) (G1 Evacuation Pause) 156M->5M(256M) 1,914ms
[2025-02-10T17:17:48.540+0400][52,846s][info ][gc] GC(332) Pause Young (Normal) (G1 Evacuation Pause) 156M->7M(256M) 2,561ms
[2025-02-10T17:17:48.697+0400][53,003s][info ][gc] GC(333) Pause Young (Normal) (G1 Evacuation Pause) 157M->4M(256M) 1,062ms
[2025-02-10T17:17:48.854+0400][53,160s][info ][gc] GC(334) Pause Young (Normal) (G1 Evacuation Pause) 156M->5M(256M) 1,796ms
[2025-02-10T17:17:49.013+0400][53,319s][info ][gc] GC(335) Pause Young (Normal) (G1 Evacuation Pause) 156M->6M(256M) 2,428ms
[2025-02-10T17:17:49.169+0400][53,475s][info ][gc] GC(336) Pause Young (Normal) (G1 Evacuation Pause) 156M->4M(256M) 1,154ms
[2025-02-10T17:17:49.328+0400][53,634s][info ][gc] GC(337) Pause Young (Normal) (G1 Evacuation Pause) 156M->5M(256M) 1,765ms
[2025-02-10T17:17:49.486+0400][53,792s][info ][gc] GC(338) Pause Young (Normal) (G1 Evacuation Pause) 156M->6M(256M) 2,333ms
[2025-02-10T17:17:49.644+0400][53,950s][info ][gc] GC(339) Pause Young (Normal) (G1 Evacuation Pause) 156M->4M(256M) 2,416ms
[2025-02-10T17:17:49.803+0400][54,109s][info ][gc] GC(340) Pause Young (Normal) (G1 Evacuation Pause) 156M->5M(256M) 1,558ms
[2025-02-10T17:17:49.962+0400][54,268s][info ][gc] GC(341) Pause Young (Normal) (G1 Evacuation Pause) 156M->6M(256M) 2,488ms
[2025-02-10T17:17:50.119+0400][54,424s][info ][gc] GC(342) Pause Young (Normal) (G1 Evacuation Pause) 156M->4M(256M) 1,173ms
[2025-02-10T17:17:50.277+0400][54,583s][info ][gc] GC(343) Pause Young (Normal) (G1 Evacuation Pause) 156M->5M(256M) 1,657ms
[2025-02-10T17:17:50.436+0400][54,742s][info ][gc] GC(344) Pause Young (Normal) (G1 Evacuation Pause) 156M->6M(256M) 2,249ms
[2025-02-10T17:17:50.592+0400][54,898s][info ][gc] GC(345) Pause Young (Normal) (G1 Evacuation Pause) 156M->4M(256M) 0,870ms
[2025-02-10T17:17:50.751+0400][55,057s][info ][gc] GC(346) Pause Young (Normal) (G1 Evacuation Pause) 156M->5M(256M) 1,564ms
[2025-02-10T17:17:50.910+0400][55,216s][info ][gc] GC(347) Pause Young (Normal) (G1 Evacuation Pause) 156M->6M(256M) 2,254ms
[2025-02-10T17:17:51.068+0400][55,374s][info ][gc] GC(348) Pause Young (Normal) (G1 Evacuation Pause) 156M->7M(256M) 2,821ms
[2025-02-10T17:17:51.224+0400][55,530s][info ][gc] GC(349) Pause Young (Normal) (G1 Evacuation Pause) 156M->4M(256M) 1,299ms
[2025-02-10T17:17:51.384+0400][55,690s][info ][gc] GC(350) Pause Young (Normal) (G1 Evacuation Pause) 156M->5M(256M) 1,819ms
[2025-02-10T17:17:51.543+0400][55,848s][info ][gc] GC(351) Pause Young (Normal) (G1 Evacuation Pause) 156M->6M(256M) 2,597ms
[2025-02-10T17:17:51.701+0400][56,007s][info ][gc] GC(352) Pause Young (Normal) (G1 Evacuation Pause) 156M->4M(256M) 3,441ms
[2025-02-10T17:17:51.861+0400][56,167s][info ][gc] GC(353) Pause Young (Normal) (G1 Evacuation Pause) 156M->5M(256M) 2,084ms
[2025-02-10T17:17:52.020+0400][56,325s][info ][gc] GC(354) Pause Young (Normal) (G1 Evacuation Pause) 156M->7M(256M) 2,479ms
[2025-02-10T17:17:52.177+0400][56,483s][info ][gc] GC(355) Pause Young (Normal) (G1 Evacuation Pause) 157M->4M(256M) 1,136ms
[2025-02-10T17:17:52.336+0400][56,642s][info ][gc] GC(356) Pause Young (Normal) (G1 Evacuation Pause) 156M->5M(256M) 2,023ms
[2025-02-10T17:17:52.495+0400][56,801s][info ][gc] GC(357) Pause Young (Normal) (G1 Evacuation Pause) 156M->6M(256M) 2,263ms
[2025-02-10T17:17:52.650+0400][56,956s][info ][gc] GC(358) Pause Young (Normal) (G1 Evacuation Pause) 156M->4M(256M) 1,288ms
[2025-02-10T17:17:52.809+0400][57,115s][info ][gc] GC(359) Pause Young (Normal) (G1 Evacuation Pause) 156M->5M(256M) 1,812ms
[2025-02-10T17:17:52.967+0400][57,273s][info ][gc] GC(360) Pause Young (Normal) (G1 Evacuation Pause) 156M->6M(256M) 2,478ms
[2025-02-10T17:17:53.124+0400][57,430s][info ][gc] GC(361) Pause Young (Normal) (G1 Evacuation Pause) 156M->4M(256M) 0,941ms
[2025-02-10T17:17:53.283+0400][57,589s][info ][gc] GC(362) Pause Young (Normal) (G1 Evacuation Pause) 156M->5M(256M) 1,789ms
[2025-02-10T17:17:53.441+0400][57,747s][info ][gc] GC(363) Pause Young (Normal) (G1 Evacuation Pause) 156M->6M(256M) 2,329ms
[2025-02-10T17:17:53.598+0400][57,904s][info ][gc] GC(364) Pause Young (Normal) (G1 Evacuation Pause) 156M->4M(256M) 1,187ms
[2025-02-10T17:17:53.758+0400][58,064s][info ][gc] GC(365) Pause Young (Normal) (G1 Evacuation Pause) 156M->5M(256M) 1,665ms
[2025-02-10T17:17:53.917+0400][58,223s][info ][gc] GC(366) Pause Young (Normal) (G1 Evacuation Pause) 156M->6M(256M) 2,466ms
[2025-02-10T17:17:54.073+0400][58,379s][info ][gc] GC(367) Pause Young (Normal) (G1 Evacuation Pause) 156M->4M(256M) 1,263ms
[2025-02-10T17:17:54.231+0400][58,537s][info ][gc] GC(368) Pause Young (Normal) (G1 Evacuation Pause) 156M->5M(256M) 1,824ms
[2025-02-10T17:17:54.390+0400][58,696s][info ][gc] GC(369) Pause Young (Normal) (G1 Evacuation Pause) 156M->6M(256M) 2,325ms
[2025-02-10T17:17:54.548+0400][58,854s][info ][gc] GC(370) Pause Young (Normal) (G1 Evacuation Pause) 156M->7M(256M) 3,264ms
[2025-02-10T17:17:54.705+0400][59,011s][info ][gc] GC(371) Pause Young (Normal) (G1 Evacuation Pause) 156M->4M(256M) 1,100ms
[2025-02-10T17:17:54.865+0400][59,171s][info ][gc] GC(372) Pause Young (Normal) (G1 Evacuation Pause) 156M->5M(256M) 1,935ms
[2025-02-10T17:17:55.023+0400][59,329s][info ][gc] GC(373) Pause Young (Normal) (G1 Evacuation Pause) 156M->6M(256M) 2,598ms
[2025-02-10T17:17:55.179+0400][59,485s][info ][gc] GC(374) Pause Young (Normal) (G1 Evacuation Pause) 156M->4M(256M) 1,124ms
[2025-02-10T17:17:55.339+0400][59,645s][info ][gc] GC(375) Pause Young (Normal) (G1 Evacuation Pause) 156M->5M(256M) 1,952ms
[2025-02-10T17:17:55.498+0400][59,804s][info ][gc] GC(376) Pause Young (Normal) (G1 Evacuation Pause) 156M->6M(256M) 2,687ms
[2025-02-10T17:17:55.653+0400][59,959s][info ][gc] GC(377) Pause Young (Normal) (G1 Evacuation Pause) 156M->4M(256M) 1,055ms
[2025-02-10T17:17:55.812+0400][60,118s][info ][gc] GC(378) Pause Young (Normal) (G1 Evacuation Pause) 156M->5M(256M) 1,897ms
[2025-02-10T17:17:55.970+0400][60,276s][info ][gc] GC(379) Pause Young (Normal) (G1 Evacuation Pause) 156M->6M(256M) 2,580ms
[2025-02-10T17:17:56.127+0400][60,433s][info ][gc] GC(380) Pause Young (Normal) (G1 Evacuation Pause) 156M->4M(256M) 1,097ms
[2025-02-10T17:17:56.287+0400][60,593s][info ][gc] GC(381) Pause Young (Normal) (G1 Evacuation Pause) 156M->5M(256M) 1,654ms
[2025-02-10T17:17:56.446+0400][60,752s][info ][gc] GC(382) Pause Young (Normal) (G1 Evacuation Pause) 156M->6M(256M) 2,444ms
[2025-02-10T17:17:56.602+0400][60,908s][info ][gc] GC(383) Pause Young (Normal) (G1 Evacuation Pause) 156M->4M(256M) 1,088ms
[2025-02-10T17:17:56.760+0400][61,066s][info ][gc] GC(384) Pause Young (Normal) (G1 Evacuation Pause) 156M->5M(256M) 1,609ms
[2025-02-10T17:17:56.918+0400][61,224s][info ][gc] GC(385) Pause Young (Normal) (G1 Evacuation Pause) 156M->6M(256M) 2,221ms
[2025-02-10T17:17:57.074+0400][61,380s][info ][gc] GC(386) Pause Young (Normal) (G1 Evacuation Pause) 156M->4M(256M) 0,839ms
[2025-02-10T17:17:57.234+0400][61,540s][info ][gc] GC(387) Pause Young (Normal) (G1 Evacuation Pause) 156M->5M(256M) 1,625ms
[2025-02-10T17:17:57.392+0400][61,698s][info ][gc] GC(388) Pause Young (Normal) (G1 Evacuation Pause) 156M->6M(256M) 2,297ms
[2025-02-10T17:17:57.550+0400][61,856s][info ][gc] GC(389) Pause Young (Normal) (G1 Evacuation Pause) 156M->7M(256M) 2,756ms
[2025-02-10T17:17:57.705+0400][62,011s][info ][gc] GC(390) Pause Young (Normal) (G1 Evacuation Pause) 156M->4M(256M) 1,320ms
[2025-02-10T17:17:57.863+0400][62,169s][info ][gc] GC(391) Pause Young (Normal) (G1 Evacuation Pause) 156M->5M(256M) 2,032ms
[2025-02-10T17:17:58.022+0400][62,328s][info ][gc] GC(392) Pause Young (Normal) (G1 Evacuation Pause) 156M->7M(256M) 2,509ms
[2025-02-10T17:17:58.178+0400][62,484s][info ][gc] GC(393) Pause Young (Normal) (G1 Evacuation Pause) 157M->4M(256M) 1,167ms
[2025-02-10T17:17:58.338+0400][62,644s][info ][gc] GC(394) Pause Young (Normal) (G1 Evacuation Pause) 156M->5M(256M) 1,948ms
[2025-02-10T17:17:58.496+0400][62,802s][info ][gc] GC(395) Pause Young (Normal) (G1 Evacuation Pause) 156M->6M(256M) 2,368ms
[2025-02-10T17:17:58.653+0400][62,959s][info ][gc] GC(396) Pause Young (Normal) (G1 Evacuation Pause) 156M->4M(256M) 1,215ms
[2025-02-10T17:17:58.813+0400][63,118s][info ][gc] GC(397) Pause Young (Normal) (G1 Evacuation Pause) 156M->5M(256M) 1,904ms
[2025-02-10T17:17:58.972+0400][63,278s][info ][gc] GC(398) Pause Young (Normal) (G1 Evacuation Pause) 156M->6M(256M) 2,369ms
[2025-02-10T17:17:59.128+0400][63,434s][info ][gc] GC(399) Pause Young (Normal) (G1 Evacuation Pause) 156M->4M(256M) 1,222ms
[2025-02-10T17:17:59.285+0400][63,591s][info ][gc] GC(400) Pause Young (Normal) (G1 Evacuation Pause) 156M->5M(256M) 1,904ms
[2025-02-10T17:17:59.444+0400][63,750s][info ][gc] GC(401) Pause Young (Normal) (G1 Evacuation Pause) 156M->6M(256M) 2,337ms
[2025-02-10T17:17:59.600+0400][63,906s][info ][gc] GC(402) Pause Young (Normal) (G1 Evacuation Pause) 156M->4M(256M) 1,425ms
[2025-02-10T17:17:59.760+0400][64,065s][info ][gc] GC(403) Pause Young (Normal) (G1 Evacuation Pause) 156M->5M(256M) 1,775ms
[2025-02-10T17:17:59.918+0400][64,224s][info ][gc] GC(404) Pause Young (Normal) (G1 Evacuation Pause) 156M->6M(256M) 2,206ms
[2025-02-10T17:18:00.075+0400][64,381s][info ][gc] GC(405) Pause Young (Normal) (G1 Evacuation Pause) 156M->4M(256M) 1,031ms
[2025-02-10T17:18:00.234+0400][64,540s][info ][gc] GC(406) Pause Young (Normal) (G1 Evacuation Pause) 156M->5M(256M) 1,634ms
[2025-02-10T17:18:00.392+0400][64,698s][info ][gc] GC(407) Pause Young (Normal) (G1 Evacuation Pause) 156M->6M(256M) 2,308ms
[2025-02-10T17:18:00.550+0400][64,856s][info ][gc] GC(408) Pause Young (Normal) (G1 Evacuation Pause) 156M->7M(256M) 2,718ms
[2025-02-10T17:18:00.706+0400][65,012s][info ][gc] GC(409) Pause Young (Normal) (G1 Evacuation Pause) 156M->4M(256M) 1,299ms
[2025-02-10T17:18:00.865+0400][65,171s][info ][gc] GC(410) Pause Young (Normal) (G1 Evacuation Pause) 156M->6M(256M) 2,045ms
[2025-02-10T17:18:01.024+0400][65,330s][info ][gc] GC(411) Pause Young (Normal) (G1 Evacuation Pause) 157M->7M(256M) 2,779ms
[2025-02-10T17:18:01.180+0400][65,486s][info ][gc] GC(412) Pause Young (Normal) (G1 Evacuation Pause) 157M->4M(256M) 1,208ms
[2025-02-10T17:18:01.340+0400][65,646s][info ][gc] GC(413) Pause Young (Normal) (G1 Evacuation Pause) 156M->5M(256M) 2,447ms
[2025-02-10T17:18:01.499+0400][65,805s][info ][gc] GC(414) Pause Young (Normal) (G1 Evacuation Pause) 156M->7M(256M) 2,462ms
[2025-02-10T17:18:01.655+0400][65,961s][info ][gc] GC(415) Pause Young (Normal) (G1 Evacuation Pause) 157M->4M(256M) 1,232ms
[2025-02-10T17:18:01.815+0400][66,120s][info ][gc] GC(416) Pause Young (Normal) (G1 Evacuation Pause) 156M->5M(256M) 1,820ms
[2025-02-10T17:18:01.974+0400][66,280s][info ][gc] GC(417) Pause Young (Normal) (G1 Evacuation Pause) 156M->6M(256M) 2,385ms
[2025-02-10T17:18:02.131+0400][66,437s][info ][gc] GC(418) Pause Young (Normal) (G1 Evacuation Pause) 156M->4M(256M) 1,209ms
[2025-02-10T17:18:02.291+0400][66,597s][info ][gc] GC(419) Pause Young (Normal) (G1 Evacuation Pause) 156M->5M(256M) 2,013ms
[2025-02-10T17:18:02.450+0400][66,756s][info ][gc] GC(420) Pause Young (Normal) (G1 Evacuation Pause) 156M->6M(256M) 2,410ms
[2025-02-10T17:18:02.606+0400][66,912s][info ][gc] GC(421) Pause Young (Normal) (G1 Evacuation Pause) 156M->4M(256M) 1,310ms
[2025-02-10T17:18:02.765+0400][67,071s][info ][gc] GC(422) Pause Young (Normal) (G1 Evacuation Pause) 156M->5M(256M) 1,798ms
[2025-02-10T17:18:02.924+0400][67,230s][info ][gc] GC(423) Pause Young (Normal) (G1 Evacuation Pause) 156M->6M(256M) 2,329ms
[2025-02-10T17:18:03.082+0400][67,388s][info ][gc] GC(424) Pause Young (Normal) (G1 Evacuation Pause) 156M->4M(256M) 1,369ms
[2025-02-10T17:18:03.242+0400][67,548s][info ][gc] GC(425) Pause Young (Normal) (G1 Evacuation Pause) 156M->5M(256M) 1,759ms
[2025-02-10T17:18:03.401+0400][67,707s][info ][gc] GC(426) Pause Young (Normal) (G1 Evacuation Pause) 156M->6M(256M) 2,674ms
[2025-02-10T17:18:03.557+0400][67,863s][info ][gc] GC(427) Pause Young (Normal) (G1 Evacuation Pause) 156M->4M(256M) 1,056ms
[2025-02-10T17:18:03.715+0400][68,021s][info ][gc] GC(428) Pause Young (Normal) (G1 Evacuation Pause) 156M->5M(256M) 2,089ms
[2025-02-10T17:18:03.873+0400][68,179s][info ][gc] GC(429) Pause Young (Normal) (G1 Evacuation Pause) 156M->6M(256M) 2,288ms
[2025-02-10T17:18:04.031+0400][68,337s][info ][gc] GC(430) Pause Young (Normal) (G1 Evacuation Pause) 156M->7M(256M) 2,780ms
[2025-02-10T17:18:04.187+0400][68,493s][info ][gc] GC(431) Pause Young (Normal) (G1 Evacuation Pause) 156M->4M(256M) 1,278ms
[2025-02-10T17:18:04.345+0400][68,651s][info ][gc] GC(432) Pause Young (Normal) (G1 Evacuation Pause) 156M->6M(256M) 2,003ms
[2025-02-10T17:18:04.502+0400][68,808s][info ][gc] GC(433) Pause Young (Normal) (G1 Evacuation Pause) 157M->6M(256M) 2,685ms
[2025-02-10T17:18:04.659+0400][68,965s][info ][gc] GC(434) Pause Young (Normal) (G1 Evacuation Pause) 156M->4M(256M) 1,191ms
[2025-02-10T17:18:04.818+0400][69,124s][info ][gc] GC(435) Pause Young (Normal) (G1 Evacuation Pause) 156M->5M(256M) 1,922ms
[2025-02-10T17:18:04.976+0400][69,282s][info ][gc] GC(436) Pause Young (Normal) (G1 Evacuation Pause) 156M->6M(256M) 2,604ms
[2025-02-10T17:18:05.133+0400][69,439s][info ][gc] GC(437) Pause Young (Normal) (G1 Evacuation Pause) 156M->4M(256M) 1,043ms
[2025-02-10T17:18:05.292+0400][69,598s][info ][gc] GC(438) Pause Young (Normal) (G1 Evacuation Pause) 156M->5M(256M) 1,973ms
[2025-02-10T17:18:05.452+0400][69,758s][info ][gc] GC(439) Pause Young (Normal) (G1 Evacuation Pause) 156M->6M(256M) 2,413ms
[2025-02-10T17:18:05.609+0400][69,915s][info ][gc] GC(440) Pause Young (Normal) (G1 Evacuation Pause) 156M->4M(256M) 1,289ms
[2025-02-10T17:18:05.768+0400][70,074s][info ][gc] GC(441) Pause Young (Normal) (G1 Evacuation Pause) 156M->5M(256M) 1,933ms
[2025-02-10T17:18:05.928+0400][70,234s][info ][gc] GC(442) Pause Young (Normal) (G1 Evacuation Pause) 156M->6M(256M) 2,808ms
[2025-02-10T17:18:06.084+0400][70,390s][info ][gc] GC(443) Pause Young (Normal) (G1 Evacuation Pause) 156M->4M(256M) 1,220ms
[2025-02-10T17:18:06.242+0400][70,548s][info ][gc] GC(444) Pause Young (Normal) (G1 Evacuation Pause) 156M->5M(256M) 1,902ms
[2025-02-10T17:18:06.401+0400][70,707s][info ][gc] GC(445) Pause Young (Normal) (G1 Evacuation Pause) 156M->6M(256M) 2,286ms
[2025-02-10T17:18:06.557+0400][70,863s][info ][gc] GC(446) Pause Young (Normal) (G1 Evacuation Pause) 156M->4M(256M) 1,412ms
[2025-02-10T17:18:06.716+0400][71,022s][info ][gc] GC(447) Pause Young (Normal) (G1 Evacuation Pause) 156M->5M(256M) 1,698ms
[2025-02-10T17:18:06.874+0400][71,180s][info ][gc] GC(448) Pause Young (Normal) (G1 Evacuation Pause) 156M->6M(256M) 2,320ms
[2025-02-10T17:18:07.032+0400][71,338s][info ][gc] GC(449) Pause Young (Normal) (G1 Evacuation Pause) 156M->4M(256M) 1,210ms
[2025-02-10T17:18:07.192+0400][71,498s][info ][gc] GC(450) Pause Young (Normal) (G1 Evacuation Pause) 156M->5M(256M) 1,950ms
[2025-02-10T17:18:07.350+0400][71,656s][info ][gc] GC(451) Pause Young (Normal) (G1 Evacuation Pause) 156M->6M(256M) 2,329ms
[2025-02-10T17:18:07.508+0400][71,814s][info ][gc] GC(452) Pause Young (Normal) (G1 Evacuation Pause) 156M->7M(256M) 2,579ms
[2025-02-10T17:18:07.663+0400][71,969s][info ][gc] GC(453) Pause Young (Normal) (G1 Evacuation Pause) 156M->4M(256M) 1,232ms
[2025-02-10T17:18:07.823+0400][72,129s][info ][gc] GC(454) Pause Young (Normal) (G1 Evacuation Pause) 156M->5M(256M) 1,952ms
[2025-02-10T17:18:07.983+0400][72,289s][info ][gc] GC(455) Pause Young (Normal) (G1 Evacuation Pause) 156M->6M(256M) 2,571ms
[2025-02-10T17:18:08.140+0400][72,445s][info ][gc] GC(456) Pause Young (Normal) (G1 Evacuation Pause) 156M->4M(256M) 1,379ms
[2025-02-10T17:18:08.299+0400][72,605s][info ][gc] GC(457) Pause Young (Normal) (G1 Evacuation Pause) 156M->5M(256M) 1,940ms
[2025-02-10T17:18:08.457+0400][72,763s][info ][gc] GC(458) Pause Young (Normal) (G1 Evacuation Pause) 156M->6M(256M) 2,457ms
[2025-02-10T17:18:08.614+0400][72,920s][info ][gc] GC(459) Pause Young (Normal) (G1 Evacuation Pause) 156M->4M(256M) 1,241ms
[2025-02-10T17:18:08.773+0400][73,079s][info ][gc] GC(460) Pause Young (Normal) (G1 Evacuation Pause) 156M->5M(256M) 1,940ms
[2025-02-10T17:18:08.932+0400][73,238s][info ][gc] GC(461) Pause Young (Normal) (G1 Evacuation Pause) 156M->6M(256M) 2,334ms
[2025-02-10T17:18:09.088+0400][73,394s][info ][gc] GC(462) Pause Young (Normal) (G1 Evacuation Pause) 156M->4M(256M) 1,012ms
[2025-02-10T17:18:09.246+0400][73,552s][info ][gc] GC(463) Pause Young (Normal) (G1 Evacuation Pause) 156M->5M(256M) 1,829ms
[2025-02-10T17:18:09.404+0400][73,710s][info ][gc] GC(464) Pause Young (Normal) (G1 Evacuation Pause) 156M->6M(256M) 2,175ms
[2025-02-10T17:18:09.561+0400][73,867s][info ][gc] GC(465) Pause Young (Normal) (G1 Evacuation Pause) 156M->4M(256M) 2,085ms
[2025-02-10T17:18:09.722+0400][74,028s][info ][gc] GC(466) Pause Young (Normal) (G1 Evacuation Pause) 156M->5M(256M) 1,667ms
[2025-02-10T17:18:09.882+0400][74,188s][info ][gc] GC(467) Pause Young (Normal) (G1 Evacuation Pause) 156M->6M(256M) 2,288ms
[2025-02-10T17:18:10.040+0400][74,346s][info ][gc] GC(468) Pause Young (Normal) (G1 Evacuation Pause) 156M->4M(256M) 1,037ms
[2025-02-10T17:18:10.200+0400][74,506s][info ][gc] GC(469) Pause Young (Normal) (G1 Evacuation Pause) 156M->5M(256M) 1,578ms
[2025-02-10T17:18:10.358+0400][74,664s][info ][gc] GC(470) Pause Young (Normal) (G1 Evacuation Pause) 156M->6M(256M) 1,898ms
[2025-02-10T17:18:10.516+0400][74,822s][info ][gc] GC(471) Pause Young (Normal) (G1 Evacuation Pause) 156M->7M(256M) 2,699ms
[2025-02-10T17:18:10.671+0400][74,977s][info ][gc] GC(472) Pause Young (Normal) (G1 Evacuation Pause) 156M->5M(256M) 1,208ms
[2025-02-10T17:18:10.831+0400][75,137s][info ][gc] GC(473) Pause Young (Normal) (G1 Evacuation Pause) 157M->6M(256M) 2,002ms
[2025-02-10T17:18:10.989+0400][75,295s][info ][gc] GC(474) Pause Young (Normal) (G1 Evacuation Pause) 157M->7M(256M) 2,573ms
[2025-02-10T17:18:11.145+0400][75,451s][info ][gc] GC(475) Pause Young (Normal) (G1 Evacuation Pause) 156M->4M(256M) 1,556ms
[2025-02-10T17:18:11.304+0400][75,610s][info ][gc] GC(476) Pause Young (Normal) (G1 Evacuation Pause) 156M->5M(256M) 2,248ms
[2025-02-10T17:18:11.463+0400][75,769s][info ][gc] GC(477) Pause Young (Normal) (G1 Evacuation Pause) 156M->6M(256M) 2,365ms
[2025-02-10T17:18:11.620+0400][75,926s][info ][gc] GC(478) Pause Young (Normal) (G1 Evacuation Pause) 156M->4M(256M) 1,165ms
[2025-02-10T17:18:11.778+0400][76,084s][info ][gc] GC(479) Pause Young (Normal) (G1 Evacuation Pause) 156M->5M(256M) 1,797ms
[2025-02-10T17:18:11.938+0400][76,244s][info ][gc] GC(480) Pause Young (Normal) (G1 Evacuation Pause) 156M->6M(256M) 2,539ms
[2025-02-10T17:18:12.094+0400][76,400s][info ][gc] GC(481) Pause Young (Normal) (G1 Evacuation Pause) 156M->4M(256M) 1,149ms
[2025-02-10T17:18:12.253+0400][76,559s][info ][gc] GC(482) Pause Young (Normal) (G1 Evacuation Pause) 156M->5M(256M) 1,983ms
[2025-02-10T17:18:12.412+0400][76,718s][info ][gc] GC(483) Pause Young (Normal) (G1 Evacuation Pause) 156M->6M(256M) 2,343ms
[2025-02-10T17:18:12.568+0400][76,874s][info ][gc] GC(484) Pause Young (Normal) (G1 Evacuation Pause) 156M->4M(256M) 1,434ms
[2025-02-10T17:18:12.727+0400][77,033s][info ][gc] GC(485) Pause Young (Normal) (G1 Evacuation Pause) 156M->5M(256M) 1,735ms
[2025-02-10T17:18:12.885+0400][77,191s][info ][gc] GC(486) Pause Young (Normal) (G1 Evacuation Pause) 156M->6M(256M) 2,296ms
[2025-02-10T17:18:13.043+0400][77,349s][info ][gc] GC(487) Pause Young (Normal) (G1 Evacuation Pause) 156M->4M(256M) 0,822ms
[2025-02-10T17:18:13.202+0400][77,508s][info ][gc] GC(488) Pause Young (Normal) (G1 Evacuation Pause) 156M->5M(256M) 1,547ms
[2025-02-10T17:18:13.361+0400][77,667s][info ][gc] GC(489) Pause Young (Normal) (G1 Evacuation Pause) 156M->6M(256M) 2,279ms
[2025-02-10T17:18:13.519+0400][77,825s][info ][gc] GC(490) Pause Young (Normal) (G1 Evacuation Pause) 156M->7M(256M) 2,679ms
[2025-02-10T17:18:13.674+0400][77,980s][info ][gc] GC(491) Pause Young (Normal) (G1 Evacuation Pause) 156M->4M(256M) 1,240ms
[2025-02-10T17:18:13.834+0400][78,140s][info ][gc] GC(492) Pause Young (Normal) (G1 Evacuation Pause) 156M->5M(256M) 2,080ms
[2025-02-10T17:18:13.993+0400][78,299s][info ][gc] GC(493) Pause Young (Normal) (G1 Evacuation Pause) 156M->7M(256M) 2,525ms
[2025-02-10T17:18:14.149+0400][78,455s][info ][gc] GC(494) Pause Young (Normal) (G1 Evacuation Pause) 157M->4M(256M) 1,121ms
[2025-02-10T17:18:14.310+0400][78,616s][info ][gc] GC(495) Pause Young (Normal) (G1 Evacuation Pause) 156M->5M(256M) 3,156ms
[2025-02-10T17:18:14.468+0400][78,774s][info ][gc] GC(496) Pause Young (Normal) (G1 Evacuation Pause) 156M->7M(256M) 2,567ms
[2025-02-10T17:18:14.625+0400][78,930s][info ][gc] GC(497) Pause Young (Normal) (G1 Evacuation Pause) 157M->4M(256M) 1,231ms
[2025-02-10T17:18:14.784+0400][79,090s][info ][gc] GC(498) Pause Young (Normal) (G1 Evacuation Pause) 156M->5M(256M) 1,924ms
[2025-02-10T17:18:14.944+0400][79,250s][info ][gc] GC(499) Pause Young (Normal) (G1 Evacuation Pause) 156M->6M(256M) 2,277ms
[2025-02-10T17:18:15.102+0400][79,408s][info ][gc] GC(500) Pause Young (Normal) (G1 Evacuation Pause) 156M->4M(256M) 1,074ms
[2025-02-10T17:18:15.264+0400][79,570s][info ][gc] GC(501) Pause Young (Normal) (G1 Evacuation Pause) 156M->5M(256M) 1,777ms
[2025-02-10T17:18:15.423+0400][79,729s][info ][gc] GC(502) Pause Young (Normal) (G1 Evacuation Pause) 156M->6M(256M) 2,213ms
[2025-02-10T17:18:15.579+0400][79,885s][info ][gc] GC(503) Pause Young (Normal) (G1 Evacuation Pause) 156M->4M(256M) 1,083ms
[2025-02-10T17:18:15.738+0400][80,044s][info ][gc] GC(504) Pause Young (Normal) (G1 Evacuation Pause) 156M->5M(256M) 1,716ms
[2025-02-10T17:18:15.897+0400][80,203s][info ][gc] GC(505) Pause Young (Normal) (G1 Evacuation Pause) 156M->6M(256M) 2,221ms
[2025-02-10T17:18:16.055+0400][80,361s][info ][gc] GC(506) Pause Young (Normal) (G1 Evacuation Pause) 156M->4M(256M) 1,117ms
[2025-02-10T17:18:16.215+0400][80,521s][info ][gc] GC(507) Pause Young (Normal) (G1 Evacuation Pause) 156M->5M(256M) 1,602ms
[2025-02-10T17:18:16.373+0400][80,679s][info ][gc] GC(508) Pause Young (Normal) (G1 Evacuation Pause) 156M->6M(256M) 2,214ms
[2025-02-10T17:18:16.530+0400][80,836s][info ][gc] GC(509) Pause Young (Normal) (G1 Evacuation Pause) 156M->7M(256M) 2,703ms
[2025-02-10T17:18:16.686+0400][80,992s][info ][gc] GC(510) Pause Young (Normal) (G1 Evacuation Pause) 156M->4M(256M) 1,241ms
[2025-02-10T17:18:16.845+0400][81,151s][info ][gc] GC(511) Pause Young (Normal) (G1 Evacuation Pause) 156M->5M(256M) 1,972ms
[2025-02-10T17:18:17.004+0400][81,310s][info ][gc] GC(512) Pause Young (Normal) (G1 Evacuation Pause) 156M->7M(256M) 2,618ms
[2025-02-10T17:18:17.161+0400][81,467s][info ][gc] GC(513) Pause Young (Normal) (G1 Evacuation Pause) 157M->4M(256M) 1,153ms
[2025-02-10T17:18:17.319+0400][81,624s][info ][gc] GC(514) Pause Young (Normal) (G1 Evacuation Pause) 156M->5M(256M) 1,978ms
[2025-02-10T17:18:17.477+0400][81,783s][info ][gc] GC(515) Pause Young (Normal) (G1 Evacuation Pause) 156M->7M(256M) 2,456ms
[2025-02-10T17:18:17.634+0400][81,940s][info ][gc] GC(516) Pause Young (Normal) (G1 Evacuation Pause) 157M->4M(256M) 1,258ms
[2025-02-10T17:18:17.792+0400][82,098s][info ][gc] GC(517) Pause Young (Normal) (G1 Evacuation Pause) 156M->5M(256M) 1,877ms
[2025-02-10T17:18:17.951+0400][82,257s][info ][gc] GC(518) Pause Young (Normal) (G1 Evacuation Pause) 156M->6M(256M) 2,540ms
[2025-02-10T17:18:18.108+0400][82,414s][info ][gc] GC(519) Pause Young (Normal) (G1 Evacuation Pause) 156M->4M(256M) 1,275ms
[2025-02-10T17:18:18.269+0400][82,575s][info ][gc] GC(520) Pause Young (Normal) (G1 Evacuation Pause) 156M->5M(256M) 2,366ms
[2025-02-10T17:18:18.428+0400][82,734s][info ][gc] GC(521) Pause Young (Normal) (G1 Evacuation Pause) 156M->6M(256M) 2,312ms
[2025-02-10T17:18:18.584+0400][82,890s][info ][gc] GC(522) Pause Young (Normal) (G1 Evacuation Pause) 156M->4M(256M) 1,262ms
[2025-02-10T17:18:18.743+0400][83,049s][info ][gc] GC(523) Pause Young (Normal) (G1 Evacuation Pause) 156M->5M(256M) 1,845ms
[2025-02-10T17:18:18.902+0400][83,208s][info ][gc] GC(524) Pause Young (Normal) (G1 Evacuation Pause) 156M->6M(256M) 2,384ms
[2025-02-10T17:18:19.059+0400][83,365s][info ][gc] GC(525) Pause Young (Normal) (G1 Evacuation Pause) 156M->4M(256M) 1,129ms
[2025-02-10T17:18:19.219+0400][83,525s][info ][gc] GC(526) Pause Young (Normal) (G1 Evacuation Pause) 156M->5M(256M) 1,695ms
[2025-02-10T17:18:19.378+0400][83,684s][info ][gc] GC(527) Pause Young (Normal) (G1 Evacuation Pause) 156M->6M(256M) 2,381ms
[2025-02-10T17:18:19.535+0400][83,841s][info ][gc] GC(528) Pause Young (Normal) (G1 Evacuation Pause) 156M->4M(256M) 0,988ms
[2025-02-10T17:18:19.693+0400][83,999s][info ][gc] GC(529) Pause Young (Normal) (G1 Evacuation Pause) 156M->5M(256M) 1,454ms
[2025-02-10T17:18:19.852+0400][84,158s][info ][gc] GC(530) Pause Young (Normal) (G1 Evacuation Pause) 156M->6M(256M) 2,148ms
[2025-02-10T17:18:20.010+0400][84,316s][info ][gc] GC(531) Pause Young (Normal) (G1 Evacuation Pause) 156M->7M(256M) 2,894ms
[2025-02-10T17:18:20.167+0400][84,473s][info ][gc] GC(532) Pause Young (Normal) (G1 Evacuation Pause) 156M->4M(256M) 1,208ms
[2025-02-10T17:18:20.326+0400][84,632s][info ][gc] GC(533) Pause Young (Normal) (G1 Evacuation Pause) 156M->5M(256M) 1,893ms
[2025-02-10T17:18:20.485+0400][84,791s][info ][gc] GC(534) Pause Young (Normal) (G1 Evacuation Pause) 156M->7M(256M) 2,413ms
[2025-02-10T17:18:20.642+0400][84,948s][info ][gc] GC(535) Pause Young (Normal) (G1 Evacuation Pause) 157M->4M(256M) 1,290ms
[2025-02-10T17:18:20.801+0400][85,107s][info ][gc] GC(536) Pause Young (Normal) (G1 Evacuation Pause) 156M->5M(256M) 1,770ms
[2025-02-10T17:18:20.960+0400][85,266s][info ][gc] GC(537) Pause Young (Normal) (G1 Evacuation Pause) 156M->7M(256M) 2,945ms
[2025-02-10T17:18:21.117+0400][85,423s][info ][gc] GC(538) Pause Young (Normal) (G1 Evacuation Pause) 157M->4M(256M) 1,218ms
[2025-02-10T17:18:21.277+0400][85,583s][info ][gc] GC(539) Pause Young (Normal) (G1 Evacuation Pause) 156M->5M(256M) 1,889ms
[2025-02-10T17:18:21.437+0400][85,743s][info ][gc] GC(540) Pause Young (Normal) (G1 Evacuation Pause) 156M->6M(256M) 2,442ms
[2025-02-10T17:18:21.595+0400][85,900s][info ][gc] GC(541) Pause Young (Normal) (G1 Evacuation Pause) 156M->4M(256M) 1,540ms
[2025-02-10T17:18:21.754+0400][86,060s][info ][gc] GC(542) Pause Young (Normal) (G1 Evacuation Pause) 156M->5M(256M) 1,926ms
[2025-02-10T17:18:21.913+0400][86,218s][info ][gc] GC(543) Pause Young (Normal) (G1 Evacuation Pause) 156M->6M(256M) 2,360ms
[2025-02-10T17:18:22.069+0400][86,375s][info ][gc] GC(544) Pause Young (Normal) (G1 Evacuation Pause) 156M->4M(256M) 1,123ms
[2025-02-10T17:18:22.228+0400][86,534s][info ][gc] GC(545) Pause Young (Normal) (G1 Evacuation Pause) 156M->5M(256M) 1,814ms
[2025-02-10T17:18:22.387+0400][86,693s][info ][gc] GC(546) Pause Young (Normal) (G1 Evacuation Pause) 156M->6M(256M) 2,350ms
[2025-02-10T17:18:22.543+0400][86,849s][info ][gc] GC(547) Pause Young (Normal) (G1 Evacuation Pause) 156M->4M(256M) 0,909ms
[2025-02-10T17:18:22.701+0400][87,007s][info ][gc] GC(548) Pause Young (Normal) (G1 Evacuation Pause) 156M->5M(256M) 1,560ms
[2025-02-10T17:18:22.860+0400][87,166s][info ][gc] GC(549) Pause Young (Normal) (G1 Evacuation Pause) 156M->6M(256M) 2,796ms
[2025-02-10T17:18:23.016+0400][87,322s][info ][gc] GC(550) Pause Young (Normal) (G1 Evacuation Pause) 156M->4M(256M) 1,105ms
[2025-02-10T17:18:23.174+0400][87,480s][info ][gc] GC(551) Pause Young (Normal) (G1 Evacuation Pause) 156M->5M(256M) 1,664ms
[2025-02-10T17:18:23.333+0400][87,639s][info ][gc] GC(552) Pause Young (Normal) (G1 Evacuation Pause) 156M->6M(256M) 2,404ms
[2025-02-10T17:18:23.492+0400][87,797s][info ][gc] GC(553) Pause Young (Normal) (G1 Evacuation Pause) 156M->7M(256M) 2,754ms
[2025-02-10T17:18:23.647+0400][87,953s][info ][gc] GC(554) Pause Young (Normal) (G1 Evacuation Pause) 156M->4M(256M) 1,232ms
[2025-02-10T17:18:23.806+0400][88,112s][info ][gc] GC(555) Pause Young (Normal) (G1 Evacuation Pause) 156M->5M(256M) 1,957ms
[2025-02-10T17:18:23.964+0400][88,270s][info ][gc] GC(556) Pause Young (Normal) (G1 Evacuation Pause) 156M->6M(256M) 2,706ms
[2025-02-10T17:18:24.122+0400][88,428s][info ][gc] GC(557) Pause Young (Normal) (G1 Evacuation Pause) 156M->4M(256M) 1,184ms
[2025-02-10T17:18:24.280+0400][88,586s][info ][gc] GC(558) Pause Young (Normal) (G1 Evacuation Pause) 156M->5M(256M) 1,964ms
[2025-02-10T17:18:24.440+0400][88,746s][info ][gc] GC(559) Pause Young (Normal) (G1 Evacuation Pause) 156M->7M(256M) 2,548ms
[2025-02-10T17:18:24.598+0400][88,904s][info ][gc] GC(560) Pause Young (Normal) (G1 Evacuation Pause) 157M->4M(256M) 1,512ms
[2025-02-10T17:18:24.758+0400][89,064s][info ][gc] GC(561) Pause Young (Normal) (G1 Evacuation Pause) 156M->5M(256M) 2,061ms
[2025-02-10T17:18:24.916+0400][89,222s][info ][gc] GC(562) Pause Young (Normal) (G1 Evacuation Pause) 156M->6M(256M) 2,405ms
[2025-02-10T17:18:25.073+0400][89,379s][info ][gc] GC(563) Pause Young (Normal) (G1 Evacuation Pause) 156M->4M(256M) 1,151ms
[2025-02-10T17:18:25.232+0400][89,538s][info ][gc] GC(564) Pause Young (Normal) (G1 Evacuation Pause) 156M->5M(256M) 1,881ms
[2025-02-10T17:18:25.390+0400][89,696s][info ][gc] GC(565) Pause Young (Normal) (G1 Evacuation Pause) 156M->6M(256M) 2,119ms
[2025-02-10T17:18:25.547+0400][89,853s][info ][gc] GC(566) Pause Young (Normal) (G1 Evacuation Pause) 156M->4M(256M) 1,263ms
[2025-02-10T17:18:25.706+0400][90,012s][info ][gc] GC(567) Pause Young (Normal) (G1 Evacuation Pause) 156M->5M(256M) 1,841ms
[2025-02-10T17:18:25.864+0400][90,170s][info ][gc] GC(568) Pause Young (Normal) (G1 Evacuation Pause) 156M->6M(256M) 2,263ms
[2025-02-10T17:18:26.021+0400][90,327s][info ][gc] GC(569) Pause Young (Normal) (G1 Evacuation Pause) 156M->4M(256M) 1,051ms
[2025-02-10T17:18:26.179+0400][90,485s][info ][gc] GC(570) Pause Young (Normal) (G1 Evacuation Pause) 156M->5M(256M) 1,617ms
[2025-02-10T17:18:26.338+0400][90,644s][info ][gc] GC(571) Pause Young (Normal) (G1 Evacuation Pause) 156M->6M(256M) 2,391ms
[2025-02-10T17:18:26.494+0400][90,800s][info ][gc] GC(572) Pause Young (Normal) (G1 Evacuation Pause) 156M->4M(256M) 0,838ms
[2025-02-10T17:18:26.653+0400][90,959s][info ][gc] GC(573) Pause Young (Normal) (G1 Evacuation Pause) 156M->5M(256M) 1,616ms
[2025-02-10T17:18:26.811+0400][91,117s][info ][gc] GC(574) Pause Young (Normal) (G1 Evacuation Pause) 156M->6M(256M) 2,249ms
[2025-02-10T17:18:26.969+0400][91,275s][info ][gc] GC(575) Pause Young (Normal) (G1 Evacuation Pause) 156M->7M(256M) 2,494ms
[2025-02-10T17:18:27.125+0400][91,431s][info ][gc] GC(576) Pause Young (Normal) (G1 Evacuation Pause) 156M->4M(256M) 1,138ms
[2025-02-10T17:18:27.285+0400][91,591s][info ][gc] GC(577) Pause Young (Normal) (G1 Evacuation Pause) 156M->5M(256M) 1,928ms
[2025-02-10T17:18:27.444+0400][91,750s][info ][gc] GC(578) Pause Young (Normal) (G1 Evacuation Pause) 156M->7M(256M) 2,556ms
[2025-02-10T17:18:27.601+0400][91,906s][info ][gc] GC(579) Pause Young (Normal) (G1 Evacuation Pause) 156M->4M(256M) 1,166ms
[2025-02-10T17:18:27.759+0400][92,065s][info ][gc] GC(580) Pause Young (Normal) (G1 Evacuation Pause) 156M->5M(256M) 1,913ms
[2025-02-10T17:18:27.918+0400][92,224s][info ][gc] GC(581) Pause Young (Normal) (G1 Evacuation Pause) 156M->6M(256M) 2,345ms
[2025-02-10T17:18:28.074+0400][92,380s][info ][gc] GC(582) Pause Young (Normal) (G1 Evacuation Pause) 156M->4M(256M) 1,149ms
[2025-02-10T17:18:28.233+0400][92,539s][info ][gc] GC(583) Pause Young (Normal) (G1 Evacuation Pause) 156M->5M(256M) 1,774ms
[2025-02-10T17:18:28.392+0400][92,698s][info ][gc] GC(584) Pause Young (Normal) (G1 Evacuation Pause) 156M->6M(256M) 2,125ms
[2025-02-10T17:18:28.549+0400][92,855s][info ][gc] GC(585) Pause Young (Normal) (G1 Evacuation Pause) 156M->4M(256M) 1,780ms
[2025-02-10T17:18:28.708+0400][93,014s][info ][gc] GC(586) Pause Young (Normal) (G1 Evacuation Pause) 156M->5M(256M) 1,692ms
[2025-02-10T17:18:28.866+0400][93,172s][info ][gc] GC(587) Pause Young (Normal) (G1 Evacuation Pause) 156M->6M(256M) 2,379ms
[2025-02-10T17:18:29.023+0400][93,329s][info ][gc] GC(588) Pause Young (Normal) (G1 Evacuation Pause) 156M->4M(256M) 1,062ms
[2025-02-10T17:18:29.181+0400][93,487s][info ][gc] GC(589) Pause Young (Normal) (G1 Evacuation Pause) 156M->5M(256M) 1,560ms
[2025-02-10T17:18:29.340+0400][93,646s][info ][gc] GC(590) Pause Young (Normal) (G1 Evacuation Pause) 156M->6M(256M) 2,057ms
[2025-02-10T17:18:29.497+0400][93,803s][info ][gc] GC(591) Pause Young (Normal) (G1 Evacuation Pause) 156M->7M(256M) 2,778ms
[2025-02-10T17:18:29.653+0400][93,959s][info ][gc] GC(592) Pause Young (Normal) (G1 Evacuation Pause) 156M->4M(256M) 1,213ms
[2025-02-10T17:18:29.812+0400][94,118s][info ][gc] GC(593) Pause Young (Normal) (G1 Evacuation Pause) 156M->5M(256M) 2,052ms
[2025-02-10T17:18:29.973+0400][94,279s][info ][gc] GC(594) Pause Young (Normal) (G1 Evacuation Pause) 156M->7M(256M) 3,265ms
[2025-02-10T17:18:30.130+0400][94,436s][info ][gc] GC(595) Pause Young (Normal) (G1 Evacuation Pause) 157M->4M(256M) 1,660ms
[2025-02-10T17:18:30.289+0400][94,595s][info ][gc] GC(596) Pause Young (Normal) (G1 Evacuation Pause) 156M->5M(256M) 1,905ms
[2025-02-10T17:18:30.448+0400][94,754s][info ][gc] GC(597) Pause Young (Normal) (G1 Evacuation Pause) 156M->7M(256M) 2,536ms
[2025-02-10T17:18:30.605+0400][94,911s][info ][gc] GC(598) Pause Young (Normal) (G1 Evacuation Pause) 157M->4M(256M) 0,977ms
[2025-02-10T17:18:30.764+0400][95,070s][info ][gc] GC(599) Pause Young (Normal) (G1 Evacuation Pause) 156M->5M(256M) 1,962ms
[2025-02-10T17:18:30.923+0400][95,229s][info ][gc] GC(600) Pause Young (Normal) (G1 Evacuation Pause) 156M->6M(256M) 2,410ms
[2025-02-10T17:18:31.079+0400][95,385s][info ][gc] GC(601) Pause Young (Normal) (G1 Evacuation Pause) 156M->4M(256M) 1,114ms
[2025-02-10T17:18:31.240+0400][95,546s][info ][gc] GC(602) Pause Young (Normal) (G1 Evacuation Pause) 156M->5M(256M) 3,331ms
[2025-02-10T17:18:31.400+0400][95,706s][info ][gc] GC(603) Pause Young (Normal) (G1 Evacuation Pause) 156M->6M(256M) 2,548ms
[2025-02-10T17:18:31.557+0400][95,862s][info ][gc] GC(604) Pause Young (Normal) (G1 Evacuation Pause) 156M->4M(256M) 1,280ms
[2025-02-10T17:18:31.716+0400][96,022s][info ][gc] GC(605) Pause Young (Normal) (G1 Evacuation Pause) 156M->5M(256M) 2,222ms
[2025-02-10T17:18:31.874+0400][96,180s][info ][gc] GC(606) Pause Young (Normal) (G1 Evacuation Pause) 156M->6M(256M) 2,265ms
[2025-02-10T17:18:32.031+0400][96,337s][info ][gc] GC(607) Pause Young (Normal) (G1 Evacuation Pause) 156M->4M(256M) 1,281ms
[2025-02-10T17:18:32.190+0400][96,496s][info ][gc] GC(608) Pause Young (Normal) (G1 Evacuation Pause) 156M->5M(256M) 1,559ms
[2025-02-10T17:18:32.348+0400][96,654s][info ][gc] GC(609) Pause Young (Normal) (G1 Evacuation Pause) 156M->6M(256M) 2,196ms
[2025-02-10T17:18:32.504+0400][96,810s][info ][gc] GC(610) Pause Young (Normal) (G1 Evacuation Pause) 156M->4M(256M) 0,930ms
[2025-02-10T17:18:32.663+0400][96,969s][info ][gc] GC(611) Pause Young (Normal) (G1 Evacuation Pause) 156M->5M(256M) 1,604ms
[2025-02-10T17:18:32.822+0400][97,128s][info ][gc] GC(612) Pause Young (Normal) (G1 Evacuation Pause) 156M->6M(256M) 2,477ms
[2025-02-10T17:18:32.980+0400][97,285s][info ][gc] GC(613) Pause Young (Normal) (G1 Evacuation Pause) 156M->7M(256M) 2,598ms
[2025-02-10T17:18:33.135+0400][97,441s][info ][gc] GC(614) Pause Young (Normal) (G1 Evacuation Pause) 156M->4M(256M) 1,304ms
[2025-02-10T17:18:33.295+0400][97,601s][info ][gc] GC(615) Pause Young (Normal) (G1 Evacuation Pause) 156M->5M(256M) 2,015ms
[2025-02-10T17:18:33.454+0400][97,760s][info ][gc] GC(616) Pause Young (Normal) (G1 Evacuation Pause) 156M->7M(256M) 2,499ms
[2025-02-10T17:18:33.611+0400][97,917s][info ][gc] GC(617) Pause Young (Normal) (G1 Evacuation Pause) 157M->4M(256M) 1,100ms
[2025-02-10T17:18:33.769+0400][98,075s][info ][gc] GC(618) Pause Young (Normal) (G1 Evacuation Pause) 156M->5M(256M) 1,804ms
[2025-02-10T17:18:33.927+0400][98,233s][info ][gc] GC(619) Pause Young (Normal) (G1 Evacuation Pause) 156M->6M(256M) 2,684ms
[2025-02-10T17:18:34.085+0400][98,391s][info ][gc] GC(620) Pause Young (Normal) (G1 Evacuation Pause) 156M->4M(256M) 1,161ms
[2025-02-10T17:18:34.245+0400][98,551s][info ][gc] GC(621) Pause Young (Normal) (G1 Evacuation Pause) 156M->5M(256M) 1,831ms
[2025-02-10T17:18:34.405+0400][98,711s][info ][gc] GC(622) Pause Young (Normal) (G1 Evacuation Pause) 156M->6M(256M) 2,317ms
[2025-02-10T17:18:34.561+0400][98,867s][info ][gc] GC(623) Pause Young (Normal) (G1 Evacuation Pause) 156M->4M(256M) 1,230ms
[2025-02-10T17:18:34.720+0400][99,026s][info ][gc] GC(624) Pause Young (Normal) (G1 Evacuation Pause) 156M->5M(256M) 1,691ms
[2025-02-10T17:18:34.879+0400][99,184s][info ][gc] GC(625) Pause Young (Normal) (G1 Evacuation Pause) 156M->6M(256M) 2,308ms
[2025-02-10T17:18:35.035+0400][99,341s][info ][gc] GC(626) Pause Young (Normal) (G1 Evacuation Pause) 156M->4M(256M) 1,314ms
[2025-02-10T17:18:35.194+0400][99,499s][info ][gc] GC(627) Pause Young (Normal) (G1 Evacuation Pause) 156M->5M(256M) 1,599ms
[2025-02-10T17:18:35.352+0400][99,658s][info ][gc] GC(628) Pause Young (Normal) (G1 Evacuation Pause) 156M->6M(256M) 2,462ms
[2025-02-10T17:18:35.509+0400][99,815s][info ][gc] GC(629) Pause Young (Normal) (G1 Evacuation Pause) 156M->4M(256M) 1,221ms
[2025-02-10T17:18:35.667+0400][99,973s][info ][gc] GC(630) Pause Young (Normal) (G1 Evacuation Pause) 156M->5M(256M) 1,615ms
[2025-02-10T17:18:35.826+0400][100,132s][info ][gc] GC(631) Pause Young (Normal) (G1 Evacuation Pause) 156M->6M(256M) 2,196ms
[2025-02-10T17:18:35.983+0400][100,289s][info ][gc] GC(632) Pause Young (Normal) (G1 Evacuation Pause) 156M->7M(256M) 2,749ms
[2025-02-10T17:18:36.139+0400][100,445s][info ][gc] GC(633) Pause Young (Normal) (G1 Evacuation Pause) 156M->4M(256M) 1,190ms
[2025-02-10T17:18:36.298+0400][100,604s][info ][gc] GC(634) Pause Young (Normal) (G1 Evacuation Pause) 156M->5M(256M) 1,932ms
[2025-02-10T17:18:36.458+0400][100,764s][info ][gc] GC(635) Pause Young (Normal) (G1 Evacuation Pause) 156M->7M(256M) 2,772ms
[2025-02-10T17:18:36.615+0400][100,921s][info ][gc] GC(636) Pause Young (Normal) (G1 Evacuation Pause) 157M->4M(256M) 1,185ms
[2025-02-10T17:18:36.774+0400][101,080s][info ][gc] GC(637) Pause Young (Normal) (G1 Evacuation Pause) 156M->6M(256M) 2,006ms
[2025-02-10T17:18:36.933+0400][101,239s][info ][gc] GC(638) Pause Young (Normal) (G1 Evacuation Pause) 157M->7M(256M) 2,741ms
[2025-02-10T17:18:37.089+0400][101,395s][info ][gc] GC(639) Pause Young (Normal) (G1 Evacuation Pause) 157M->4M(256M) 1,207ms
[2025-02-10T17:18:37.249+0400][101,555s][info ][gc] GC(640) Pause Young (Normal) (G1 Evacuation Pause) 156M->5M(256M) 2,000ms
[2025-02-10T17:18:37.409+0400][101,715s][info ][gc] GC(641) Pause Young (Normal) (G1 Evacuation Pause) 156M->6M(256M) 3,914ms
[2025-02-10T17:18:37.565+0400][101,871s][info ][gc] GC(642) Pause Young (Normal) (G1 Evacuation Pause) 156M->4M(256M) 1,557ms
[2025-02-10T17:18:37.724+0400][102,030s][info ][gc] GC(643) Pause Young (Normal) (G1 Evacuation Pause) 156M->5M(256M) 1,775ms
[2025-02-10T17:18:37.882+0400][102,188s][info ][gc] GC(644) Pause Young (Normal) (G1 Evacuation Pause) 156M->6M(256M) 2,161ms
[2025-02-10T17:18:38.039+0400][102,345s][info ][gc] GC(645) Pause Young (Normal) (G1 Evacuation Pause) 156M->4M(256M) 1,188ms
[2025-02-10T17:18:38.198+0400][102,504s][info ][gc] GC(646) Pause Young (Normal) (G1 Evacuation Pause) 156M->5M(256M) 1,935ms
[2025-02-10T17:18:38.357+0400][102,663s][info ][gc] GC(647) Pause Young (Normal) (G1 Evacuation Pause) 156M->6M(256M) 2,236ms
[2025-02-10T17:18:38.513+0400][102,819s][info ][gc] GC(648) Pause Young (Normal) (G1 Evacuation Pause) 156M->4M(256M) 1,097ms
[2025-02-10T17:18:38.671+0400][102,977s][info ][gc] GC(649) Pause Young (Normal) (G1 Evacuation Pause) 156M->5M(256M) 1,636ms
[2025-02-10T17:18:38.831+0400][103,137s][info ][gc] GC(650) Pause Young (Normal) (G1 Evacuation Pause) 156M->6M(256M) 2,407ms
[2025-02-10T17:18:38.987+0400][103,293s][info ][gc] GC(651) Pause Young (Normal) (G1 Evacuation Pause) 156M->4M(256M) 0,871ms
[2025-02-10T17:18:39.144+0400][103,450s][info ][gc] GC(652) Pause Young (Normal) (G1 Evacuation Pause) 156M->5M(256M) 1,491ms
[2025-02-10T17:18:39.302+0400][103,608s][info ][gc] GC(653) Pause Young (Normal) (G1 Evacuation Pause) 156M->6M(256M) 2,302ms
[2025-02-10T17:18:39.460+0400][103,766s][info ][gc] GC(654) Pause Young (Normal) (G1 Evacuation Pause) 156M->7M(256M) 2,781ms
[2025-02-10T17:18:39.615+0400][103,921s][info ][gc] GC(655) Pause Young (Normal) (G1 Evacuation Pause) 156M->4M(256M) 1,213ms
[2025-02-10T17:18:39.774+0400][104,080s][info ][gc] GC(656) Pause Young (Normal) (G1 Evacuation Pause) 156M->5M(256M) 2,029ms
[2025-02-10T17:18:39.934+0400][104,240s][info ][gc] GC(657) Pause Young (Normal) (G1 Evacuation Pause) 156M->6M(256M) 2,767ms
[2025-02-10T17:18:40.091+0400][104,397s][info ][gc] GC(658) Pause Young (Normal) (G1 Evacuation Pause) 156M->4M(256M) 1,277ms
[2025-02-10T17:18:40.250+0400][104,556s][info ][gc] GC(659) Pause Young (Normal) (G1 Evacuation Pause) 156M->5M(256M) 1,875ms
[2025-02-10T17:18:40.409+0400][104,715s][info ][gc] GC(660) Pause Young (Normal) (G1 Evacuation Pause) 156M->6M(256M) 2,730ms
[2025-02-10T17:18:40.565+0400][104,871s][info ][gc] GC(661) Pause Young (Normal) (G1 Evacuation Pause) 156M->4M(256M) 1,279ms
[2025-02-10T17:18:40.723+0400][105,029s][info ][gc] GC(662) Pause Young (Normal) (G1 Evacuation Pause) 156M->5M(256M) 2,027ms
[2025-02-10T17:18:40.881+0400][105,187s][info ][gc] GC(663) Pause Young (Normal) (G1 Evacuation Pause) 156M->6M(256M) 2,348ms
[2025-02-10T17:18:41.038+0400][105,344s][info ][gc] GC(664) Pause Young (Normal) (G1 Evacuation Pause) 156M->4M(256M) 1,294ms
[2025-02-10T17:18:41.197+0400][105,503s][info ][gc] GC(665) Pause Young (Normal) (G1 Evacuation Pause) 156M->5M(256M) 1,908ms
[2025-02-10T17:18:41.357+0400][105,663s][info ][gc] GC(666) Pause Young (Normal) (G1 Evacuation Pause) 156M->6M(256M) 2,330ms
[2025-02-10T17:18:41.514+0400][105,820s][info ][gc] GC(667) Pause Young (Normal) (G1 Evacuation Pause) 156M->4M(256M) 1,179ms
[2025-02-10T17:18:41.671+0400][105,977s][info ][gc] GC(668) Pause Young (Normal) (G1 Evacuation Pause) 156M->5M(256M) 1,754ms
[2025-02-10T17:18:41.830+0400][106,136s][info ][gc] GC(669) Pause Young (Normal) (G1 Evacuation Pause) 156M->6M(256M) 2,333ms
[2025-02-10T17:18:41.986+0400][106,292s][info ][gc] GC(670) Pause Young (Normal) (G1 Evacuation Pause) 156M->4M(256M) 1,113ms
[2025-02-10T17:18:42.147+0400][106,453s][info ][gc] GC(671) Pause Young (Normal) (G1 Evacuation Pause) 156M->5M(256M) 1,650ms
[2025-02-10T17:18:42.307+0400][106,613s][info ][gc] GC(672) Pause Young (Normal) (G1 Evacuation Pause) 156M->6M(256M) 2,527ms
[2025-02-10T17:18:42.465+0400][106,771s][info ][gc] GC(673) Pause Young (Normal) (G1 Evacuation Pause) 156M->4M(256M) 1,328ms
[2025-02-10T17:18:42.625+0400][106,930s][info ][gc] GC(674) Pause Young (Normal) (G1 Evacuation Pause) 156M->5M(256M) 1,522ms
[2025-02-10T17:18:42.783+0400][107,089s][info ][gc] GC(675) Pause Young (Normal) (G1 Evacuation Pause) 156M->6M(256M) 2,154ms
[2025-02-10T17:18:42.941+0400][107,247s][info ][gc] GC(676) Pause Young (Normal) (G1 Evacuation Pause) 156M->7M(256M) 2,636ms
[2025-02-10T17:18:43.096+0400][107,402s][info ][gc] GC(677) Pause Young (Normal) (G1 Evacuation Pause) 156M->4M(256M) 1,191ms
[2025-02-10T17:18:43.255+0400][107,561s][info ][gc] GC(678) Pause Young (Normal) (G1 Evacuation Pause) 156M->5M(256M) 1,998ms
[2025-02-10T17:18:43.414+0400][107,720s][info ][gc] GC(679) Pause Young (Normal) (G1 Evacuation Pause) 156M->6M(256M) 2,520ms
[2025-02-10T17:18:43.569+0400][107,875s][info ][gc] GC(680) Pause Young (Normal) (G1 Evacuation Pause) 156M->4M(256M) 1,233ms
[2025-02-10T17:18:43.729+0400][108,035s][info ][gc] GC(681) Pause Young (Normal) (G1 Evacuation Pause) 156M->5M(256M) 1,913ms
[2025-02-10T17:18:43.887+0400][108,193s][info ][gc] GC(682) Pause Young (Normal) (G1 Evacuation Pause) 156M->7M(256M) 2,607ms
[2025-02-10T17:18:44.044+0400][108,350s][info ][gc] GC(683) Pause Young (Normal) (G1 Evacuation Pause) 157M->4M(256M) 1,191ms
[2025-02-10T17:18:44.202+0400][108,508s][info ][gc] GC(684) Pause Young (Normal) (G1 Evacuation Pause) 156M->5M(256M) 1,489ms
