[2025-02-10T21:09:51.078+0400][0.001s][info][gc] Using G1
[2025-02-10T21:09:51.079+0400][0.002s][debug][gc] ConcGCThreads: 2 offset 12
[2025-02-10T21:09:51.079+0400][0.002s][debug][gc] ParallelGCThreads: 6
[2025-02-10T21:09:51.079+0400][0.002s][debug][gc] Initialize mark stack with 4096 chunks, maximum 524288
[2025-02-10T21:09:51.505+0400][0,428s][info ][gc] GC(0) Pause Young (Normal) (G1 Evacuation Pause) 103M->2M(2048M) 2,652ms
[2025-02-10T21:09:51.743+0400][0,667s][info ][gc] GC(1) Pause Young (Normal) (G1 Evacuation Pause) 112M->2M(2048M) 1,884ms
[2025-02-10T21:09:54.731+0400][3,654s][info ][gc] GC(2) Pause Young (Normal) (G1 Evacuation Pause) 1228M->2M(2048M) 2,650ms
[2025-02-10T21:09:57.304+0400][6,227s][info ][gc] GC(3) Pause Young (Normal) (G1 Evacuation Pause) 1228M->2M(2048M) 2,427ms
[2025-02-10T21:09:59.882+0400][8,805s][info ][gc] GC(4) Pause Young (Normal) (G1 Evacuation Pause) 1228M->2M(2048M) 2,696ms
[2025-02-10T21:10:02.480+0400][11,403s][info ][gc] GC(5) Pause Young (Normal) (G1 Evacuation Pause) 1228M->2M(2048M) 2,168ms
[2025-02-10T21:10:05.056+0400][13,979s][info ][gc] GC(6) Pause Young (Normal) (G1 Evacuation Pause) 1228M->2M(2048M) 2,495ms
[2025-02-10T21:10:07.630+0400][16,553s][info ][gc] GC(7) Pause Young (Normal) (G1 Evacuation Pause) 1228M->2M(2048M) 2,134ms
[2025-02-10T21:10:10.204+0400][19,127s][info ][gc] GC(8) Pause Young (Normal) (G1 Evacuation Pause) 1228M->2M(2048M) 2,370ms
[2025-02-10T21:10:12.780+0400][21,703s][info ][gc] GC(9) Pause Young (Normal) (G1 Evacuation Pause) 1228M->2M(2048M) 2,450ms
[2025-02-10T21:10:15.356+0400][24,279s][info ][gc] GC(10) Pause Young (Normal) (G1 Evacuation Pause) 1228M->2M(2048M) 2,036ms
[2025-02-10T21:10:17.929+0400][26,853s][info ][gc] GC(11) Pause Young (Normal) (G1 Evacuation Pause) 1228M->2M(2048M) 2,412ms
[2025-02-10T21:10:20.504+0400][29,428s][info ][gc] GC(12) Pause Young (Normal) (G1 Evacuation Pause) 1228M->2M(2048M) 2,173ms
[2025-02-10T21:10:23.081+0400][32,004s][info ][gc] GC(13) Pause Young (Normal) (G1 Evacuation Pause) 1228M->2M(2048M) 2,144ms
[2025-02-10T21:10:25.654+0400][34,577s][info ][gc] GC(14) Pause Young (Normal) (G1 Evacuation Pause) 1228M->2M(2048M) 2,350ms
[2025-02-10T21:10:28.232+0400][37,156s][info ][gc] GC(15) Pause Young (Normal) (G1 Evacuation Pause) 1228M->3M(2048M) 2,508ms
[2025-02-10T21:10:31.058+0400][39,982s][info ][gc] GC(16) Pause Young (Normal) (G1 Evacuation Pause) 1230M->2M(2048M) 1,663ms
[2025-02-10T21:10:33.884+0400][42,807s][info ][gc] GC(17) Pause Young (Normal) (G1 Evacuation Pause) 1229M->2M(2048M) 2,232ms
[2025-02-10T21:10:36.710+0400][45,633s][info ][gc] GC(18) Pause Young (Normal) (G1 Evacuation Pause) 1229M->2M(2048M) 1,893ms
[2025-02-10T21:10:39.535+0400][48,458s][info ][gc] GC(19) Pause Young (Normal) (G1 Evacuation Pause) 1229M->2M(2048M) 1,582ms
[2025-02-10T21:10:42.363+0400][51,287s][info ][gc] GC(20) Pause Young (Normal) (G1 Evacuation Pause) 1229M->2M(2048M) 1,656ms
[2025-02-10T21:10:45.189+0400][54,113s][info ][gc] GC(21) Pause Young (Normal) (G1 Evacuation Pause) 1229M->2M(2048M) 1,799ms
[2025-02-10T21:10:48.016+0400][56,939s][info ][gc] GC(22) Pause Young (Normal) (G1 Evacuation Pause) 1229M->2M(2048M) 1,494ms
[2025-02-10T21:10:50.846+0400][59,770s][info ][gc] GC(23) Pause Young (Normal) (G1 Evacuation Pause) 1229M->2M(2048M) 1,760ms
[2025-02-10T21:10:53.673+0400][62,596s][info ][gc] GC(24) Pause Young (Normal) (G1 Evacuation Pause) 1229M->2M(2048M) 1,858ms
[2025-02-10T21:10:56.500+0400][65,423s][info ][gc] GC(25) Pause Young (Normal) (G1 Evacuation Pause) 1229M->2M(2048M) 1,783ms
[2025-02-10T21:10:59.328+0400][68,251s][info ][gc] GC(26) Pause Young (Normal) (G1 Evacuation Pause) 1229M->2M(2048M) 1,842ms
[2025-02-10T21:11:02.158+0400][71,081s][info ][gc] GC(27) Pause Young (Normal) (G1 Evacuation Pause) 1229M->2M(2048M) 1,462ms
[2025-02-10T21:11:04.985+0400][73,908s][info ][gc] GC(28) Pause Young (Normal) (G1 Evacuation Pause) 1229M->2M(2048M) 1,491ms
