[2025-02-10T19:29:15.242+0400][0.002s][info][gc] Using G1
[2025-02-10T19:29:15.243+0400][0.002s][debug][gc] ConcGCThreads: 2 offset 12
[2025-02-10T19:29:15.243+0400][0.002s][debug][gc] ParallelGCThreads: 6
[2025-02-10T19:29:15.243+0400][0.002s][debug][gc] Initialize mark stack with 4096 chunks, maximum 524288
[2025-02-10T19:29:15.654+0400][0,413s][info ][gc] GC(0) Pause Young (Normal) (G1 Evacuation Pause) 77M->2M(1536M) 2,112ms
[2025-02-10T19:29:15.881+0400][0,640s][info ][gc] GC(1) Pause Young (Normal) (G1 Evacuation Pause) 86M->2M(1536M) 1,685ms
[2025-02-10T19:29:18.575+0400][3,334s][info ][gc] GC(2) Pause Young (Normal) (G1 Evacuation Pause) 921M->3M(1536M) 2,228ms
[2025-02-10T19:29:20.943+0400][5,702s][info ][gc] GC(3) Pause Young (Normal) (G1 Evacuation Pause) 922M->2M(1536M) 2,049ms
[2025-02-10T19:29:23.307+0400][8,066s][info ][gc] GC(4) Pause Young (Normal) (G1 Evacuation Pause) 921M->2M(1536M) 2,065ms
[2025-02-10T19:29:25.678+0400][10,437s][info ][gc] GC(5) Pause Young (Normal) (G1 Evacuation Pause) 921M->2M(1536M) 1,904ms
[2025-02-10T19:29:28.048+0400][12,807s][info ][gc] GC(6) Pause Young (Normal) (G1 Evacuation Pause) 921M->2M(1536M) 1,928ms
[2025-02-10T19:29:30.422+0400][15,181s][info ][gc] GC(7) Pause Young (Normal) (G1 Evacuation Pause) 921M->2M(1536M) 1,859ms
[2025-02-10T19:29:32.785+0400][17,544s][info ][gc] GC(8) Pause Young (Normal) (G1 Evacuation Pause) 921M->3M(1536M) 2,115ms
[2025-02-10T19:29:35.145+0400][19,904s][info ][gc] GC(9) Pause Young (Normal) (G1 Evacuation Pause) 922M->2M(1536M) 2,121ms
[2025-02-10T19:29:37.505+0400][22,264s][info ][gc] GC(10) Pause Young (Normal) (G1 Evacuation Pause) 921M->2M(1536M) 2,143ms
[2025-02-10T19:29:39.867+0400][24,626s][info ][gc] GC(11) Pause Young (Normal) (G1 Evacuation Pause) 921M->2M(1536M) 2,121ms
[2025-02-10T19:29:42.240+0400][26,999s][info ][gc] GC(12) Pause Young (Normal) (G1 Evacuation Pause) 921M->2M(1536M) 2,032ms
[2025-02-10T19:29:44.602+0400][29,361s][info ][gc] GC(13) Pause Young (Normal) (G1 Evacuation Pause) 921M->2M(1536M) 2,025ms
[2025-02-10T19:29:46.964+0400][31,723s][info ][gc] GC(14) Pause Young (Normal) (G1 Evacuation Pause) 921M->2M(1536M) 1,988ms
[2025-02-10T19:29:49.327+0400][34,086s][info ][gc] GC(15) Pause Young (Normal) (G1 Evacuation Pause) 921M->2M(1536M) 2,067ms
[2025-02-10T19:29:51.859+0400][36,618s][info ][gc] GC(16) Pause Young (Normal) (G1 Evacuation Pause) 922M->2M(1536M) 1,824ms
[2025-02-10T19:29:54.393+0400][39,152s][info ][gc] GC(17) Pause Young (Normal) (G1 Evacuation Pause) 922M->2M(1536M) 1,379ms
[2025-02-10T19:29:56.924+0400][41,683s][info ][gc] GC(18) Pause Young (Normal) (G1 Evacuation Pause) 922M->2M(1536M) 1,524ms
[2025-02-10T19:29:59.456+0400][44,215s][info ][gc] GC(19) Pause Young (Normal) (G1 Evacuation Pause) 922M->2M(1536M) 1,344ms
[2025-02-10T19:30:01.988+0400][46,747s][info ][gc] GC(20) Pause Young (Normal) (G1 Evacuation Pause) 922M->2M(1536M) 1,286ms
[2025-02-10T19:30:04.522+0400][49,281s][info ][gc] GC(21) Pause Young (Normal) (G1 Evacuation Pause) 922M->2M(1536M) 1,466ms
[2025-02-10T19:30:07.052+0400][51,811s][info ][gc] GC(22) Pause Young (Normal) (G1 Evacuation Pause) 922M->2M(1536M) 1,284ms
[2025-02-10T19:30:09.581+0400][54,340s][info ][gc] GC(23) Pause Young (Normal) (G1 Evacuation Pause) 922M->2M(1536M) 1,242ms
[2025-02-10T19:30:12.112+0400][56,871s][info ][gc] GC(24) Pause Young (Normal) (G1 Evacuation Pause) 922M->2M(1536M) 1,343ms
[2025-02-10T19:30:14.647+0400][59,406s][info ][gc] GC(25) Pause Young (Normal) (G1 Evacuation Pause) 922M->2M(1536M) 1,303ms
[2025-02-10T19:30:17.195+0400][61,954s][info ][gc] GC(26) Pause Young (Normal) (G1 Evacuation Pause) 922M->2M(1536M) 1,844ms
[2025-02-10T19:30:19.747+0400][64,506s][info ][gc] GC(27) Pause Young (Normal) (G1 Evacuation Pause) 922M->2M(1536M) 1,249ms
[2025-02-10T19:30:22.299+0400][67,058s][info ][gc] GC(28) Pause Young (Normal) (G1 Evacuation Pause) 922M->2M(1536M) 1,586ms
[2025-02-10T19:30:24.852+0400][69,611s][info ][gc] GC(29) Pause Young (Normal) (G1 Evacuation Pause) 922M->2M(1536M) 1,339ms
