[2025-02-10T18:29:55.638+0400][0.002s][info][gc] Using G1
[2025-02-10T18:29:55.638+0400][0.002s][debug][gc] ConcGCThreads: 2 offset 12
[2025-02-10T18:29:55.638+0400][0.002s][debug][gc] ParallelGCThreads: 6
[2025-02-10T18:29:55.638+0400][0.002s][debug][gc] Initialize mark stack with 4096 chunks, maximum 524288
[2025-02-10T18:29:56.078+0400][0,442s][info ][gc] GC(0) Pause Young (Normal) (G1 Evacuation Pause) 103M->4M(2048M) 2,641ms
[2025-02-10T18:29:56.275+0400][0,639s][info ][gc] GC(1) Pause Young (Normal) (G1 Evacuation Pause) 112M->3M(2048M) 1,850ms
[2025-02-10T18:29:58.824+0400][3,188s][info ][gc] GC(2) Pause Young (Normal) (G1 Evacuation Pause) 1228M->6M(2048M) 4,092ms
[2025-02-10T18:30:00.930+0400][5,294s][info ][gc] GC(3) Pause Young (Normal) (G1 Evacuation Pause) 1229M->4M(2048M) 2,649ms
[2025-02-10T18:30:03.038+0400][7,402s][info ][gc] GC(4) Pause Young (Normal) (G1 Evacuation Pause) 1228M->3M(2048M) 2,344ms
[2025-02-10T18:30:05.145+0400][9,509s][info ][gc] GC(5) Pause Young (Normal) (G1 Evacuation Pause) 1228M->3M(2048M) 1,918ms
[2025-02-10T18:30:07.259+0400][11,623s][info ][gc] GC(6) Pause Young (Normal) (G1 Evacuation Pause) 1229M->5M(2048M) 4,129ms
[2025-02-10T18:30:09.361+0400][13,725s][info ][gc] GC(7) Pause Young (Normal) (G1 Evacuation Pause) 1228M->4M(2048M) 2,599ms
[2025-02-10T18:30:11.467+0400][15,831s][info ][gc] GC(8) Pause Young (Normal) (G1 Evacuation Pause) 1228M->3M(2048M) 2,460ms
[2025-02-10T18:30:13.576+0400][17,940s][info ][gc] GC(9) Pause Young (Normal) (G1 Evacuation Pause) 1228M->6M(2048M) 3,465ms
[2025-02-10T18:30:15.680+0400][20,044s][info ][gc] GC(10) Pause Young (Normal) (G1 Evacuation Pause) 1228M->5M(2048M) 2,545ms
[2025-02-10T18:30:17.783+0400][22,147s][info ][gc] GC(11) Pause Young (Normal) (G1 Evacuation Pause) 1228M->3M(2048M) 1,990ms
[2025-02-10T18:30:19.890+0400][24,254s][info ][gc] GC(12) Pause Young (Normal) (G1 Evacuation Pause) 1229M->5M(2048M) 3,762ms
[2025-02-10T18:30:21.995+0400][26,359s][info ][gc] GC(13) Pause Young (Normal) (G1 Evacuation Pause) 1228M->5M(2048M) 2,557ms
[2025-02-10T18:30:24.100+0400][28,464s][info ][gc] GC(14) Pause Young (Normal) (G1 Evacuation Pause) 1229M->3M(2048M) 2,482ms
[2025-02-10T18:30:26.207+0400][30,571s][info ][gc] GC(15) Pause Young (Normal) (G1 Evacuation Pause) 1228M->6M(2048M) 4,064ms
[2025-02-10T18:30:28.462+0400][32,826s][info ][gc] GC(16) Pause Young (Normal) (G1 Evacuation Pause) 1230M->5M(2048M) 2,649ms
[2025-02-10T18:30:30.718+0400][35,082s][info ][gc] GC(17) Pause Young (Normal) (G1 Evacuation Pause) 1230M->4M(2048M) 2,144ms
[2025-02-10T18:30:32.975+0400][37,339s][info ][gc] GC(18) Pause Young (Normal) (G1 Evacuation Pause) 1230M->4M(2048M) 2,116ms
[2025-02-10T18:30:35.232+0400][39,596s][info ][gc] GC(19) Pause Young (Normal) (G1 Evacuation Pause) 1230M->4M(2048M) 2,160ms
[2025-02-10T18:30:37.488+0400][41,852s][info ][gc] GC(20) Pause Young (Normal) (G1 Evacuation Pause) 1230M->3M(2048M) 1,872ms
[2025-02-10T18:30:39.750+0400][44,114s][info ][gc] GC(21) Pause Young (Normal) (G1 Evacuation Pause) 1230M->3M(2048M) 1,996ms
[2025-02-10T18:30:42.011+0400][46,375s][info ][gc] GC(22) Pause Young (Normal) (G1 Evacuation Pause) 1230M->3M(2048M) 2,533ms
[2025-02-10T18:30:44.266+0400][48,630s][info ][gc] GC(23) Pause Young (Normal) (G1 Evacuation Pause) 1229M->3M(2048M) 1,778ms
[2025-02-10T18:30:46.525+0400][50,889s][info ][gc] GC(24) Pause Young (Normal) (G1 Evacuation Pause) 1230M->3M(2048M) 2,011ms
[2025-02-10T18:30:48.784+0400][53,148s][info ][gc] GC(25) Pause Young (Normal) (G1 Evacuation Pause) 1230M->3M(2048M) 2,588ms
[2025-02-10T18:30:51.040+0400][55,404s][info ][gc] GC(26) Pause Young (Normal) (G1 Evacuation Pause) 1229M->3M(2048M) 1,980ms
[2025-02-10T18:30:53.298+0400][57,662s][info ][gc] GC(27) Pause Young (Normal) (G1 Evacuation Pause) 1230M->3M(2048M) 2,087ms
[2025-02-10T18:30:55.557+0400][59,921s][info ][gc] GC(28) Pause Young (Normal) (G1 Evacuation Pause) 1230M->4M(2048M) 2,154ms
[2025-02-10T18:30:57.817+0400][62,181s][info ][gc] GC(29) Pause Young (Normal) (G1 Evacuation Pause) 1230M->3M(2048M) 1,861ms
[2025-02-10T18:31:00.080+0400][64,444s][info ][gc] GC(30) Pause Young (Normal) (G1 Evacuation Pause) 1230M->3M(2048M) 1,905ms
[2025-02-10T18:31:02.338+0400][66,702s][info ][gc] GC(31) Pause Young (Normal) (G1 Evacuation Pause) 1230M->3M(2048M) 1,874ms
[2025-02-10T18:31:04.597+0400][68,961s][info ][gc] GC(32) Pause Young (Normal) (G1 Evacuation Pause) 1230M->3M(2048M) 2,272ms
[2025-02-10T18:31:06.854+0400][71,218s][info ][gc] GC(33) Pause Young (Normal) (G1 Evacuation Pause) 1229M->3M(2048M) 2,081ms
[2025-02-10T18:31:09.114+0400][73,478s][info ][gc] GC(34) Pause Young (Normal) (G1 Evacuation Pause) 1230M->3M(2048M) 2,285ms
[2025-02-10T18:31:11.373+0400][75,737s][info ][gc] GC(35) Pause Young (Normal) (G1 Evacuation Pause) 1230M->4M(2048M) 2,048ms
