[2025-02-10T20:14:25.515+0400][0.002s][info][gc] Using G1
[2025-02-10T20:14:25.515+0400][0.002s][debug][gc] ConcGCThreads: 2 offset 12
[2025-02-10T20:14:25.515+0400][0.002s][debug][gc] ParallelGCThreads: 6
[2025-02-10T20:14:25.515+0400][0.002s][debug][gc] Initialize mark stack with 4096 chunks, maximum 524288
[2025-02-10T20:14:25.716+0400][0,202s][info ][gc] GC(0) Pause Young (Normal) (G1 Evacuation Pause) 26M->5M(512M) 4,144ms
[2025-02-10T20:14:25.753+0400][0,239s][info ][gc] GC(1) Pause Young (Normal) (G1 Evacuation Pause) 33M->4M(512M) 1,610ms
[2025-02-10T20:14:26.181+0400][0,667s][info ][gc] GC(2) Pause Young (Normal) (G1 Evacuation Pause) 309M->4M(512M) 1,136ms
[2025-02-10T20:14:26.509+0400][0,996s][info ][gc] GC(3) Pause Young (Normal) (G1 Evacuation Pause) 310M->6M(512M) 2,792ms
[2025-02-10T20:14:26.835+0400][1,321s][info ][gc] GC(4) Pause Young (Normal) (G1 Evacuation Pause) 310M->5M(512M) 2,072ms
[2025-02-10T20:14:27.160+0400][1,646s][info ][gc] GC(5) Pause Young (Normal) (G1 Evacuation Pause) 310M->5M(512M) 1,789ms
[2025-02-10T20:14:27.485+0400][1,971s][info ][gc] GC(6) Pause Young (Normal) (G1 Evacuation Pause) 310M->4M(512M) 1,443ms
[2025-02-10T20:14:27.811+0400][2,297s][info ][gc] GC(7) Pause Young (Normal) (G1 Evacuation Pause) 310M->3M(512M) 1,439ms
[2025-02-10T20:14:28.137+0400][2,623s][info ][gc] GC(8) Pause Young (Normal) (G1 Evacuation Pause) 309M->6M(512M) 2,640ms
[2025-02-10T20:14:28.455+0400][2,941s][info ][gc] GC(9) Pause Young (Normal) (G1 Evacuation Pause) 310M->5M(512M) 2,003ms
[2025-02-10T20:14:28.772+0400][3,259s][info ][gc] GC(10) Pause Young (Normal) (G1 Evacuation Pause) 309M->5M(512M) 1,647ms
[2025-02-10T20:14:29.091+0400][3,578s][info ][gc] GC(11) Pause Young (Normal) (G1 Evacuation Pause) 310M->4M(512M) 1,174ms
[2025-02-10T20:14:29.412+0400][3,898s][info ][gc] GC(12) Pause Young (Normal) (G1 Evacuation Pause) 310M->7M(512M) 2,802ms
[2025-02-10T20:14:29.729+0400][4,215s][info ][gc] GC(13) Pause Young (Normal) (G1 Evacuation Pause) 310M->5M(512M) 2,320ms
[2025-02-10T20:14:30.047+0400][4,533s][info ][gc] GC(14) Pause Young (Normal) (G1 Evacuation Pause) 309M->5M(512M) 1,771ms
[2025-02-10T20:14:30.365+0400][4,852s][info ][gc] GC(15) Pause Young (Normal) (G1 Evacuation Pause) 310M->4M(512M) 1,287ms
[2025-02-10T20:14:30.686+0400][5,173s][info ][gc] GC(16) Pause Young (Normal) (G1 Evacuation Pause) 310M->3M(512M) 3,547ms
[2025-02-10T20:14:31.006+0400][5,493s][info ][gc] GC(17) Pause Young (Normal) (G1 Evacuation Pause) 309M->6M(512M) 2,563ms
[2025-02-10T20:14:31.324+0400][5,811s][info ][gc] GC(18) Pause Young (Normal) (G1 Evacuation Pause) 310M->5M(512M) 2,073ms
[2025-02-10T20:14:31.642+0400][6,128s][info ][gc] GC(19) Pause Young (Normal) (G1 Evacuation Pause) 309M->5M(512M) 1,698ms
[2025-02-10T20:14:31.960+0400][6,446s][info ][gc] GC(20) Pause Young (Normal) (G1 Evacuation Pause) 310M->4M(512M) 1,376ms
[2025-02-10T20:14:32.281+0400][6,767s][info ][gc] GC(21) Pause Young (Normal) (G1 Evacuation Pause) 310M->7M(512M) 3,035ms
[2025-02-10T20:14:32.598+0400][7,084s][info ][gc] GC(22) Pause Young (Normal) (G1 Evacuation Pause) 310M->5M(512M) 2,311ms
[2025-02-10T20:14:32.917+0400][7,404s][info ][gc] GC(23) Pause Young (Normal) (G1 Evacuation Pause) 309M->5M(512M) 1,770ms
[2025-02-10T20:14:33.237+0400][7,724s][info ][gc] GC(24) Pause Young (Normal) (G1 Evacuation Pause) 310M->4M(512M) 1,355ms
[2025-02-10T20:14:33.557+0400][8,044s][info ][gc] GC(25) Pause Young (Normal) (G1 Evacuation Pause) 310M->4M(512M) 1,291ms
[2025-02-10T20:14:33.878+0400][8,364s][info ][gc] GC(26) Pause Young (Normal) (G1 Evacuation Pause) 310M->6M(512M) 2,808ms
[2025-02-10T20:14:34.197+0400][8,683s][info ][gc] GC(27) Pause Young (Normal) (G1 Evacuation Pause) 310M->5M(512M) 2,154ms
[2025-02-10T20:14:34.518+0400][9,005s][info ][gc] GC(28) Pause Young (Normal) (G1 Evacuation Pause) 310M->5M(512M) 1,468ms
[2025-02-10T20:14:34.839+0400][9,325s][info ][gc] GC(29) Pause Young (Normal) (G1 Evacuation Pause) 310M->4M(512M) 1,449ms
[2025-02-10T20:14:35.158+0400][9,645s][info ][gc] GC(30) Pause Young (Normal) (G1 Evacuation Pause) 310M->4M(512M) 1,206ms
[2025-02-10T20:14:35.481+0400][9,968s][info ][gc] GC(31) Pause Young (Normal) (G1 Evacuation Pause) 310M->6M(512M) 2,578ms
[2025-02-10T20:14:35.799+0400][10,285s][info ][gc] GC(32) Pause Young (Normal) (G1 Evacuation Pause) 310M->5M(512M) 2,059ms
[2025-02-10T20:14:36.118+0400][10,604s][info ][gc] GC(33) Pause Young (Normal) (G1 Evacuation Pause) 310M->5M(512M) 1,609ms
[2025-02-10T20:14:36.443+0400][10,930s][info ][gc] GC(34) Pause Young (Normal) (G1 Evacuation Pause) 310M->4M(512M) 1,120ms
[2025-02-10T20:14:36.763+0400][11,250s][info ][gc] GC(35) Pause Young (Normal) (G1 Evacuation Pause) 310M->4M(512M) 1,148ms
[2025-02-10T20:14:37.083+0400][11,570s][info ][gc] GC(36) Pause Young (Normal) (G1 Evacuation Pause) 310M->6M(512M) 2,583ms
[2025-02-10T20:14:37.402+0400][11,888s][info ][gc] GC(37) Pause Young (Normal) (G1 Evacuation Pause) 310M->5M(512M) 2,074ms
[2025-02-10T20:14:37.719+0400][12,206s][info ][gc] GC(38) Pause Young (Normal) (G1 Evacuation Pause) 309M->5M(512M) 1,680ms
[2025-02-10T20:14:38.037+0400][12,524s][info ][gc] GC(39) Pause Young (Normal) (G1 Evacuation Pause) 310M->4M(512M) 1,346ms
[2025-02-10T20:14:38.358+0400][12,844s][info ][gc] GC(40) Pause Young (Normal) (G1 Evacuation Pause) 310M->7M(512M) 2,835ms
[2025-02-10T20:14:38.675+0400][13,161s][info ][gc] GC(41) Pause Young (Normal) (G1 Evacuation Pause) 310M->6M(512M) 2,257ms
[2025-02-10T20:14:38.992+0400][13,479s][info ][gc] GC(42) Pause Young (Normal) (G1 Evacuation Pause) 310M->5M(512M) 1,779ms
[2025-02-10T20:14:39.310+0400][13,796s][info ][gc] GC(43) Pause Young (Normal) (G1 Evacuation Pause) 310M->4M(512M) 1,293ms
[2025-02-10T20:14:39.629+0400][14,115s][info ][gc] GC(44) Pause Young (Normal) (G1 Evacuation Pause) 310M->4M(512M) 1,267ms
[2025-02-10T20:14:39.949+0400][14,435s][info ][gc] GC(45) Pause Young (Normal) (G1 Evacuation Pause) 310M->6M(512M) 2,540ms
[2025-02-10T20:14:40.267+0400][14,754s][info ][gc] GC(46) Pause Young (Normal) (G1 Evacuation Pause) 310M->5M(512M) 2,161ms
[2025-02-10T20:14:40.584+0400][15,071s][info ][gc] GC(47) Pause Young (Normal) (G1 Evacuation Pause) 309M->5M(512M) 1,638ms
[2025-02-10T20:14:40.902+0400][15,389s][info ][gc] GC(48) Pause Young (Normal) (G1 Evacuation Pause) 310M->4M(512M) 1,250ms
[2025-02-10T20:14:41.223+0400][15,709s][info ][gc] GC(49) Pause Young (Normal) (G1 Evacuation Pause) 310M->7M(512M) 2,824ms
[2025-02-10T20:14:41.540+0400][16,027s][info ][gc] GC(50) Pause Young (Normal) (G1 Evacuation Pause) 310M->6M(512M) 2,238ms
[2025-02-10T20:14:41.857+0400][16,344s][info ][gc] GC(51) Pause Young (Normal) (G1 Evacuation Pause) 310M->5M(512M) 1,901ms
[2025-02-10T20:14:42.176+0400][16,662s][info ][gc] GC(52) Pause Young (Normal) (G1 Evacuation Pause) 310M->4M(512M) 1,323ms
[2025-02-10T20:14:42.494+0400][16,981s][info ][gc] GC(53) Pause Young (Normal) (G1 Evacuation Pause) 310M->4M(512M) 1,236ms
[2025-02-10T20:14:42.815+0400][17,301s][info ][gc] GC(54) Pause Young (Normal) (G1 Evacuation Pause) 310M->6M(512M) 2,695ms
[2025-02-10T20:14:43.133+0400][17,620s][info ][gc] GC(55) Pause Young (Normal) (G1 Evacuation Pause) 310M->5M(512M) 2,214ms
[2025-02-10T20:14:43.451+0400][17,938s][info ][gc] GC(56) Pause Young (Normal) (G1 Evacuation Pause) 309M->5M(512M) 1,772ms
[2025-02-10T20:14:43.769+0400][18,256s][info ][gc] GC(57) Pause Young (Normal) (G1 Evacuation Pause) 310M->4M(512M) 1,204ms
[2025-02-10T20:14:44.088+0400][18,574s][info ][gc] GC(58) Pause Young (Normal) (G1 Evacuation Pause) 310M->3M(512M) 1,002ms
[2025-02-10T20:14:44.408+0400][18,894s][info ][gc] GC(59) Pause Young (Normal) (G1 Evacuation Pause) 309M->6M(512M) 2,578ms
[2025-02-10T20:14:44.725+0400][19,212s][info ][gc] GC(60) Pause Young (Normal) (G1 Evacuation Pause) 310M->5M(512M) 2,097ms
[2025-02-10T20:14:45.044+0400][19,531s][info ][gc] GC(61) Pause Young (Normal) (G1 Evacuation Pause) 310M->5M(512M) 1,673ms
[2025-02-10T20:14:45.362+0400][19,849s][info ][gc] GC(62) Pause Young (Normal) (G1 Evacuation Pause) 310M->4M(512M) 1,368ms
[2025-02-10T20:14:45.681+0400][20,167s][info ][gc] GC(63) Pause Young (Normal) (G1 Evacuation Pause) 310M->3M(512M) 0,799ms
[2025-02-10T20:14:46.001+0400][20,487s][info ][gc] GC(64) Pause Young (Normal) (G1 Evacuation Pause) 309M->6M(512M) 2,349ms
[2025-02-10T20:14:46.318+0400][20,805s][info ][gc] GC(65) Pause Young (Normal) (G1 Evacuation Pause) 310M->5M(512M) 2,096ms
[2025-02-10T20:14:46.637+0400][21,123s][info ][gc] GC(66) Pause Young (Normal) (G1 Evacuation Pause) 310M->5M(512M) 1,838ms
[2025-02-10T20:14:46.955+0400][21,442s][info ][gc] GC(67) Pause Young (Normal) (G1 Evacuation Pause) 310M->4M(512M) 1,357ms
[2025-02-10T20:14:47.274+0400][21,760s][info ][gc] GC(68) Pause Young (Normal) (G1 Evacuation Pause) 310M->3M(512M) 0,962ms
[2025-02-10T20:14:47.594+0400][22,081s][info ][gc] GC(69) Pause Young (Normal) (G1 Evacuation Pause) 309M->6M(512M) 2,606ms
[2025-02-10T20:14:47.912+0400][22,398s][info ][gc] GC(70) Pause Young (Normal) (G1 Evacuation Pause) 310M->5M(512M) 2,003ms
[2025-02-10T20:14:48.230+0400][22,716s][info ][gc] GC(71) Pause Young (Normal) (G1 Evacuation Pause) 310M->5M(512M) 1,388ms
[2025-02-10T20:14:48.548+0400][23,035s][info ][gc] GC(72) Pause Young (Normal) (G1 Evacuation Pause) 310M->4M(512M) 1,481ms
[2025-02-10T20:14:48.867+0400][23,354s][info ][gc] GC(73) Pause Young (Normal) (G1 Evacuation Pause) 310M->3M(512M) 1,008ms
[2025-02-10T20:14:49.188+0400][23,674s][info ][gc] GC(74) Pause Young (Normal) (G1 Evacuation Pause) 309M->6M(512M) 2,535ms
[2025-02-10T20:14:49.505+0400][23,992s][info ][gc] GC(75) Pause Young (Normal) (G1 Evacuation Pause) 310M->5M(512M) 1,990ms
[2025-02-10T20:14:49.824+0400][24,310s][info ][gc] GC(76) Pause Young (Normal) (G1 Evacuation Pause) 310M->5M(512M) 1,561ms
[2025-02-10T20:14:50.141+0400][24,628s][info ][gc] GC(77) Pause Young (Normal) (G1 Evacuation Pause) 310M->4M(512M) 1,325ms
[2025-02-10T20:14:50.461+0400][24,948s][info ][gc] GC(78) Pause Young (Normal) (G1 Evacuation Pause) 310M->6M(512M) 2,537ms
[2025-02-10T20:14:50.778+0400][25,264s][info ][gc] GC(79) Pause Young (Normal) (G1 Evacuation Pause) 309M->6M(512M) 2,167ms
[2025-02-10T20:14:51.095+0400][25,582s][info ][gc] GC(80) Pause Young (Normal) (G1 Evacuation Pause) 310M->5M(512M) 1,802ms
[2025-02-10T20:14:51.414+0400][25,900s][info ][gc] GC(81) Pause Young (Normal) (G1 Evacuation Pause) 310M->4M(512M) 1,245ms
[2025-02-10T20:14:51.733+0400][26,219s][info ][gc] GC(82) Pause Young (Normal) (G1 Evacuation Pause) 310M->4M(512M) 1,597ms
[2025-02-10T20:14:52.053+0400][26,540s][info ][gc] GC(83) Pause Young (Normal) (G1 Evacuation Pause) 310M->6M(512M) 2,817ms
[2025-02-10T20:14:52.371+0400][26,858s][info ][gc] GC(84) Pause Young (Normal) (G1 Evacuation Pause) 310M->5M(512M) 2,139ms
[2025-02-10T20:14:52.689+0400][27,175s][info ][gc] GC(85) Pause Young (Normal) (G1 Evacuation Pause) 309M->5M(512M) 1,684ms
[2025-02-10T20:14:53.006+0400][27,493s][info ][gc] GC(86) Pause Young (Normal) (G1 Evacuation Pause) 310M->4M(512M) 1,289ms
[2025-02-10T20:14:53.325+0400][27,812s][info ][gc] GC(87) Pause Young (Normal) (G1 Evacuation Pause) 310M->3M(512M) 0,887ms
[2025-02-10T20:14:53.646+0400][28,132s][info ][gc] GC(88) Pause Young (Normal) (G1 Evacuation Pause) 309M->6M(512M) 2,548ms
[2025-02-10T20:14:53.965+0400][28,451s][info ][gc] GC(89) Pause Young (Normal) (G1 Evacuation Pause) 310M->5M(512M) 2,396ms
[2025-02-10T20:14:54.283+0400][28,769s][info ][gc] GC(90) Pause Young (Normal) (G1 Evacuation Pause) 310M->5M(512M) 1,744ms
[2025-02-10T20:14:54.601+0400][29,087s][info ][gc] GC(91) Pause Young (Normal) (G1 Evacuation Pause) 310M->4M(512M) 1,438ms
[2025-02-10T20:14:54.920+0400][29,406s][info ][gc] GC(92) Pause Young (Normal) (G1 Evacuation Pause) 310M->3M(512M) 1,476ms
[2025-02-10T20:14:55.240+0400][29,726s][info ][gc] GC(93) Pause Young (Normal) (G1 Evacuation Pause) 309M->6M(512M) 2,429ms
[2025-02-10T20:14:55.557+0400][30,044s][info ][gc] GC(94) Pause Young (Normal) (G1 Evacuation Pause) 310M->5M(512M) 2,072ms
[2025-02-10T20:14:55.876+0400][30,362s][info ][gc] GC(95) Pause Young (Normal) (G1 Evacuation Pause) 310M->5M(512M) 1,636ms
[2025-02-10T20:14:56.194+0400][30,680s][info ][gc] GC(96) Pause Young (Normal) (G1 Evacuation Pause) 310M->4M(512M) 1,157ms
[2025-02-10T20:14:56.512+0400][30,999s][info ][gc] GC(97) Pause Young (Normal) (G1 Evacuation Pause) 310M->3M(512M) 1,098ms
[2025-02-10T20:14:56.832+0400][31,319s][info ][gc] GC(98) Pause Young (Normal) (G1 Evacuation Pause) 309M->6M(512M) 2,403ms
[2025-02-10T20:14:57.150+0400][31,636s][info ][gc] GC(99) Pause Young (Normal) (G1 Evacuation Pause) 310M->5M(512M) 2,114ms
[2025-02-10T20:14:57.468+0400][31,955s][info ][gc] GC(100) Pause Young (Normal) (G1 Evacuation Pause) 310M->5M(512M) 1,751ms
[2025-02-10T20:14:57.786+0400][32,272s][info ][gc] GC(101) Pause Young (Normal) (G1 Evacuation Pause) 310M->4M(512M) 1,386ms
[2025-02-10T20:14:58.105+0400][32,591s][info ][gc] GC(102) Pause Young (Normal) (G1 Evacuation Pause) 310M->3M(512M) 0,888ms
[2025-02-10T20:14:58.426+0400][32,912s][info ][gc] GC(103) Pause Young (Normal) (G1 Evacuation Pause) 309M->6M(512M) 2,866ms
[2025-02-10T20:14:58.743+0400][33,230s][info ][gc] GC(104) Pause Young (Normal) (G1 Evacuation Pause) 310M->5M(512M) 2,141ms
[2025-02-10T20:14:59.061+0400][33,548s][info ][gc] GC(105) Pause Young (Normal) (G1 Evacuation Pause) 310M->5M(512M) 1,711ms
[2025-02-10T20:14:59.380+0400][33,866s][info ][gc] GC(106) Pause Young (Normal) (G1 Evacuation Pause) 310M->4M(512M) 1,346ms
[2025-02-10T20:14:59.700+0400][34,186s][info ][gc] GC(107) Pause Young (Normal) (G1 Evacuation Pause) 310M->7M(512M) 2,759ms
[2025-02-10T20:15:00.017+0400][34,504s][info ][gc] GC(108) Pause Young (Normal) (G1 Evacuation Pause) 310M->6M(512M) 2,408ms
[2025-02-10T20:15:00.335+0400][34,821s][info ][gc] GC(109) Pause Young (Normal) (G1 Evacuation Pause) 310M->5M(512M) 1,635ms
[2025-02-10T20:15:00.653+0400][35,139s][info ][gc] GC(110) Pause Young (Normal) (G1 Evacuation Pause) 310M->4M(512M) 1,340ms
[2025-02-10T20:15:00.972+0400][35,459s][info ][gc] GC(111) Pause Young (Normal) (G1 Evacuation Pause) 310M->4M(512M) 1,357ms
[2025-02-10T20:15:01.292+0400][35,779s][info ][gc] GC(112) Pause Young (Normal) (G1 Evacuation Pause) 310M->6M(512M) 2,728ms
[2025-02-10T20:15:01.612+0400][36,098s][info ][gc] GC(113) Pause Young (Normal) (G1 Evacuation Pause) 310M->5M(512M) 2,258ms
[2025-02-10T20:15:01.929+0400][36,416s][info ][gc] GC(114) Pause Young (Normal) (G1 Evacuation Pause) 309M->5M(512M) 1,708ms
[2025-02-10T20:15:02.247+0400][36,733s][info ][gc] GC(115) Pause Young (Normal) (G1 Evacuation Pause) 310M->4M(512M) 1,265ms
[2025-02-10T20:15:02.567+0400][37,053s][info ][gc] GC(116) Pause Young (Normal) (G1 Evacuation Pause) 310M->3M(512M) 1,007ms
[2025-02-10T20:15:02.886+0400][37,373s][info ][gc] GC(117) Pause Young (Normal) (G1 Evacuation Pause) 309M->6M(512M) 2,344ms
[2025-02-10T20:15:03.204+0400][37,691s][info ][gc] GC(118) Pause Young (Normal) (G1 Evacuation Pause) 310M->5M(512M) 2,043ms
[2025-02-10T20:15:03.522+0400][38,009s][info ][gc] GC(119) Pause Young (Normal) (G1 Evacuation Pause) 310M->5M(512M) 1,616ms
[2025-02-10T20:15:03.840+0400][38,327s][info ][gc] GC(120) Pause Young (Normal) (G1 Evacuation Pause) 310M->4M(512M) 1,406ms
[2025-02-10T20:15:04.159+0400][38,645s][info ][gc] GC(121) Pause Young (Normal) (G1 Evacuation Pause) 310M->3M(512M) 1,071ms
[2025-02-10T20:15:04.479+0400][38,966s][info ][gc] GC(122) Pause Young (Normal) (G1 Evacuation Pause) 309M->6M(512M) 2,594ms
[2025-02-10T20:15:04.798+0400][39,284s][info ][gc] GC(123) Pause Young (Normal) (G1 Evacuation Pause) 310M->5M(512M) 2,101ms
[2025-02-10T20:15:05.116+0400][39,603s][info ][gc] GC(124) Pause Young (Normal) (G1 Evacuation Pause) 310M->5M(512M) 1,609ms
[2025-02-10T20:15:05.435+0400][39,921s][info ][gc] GC(125) Pause Young (Normal) (G1 Evacuation Pause) 310M->4M(512M) 1,256ms
[2025-02-10T20:15:05.753+0400][40,239s][info ][gc] GC(126) Pause Young (Normal) (G1 Evacuation Pause) 310M->3M(512M) 0,708ms
[2025-02-10T20:15:06.073+0400][40,560s][info ][gc] GC(127) Pause Young (Normal) (G1 Evacuation Pause) 309M->6M(512M) 2,312ms
[2025-02-10T20:15:06.391+0400][40,877s][info ][gc] GC(128) Pause Young (Normal) (G1 Evacuation Pause) 310M->5M(512M) 2,068ms
[2025-02-10T20:15:06.709+0400][41,196s][info ][gc] GC(129) Pause Young (Normal) (G1 Evacuation Pause) 310M->5M(512M) 1,547ms
[2025-02-10T20:15:07.027+0400][41,513s][info ][gc] GC(130) Pause Young (Normal) (G1 Evacuation Pause) 310M->4M(512M) 1,364ms
[2025-02-10T20:15:07.345+0400][41,832s][info ][gc] GC(131) Pause Young (Normal) (G1 Evacuation Pause) 310M->3M(512M) 0,877ms
[2025-02-10T20:15:07.665+0400][42,152s][info ][gc] GC(132) Pause Young (Normal) (G1 Evacuation Pause) 309M->6M(512M) 2,448ms
[2025-02-10T20:15:07.984+0400][42,471s][info ][gc] GC(133) Pause Young (Normal) (G1 Evacuation Pause) 310M->5M(512M) 3,298ms
[2025-02-10T20:15:08.303+0400][42,789s][info ][gc] GC(134) Pause Young (Normal) (G1 Evacuation Pause) 310M->5M(512M) 1,818ms
[2025-02-10T20:15:08.620+0400][43,107s][info ][gc] GC(135) Pause Young (Normal) (G1 Evacuation Pause) 310M->4M(512M) 1,320ms
[2025-02-10T20:15:08.941+0400][43,427s][info ][gc] GC(136) Pause Young (Normal) (G1 Evacuation Pause) 310M->7M(512M) 2,785ms
[2025-02-10T20:15:09.258+0400][43,744s][info ][gc] GC(137) Pause Young (Normal) (G1 Evacuation Pause) 310M->6M(512M) 2,078ms
[2025-02-10T20:15:09.575+0400][44,061s][info ][gc] GC(138) Pause Young (Normal) (G1 Evacuation Pause) 310M->5M(512M) 1,880ms
[2025-02-10T20:15:09.893+0400][44,379s][info ][gc] GC(139) Pause Young (Normal) (G1 Evacuation Pause) 310M->4M(512M) 1,346ms
[2025-02-10T20:15:10.212+0400][44,698s][info ][gc] GC(140) Pause Young (Normal) (G1 Evacuation Pause) 310M->4M(512M) 1,067ms
[2025-02-10T20:15:10.532+0400][45,018s][info ][gc] GC(141) Pause Young (Normal) (G1 Evacuation Pause) 310M->6M(512M) 2,761ms
[2025-02-10T20:15:10.850+0400][45,337s][info ][gc] GC(142) Pause Young (Normal) (G1 Evacuation Pause) 310M->5M(512M) 2,280ms
[2025-02-10T20:15:11.167+0400][45,654s][info ][gc] GC(143) Pause Young (Normal) (G1 Evacuation Pause) 309M->5M(512M) 1,652ms
[2025-02-10T20:15:11.485+0400][45,972s][info ][gc] GC(144) Pause Young (Normal) (G1 Evacuation Pause) 310M->4M(512M) 1,267ms
[2025-02-10T20:15:11.804+0400][46,291s][info ][gc] GC(145) Pause Young (Normal) (G1 Evacuation Pause) 310M->3M(512M) 1,415ms
[2025-02-10T20:15:12.124+0400][46,611s][info ][gc] GC(146) Pause Young (Normal) (G1 Evacuation Pause) 309M->6M(512M) 2,651ms
[2025-02-10T20:15:12.442+0400][46,928s][info ][gc] GC(147) Pause Young (Normal) (G1 Evacuation Pause) 310M->5M(512M) 2,100ms
[2025-02-10T20:15:12.760+0400][47,246s][info ][gc] GC(148) Pause Young (Normal) (G1 Evacuation Pause) 310M->5M(512M) 1,696ms
[2025-02-10T20:15:13.078+0400][47,565s][info ][gc] GC(149) Pause Young (Normal) (G1 Evacuation Pause) 310M->4M(512M) 1,254ms
[2025-02-10T20:15:13.397+0400][47,884s][info ][gc] GC(150) Pause Young (Normal) (G1 Evacuation Pause) 310M->3M(512M) 0,889ms
[2025-02-10T20:15:13.717+0400][48,203s][info ][gc] GC(151) Pause Young (Normal) (G1 Evacuation Pause) 309M->6M(512M) 2,511ms
[2025-02-10T20:15:14.034+0400][48,521s][info ][gc] GC(152) Pause Young (Normal) (G1 Evacuation Pause) 310M->5M(512M) 1,929ms
[2025-02-10T20:15:14.353+0400][48,839s][info ][gc] GC(153) Pause Young (Normal) (G1 Evacuation Pause) 310M->5M(512M) 1,571ms
[2025-02-10T20:15:14.670+0400][49,157s][info ][gc] GC(154) Pause Young (Normal) (G1 Evacuation Pause) 310M->4M(512M) 1,272ms
[2025-02-10T20:15:14.989+0400][49,475s][info ][gc] GC(155) Pause Young (Normal) (G1 Evacuation Pause) 310M->3M(512M) 0,803ms
[2025-02-10T20:15:15.313+0400][49,800s][info ][gc] GC(156) Pause Young (Normal) (G1 Evacuation Pause) 309M->6M(512M) 2,452ms
[2025-02-10T20:15:15.631+0400][50,117s][info ][gc] GC(157) Pause Young (Normal) (G1 Evacuation Pause) 310M->5M(512M) 1,986ms
[2025-02-10T20:15:15.949+0400][50,436s][info ][gc] GC(158) Pause Young (Normal) (G1 Evacuation Pause) 310M->5M(512M) 1,561ms
[2025-02-10T20:15:16.267+0400][50,754s][info ][gc] GC(159) Pause Young (Normal) (G1 Evacuation Pause) 310M->4M(512M) 1,405ms
[2025-02-10T20:15:16.586+0400][51,072s][info ][gc] GC(160) Pause Young (Normal) (G1 Evacuation Pause) 310M->3M(512M) 0,946ms
[2025-02-10T20:15:16.906+0400][51,393s][info ][gc] GC(161) Pause Young (Normal) (G1 Evacuation Pause) 309M->6M(512M) 2,904ms
[2025-02-10T20:15:17.224+0400][51,710s][info ][gc] GC(162) Pause Young (Normal) (G1 Evacuation Pause) 310M->5M(512M) 1,993ms
[2025-02-10T20:15:17.542+0400][52,029s][info ][gc] GC(163) Pause Young (Normal) (G1 Evacuation Pause) 310M->5M(512M) 1,654ms
[2025-02-10T20:15:17.860+0400][52,347s][info ][gc] GC(164) Pause Young (Normal) (G1 Evacuation Pause) 310M->4M(512M) 1,294ms
[2025-02-10T20:15:18.179+0400][52,665s][info ][gc] GC(165) Pause Young (Normal) (G1 Evacuation Pause) 310M->3M(512M) 0,915ms
[2025-02-10T20:15:18.499+0400][52,985s][info ][gc] GC(166) Pause Young (Normal) (G1 Evacuation Pause) 309M->6M(512M) 2,526ms
[2025-02-10T20:15:18.816+0400][53,303s][info ][gc] GC(167) Pause Young (Normal) (G1 Evacuation Pause) 310M->5M(512M) 1,995ms
[2025-02-10T20:15:19.135+0400][53,622s][info ][gc] GC(168) Pause Young (Normal) (G1 Evacuation Pause) 310M->5M(512M) 1,831ms
[2025-02-10T20:15:19.453+0400][53,939s][info ][gc] GC(169) Pause Young (Normal) (G1 Evacuation Pause) 310M->4M(512M) 1,112ms
[2025-02-10T20:15:19.774+0400][54,260s][info ][gc] GC(170) Pause Young (Normal) (G1 Evacuation Pause) 310M->7M(512M) 2,842ms
[2025-02-10T20:15:20.091+0400][54,578s][info ][gc] GC(171) Pause Young (Normal) (G1 Evacuation Pause) 310M->6M(512M) 2,288ms
[2025-02-10T20:15:20.409+0400][54,895s][info ][gc] GC(172) Pause Young (Normal) (G1 Evacuation Pause) 310M->5M(512M) 1,728ms
[2025-02-10T20:15:20.727+0400][55,213s][info ][gc] GC(173) Pause Young (Normal) (G1 Evacuation Pause) 310M->4M(512M) 1,445ms
[2025-02-10T20:15:21.046+0400][55,532s][info ][gc] GC(174) Pause Young (Normal) (G1 Evacuation Pause) 310M->4M(512M) 1,270ms
[2025-02-10T20:15:21.366+0400][55,852s][info ][gc] GC(175) Pause Young (Normal) (G1 Evacuation Pause) 310M->6M(512M) 2,510ms
[2025-02-10T20:15:21.683+0400][56,170s][info ][gc] GC(176) Pause Young (Normal) (G1 Evacuation Pause) 310M->5M(512M) 2,156ms
[2025-02-10T20:15:22.000+0400][56,486s][info ][gc] GC(177) Pause Young (Normal) (G1 Evacuation Pause) 309M->5M(512M) 1,821ms
[2025-02-10T20:15:22.318+0400][56,805s][info ][gc] GC(178) Pause Young (Normal) (G1 Evacuation Pause) 310M->4M(512M) 1,662ms
[2025-02-10T20:15:22.637+0400][57,124s][info ][gc] GC(179) Pause Young (Normal) (G1 Evacuation Pause) 310M->3M(512M) 1,437ms
[2025-02-10T20:15:22.958+0400][57,444s][info ][gc] GC(180) Pause Young (Normal) (G1 Evacuation Pause) 309M->6M(512M) 2,527ms
[2025-02-10T20:15:23.275+0400][57,762s][info ][gc] GC(181) Pause Young (Normal) (G1 Evacuation Pause) 310M->5M(512M) 2,086ms
[2025-02-10T20:15:23.594+0400][58,081s][info ][gc] GC(182) Pause Young (Normal) (G1 Evacuation Pause) 310M->5M(512M) 1,675ms
[2025-02-10T20:15:23.912+0400][58,398s][info ][gc] GC(183) Pause Young (Normal) (G1 Evacuation Pause) 310M->4M(512M) 1,363ms
[2025-02-10T20:15:24.231+0400][58,717s][info ][gc] GC(184) Pause Young (Normal) (G1 Evacuation Pause) 310M->3M(512M) 0,983ms
[2025-02-10T20:15:24.551+0400][59,037s][info ][gc] GC(185) Pause Young (Normal) (G1 Evacuation Pause) 309M->6M(512M) 2,618ms
[2025-02-10T20:15:24.868+0400][59,355s][info ][gc] GC(186) Pause Young (Normal) (G1 Evacuation Pause) 310M->5M(512M) 1,956ms
[2025-02-10T20:15:25.186+0400][59,673s][info ][gc] GC(187) Pause Young (Normal) (G1 Evacuation Pause) 310M->5M(512M) 1,516ms
[2025-02-10T20:15:25.504+0400][59,991s][info ][gc] GC(188) Pause Young (Normal) (G1 Evacuation Pause) 310M->4M(512M) 1,272ms
[2025-02-10T20:15:25.826+0400][60,312s][info ][gc] GC(189) Pause Young (Normal) (G1 Evacuation Pause) 310M->7M(512M) 2,853ms
[2025-02-10T20:15:26.145+0400][60,632s][info ][gc] GC(190) Pause Young (Normal) (G1 Evacuation Pause) 310M->6M(512M) 2,060ms
[2025-02-10T20:15:26.465+0400][60,952s][info ][gc] GC(191) Pause Young (Normal) (G1 Evacuation Pause) 310M->5M(512M) 1,698ms
[2025-02-10T20:15:26.785+0400][61,272s][info ][gc] GC(192) Pause Young (Normal) (G1 Evacuation Pause) 310M->4M(512M) 1,324ms
[2025-02-10T20:15:27.107+0400][61,594s][info ][gc] GC(193) Pause Young (Normal) (G1 Evacuation Pause) 310M->4M(512M) 1,299ms
[2025-02-10T20:15:27.430+0400][61,916s][info ][gc] GC(194) Pause Young (Normal) (G1 Evacuation Pause) 310M->6M(512M) 2,714ms
[2025-02-10T20:15:27.750+0400][62,236s][info ][gc] GC(195) Pause Young (Normal) (G1 Evacuation Pause) 310M->5M(512M) 2,096ms
[2025-02-10T20:15:28.069+0400][62,556s][info ][gc] GC(196) Pause Young (Normal) (G1 Evacuation Pause) 309M->5M(512M) 1,736ms
[2025-02-10T20:15:28.391+0400][62,877s][info ][gc] GC(197) Pause Young (Normal) (G1 Evacuation Pause) 310M->4M(512M) 1,280ms
[2025-02-10T20:15:28.713+0400][63,200s][info ][gc] GC(198) Pause Young (Normal) (G1 Evacuation Pause) 310M->7M(512M) 2,821ms
[2025-02-10T20:15:29.034+0400][63,520s][info ][gc] GC(199) Pause Young (Normal) (G1 Evacuation Pause) 310M->6M(512M) 2,356ms
[2025-02-10T20:15:29.354+0400][63,841s][info ][gc] GC(200) Pause Young (Normal) (G1 Evacuation Pause) 310M->5M(512M) 1,752ms
[2025-02-10T20:15:29.674+0400][64,161s][info ][gc] GC(201) Pause Young (Normal) (G1 Evacuation Pause) 310M->4M(512M) 1,326ms
[2025-02-10T20:15:29.996+0400][64,483s][info ][gc] GC(202) Pause Young (Normal) (G1 Evacuation Pause) 310M->4M(512M) 1,269ms
[2025-02-10T20:15:30.319+0400][64,805s][info ][gc] GC(203) Pause Young (Normal) (G1 Evacuation Pause) 310M->6M(512M) 2,784ms
[2025-02-10T20:15:30.639+0400][65,125s][info ][gc] GC(204) Pause Young (Normal) (G1 Evacuation Pause) 310M->5M(512M) 2,210ms
[2025-02-10T20:15:30.958+0400][65,445s][info ][gc] GC(205) Pause Young (Normal) (G1 Evacuation Pause) 309M->5M(512M) 1,755ms
[2025-02-10T20:15:31.279+0400][65,766s][info ][gc] GC(206) Pause Young (Normal) (G1 Evacuation Pause) 310M->4M(512M) 1,399ms
[2025-02-10T20:15:31.600+0400][66,087s][info ][gc] GC(207) Pause Young (Normal) (G1 Evacuation Pause) 310M->3M(512M) 1,076ms
[2025-02-10T20:15:31.923+0400][66,409s][info ][gc] GC(208) Pause Young (Normal) (G1 Evacuation Pause) 309M->6M(512M) 2,392ms
[2025-02-10T20:15:32.243+0400][66,729s][info ][gc] GC(209) Pause Young (Normal) (G1 Evacuation Pause) 310M->5M(512M) 2,114ms
[2025-02-10T20:15:32.563+0400][67,050s][info ][gc] GC(210) Pause Young (Normal) (G1 Evacuation Pause) 310M->5M(512M) 1,701ms
[2025-02-10T20:15:32.884+0400][67,371s][info ][gc] GC(211) Pause Young (Normal) (G1 Evacuation Pause) 310M->4M(512M) 1,212ms
[2025-02-10T20:15:33.208+0400][67,694s][info ][gc] GC(212) Pause Young (Normal) (G1 Evacuation Pause) 310M->7M(512M) 2,798ms
[2025-02-10T20:15:33.527+0400][68,013s][info ][gc] GC(213) Pause Young (Normal) (G1 Evacuation Pause) 310M->6M(512M) 2,347ms
[2025-02-10T20:15:33.847+0400][68,333s][info ][gc] GC(214) Pause Young (Normal) (G1 Evacuation Pause) 310M->5M(512M) 2,189ms
[2025-02-10T20:15:34.170+0400][68,656s][info ][gc] GC(215) Pause Young (Normal) (G1 Evacuation Pause) 310M->4M(512M) 1,759ms
[2025-02-10T20:15:34.492+0400][68,978s][info ][gc] GC(216) Pause Young (Normal) (G1 Evacuation Pause) 310M->4M(512M) 1,513ms
[2025-02-10T20:15:34.816+0400][69,302s][info ][gc] GC(217) Pause Young (Normal) (G1 Evacuation Pause) 310M->6M(512M) 2,545ms
[2025-02-10T20:15:35.136+0400][69,623s][info ][gc] GC(218) Pause Young (Normal) (G1 Evacuation Pause) 310M->5M(512M) 2,134ms
[2025-02-10T20:15:35.456+0400][69,942s][info ][gc] GC(219) Pause Young (Normal) (G1 Evacuation Pause) 309M->5M(512M) 1,648ms
[2025-02-10T20:15:35.776+0400][70,263s][info ][gc] GC(220) Pause Young (Normal) (G1 Evacuation Pause) 310M->4M(512M) 1,336ms
[2025-02-10T20:15:36.097+0400][70,583s][info ][gc] GC(221) Pause Young (Normal) (G1 Evacuation Pause) 310M->3M(512M) 0,888ms
[2025-02-10T20:15:36.420+0400][70,906s][info ][gc] GC(222) Pause Young (Normal) (G1 Evacuation Pause) 309M->6M(512M) 2,706ms
[2025-02-10T20:15:36.740+0400][71,226s][info ][gc] GC(223) Pause Young (Normal) (G1 Evacuation Pause) 310M->5M(512M) 2,232ms
[2025-02-10T20:15:37.060+0400][71,546s][info ][gc] GC(224) Pause Young (Normal) (G1 Evacuation Pause) 309M->4M(512M) 1,635ms
[2025-02-10T20:15:37.381+0400][71,867s][info ][gc] GC(225) Pause Young (Normal) (G1 Evacuation Pause) 309M->4M(512M) 1,650ms
[2025-02-10T20:15:37.704+0400][72,190s][info ][gc] GC(226) Pause Young (Normal) (G1 Evacuation Pause) 310M->6M(512M) 2,778ms
[2025-02-10T20:15:38.023+0400][72,509s][info ][gc] GC(227) Pause Young (Normal) (G1 Evacuation Pause) 309M->5M(512M) 2,295ms
[2025-02-10T20:15:38.343+0400][72,829s][info ][gc] GC(228) Pause Young (Normal) (G1 Evacuation Pause) 309M->5M(512M) 1,679ms
[2025-02-10T20:15:38.663+0400][73,149s][info ][gc] GC(229) Pause Young (Normal) (G1 Evacuation Pause) 310M->4M(512M) 1,268ms
[2025-02-10T20:15:38.984+0400][73,470s][info ][gc] GC(230) Pause Young (Normal) (G1 Evacuation Pause) 310M->4M(512M) 1,108ms
[2025-02-10T20:15:39.307+0400][73,793s][info ][gc] GC(231) Pause Young (Normal) (G1 Evacuation Pause) 310M->6M(512M) 2,669ms
[2025-02-10T20:15:39.627+0400][74,113s][info ][gc] GC(232) Pause Young (Normal) (G1 Evacuation Pause) 310M->5M(512M) 2,049ms
[2025-02-10T20:15:39.947+0400][74,434s][info ][gc] GC(233) Pause Young (Normal) (G1 Evacuation Pause) 310M->5M(512M) 1,715ms
[2025-02-10T20:15:40.268+0400][74,754s][info ][gc] GC(234) Pause Young (Normal) (G1 Evacuation Pause) 310M->4M(512M) 1,358ms
[2025-02-10T20:15:40.589+0400][75,075s][info ][gc] GC(235) Pause Young (Normal) (G1 Evacuation Pause) 310M->3M(512M) 0,981ms
[2025-02-10T20:15:40.912+0400][75,399s][info ][gc] GC(236) Pause Young (Normal) (G1 Evacuation Pause) 309M->6M(512M) 3,044ms
[2025-02-10T20:15:41.233+0400][75,719s][info ][gc] GC(237) Pause Young (Normal) (G1 Evacuation Pause) 310M->5M(512M) 2,276ms
[2025-02-10T20:15:41.553+0400][76,040s][info ][gc] GC(238) Pause Young (Normal) (G1 Evacuation Pause) 310M->5M(512M) 1,647ms
[2025-02-10T20:15:41.873+0400][76,360s][info ][gc] GC(239) Pause Young (Normal) (G1 Evacuation Pause) 310M->4M(512M) 1,272ms
[2025-02-10T20:15:42.195+0400][76,681s][info ][gc] GC(240) Pause Young (Normal) (G1 Evacuation Pause) 310M->3M(512M) 1,014ms
[2025-02-10T20:15:42.517+0400][77,004s][info ][gc] GC(241) Pause Young (Normal) (G1 Evacuation Pause) 309M->6M(512M) 2,734ms
[2025-02-10T20:15:42.838+0400][77,324s][info ][gc] GC(242) Pause Young (Normal) (G1 Evacuation Pause) 310M->5M(512M) 2,060ms
[2025-02-10T20:15:43.157+0400][77,643s][info ][gc] GC(243) Pause Young (Normal) (G1 Evacuation Pause) 309M->4M(512M) 1,294ms
[2025-02-10T20:15:43.477+0400][77,964s][info ][gc] GC(244) Pause Young (Normal) (G1 Evacuation Pause) 309M->4M(512M) 1,571ms
[2025-02-10T20:15:43.800+0400][78,287s][info ][gc] GC(245) Pause Young (Normal) (G1 Evacuation Pause) 310M->7M(512M) 2,445ms
[2025-02-10T20:15:44.120+0400][78,606s][info ][gc] GC(246) Pause Young (Normal) (G1 Evacuation Pause) 310M->5M(512M) 2,604ms
[2025-02-10T20:15:44.440+0400][78,926s][info ][gc] GC(247) Pause Young (Normal) (G1 Evacuation Pause) 309M->5M(512M) 1,782ms
[2025-02-10T20:15:44.760+0400][79,246s][info ][gc] GC(248) Pause Young (Normal) (G1 Evacuation Pause) 310M->4M(512M) 1,300ms
[2025-02-10T20:15:45.081+0400][79,568s][info ][gc] GC(249) Pause Young (Normal) (G1 Evacuation Pause) 310M->4M(512M) 1,224ms
[2025-02-10T20:15:45.405+0400][79,892s][info ][gc] GC(250) Pause Young (Normal) (G1 Evacuation Pause) 310M->6M(512M) 2,486ms
[2025-02-10T20:15:45.725+0400][80,212s][info ][gc] GC(251) Pause Young (Normal) (G1 Evacuation Pause) 310M->5M(512M) 2,179ms
[2025-02-10T20:15:46.047+0400][80,533s][info ][gc] GC(252) Pause Young (Normal) (G1 Evacuation Pause) 310M->5M(512M) 1,594ms
[2025-02-10T20:15:46.367+0400][80,854s][info ][gc] GC(253) Pause Young (Normal) (G1 Evacuation Pause) 310M->4M(512M) 1,260ms
[2025-02-10T20:15:46.689+0400][81,175s][info ][gc] GC(254) Pause Young (Normal) (G1 Evacuation Pause) 310M->3M(512M) 1,070ms
[2025-02-10T20:15:47.012+0400][81,499s][info ][gc] GC(255) Pause Young (Normal) (G1 Evacuation Pause) 309M->6M(512M) 3,098ms
[2025-02-10T20:15:47.332+0400][81,819s][info ][gc] GC(256) Pause Young (Normal) (G1 Evacuation Pause) 310M->5M(512M) 2,033ms
[2025-02-10T20:15:47.653+0400][82,139s][info ][gc] GC(257) Pause Young (Normal) (G1 Evacuation Pause) 310M->5M(512M) 1,648ms
[2025-02-10T20:15:47.973+0400][82,459s][info ][gc] GC(258) Pause Young (Normal) (G1 Evacuation Pause) 310M->4M(512M) 1,168ms
[2025-02-10T20:15:48.296+0400][82,782s][info ][gc] GC(259) Pause Young (Normal) (G1 Evacuation Pause) 310M->4M(512M) 1,110ms
[2025-02-10T20:15:48.618+0400][83,104s][info ][gc] GC(260) Pause Young (Normal) (G1 Evacuation Pause) 310M->6M(512M) 2,540ms
[2025-02-10T20:15:48.938+0400][83,424s][info ][gc] GC(261) Pause Young (Normal) (G1 Evacuation Pause) 310M->5M(512M) 2,097ms
[2025-02-10T20:15:49.258+0400][83,744s][info ][gc] GC(262) Pause Young (Normal) (G1 Evacuation Pause) 309M->5M(512M) 1,598ms
[2025-02-10T20:15:49.578+0400][84,065s][info ][gc] GC(263) Pause Young (Normal) (G1 Evacuation Pause) 310M->4M(512M) 1,373ms
[2025-02-10T20:15:49.901+0400][84,387s][info ][gc] GC(264) Pause Young (Normal) (G1 Evacuation Pause) 310M->6M(512M) 2,712ms
[2025-02-10T20:15:50.220+0400][84,707s][info ][gc] GC(265) Pause Young (Normal) (G1 Evacuation Pause) 309M->5M(512M) 2,361ms
[2025-02-10T20:15:50.541+0400][85,027s][info ][gc] GC(266) Pause Young (Normal) (G1 Evacuation Pause) 309M->5M(512M) 2,051ms
[2025-02-10T20:15:50.861+0400][85,347s][info ][gc] GC(267) Pause Young (Normal) (G1 Evacuation Pause) 310M->4M(512M) 1,191ms
[2025-02-10T20:15:51.183+0400][85,670s][info ][gc] GC(268) Pause Young (Normal) (G1 Evacuation Pause) 310M->4M(512M) 1,047ms
[2025-02-10T20:15:51.506+0400][85,992s][info ][gc] GC(269) Pause Young (Normal) (G1 Evacuation Pause) 310M->6M(512M) 2,716ms
[2025-02-10T20:15:51.826+0400][86,312s][info ][gc] GC(270) Pause Young (Normal) (G1 Evacuation Pause) 310M->5M(512M) 2,124ms
[2025-02-10T20:15:52.147+0400][86,633s][info ][gc] GC(271) Pause Young (Normal) (G1 Evacuation Pause) 310M->5M(512M) 1,739ms
[2025-02-10T20:15:52.468+0400][86,955s][info ][gc] GC(272) Pause Young (Normal) (G1 Evacuation Pause) 310M->4M(512M) 1,325ms
[2025-02-10T20:15:52.789+0400][87,275s][info ][gc] GC(273) Pause Young (Normal) (G1 Evacuation Pause) 310M->3M(512M) 1,100ms
[2025-02-10T20:15:53.112+0400][87,598s][info ][gc] GC(274) Pause Young (Normal) (G1 Evacuation Pause) 309M->6M(512M) 2,742ms
[2025-02-10T20:15:53.432+0400][87,919s][info ][gc] GC(275) Pause Young (Normal) (G1 Evacuation Pause) 310M->5M(512M) 2,168ms
[2025-02-10T20:15:53.752+0400][88,238s][info ][gc] GC(276) Pause Young (Normal) (G1 Evacuation Pause) 309M->5M(512M) 1,647ms
[2025-02-10T20:15:54.072+0400][88,559s][info ][gc] GC(277) Pause Young (Normal) (G1 Evacuation Pause) 310M->4M(512M) 1,333ms
[2025-02-10T20:15:54.395+0400][88,881s][info ][gc] GC(278) Pause Young (Normal) (G1 Evacuation Pause) 310M->7M(512M) 2,788ms
[2025-02-10T20:15:54.714+0400][89,201s][info ][gc] GC(279) Pause Young (Normal) (G1 Evacuation Pause) 310M->6M(512M) 2,368ms
[2025-02-10T20:15:55.034+0400][89,521s][info ][gc] GC(280) Pause Young (Normal) (G1 Evacuation Pause) 310M->5M(512M) 1,725ms
[2025-02-10T20:15:55.355+0400][89,841s][info ][gc] GC(281) Pause Young (Normal) (G1 Evacuation Pause) 310M->4M(512M) 1,286ms
[2025-02-10T20:15:55.676+0400][90,163s][info ][gc] GC(282) Pause Young (Normal) (G1 Evacuation Pause) 310M->4M(512M) 1,362ms
[2025-02-10T20:15:55.999+0400][90,486s][info ][gc] GC(283) Pause Young (Normal) (G1 Evacuation Pause) 310M->6M(512M) 2,750ms
[2025-02-10T20:15:56.319+0400][90,806s][info ][gc] GC(284) Pause Young (Normal) (G1 Evacuation Pause) 310M->5M(512M) 2,116ms
[2025-02-10T20:15:56.639+0400][91,126s][info ][gc] GC(285) Pause Young (Normal) (G1 Evacuation Pause) 309M->5M(512M) 1,755ms
[2025-02-10T20:15:56.959+0400][91,446s][info ][gc] GC(286) Pause Young (Normal) (G1 Evacuation Pause) 310M->4M(512M) 1,203ms
[2025-02-10T20:15:57.282+0400][91,769s][info ][gc] GC(287) Pause Young (Normal) (G1 Evacuation Pause) 310M->7M(512M) 2,774ms
[2025-02-10T20:15:57.602+0400][92,089s][info ][gc] GC(288) Pause Young (Normal) (G1 Evacuation Pause) 310M->6M(512M) 2,267ms
[2025-02-10T20:15:57.922+0400][92,409s][info ][gc] GC(289) Pause Young (Normal) (G1 Evacuation Pause) 310M->5M(512M) 2,029ms
[2025-02-10T20:15:58.243+0400][92,730s][info ][gc] GC(290) Pause Young (Normal) (G1 Evacuation Pause) 310M->4M(512M) 1,790ms
[2025-02-10T20:15:58.564+0400][93,051s][info ][gc] GC(291) Pause Young (Normal) (G1 Evacuation Pause) 310M->4M(512M) 1,274ms
[2025-02-10T20:15:58.887+0400][93,374s][info ][gc] GC(292) Pause Young (Normal) (G1 Evacuation Pause) 310M->6M(512M) 2,706ms
[2025-02-10T20:15:59.208+0400][93,694s][info ][gc] GC(293) Pause Young (Normal) (G1 Evacuation Pause) 310M->5M(512M) 2,180ms
[2025-02-10T20:15:59.527+0400][94,014s][info ][gc] GC(294) Pause Young (Normal) (G1 Evacuation Pause) 309M->5M(512M) 1,650ms
[2025-02-10T20:15:59.847+0400][94,334s][info ][gc] GC(295) Pause Young (Normal) (G1 Evacuation Pause) 310M->4M(512M) 1,141ms
[2025-02-10T20:16:00.170+0400][94,656s][info ][gc] GC(296) Pause Young (Normal) (G1 Evacuation Pause) 310M->3M(512M) 0,883ms
[2025-02-10T20:16:00.492+0400][94,979s][info ][gc] GC(297) Pause Young (Normal) (G1 Evacuation Pause) 309M->6M(512M) 2,553ms
[2025-02-10T20:16:00.813+0400][95,299s][info ][gc] GC(298) Pause Young (Normal) (G1 Evacuation Pause) 310M->5M(512M) 2,026ms
[2025-02-10T20:16:01.133+0400][95,620s][info ][gc] GC(299) Pause Young (Normal) (G1 Evacuation Pause) 310M->5M(512M) 1,713ms
[2025-02-10T20:16:01.454+0400][95,940s][info ][gc] GC(300) Pause Young (Normal) (G1 Evacuation Pause) 310M->4M(512M) 1,344ms
[2025-02-10T20:16:01.775+0400][96,262s][info ][gc] GC(301) Pause Young (Normal) (G1 Evacuation Pause) 310M->3M(512M) 1,002ms
[2025-02-10T20:16:02.099+0400][96,586s][info ][gc] GC(302) Pause Young (Normal) (G1 Evacuation Pause) 309M->6M(512M) 2,784ms
[2025-02-10T20:16:02.420+0400][96,907s][info ][gc] GC(303) Pause Young (Normal) (G1 Evacuation Pause) 310M->5M(512M) 2,459ms
[2025-02-10T20:16:02.741+0400][97,227s][info ][gc] GC(304) Pause Young (Normal) (G1 Evacuation Pause) 310M->5M(512M) 1,657ms
[2025-02-10T20:16:03.061+0400][97,547s][info ][gc] GC(305) Pause Young (Normal) (G1 Evacuation Pause) 310M->4M(512M) 1,131ms
[2025-02-10T20:16:03.384+0400][97,871s][info ][gc] GC(306) Pause Young (Normal) (G1 Evacuation Pause) 310M->7M(512M) 2,881ms
[2025-02-10T20:16:03.703+0400][98,190s][info ][gc] GC(307) Pause Young (Normal) (G1 Evacuation Pause) 310M->6M(512M) 2,187ms
[2025-02-10T20:16:04.023+0400][98,510s][info ][gc] GC(308) Pause Young (Normal) (G1 Evacuation Pause) 310M->5M(512M) 1,859ms
[2025-02-10T20:16:04.343+0400][98,830s][info ][gc] GC(309) Pause Young (Normal) (G1 Evacuation Pause) 310M->4M(512M) 1,387ms
[2025-02-10T20:16:04.665+0400][99,152s][info ][gc] GC(310) Pause Young (Normal) (G1 Evacuation Pause) 310M->4M(512M) 1,320ms
[2025-02-10T20:16:04.988+0400][99,475s][info ][gc] GC(311) Pause Young (Normal) (G1 Evacuation Pause) 310M->6M(512M) 2,730ms
[2025-02-10T20:16:05.308+0400][99,795s][info ][gc] GC(312) Pause Young (Normal) (G1 Evacuation Pause) 310M->5M(512M) 2,190ms
[2025-02-10T20:16:05.628+0400][100,115s][info ][gc] GC(313) Pause Young (Normal) (G1 Evacuation Pause) 309M->5M(512M) 1,706ms
[2025-02-10T20:16:05.948+0400][100,435s][info ][gc] GC(314) Pause Young (Normal) (G1 Evacuation Pause) 310M->4M(512M) 1,374ms
[2025-02-10T20:16:06.269+0400][100,756s][info ][gc] GC(315) Pause Young (Normal) (G1 Evacuation Pause) 310M->3M(512M) 0,944ms
[2025-02-10T20:16:06.592+0400][101,078s][info ][gc] GC(316) Pause Young (Normal) (G1 Evacuation Pause) 309M->6M(512M) 2,468ms
[2025-02-10T20:16:06.912+0400][101,399s][info ][gc] GC(317) Pause Young (Normal) (G1 Evacuation Pause) 310M->5M(512M) 2,139ms
[2025-02-10T20:16:07.232+0400][101,719s][info ][gc] GC(318) Pause Young (Normal) (G1 Evacuation Pause) 310M->5M(512M) 1,594ms
[2025-02-10T20:16:07.553+0400][102,040s][info ][gc] GC(319) Pause Young (Normal) (G1 Evacuation Pause) 310M->4M(512M) 1,366ms
[2025-02-10T20:16:07.874+0400][102,361s][info ][gc] GC(320) Pause Young (Normal) (G1 Evacuation Pause) 310M->3M(512M) 1,029ms
[2025-02-10T20:16:08.197+0400][102,683s][info ][gc] GC(321) Pause Young (Normal) (G1 Evacuation Pause) 309M->6M(512M) 2,478ms
[2025-02-10T20:16:08.517+0400][103,004s][info ][gc] GC(322) Pause Young (Normal) (G1 Evacuation Pause) 310M->5M(512M) 1,996ms
[2025-02-10T20:16:08.838+0400][103,324s][info ][gc] GC(323) Pause Young (Normal) (G1 Evacuation Pause) 310M->5M(512M) 1,723ms
[2025-02-10T20:16:09.160+0400][103,647s][info ][gc] GC(324) Pause Young (Normal) (G1 Evacuation Pause) 310M->4M(512M) 1,587ms
[2025-02-10T20:16:09.482+0400][103,968s][info ][gc] GC(325) Pause Young (Normal) (G1 Evacuation Pause) 310M->3M(512M) 1,404ms
[2025-02-10T20:16:09.804+0400][104,290s][info ][gc] GC(326) Pause Young (Normal) (G1 Evacuation Pause) 309M->6M(512M) 2,448ms
[2025-02-10T20:16:10.124+0400][104,611s][info ][gc] GC(327) Pause Young (Normal) (G1 Evacuation Pause) 310M->5M(512M) 2,060ms
[2025-02-10T20:16:10.446+0400][104,932s][info ][gc] GC(328) Pause Young (Normal) (G1 Evacuation Pause) 310M->5M(512M) 1,388ms
[2025-02-10T20:16:10.766+0400][105,253s][info ][gc] GC(329) Pause Young (Normal) (G1 Evacuation Pause) 310M->4M(512M) 1,282ms
[2025-02-10T20:16:11.087+0400][105,573s][info ][gc] GC(330) Pause Young (Normal) (G1 Evacuation Pause) 310M->3M(512M) 0,947ms
[2025-02-10T20:16:11.410+0400][105,896s][info ][gc] GC(331) Pause Young (Normal) (G1 Evacuation Pause) 309M->6M(512M) 2,580ms
[2025-02-10T20:16:11.729+0400][106,216s][info ][gc] GC(332) Pause Young (Normal) (G1 Evacuation Pause) 310M->5M(512M) 2,018ms
[2025-02-10T20:16:12.050+0400][106,537s][info ][gc] GC(333) Pause Young (Normal) (G1 Evacuation Pause) 310M->5M(512M) 1,717ms
[2025-02-10T20:16:12.371+0400][106,857s][info ][gc] GC(334) Pause Young (Normal) (G1 Evacuation Pause) 310M->4M(512M) 1,366ms
[2025-02-10T20:16:12.693+0400][107,180s][info ][gc] GC(335) Pause Young (Normal) (G1 Evacuation Pause) 310M->7M(512M) 2,742ms
[2025-02-10T20:16:13.014+0400][107,500s][info ][gc] GC(336) Pause Young (Normal) (G1 Evacuation Pause) 310M->6M(512M) 2,960ms
[2025-02-10T20:16:13.333+0400][107,820s][info ][gc] GC(337) Pause Young (Normal) (G1 Evacuation Pause) 310M->5M(512M) 1,778ms
[2025-02-10T20:16:13.654+0400][108,140s][info ][gc] GC(338) Pause Young (Normal) (G1 Evacuation Pause) 310M->4M(512M) 1,275ms
